Copyright 1986-2020 Xilinx, Inc. All Rights Reserved.
-------------------------------------------------------------------------------------------------------------------------------------------------------------------------------------------------
| Tool Version : Vivado v.2020.2 (win64) Build 3064766 Wed Nov 18 09:12:45 MST 2020
| Date         : Wed Oct  7 19:43:26 2026
| Host         : yu running 64-bit major release  (build 9200)
| Command      : report_timing -delay_type max -max_paths 5 -path_type full_clock_expanded -file D:/pynq-multiband-audio-accel/build/hls/reports/win_shiftchain_impl/timing_impl_worst_paths.rpt
| Design       : fir_multiband
| Device       : 7z020-clg400
| Speed File   : -1  PRODUCTION 1.12 2019-11-22
-------------------------------------------------------------------------------------------------------------------------------------------------------------------------------------------------

Timing Report

Slack (MET) :             1.832ns  (required time - arrival time)
  Source:                 ap_CS_fsm_reg[4]/C
                            (rising edge-triggered cell FDRE clocked by ap_clk  {rise@0.000ns fall@5.000ns period=10.000ns})
  Destination:            FIR_LP_V_U/fir_multiband_FIR_LP_V_rom_U/q56_reg/ADDRBWRADDR[11]
                            (rising edge-triggered cell RAMB18E1 clocked by ap_clk  {rise@0.000ns fall@5.000ns period=10.000ns})
  Path Group:             ap_clk
  Path Type:              Setup (Max at Slow Process Corner)
  Requirement:            10.000ns  (ap_clk rise@10.000ns - ap_clk rise@0.000ns)
  Data Path Delay:        7.294ns  (logic 1.051ns (14.410%)  route 6.243ns (85.590%))
  Logic Levels:           3  (LUT4=1 LUT5=2)
  Clock Path Skew:        -0.049ns (DCD - SCD + CPR)
    Destination Clock Delay (DCD):    0.924ns = ( 10.924 - 10.000 ) 
    Source Clock Delay      (SCD):    0.973ns
    Clock Pessimism Removal (CPR):    0.000ns
  Clock Uncertainty:      0.035ns  ((TSJ^2 + TIJ^2)^1/2 + DJ) / 2 + PE
    Total System Jitter     (TSJ):    0.071ns
    Total Input Jitter      (TIJ):    0.000ns
    Discrete Jitter          (DJ):    0.000ns
    Phase Error              (PE):    0.000ns

    Location             Delay type                Incr(ns)  Path(ns)    Netlist Resource(s)
  -------------------------------------------------------------------    -------------------
                         (clock ap_clk rise edge)     0.000     0.000 r  
                                                      0.000     0.000 r  ap_clk (IN)
                         net (fo=6011, unset)         0.973     0.973    ap_clk
    SLICE_X55Y59         FDRE                                         r  ap_CS_fsm_reg[4]/C
  -------------------------------------------------------------------    -------------------
    SLICE_X55Y59         FDRE (Prop_fdre_C_Q)         0.456     1.429 r  ap_CS_fsm_reg[4]/Q
                         net (fo=141, routed)         1.639     3.068    FIR_LP_V_U/fir_multiband_FIR_LP_V_rom_U/q17_reg_2[0]
    SLICE_X80Y71         LUT5 (Prop_lut5_I2_O)        0.124     3.192 f  FIR_LP_V_U/fir_multiband_FIR_LP_V_rom_U/q176_reg_i_5/O
                         net (fo=182, routed)         1.442     4.634    FIR_LP_V_U/fir_multiband_FIR_LP_V_rom_U/phi_mul_reg_3447_reg[4][3]
    SLICE_X67Y62         LUT5 (Prop_lut5_I0_O)        0.152     4.786 r  FIR_LP_V_U/fir_multiband_FIR_LP_V_rom_U/q56_reg_i_9/O
                         net (fo=8, routed)           1.961     6.748    FIR_LP_V_U/fir_multiband_FIR_LP_V_rom_U/q56_reg_i_9_n_0
    SLICE_X90Y93         LUT4 (Prop_lut4_I2_O)        0.319     7.067 r  FIR_LP_V_U/fir_multiband_FIR_LP_V_rom_U/q56_reg_i_6/O
                         net (fo=1, routed)           1.200     8.267    FIR_LP_V_U/fir_multiband_FIR_LP_V_rom_U/q56_reg_i_6_n_0
    RAMB18_X4Y44         RAMB18E1                                     r  FIR_LP_V_U/fir_multiband_FIR_LP_V_rom_U/q56_reg/ADDRBWRADDR[11]
  -------------------------------------------------------------------    -------------------

                         (clock ap_clk rise edge)    10.000    10.000 r  
                                                      0.000    10.000 r  ap_clk (IN)
                         net (fo=6011, unset)         0.924    10.924    FIR_LP_V_U/fir_multiband_FIR_LP_V_rom_U/ap_clk
    RAMB18_X4Y44         RAMB18E1                                     r  FIR_LP_V_U/fir_multiband_FIR_LP_V_rom_U/q56_reg/CLKBWRCLK
                         clock pessimism              0.000    10.924    
                         clock uncertainty           -0.035    10.889    
    RAMB18_X4Y44         RAMB18E1 (Setup_ramb18e1_CLKBWRCLK_ADDRBWRADDR[11])
                                                     -0.790    10.099    FIR_LP_V_U/fir_multiband_FIR_LP_V_rom_U/q56_reg
  -------------------------------------------------------------------
                         required time                         10.099    
                         arrival time                          -8.267    
  -------------------------------------------------------------------
                         slack                                  1.832    

Slack (MET) :             2.036ns  (required time - arrival time)
  Source:                 ap_CS_fsm_reg[4]/C
                            (rising edge-triggered cell FDRE clocked by ap_clk  {rise@0.000ns fall@5.000ns period=10.000ns})
  Destination:            FIR_LP_V_U/fir_multiband_FIR_LP_V_rom_U/q127_reg/ADDRARDADDR[12]
                            (rising edge-triggered cell RAMB18E1 clocked by ap_clk  {rise@0.000ns fall@5.000ns period=10.000ns})
  Path Group:             ap_clk
  Path Type:              Setup (Max at Slow Process Corner)
  Requirement:            10.000ns  (ap_clk rise@10.000ns - ap_clk rise@0.000ns)
  Data Path Delay:        7.314ns  (logic 0.828ns (11.320%)  route 6.486ns (88.680%))
  Logic Levels:           3  (LUT5=2 LUT6=1)
  Clock Path Skew:        -0.049ns (DCD - SCD + CPR)
    Destination Clock Delay (DCD):    0.924ns = ( 10.924 - 10.000 ) 
    Source Clock Delay      (SCD):    0.973ns
    Clock Pessimism Removal (CPR):    0.000ns
  Clock Uncertainty:      0.035ns  ((TSJ^2 + TIJ^2)^1/2 + DJ) / 2 + PE
    Total System Jitter     (TSJ):    0.071ns
    Total Input Jitter      (TIJ):    0.000ns
    Discrete Jitter          (DJ):    0.000ns
    Phase Error              (PE):    0.000ns

    Location             Delay type                Incr(ns)  Path(ns)    Netlist Resource(s)
  -------------------------------------------------------------------    -------------------
                         (clock ap_clk rise edge)     0.000     0.000 r  
                                                      0.000     0.000 r  ap_clk (IN)
                         net (fo=6011, unset)         0.973     0.973    ap_clk
    SLICE_X55Y59         FDRE                                         r  ap_CS_fsm_reg[4]/C
  -------------------------------------------------------------------    -------------------
    SLICE_X55Y59         FDRE (Prop_fdre_C_Q)         0.456     1.429 r  ap_CS_fsm_reg[4]/Q
                         net (fo=141, routed)         1.639     3.068    FIR_LP_V_U/fir_multiband_FIR_LP_V_rom_U/q17_reg_2[0]
    SLICE_X80Y71         LUT5 (Prop_lut5_I2_O)        0.124     3.192 f  FIR_LP_V_U/fir_multiband_FIR_LP_V_rom_U/q176_reg_i_5/O
                         net (fo=182, routed)         2.078     5.270    FIR_LP_V_U/fir_multiband_FIR_LP_V_rom_U/phi_mul_reg_3447_reg[4][3]
    SLICE_X32Y49         LUT6 (Prop_lut6_I0_O)        0.124     5.394 r  FIR_LP_V_U/fir_multiband_FIR_LP_V_rom_U/q127_reg_i_20/O
                         net (fo=6, routed)           1.274     6.668    FIR_LP_V_U/fir_multiband_FIR_LP_V_rom_U/q127_reg_i_20_n_0
    SLICE_X32Y66         LUT5 (Prop_lut5_I4_O)        0.124     6.792 r  FIR_LP_V_U/fir_multiband_FIR_LP_V_rom_U/q127_reg_i_4/O
                         net (fo=1, routed)           1.495     8.287    FIR_LP_V_U/fir_multiband_FIR_LP_V_rom_U/q127_reg_i_4_n_0
    RAMB18_X2Y39         RAMB18E1                                     r  FIR_LP_V_U/fir_multiband_FIR_LP_V_rom_U/q127_reg/ADDRARDADDR[12]
  -------------------------------------------------------------------    -------------------

                         (clock ap_clk rise edge)    10.000    10.000 r  
                                                      0.000    10.000 r  ap_clk (IN)
                         net (fo=6011, unset)         0.924    10.924    FIR_LP_V_U/fir_multiband_FIR_LP_V_rom_U/ap_clk
    RAMB18_X2Y39         RAMB18E1                                     r  FIR_LP_V_U/fir_multiband_FIR_LP_V_rom_U/q127_reg/CLKARDCLK
                         clock pessimism              0.000    10.924    
                         clock uncertainty           -0.035    10.889    
    RAMB18_X2Y39         RAMB18E1 (Setup_ramb18e1_CLKARDCLK_ADDRARDADDR[12])
                                                     -0.566    10.323    FIR_LP_V_U/fir_multiband_FIR_LP_V_rom_U/q127_reg
  -------------------------------------------------------------------
                         required time                         10.323    
                         arrival time                          -8.287    
  -------------------------------------------------------------------
                         slack                                  2.036    

Slack (MET) :             2.038ns  (required time - arrival time)
  Source:                 ap_CS_fsm_reg[4]/C
                            (rising edge-triggered cell FDRE clocked by ap_clk  {rise@0.000ns fall@5.000ns period=10.000ns})
  Destination:            FIR_LP_V_U/fir_multiband_FIR_LP_V_rom_U/q56_reg/ADDRBWRADDR[12]
                            (rising edge-triggered cell RAMB18E1 clocked by ap_clk  {rise@0.000ns fall@5.000ns period=10.000ns})
  Path Group:             ap_clk
  Path Type:              Setup (Max at Slow Process Corner)
  Requirement:            10.000ns  (ap_clk rise@10.000ns - ap_clk rise@0.000ns)
  Data Path Delay:        7.312ns  (logic 1.058ns (14.470%)  route 6.254ns (85.530%))
  Logic Levels:           3  (LUT5=3)
  Clock Path Skew:        -0.049ns (DCD - SCD + CPR)
    Destination Clock Delay (DCD):    0.924ns = ( 10.924 - 10.000 ) 
    Source Clock Delay      (SCD):    0.973ns
    Clock Pessimism Removal (CPR):    0.000ns
  Clock Uncertainty:      0.035ns  ((TSJ^2 + TIJ^2)^1/2 + DJ) / 2 + PE
    Total System Jitter     (TSJ):    0.071ns
    Total Input Jitter      (TIJ):    0.000ns
    Discrete Jitter          (DJ):    0.000ns
    Phase Error              (PE):    0.000ns

    Location             Delay type                Incr(ns)  Path(ns)    Netlist Resource(s)
  -------------------------------------------------------------------    -------------------
                         (clock ap_clk rise edge)     0.000     0.000 r  
                                                      0.000     0.000 r  ap_clk (IN)
                         net (fo=6011, unset)         0.973     0.973    ap_clk
    SLICE_X55Y59         FDRE                                         r  ap_CS_fsm_reg[4]/C
  -------------------------------------------------------------------    -------------------
    SLICE_X55Y59         FDRE (Prop_fdre_C_Q)         0.456     1.429 r  ap_CS_fsm_reg[4]/Q
                         net (fo=141, routed)         1.639     3.068    FIR_LP_V_U/fir_multiband_FIR_LP_V_rom_U/q17_reg_2[0]
    SLICE_X80Y71         LUT5 (Prop_lut5_I2_O)        0.124     3.192 f  FIR_LP_V_U/fir_multiband_FIR_LP_V_rom_U/q176_reg_i_5/O
                         net (fo=182, routed)         1.442     4.634    FIR_LP_V_U/fir_multiband_FIR_LP_V_rom_U/phi_mul_reg_3447_reg[4][3]
    SLICE_X67Y62         LUT5 (Prop_lut5_I0_O)        0.152     4.786 r  FIR_LP_V_U/fir_multiband_FIR_LP_V_rom_U/q56_reg_i_9/O
                         net (fo=8, routed)           1.961     6.748    FIR_LP_V_U/fir_multiband_FIR_LP_V_rom_U/q56_reg_i_9_n_0
    SLICE_X90Y93         LUT5 (Prop_lut5_I3_O)        0.326     7.074 r  FIR_LP_V_U/fir_multiband_FIR_LP_V_rom_U/q56_reg_i_5/O
                         net (fo=1, routed)           1.211     8.285    FIR_LP_V_U/fir_multiband_FIR_LP_V_rom_U/q56_reg_i_5_n_0
    RAMB18_X4Y44         RAMB18E1                                     r  FIR_LP_V_U/fir_multiband_FIR_LP_V_rom_U/q56_reg/ADDRBWRADDR[12]
  -------------------------------------------------------------------    -------------------

                         (clock ap_clk rise edge)    10.000    10.000 r  
                                                      0.000    10.000 r  ap_clk (IN)
                         net (fo=6011, unset)         0.924    10.924    FIR_LP_V_U/fir_multiband_FIR_LP_V_rom_U/ap_clk
    RAMB18_X4Y44         RAMB18E1                                     r  FIR_LP_V_U/fir_multiband_FIR_LP_V_rom_U/q56_reg/CLKBWRCLK
                         clock pessimism              0.000    10.924    
                         clock uncertainty           -0.035    10.889    
    RAMB18_X4Y44         RAMB18E1 (Setup_ramb18e1_CLKBWRCLK_ADDRBWRADDR[12])
                                                     -0.566    10.323    FIR_LP_V_U/fir_multiband_FIR_LP_V_rom_U/q56_reg
  -------------------------------------------------------------------
                         required time                         10.323    
                         arrival time                          -8.285    
  -------------------------------------------------------------------
                         slack                                  2.038    

Slack (MET) :             2.161ns  (required time - arrival time)
  Source:                 phi_mul_reg_3447_reg[3]/C
                            (rising edge-triggered cell FDRE clocked by ap_clk  {rise@0.000ns fall@5.000ns period=10.000ns})
  Destination:            FIR_LP_V_U/fir_multiband_FIR_LP_V_rom_U/q138_reg/ADDRARDADDR[8]
                            (rising edge-triggered cell RAMB18E1 clocked by ap_clk  {rise@0.000ns fall@5.000ns period=10.000ns})
  Path Group:             ap_clk
  Path Type:              Setup (Max at Slow Process Corner)
  Requirement:            10.000ns  (ap_clk rise@10.000ns - ap_clk rise@0.000ns)
  Data Path Delay:        7.189ns  (logic 0.996ns (13.855%)  route 6.193ns (86.145%))
  Logic Levels:           2  (LUT5=2)
  Clock Path Skew:        -0.049ns (DCD - SCD + CPR)
    Destination Clock Delay (DCD):    0.924ns = ( 10.924 - 10.000 ) 
    Source Clock Delay      (SCD):    0.973ns
    Clock Pessimism Removal (CPR):    0.000ns
  Clock Uncertainty:      0.035ns  ((TSJ^2 + TIJ^2)^1/2 + DJ) / 2 + PE
    Total System Jitter     (TSJ):    0.071ns
    Total Input Jitter      (TIJ):    0.000ns
    Discrete Jitter          (DJ):    0.000ns
    Phase Error              (PE):    0.000ns

    Location             Delay type                Incr(ns)  Path(ns)    Netlist Resource(s)
  -------------------------------------------------------------------    -------------------
                         (clock ap_clk rise edge)     0.000     0.000 r  
                                                      0.000     0.000 r  ap_clk (IN)
                         net (fo=6011, unset)         0.973     0.973    ap_clk
    SLICE_X58Y59         FDRE                                         r  phi_mul_reg_3447_reg[3]/C
  -------------------------------------------------------------------    -------------------
    SLICE_X58Y59         FDRE (Prop_fdre_C_Q)         0.518     1.491 r  phi_mul_reg_3447_reg[3]/Q
                         net (fo=138, routed)         1.211     2.702    FIR_LP_V_U/fir_multiband_FIR_LP_V_rom_U/Q[3]
    SLICE_X61Y55         LUT5 (Prop_lut5_I1_O)        0.152     2.854 r  FIR_LP_V_U/fir_multiband_FIR_LP_V_rom_U/empty_reg_14455[3]_i_1/O
                         net (fo=152, routed)         2.072     4.926    FIR_LP_V_U/fir_multiband_FIR_LP_V_rom_U/phi_mul_reg_3447_reg[4][2]
    SLICE_X86Y80         LUT5 (Prop_lut5_I2_O)        0.326     5.252 r  FIR_LP_V_U/fir_multiband_FIR_LP_V_rom_U/q138_reg_i_6/O
                         net (fo=5, routed)           2.910     8.162    FIR_LP_V_U/fir_multiband_FIR_LP_V_rom_U/q138_reg_i_6_n_0
    RAMB18_X1Y15         RAMB18E1                                     r  FIR_LP_V_U/fir_multiband_FIR_LP_V_rom_U/q138_reg/ADDRARDADDR[8]
  -------------------------------------------------------------------    -------------------

                         (clock ap_clk rise edge)    10.000    10.000 r  
                                                      0.000    10.000 r  ap_clk (IN)
                         net (fo=6011, unset)         0.924    10.924    FIR_LP_V_U/fir_multiband_FIR_LP_V_rom_U/ap_clk
    RAMB18_X1Y15         RAMB18E1                                     r  FIR_LP_V_U/fir_multiband_FIR_LP_V_rom_U/q138_reg/CLKARDCLK
                         clock pessimism              0.000    10.924    
                         clock uncertainty           -0.035    10.889    
    RAMB18_X1Y15         RAMB18E1 (Setup_ramb18e1_CLKARDCLK_ADDRARDADDR[8])
                                                     -0.566    10.323    FIR_LP_V_U/fir_multiband_FIR_LP_V_rom_U/q138_reg
  -------------------------------------------------------------------
                         required time                         10.323    
                         arrival time                          -8.162    
  -------------------------------------------------------------------
                         slack                                  2.161    

Slack (MET) :             2.163ns  (required time - arrival time)
  Source:                 n_reg_3424_reg[4]/C
                            (rising edge-triggered cell FDRE clocked by ap_clk  {rise@0.000ns fall@5.000ns period=10.000ns})
  Destination:            mul_mul_15s_16s_31_4_1_U7/fir_multiband_mul_mul_15s_16s_31_4_1_DSP48_0_U/p_reg_reg/CEA1
                            (rising edge-triggered cell DSP48E1 clocked by ap_clk  {rise@0.000ns fall@5.000ns period=10.000ns})
  Path Group:             ap_clk
  Path Type:              Setup (Max at Slow Process Corner)
  Requirement:            10.000ns  (ap_clk rise@10.000ns - ap_clk rise@0.000ns)
  Data Path Delay:        7.054ns  (logic 1.825ns (25.873%)  route 5.229ns (74.127%))
  Logic Levels:           5  (CARRY4=3 LUT2=1 LUT6=1)
  Clock Path Skew:        -0.049ns (DCD - SCD + CPR)
    Destination Clock Delay (DCD):    0.924ns = ( 10.924 - 10.000 ) 
    Source Clock Delay      (SCD):    0.973ns
    Clock Pessimism Removal (CPR):    0.000ns
  Clock Uncertainty:      0.035ns  ((TSJ^2 + TIJ^2)^1/2 + DJ) / 2 + PE
    Total System Jitter     (TSJ):    0.071ns
    Total Input Jitter      (TIJ):    0.000ns
    Discrete Jitter          (DJ):    0.000ns
    Phase Error              (PE):    0.000ns

    Location             Delay type                Incr(ns)  Path(ns)    Netlist Resource(s)
  -------------------------------------------------------------------    -------------------
                         (clock ap_clk rise edge)     0.000     0.000 r  
                                                      0.000     0.000 r  ap_clk (IN)
                         net (fo=6011, unset)         0.973     0.973    ap_clk
    SLICE_X42Y35         FDRE                                         r  n_reg_3424_reg[4]/C
  -------------------------------------------------------------------    -------------------
    SLICE_X42Y35         FDRE (Prop_fdre_C_Q)         0.518     1.491 r  n_reg_3424_reg[4]/Q
                         net (fo=2, routed)           0.826     2.317    mac_muladd_15s_16s_31s_31_4_1_U74/fir_multiband_mac_muladd_15s_16s_31s_31_4_1_DSP48_1_U/ap_ready_INST_0_i_1_0[4]
    SLICE_X42Y37         LUT6 (Prop_lut6_I5_O)        0.124     2.441 r  mac_muladd_15s_16s_31s_31_4_1_U74/fir_multiband_mac_muladd_15s_16s_31s_31_4_1_DSP48_1_U/ap_ready_INST_0_i_13/O
                         net (fo=1, routed)           0.000     2.441    mac_muladd_15s_16s_31s_31_4_1_U74/fir_multiband_mac_muladd_15s_16s_31s_31_4_1_DSP48_1_U/ap_ready_INST_0_i_13_n_0
    SLICE_X42Y37         CARRY4 (Prop_carry4_S[1]_CO[3])
                                                      0.533     2.974 r  mac_muladd_15s_16s_31s_31_4_1_U74/fir_multiband_mac_muladd_15s_16s_31s_31_4_1_DSP48_1_U/ap_ready_INST_0_i_6/CO[3]
                         net (fo=1, routed)           0.000     2.974    mac_muladd_15s_16s_31s_31_4_1_U74/fir_multiband_mac_muladd_15s_16s_31s_31_4_1_DSP48_1_U/ap_ready_INST_0_i_6_n_0
    SLICE_X42Y38         CARRY4 (Prop_carry4_CI_CO[3])
                                                      0.117     3.091 r  mac_muladd_15s_16s_31s_31_4_1_U74/fir_multiband_mac_muladd_15s_16s_31s_31_4_1_DSP48_1_U/ap_ready_INST_0_i_2/CO[3]
                         net (fo=1, routed)           0.000     3.091    mac_muladd_15s_16s_31s_31_4_1_U74/fir_multiband_mac_muladd_15s_16s_31s_31_4_1_DSP48_1_U/ap_ready_INST_0_i_2_n_0
    SLICE_X42Y39         CARRY4 (Prop_carry4_CI_CO[2])
                                                      0.229     3.320 f  mac_muladd_15s_16s_31s_31_4_1_U74/fir_multiband_mac_muladd_15s_16s_31s_31_4_1_DSP48_1_U/ap_ready_INST_0_i_1/CO[2]
                         net (fo=6, routed)           0.584     3.904    mac_muladd_15s_16s_31s_31_4_1_U74/fir_multiband_mac_muladd_15s_16s_31s_31_4_1_DSP48_1_U/CO[0]
    SLICE_X45Y39         LUT2 (Prop_lut2_I1_O)        0.304     4.208 r  mac_muladd_15s_16s_31s_31_4_1_U74/fir_multiband_mac_muladd_15s_16s_31s_31_4_1_DSP48_1_U/hist_V_0_0[15]_i_2/O
                         net (fo=3314, routed)        3.819     8.027    mul_mul_15s_16s_31_4_1_U7/fir_multiband_mul_mul_15s_16s_31_4_1_DSP48_0_U/p_reg_reg_0
    DSP48_X3Y49          DSP48E1                                      r  mul_mul_15s_16s_31_4_1_U7/fir_multiband_mul_mul_15s_16s_31_4_1_DSP48_0_U/p_reg_reg/CEA1
  -------------------------------------------------------------------    -------------------

                         (clock ap_clk rise edge)    10.000    10.000 r  
                                                      0.000    10.000 r  ap_clk (IN)
                         net (fo=6011, unset)         0.924    10.924    mul_mul_15s_16s_31_4_1_U7/fir_multiband_mul_mul_15s_16s_31_4_1_DSP48_0_U/ap_clk
    DSP48_X3Y49          DSP48E1                                      r  mul_mul_15s_16s_31_4_1_U7/fir_multiband_mul_mul_15s_16s_31_4_1_DSP48_0_U/p_reg_reg/CLK
                         clock pessimism              0.000    10.924    
                         clock uncertainty           -0.035    10.889    
    DSP48_X3Y49          DSP48E1 (Setup_dsp48e1_CLK_CEA1)
                                                     -0.699    10.190    mul_mul_15s_16s_31_4_1_U7/fir_multiband_mul_mul_15s_16s_31_4_1_DSP48_0_U/p_reg_reg
  -------------------------------------------------------------------
                         required time                         10.190    
                         arrival time                          -8.027    
  -------------------------------------------------------------------
                         slack                                  2.163    




