Copyright 1986-2020 Xilinx, Inc. All Rights Reserved.
---------------------------------------------------------------------------------------------------------------------------------------------------------------
| Tool Version : Vivado v.2020.2 (win64) Build 3064766 Wed Nov 18 09:12:45 MST 2020
| Date         : Wed Oct  7 19:43:26 2026
| Host         : yu running 64-bit major release  (build 9200)
| Command      : report_timing_summary -delay_type max -max_paths 10 -file D:/pynq-multiband-audio-accel/build/hls/reports/win_shiftchain_impl/timing_impl.rpt
| Design       : fir_multiband
| Device       : 7z020-clg400
| Speed File   : -1  PRODUCTION 1.12 2019-11-22
---------------------------------------------------------------------------------------------------------------------------------------------------------------

Timing Summary Report

------------------------------------------------------------------------------------------------
| Timer Settings
| --------------
------------------------------------------------------------------------------------------------

  Enable Multi Corner Analysis               :  Yes
  Enable Pessimism Removal                   :  Yes
  Pessimism Removal Resolution               :  Nearest Common Node
  Enable Input Delay Default Clock           :  No
  Enable Preset / Clear Arcs                 :  No
  Disable Flight Delays                      :  No
  Ignore I/O Paths                           :  No
  Timing Early Launch at Borrowing Latches   :  No
  Borrow Time for Max Delay Exceptions       :  Yes
  Merge Timing Exceptions                    :  Yes

  Corner  Analyze    Analyze    
  Name    Max Paths  Min Paths  
  ------  ---------  ---------  
  Slow    Yes        Yes        
  Fast    Yes        Yes        



check_timing report

Table of Contents
-----------------
1. checking no_clock (0)
2. checking constant_clock (0)
3. checking pulse_width_clock (0)
4. checking unconstrained_internal_endpoints (0)
5. checking no_input_delay (178)
6. checking no_output_delay (28)
7. checking multiple_clock (0)
8. checking generated_clocks (0)
9. checking loops (0)
10. checking partial_input_delay (0)
11. checking partial_output_delay (0)
12. checking latch_loops (0)

1. checking no_clock (0)
------------------------
 There are 0 register/latch pins with no clock.


2. checking constant_clock (0)
------------------------------
 There are 0 register/latch pins with constant_clock.


3. checking pulse_width_clock (0)
---------------------------------
 There are 0 register/latch pins which need pulse_width check


4. checking unconstrained_internal_endpoints (0)
------------------------------------------------
 There are 0 pins that are not constrained for maximum delay.

 There are 0 pins that are not constrained for maximum delay due to constant clock.


5. checking no_input_delay (178)
--------------------------------
 There are 178 input ports with no input delay specified. (HIGH)

 There are 0 input ports with no input delay but user has a false path constraint.


6. checking no_output_delay (28)
--------------------------------
 There are 28 ports with no output delay specified. (HIGH)

 There are 0 ports with no output delay but user has a false path constraint

 There are 0 ports with no output delay but with a timing clock defined on it or propagating through it


7. checking multiple_clock (0)
------------------------------
 There are 0 register/latch pins with multiple clocks.


8. checking generated_clocks (0)
--------------------------------
 There are 0 generated clocks that are not connected to a clock source.


9. checking loops (0)
---------------------
 There are 0 combinational loops in the design.


10. checking partial_input_delay (0)
------------------------------------
 There are 0 input ports with partial input delay specified.


11. checking partial_output_delay (0)
-------------------------------------
 There are 0 ports with partial output delay specified.


12. checking latch_loops (0)
----------------------------
 There are 0 combinational latch loops in the design through latch input



------------------------------------------------------------------------------------------------
| Design Timing Summary
| ---------------------
------------------------------------------------------------------------------------------------

    WNS(ns)      TNS(ns)  TNS Failing Endpoints  TNS Total Endpoints     WPWS(ns)     TPWS(ns)  TPWS Failing Endpoints  TPWS Total Endpoints  
    -------      -------  ---------------------  -------------------     --------     --------  ----------------------  --------------------  
      1.832        0.000                      0                32103        4.020        0.000                       0                  6011  


All user specified timing constraints are met.


------------------------------------------------------------------------------------------------
| Clock Summary
| -------------
------------------------------------------------------------------------------------------------

Clock   Waveform(ns)       Period(ns)      Frequency(MHz)
-----   ------------       ----------      --------------
ap_clk  {0.000 5.000}      10.000          100.000         


------------------------------------------------------------------------------------------------
| Intra Clock Table
| -----------------
------------------------------------------------------------------------------------------------

Clock             WNS(ns)      TNS(ns)  TNS Failing Endpoints  TNS Total Endpoints     WPWS(ns)     TPWS(ns)  TPWS Failing Endpoints  TPWS Total Endpoints  
-----             -------      -------  ---------------------  -------------------     --------     --------  ----------------------  --------------------  
ap_clk              1.832        0.000                      0                32103        4.020        0.000                       0                  6011  


------------------------------------------------------------------------------------------------
| Inter Clock Table
| -----------------
------------------------------------------------------------------------------------------------

From Clock    To Clock          WNS(ns)      TNS(ns)  TNS Failing Endpoints  TNS Total Endpoints  
----------    --------          -------      -------  ---------------------  -------------------  


------------------------------------------------------------------------------------------------
| Other Path Groups Table
| -----------------------
------------------------------------------------------------------------------------------------

Path Group    From Clock    To Clock          WNS(ns)      TNS(ns)  TNS Failing Endpoints  TNS Total Endpoints  
----------    ----------    --------          -------      -------  ---------------------  -------------------  


------------------------------------------------------------------------------------------------
| Timing Details
| --------------
------------------------------------------------------------------------------------------------


---------------------------------------------------------------------------------------------------
From Clock:  ap_clk
  To Clock:  ap_clk

Setup :            0  Failing Endpoints,  Worst Slack        1.832ns,  Total Violation        0.000ns
Hold  :           NA  Failing Endpoints,  Worst Slack           NA  ,  Total Violation           NA
PW    :            0  Failing Endpoints,  Worst Slack        4.020ns,  Total Violation        0.000ns
---------------------------------------------------------------------------------------------------


Max Delay Paths
--------------------------------------------------------------------------------------
Slack (MET) :             1.832ns  (required time - arrival time)
  Source:                 ap_CS_fsm_reg[4]/C
                            (rising edge-triggered cell FDRE clocked by ap_clk  {rise@0.000ns fall@5.000ns period=10.000ns})
  Destination:            FIR_LP_V_U/fir_multiband_FIR_LP_V_rom_U/q56_reg/ADDRBWRADDR[11]
                            (rising edge-triggered cell RAMB18E1 clocked by ap_clk  {rise@0.000ns fall@5.000ns period=10.000ns})
  Path Group:             ap_clk
  Path Type:              Setup (Max at Slow Process Corner)
  Requirement:            10.000ns  (ap_clk rise@10.000ns - ap_clk rise@0.000ns)
  Data Path Delay:        7.294ns  (logic 1.051ns (14.410%)  route 6.243ns (85.590%))
  Logic Levels:           3  (LUT4=1 LUT5=2)
  Clock Path Skew:        -0.049ns (DCD - SCD + CPR)
    Destination Clock Delay (DCD):    0.924ns = ( 10.924 - 10.000 ) 
    Source Clock Delay      (SCD):    0.973ns
    Clock Pessimism Removal (CPR):    0.000ns
  Clock Uncertainty:      0.035ns  ((TSJ^2 + TIJ^2)^1/2 + DJ) / 2 + PE
    Total System Jitter     (TSJ):    0.071ns
    Total Input Jitter      (TIJ):    0.000ns
    Discrete Jitter          (DJ):    0.000ns
    Phase Error              (PE):    0.000ns

    Location             Delay type                Incr(ns)  Path(ns)    Netlist Resource(s)
  -------------------------------------------------------------------    -------------------
                         (clock ap_clk rise edge)     0.000     0.000 r  
                                                      0.000     0.000 r  ap_clk (IN)
                         net (fo=6011, unset)         0.973     0.973    ap_clk
    SLICE_X55Y59         FDRE                                         r  ap_CS_fsm_reg[4]/C
  -------------------------------------------------------------------    -------------------
    SLICE_X55Y59         FDRE (Prop_fdre_C_Q)         0.456     1.429 r  ap_CS_fsm_reg[4]/Q
                         net (fo=141, routed)         1.639     3.068    FIR_LP_V_U/fir_multiband_FIR_LP_V_rom_U/q17_reg_2[0]
    SLICE_X80Y71         LUT5 (Prop_lut5_I2_O)        0.124     3.192 f  FIR_LP_V_U/fir_multiband_FIR_LP_V_rom_U/q176_reg_i_5/O
                         net (fo=182, routed)         1.442     4.634    FIR_LP_V_U/fir_multiband_FIR_LP_V_rom_U/phi_mul_reg_3447_reg[4][3]
    SLICE_X67Y62         LUT5 (Prop_lut5_I0_O)        0.152     4.786 r  FIR_LP_V_U/fir_multiband_FIR_LP_V_rom_U/q56_reg_i_9/O
                         net (fo=8, routed)           1.961     6.748    FIR_LP_V_U/fir_multiband_FIR_LP_V_rom_U/q56_reg_i_9_n_0
    SLICE_X90Y93         LUT4 (Prop_lut4_I2_O)        0.319     7.067 r  FIR_LP_V_U/fir_multiband_FIR_LP_V_rom_U/q56_reg_i_6/O
                         net (fo=1, routed)           1.200     8.267    FIR_LP_V_U/fir_multiband_FIR_LP_V_rom_U/q56_reg_i_6_n_0
    RAMB18_X4Y44         RAMB18E1                                     r  FIR_LP_V_U/fir_multiband_FIR_LP_V_rom_U/q56_reg/ADDRBWRADDR[11]
  -------------------------------------------------------------------    -------------------

                         (clock ap_clk rise edge)    10.000    10.000 r  
                                                      0.000    10.000 r  ap_clk (IN)
                         net (fo=6011, unset)         0.924    10.924    FIR_LP_V_U/fir_multiband_FIR_LP_V_rom_U/ap_clk
    RAMB18_X4Y44         RAMB18E1                                     r  FIR_LP_V_U/fir_multiband_FIR_LP_V_rom_U/q56_reg/CLKBWRCLK
                         clock pessimism              0.000    10.924    
                         clock uncertainty           -0.035    10.889    
    RAMB18_X4Y44         RAMB18E1 (Setup_ramb18e1_CLKBWRCLK_ADDRBWRADDR[11])
                                                     -0.790    10.099    FIR_LP_V_U/fir_multiband_FIR_LP_V_rom_U/q56_reg
  -------------------------------------------------------------------
                         required time                         10.099    
                         arrival time                          -8.267    
  -------------------------------------------------------------------
                         slack                                  1.832    

Slack (MET) :             2.036ns  (required time - arrival time)
  Source:                 ap_CS_fsm_reg[4]/C
                            (rising edge-triggered cell FDRE clocked by ap_clk  {rise@0.000ns fall@5.000ns period=10.000ns})
  Destination:            FIR_LP_V_U/fir_multiband_FIR_LP_V_rom_U/q127_reg/ADDRARDADDR[12]
                            (rising edge-triggered cell RAMB18E1 clocked by ap_clk  {rise@0.000ns fall@5.000ns period=10.000ns})
  Path Group:             ap_clk
  Path Type:              Setup (Max at Slow Process Corner)
  Requirement:            10.000ns  (ap_clk rise@10.000ns - ap_clk rise@0.000ns)
  Data Path Delay:        7.314ns  (logic 0.828ns (11.320%)  route 6.486ns (88.680%))
  Logic Levels:           3  (LUT5=2 LUT6=1)
  Clock Path Skew:        -0.049ns (DCD - SCD + CPR)
    Destination Clock Delay (DCD):    0.924ns = ( 10.924 - 10.000 ) 
    Source Clock Delay      (SCD):    0.973ns
    Clock Pessimism Removal (CPR):    0.000ns
  Clock Uncertainty:      0.035ns  ((TSJ^2 + TIJ^2)^1/2 + DJ) / 2 + PE
    Total System Jitter     (TSJ):    0.071ns
    Total Input Jitter      (TIJ):    0.000ns
    Discrete Jitter          (DJ):    0.000ns
    Phase Error              (PE):    0.000ns

    Location             Delay type                Incr(ns)  Path(ns)    Netlist Resource(s)
  -------------------------------------------------------------------    -------------------
                         (clock ap_clk rise edge)     0.000     0.000 r  
                                                      0.000     0.000 r  ap_clk (IN)
                         net (fo=6011, unset)         0.973     0.973    ap_clk
    SLICE_X55Y59         FDRE                                         r  ap_CS_fsm_reg[4]/C
  -------------------------------------------------------------------    -------------------
    SLICE_X55Y59         FDRE (Prop_fdre_C_Q)         0.456     1.429 r  ap_CS_fsm_reg[4]/Q
                         net (fo=141, routed)         1.639     3.068    FIR_LP_V_U/fir_multiband_FIR_LP_V_rom_U/q17_reg_2[0]
    SLICE_X80Y71         LUT5 (Prop_lut5_I2_O)        0.124     3.192 f  FIR_LP_V_U/fir_multiband_FIR_LP_V_rom_U/q176_reg_i_5/O
                         net (fo=182, routed)         2.078     5.270    FIR_LP_V_U/fir_multiband_FIR_LP_V_rom_U/phi_mul_reg_3447_reg[4][3]
    SLICE_X32Y49         LUT6 (Prop_lut6_I0_O)        0.124     5.394 r  FIR_LP_V_U/fir_multiband_FIR_LP_V_rom_U/q127_reg_i_20/O
                         net (fo=6, routed)           1.274     6.668    FIR_LP_V_U/fir_multiband_FIR_LP_V_rom_U/q127_reg_i_20_n_0
    SLICE_X32Y66         LUT5 (Prop_lut5_I4_O)        0.124     6.792 r  FIR_LP_V_U/fir_multiband_FIR_LP_V_rom_U/q127_reg_i_4/O
                         net (fo=1, routed)           1.495     8.287    FIR_LP_V_U/fir_multiband_FIR_LP_V_rom_U/q127_reg_i_4_n_0
    RAMB18_X2Y39         RAMB18E1                                     r  FIR_LP_V_U/fir_multiband_FIR_LP_V_rom_U/q127_reg/ADDRARDADDR[12]
  -------------------------------------------------------------------    -------------------

                         (clock ap_clk rise edge)    10.000    10.000 r  
                                                      0.000    10.000 r  ap_clk (IN)
                         net (fo=6011, unset)         0.924    10.924    FIR_LP_V_U/fir_multiband_FIR_LP_V_rom_U/ap_clk
    RAMB18_X2Y39         RAMB18E1                                     r  FIR_LP_V_U/fir_multiband_FIR_LP_V_rom_U/q127_reg/CLKARDCLK
                         clock pessimism              0.000    10.924    
                         clock uncertainty           -0.035    10.889    
    RAMB18_X2Y39         RAMB18E1 (Setup_ramb18e1_CLKARDCLK_ADDRARDADDR[12])
                                                     -0.566    10.323    FIR_LP_V_U/fir_multiband_FIR_LP_V_rom_U/q127_reg
  -------------------------------------------------------------------
                         required time                         10.323    
                         arrival time                          -8.287    
  -------------------------------------------------------------------
                         slack                                  2.036    

Slack (MET) :             2.038ns  (required time - arrival time)
  Source:                 ap_CS_fsm_reg[4]/C
                            (rising edge-triggered cell FDRE clocked by ap_clk  {rise@0.000ns fall@5.000ns period=10.000ns})
  Destination:            FIR_LP_V_U/fir_multiband_FIR_LP_V_rom_U/q56_reg/ADDRBWRADDR[12]
                            (rising edge-triggered cell RAMB18E1 clocked by ap_clk  {rise@0.000ns fall@5.000ns period=10.000ns})
  Path Group:             ap_clk
  Path Type:              Setup (Max at Slow Process Corner)
  Requirement:            10.000ns  (ap_clk rise@10.000ns - ap_clk rise@0.000ns)
  Data Path Delay:        7.312ns  (logic 1.058ns (14.470%)  route 6.254ns (85.530%))
  Logic Levels:           3  (LUT5=3)
  Clock Path Skew:        -0.049ns (DCD - SCD + CPR)
    Destination Clock Delay (DCD):    0.924ns = ( 10.924 - 10.000 ) 
    Source Clock Delay      (SCD):    0.973ns
    Clock Pessimism Removal (CPR):    0.000ns
  Clock Uncertainty:      0.035ns  ((TSJ^2 + TIJ^2)^1/2 + DJ) / 2 + PE
    Total System Jitter     (TSJ):    0.071ns
    Total Input Jitter      (TIJ):    0.000ns
    Discrete Jitter          (DJ):    0.000ns
    Phase Error              (PE):    0.000ns

    Location             Delay type                Incr(ns)  Path(ns)    Netlist Resource(s)
  -------------------------------------------------------------------    -------------------
                         (clock ap_clk rise edge)     0.000     0.000 r  
                                                      0.000     0.000 r  ap_clk (IN)
                         net (fo=6011, unset)         0.973     0.973    ap_clk
    SLICE_X55Y59         FDRE                                         r  ap_CS_fsm_reg[4]/C
  -------------------------------------------------------------------    -------------------
    SLICE_X55Y59         FDRE (Prop_fdre_C_Q)         0.456     1.429 r  ap_CS_fsm_reg[4]/Q
                         net (fo=141, routed)         1.639     3.068    FIR_LP_V_U/fir_multiband_FIR_LP_V_rom_U/q17_reg_2[0]
    SLICE_X80Y71         LUT5 (Prop_lut5_I2_O)        0.124     3.192 f  FIR_LP_V_U/fir_multiband_FIR_LP_V_rom_U/q176_reg_i_5/O
                         net (fo=182, routed)         1.442     4.634    FIR_LP_V_U/fir_multiband_FIR_LP_V_rom_U/phi_mul_reg_3447_reg[4][3]
    SLICE_X67Y62         LUT5 (Prop_lut5_I0_O)        0.152     4.786 r  FIR_LP_V_U/fir_multiband_FIR_LP_V_rom_U/q56_reg_i_9/O
                         net (fo=8, routed)           1.961     6.748    FIR_LP_V_U/fir_multiband_FIR_LP_V_rom_U/q56_reg_i_9_n_0
    SLICE_X90Y93         LUT5 (Prop_lut5_I3_O)        0.326     7.074 r  FIR_LP_V_U/fir_multiband_FIR_LP_V_rom_U/q56_reg_i_5/O
                         net (fo=1, routed)           1.211     8.285    FIR_LP_V_U/fir_multiband_FIR_LP_V_rom_U/q56_reg_i_5_n_0
    RAMB18_X4Y44         RAMB18E1                                     r  FIR_LP_V_U/fir_multiband_FIR_LP_V_rom_U/q56_reg/ADDRBWRADDR[12]
  -------------------------------------------------------------------    -------------------

                         (clock ap_clk rise edge)    10.000    10.000 r  
                                                      0.000    10.000 r  ap_clk (IN)
                         net (fo=6011, unset)         0.924    10.924    FIR_LP_V_U/fir_multiband_FIR_LP_V_rom_U/ap_clk
    RAMB18_X4Y44         RAMB18E1                                     r  FIR_LP_V_U/fir_multiband_FIR_LP_V_rom_U/q56_reg/CLKBWRCLK
                         clock pessimism              0.000    10.924    
                         clock uncertainty           -0.035    10.889    
    RAMB18_X4Y44         RAMB18E1 (Setup_ramb18e1_CLKBWRCLK_ADDRBWRADDR[12])
                                                     -0.566    10.323    FIR_LP_V_U/fir_multiband_FIR_LP_V_rom_U/q56_reg
  -------------------------------------------------------------------
                         required time                         10.323    
                         arrival time                          -8.285    
  -------------------------------------------------------------------
                         slack                                  2.038    

Slack (MET) :             2.161ns  (required time - arrival time)
  Source:                 phi_mul_reg_3447_reg[3]/C
                            (rising edge-triggered cell FDRE clocked by ap_clk  {rise@0.000ns fall@5.000ns period=10.000ns})
  Destination:            FIR_LP_V_U/fir_multiband_FIR_LP_V_rom_U/q138_reg/ADDRARDADDR[8]
                            (rising edge-triggered cell RAMB18E1 clocked by ap_clk  {rise@0.000ns fall@5.000ns period=10.000ns})
  Path Group:             ap_clk
  Path Type:              Setup (Max at Slow Process Corner)
  Requirement:            10.000ns  (ap_clk rise@10.000ns - ap_clk rise@0.000ns)
  Data Path Delay:        7.189ns  (logic 0.996ns (13.855%)  route 6.193ns (86.145%))
  Logic Levels:           2  (LUT5=2)
  Clock Path Skew:        -0.049ns (DCD - SCD + CPR)
    Destination Clock Delay (DCD):    0.924ns = ( 10.924 - 10.000 ) 
    Source Clock Delay      (SCD):    0.973ns
    Clock Pessimism Removal (CPR):    0.000ns
  Clock Uncertainty:      0.035ns  ((TSJ^2 + TIJ^2)^1/2 + DJ) / 2 + PE
    Total System Jitter     (TSJ):    0.071ns
    Total Input Jitter      (TIJ):    0.000ns
    Discrete Jitter          (DJ):    0.000ns
    Phase Error              (PE):    0.000ns

    Location             Delay type                Incr(ns)  Path(ns)    Netlist Resource(s)
  -------------------------------------------------------------------    -------------------
                         (clock ap_clk rise edge)     0.000     0.000 r  
                                                      0.000     0.000 r  ap_clk (IN)
                         net (fo=6011, unset)         0.973     0.973    ap_clk
    SLICE_X58Y59         FDRE                                         r  phi_mul_reg_3447_reg[3]/C
  -------------------------------------------------------------------    -------------------
    SLICE_X58Y59         FDRE (Prop_fdre_C_Q)         0.518     1.491 r  phi_mul_reg_3447_reg[3]/Q
                         net (fo=138, routed)         1.211     2.702    FIR_LP_V_U/fir_multiband_FIR_LP_V_rom_U/Q[3]
    SLICE_X61Y55         LUT5 (Prop_lut5_I1_O)        0.152     2.854 r  FIR_LP_V_U/fir_multiband_FIR_LP_V_rom_U/empty_reg_14455[3]_i_1/O
                         net (fo=152, routed)         2.072     4.926    FIR_LP_V_U/fir_multiband_FIR_LP_V_rom_U/phi_mul_reg_3447_reg[4][2]
    SLICE_X86Y80         LUT5 (Prop_lut5_I2_O)        0.326     5.252 r  FIR_LP_V_U/fir_multiband_FIR_LP_V_rom_U/q138_reg_i_6/O
                         net (fo=5, routed)           2.910     8.162    FIR_LP_V_U/fir_multiband_FIR_LP_V_rom_U/q138_reg_i_6_n_0
    RAMB18_X1Y15         RAMB18E1                                     r  FIR_LP_V_U/fir_multiband_FIR_LP_V_rom_U/q138_reg/ADDRARDADDR[8]
  -------------------------------------------------------------------    -------------------

                         (clock ap_clk rise edge)    10.000    10.000 r  
                                                      0.000    10.000 r  ap_clk (IN)
                         net (fo=6011, unset)         0.924    10.924    FIR_LP_V_U/fir_multiband_FIR_LP_V_rom_U/ap_clk
    RAMB18_X1Y15         RAMB18E1                                     r  FIR_LP_V_U/fir_multiband_FIR_LP_V_rom_U/q138_reg/CLKARDCLK
                         clock pessimism              0.000    10.924    
                         clock uncertainty           -0.035    10.889    
    RAMB18_X1Y15         RAMB18E1 (Setup_ramb18e1_CLKARDCLK_ADDRARDADDR[8])
                                                     -0.566    10.323    FIR_LP_V_U/fir_multiband_FIR_LP_V_rom_U/q138_reg
  -------------------------------------------------------------------
                         required time                         10.323    
                         arrival time                          -8.162    
  -------------------------------------------------------------------
                         slack                                  2.161    

Slack (MET) :             2.163ns  (required time - arrival time)
  Source:                 n_reg_3424_reg[4]/C
                            (rising edge-triggered cell FDRE clocked by ap_clk  {rise@0.000ns fall@5.000ns period=10.000ns})
  Destination:            mul_mul_15s_16s_31_4_1_U7/fir_multiband_mul_mul_15s_16s_31_4_1_DSP48_0_U/p_reg_reg/CEA1
                            (rising edge-triggered cell DSP48E1 clocked by ap_clk  {rise@0.000ns fall@5.000ns period=10.000ns})
  Path Group:             ap_clk
  Path Type:              Setup (Max at Slow Process Corner)
  Requirement:            10.000ns  (ap_clk rise@10.000ns - ap_clk rise@0.000ns)
  Data Path Delay:        7.054ns  (logic 1.825ns (25.873%)  route 5.229ns (74.127%))
  Logic Levels:           5  (CARRY4=3 LUT2=1 LUT6=1)
  Clock Path Skew:        -0.049ns (DCD - SCD + CPR)
    Destination Clock Delay (DCD):    0.924ns = ( 10.924 - 10.000 ) 
    Source Clock Delay      (SCD):    0.973ns
    Clock Pessimism Removal (CPR):    0.000ns
  Clock Uncertainty:      0.035ns  ((TSJ^2 + TIJ^2)^1/2 + DJ) / 2 + PE
    Total System Jitter     (TSJ):    0.071ns
    Total Input Jitter      (TIJ):    0.000ns
    Discrete Jitter          (DJ):    0.000ns
    Phase Error              (PE):    0.000ns

    Location             Delay type                Incr(ns)  Path(ns)    Netlist Resource(s)
  -------------------------------------------------------------------    -------------------
                         (clock ap_clk rise edge)     0.000     0.000 r  
                                                      0.000     0.000 r  ap_clk (IN)
                         net (fo=6011, unset)         0.973     0.973    ap_clk
    SLICE_X42Y35         FDRE                                         r  n_reg_3424_reg[4]/C
  -------------------------------------------------------------------    -------------------
    SLICE_X42Y35         FDRE (Prop_fdre_C_Q)         0.518     1.491 r  n_reg_3424_reg[4]/Q
                         net (fo=2, routed)           0.826     2.317    mac_muladd_15s_16s_31s_31_4_1_U74/fir_multiband_mac_muladd_15s_16s_31s_31_4_1_DSP48_1_U/ap_ready_INST_0_i_1_0[4]
    SLICE_X42Y37         LUT6 (Prop_lut6_I5_O)        0.124     2.441 r  mac_muladd_15s_16s_31s_31_4_1_U74/fir_multiband_mac_muladd_15s_16s_31s_31_4_1_DSP48_1_U/ap_ready_INST_0_i_13/O
                         net (fo=1, routed)           0.000     2.441    mac_muladd_15s_16s_31s_31_4_1_U74/fir_multiband_mac_muladd_15s_16s_31s_31_4_1_DSP48_1_U/ap_ready_INST_0_i_13_n_0
    SLICE_X42Y37         CARRY4 (Prop_carry4_S[1]_CO[3])
                                                      0.533     2.974 r  mac_muladd_15s_16s_31s_31_4_1_U74/fir_multiband_mac_muladd_15s_16s_31s_31_4_1_DSP48_1_U/ap_ready_INST_0_i_6/CO[3]
                         net (fo=1, routed)           0.000     2.974    mac_muladd_15s_16s_31s_31_4_1_U74/fir_multiband_mac_muladd_15s_16s_31s_31_4_1_DSP48_1_U/ap_ready_INST_0_i_6_n_0
    SLICE_X42Y38         CARRY4 (Prop_carry4_CI_CO[3])
                                                      0.117     3.091 r  mac_muladd_15s_16s_31s_31_4_1_U74/fir_multiband_mac_muladd_15s_16s_31s_31_4_1_DSP48_1_U/ap_ready_INST_0_i_2/CO[3]
                         net (fo=1, routed)           0.000     3.091    mac_muladd_15s_16s_31s_31_4_1_U74/fir_multiband_mac_muladd_15s_16s_31s_31_4_1_DSP48_1_U/ap_ready_INST_0_i_2_n_0
    SLICE_X42Y39         CARRY4 (Prop_carry4_CI_CO[2])
                                                      0.229     3.320 f  mac_muladd_15s_16s_31s_31_4_1_U74/fir_multiband_mac_muladd_15s_16s_31s_31_4_1_DSP48_1_U/ap_ready_INST_0_i_1/CO[2]
                         net (fo=6, routed)           0.584     3.904    mac_muladd_15s_16s_31s_31_4_1_U74/fir_multiband_mac_muladd_15s_16s_31s_31_4_1_DSP48_1_U/CO[0]
    SLICE_X45Y39         LUT2 (Prop_lut2_I1_O)        0.304     4.208 r  mac_muladd_15s_16s_31s_31_4_1_U74/fir_multiband_mac_muladd_15s_16s_31s_31_4_1_DSP48_1_U/hist_V_0_0[15]_i_2/O
                         net (fo=3314, routed)        3.819     8.027    mul_mul_15s_16s_31_4_1_U7/fir_multiband_mul_mul_15s_16s_31_4_1_DSP48_0_U/p_reg_reg_0
    DSP48_X3Y49          DSP48E1                                      r  mul_mul_15s_16s_31_4_1_U7/fir_multiband_mul_mul_15s_16s_31_4_1_DSP48_0_U/p_reg_reg/CEA1
  -------------------------------------------------------------------    -------------------

                         (clock ap_clk rise edge)    10.000    10.000 r  
                                                      0.000    10.000 r  ap_clk (IN)
                         net (fo=6011, unset)         0.924    10.924    mul_mul_15s_16s_31_4_1_U7/fir_multiband_mul_mul_15s_16s_31_4_1_DSP48_0_U/ap_clk
    DSP48_X3Y49          DSP48E1                                      r  mul_mul_15s_16s_31_4_1_U7/fir_multiband_mul_mul_15s_16s_31_4_1_DSP48_0_U/p_reg_reg/CLK
                         clock pessimism              0.000    10.924    
                         clock uncertainty           -0.035    10.889    
    DSP48_X3Y49          DSP48E1 (Setup_dsp48e1_CLK_CEA1)
                                                     -0.699    10.190    mul_mul_15s_16s_31_4_1_U7/fir_multiband_mul_mul_15s_16s_31_4_1_DSP48_0_U/p_reg_reg
  -------------------------------------------------------------------
                         required time                         10.190    
                         arrival time                          -8.027    
  -------------------------------------------------------------------
                         slack                                  2.163    

Slack (MET) :             2.232ns  (required time - arrival time)
  Source:                 icmp_ln324_reg_14538_pp0_iter5_reg_reg[0]/C
                            (rising edge-triggered cell FDRE clocked by ap_clk  {rise@0.000ns fall@5.000ns period=10.000ns})
  Destination:            add_ln703_43_reg_17192_reg[24]/CE
                            (rising edge-triggered cell FDRE clocked by ap_clk  {rise@0.000ns fall@5.000ns period=10.000ns})
  Path Group:             ap_clk
  Path Type:              Setup (Max at Slow Process Corner)
  Requirement:            10.000ns  (ap_clk rise@10.000ns - ap_clk rise@0.000ns)
  Data Path Delay:        7.515ns  (logic 0.580ns (7.718%)  route 6.935ns (92.282%))
  Logic Levels:           1  (LUT1=1)
  Clock Path Skew:        -0.049ns (DCD - SCD + CPR)
    Destination Clock Delay (DCD):    0.924ns = ( 10.924 - 10.000 ) 
    Source Clock Delay      (SCD):    0.973ns
    Clock Pessimism Removal (CPR):    0.000ns
  Clock Uncertainty:      0.035ns  ((TSJ^2 + TIJ^2)^1/2 + DJ) / 2 + PE
    Total System Jitter     (TSJ):    0.071ns
    Total Input Jitter      (TIJ):    0.000ns
    Discrete Jitter          (DJ):    0.000ns
    Phase Error              (PE):    0.000ns

    Location             Delay type                Incr(ns)  Path(ns)    Netlist Resource(s)
  -------------------------------------------------------------------    -------------------
                         (clock ap_clk rise edge)     0.000     0.000 r  
                                                      0.000     0.000 r  ap_clk (IN)
                         net (fo=6011, unset)         0.973     0.973    ap_clk
    SLICE_X60Y64         FDRE                                         r  icmp_ln324_reg_14538_pp0_iter5_reg_reg[0]/C
  -------------------------------------------------------------------    -------------------
    SLICE_X60Y64         FDRE (Prop_fdre_C_Q)         0.456     1.429 f  icmp_ln324_reg_14538_pp0_iter5_reg_reg[0]/Q
                         net (fo=2, routed)           0.431     1.860    icmp_ln324_reg_14538_pp0_iter5_reg
    SLICE_X60Y65         LUT1 (Prop_lut1_I0_O)        0.124     1.984 r  add_ln703_4_reg_17157[32]_i_1/O
                         net (fo=1056, routed)        6.503     8.488    add_ln703_4_reg_17157[32]_i_1_n_0
    SLICE_X98Y111        FDRE                                         r  add_ln703_43_reg_17192_reg[24]/CE
  -------------------------------------------------------------------    -------------------

                         (clock ap_clk rise edge)    10.000    10.000 r  
                                                      0.000    10.000 r  ap_clk (IN)
                         net (fo=6011, unset)         0.924    10.924    ap_clk
    SLICE_X98Y111        FDRE                                         r  add_ln703_43_reg_17192_reg[24]/C
                         clock pessimism              0.000    10.924    
                         clock uncertainty           -0.035    10.889    
    SLICE_X98Y111        FDRE (Setup_fdre_C_CE)      -0.169    10.720    add_ln703_43_reg_17192_reg[24]
  -------------------------------------------------------------------
                         required time                         10.720    
                         arrival time                          -8.488    
  -------------------------------------------------------------------
                         slack                                  2.232    

Slack (MET) :             2.232ns  (required time - arrival time)
  Source:                 icmp_ln324_reg_14538_pp0_iter5_reg_reg[0]/C
                            (rising edge-triggered cell FDRE clocked by ap_clk  {rise@0.000ns fall@5.000ns period=10.000ns})
  Destination:            add_ln703_43_reg_17192_reg[25]/CE
                            (rising edge-triggered cell FDRE clocked by ap_clk  {rise@0.000ns fall@5.000ns period=10.000ns})
  Path Group:             ap_clk
  Path Type:              Setup (Max at Slow Process Corner)
  Requirement:            10.000ns  (ap_clk rise@10.000ns - ap_clk rise@0.000ns)
  Data Path Delay:        7.515ns  (logic 0.580ns (7.718%)  route 6.935ns (92.282%))
  Logic Levels:           1  (LUT1=1)
  Clock Path Skew:        -0.049ns (DCD - SCD + CPR)
    Destination Clock Delay (DCD):    0.924ns = ( 10.924 - 10.000 ) 
    Source Clock Delay      (SCD):    0.973ns
    Clock Pessimism Removal (CPR):    0.000ns
  Clock Uncertainty:      0.035ns  ((TSJ^2 + TIJ^2)^1/2 + DJ) / 2 + PE
    Total System Jitter     (TSJ):    0.071ns
    Total Input Jitter      (TIJ):    0.000ns
    Discrete Jitter          (DJ):    0.000ns
    Phase Error              (PE):    0.000ns

    Location             Delay type                Incr(ns)  Path(ns)    Netlist Resource(s)
  -------------------------------------------------------------------    -------------------
                         (clock ap_clk rise edge)     0.000     0.000 r  
                                                      0.000     0.000 r  ap_clk (IN)
                         net (fo=6011, unset)         0.973     0.973    ap_clk
    SLICE_X60Y64         FDRE                                         r  icmp_ln324_reg_14538_pp0_iter5_reg_reg[0]/C
  -------------------------------------------------------------------    -------------------
    SLICE_X60Y64         FDRE (Prop_fdre_C_Q)         0.456     1.429 f  icmp_ln324_reg_14538_pp0_iter5_reg_reg[0]/Q
                         net (fo=2, routed)           0.431     1.860    icmp_ln324_reg_14538_pp0_iter5_reg
    SLICE_X60Y65         LUT1 (Prop_lut1_I0_O)        0.124     1.984 r  add_ln703_4_reg_17157[32]_i_1/O
                         net (fo=1056, routed)        6.503     8.488    add_ln703_4_reg_17157[32]_i_1_n_0
    SLICE_X98Y111        FDRE                                         r  add_ln703_43_reg_17192_reg[25]/CE
  -------------------------------------------------------------------    -------------------

                         (clock ap_clk rise edge)    10.000    10.000 r  
                                                      0.000    10.000 r  ap_clk (IN)
                         net (fo=6011, unset)         0.924    10.924    ap_clk
    SLICE_X98Y111        FDRE                                         r  add_ln703_43_reg_17192_reg[25]/C
                         clock pessimism              0.000    10.924    
                         clock uncertainty           -0.035    10.889    
    SLICE_X98Y111        FDRE (Setup_fdre_C_CE)      -0.169    10.720    add_ln703_43_reg_17192_reg[25]
  -------------------------------------------------------------------
                         required time                         10.720    
                         arrival time                          -8.488    
  -------------------------------------------------------------------
                         slack                                  2.232    

Slack (MET) :             2.232ns  (required time - arrival time)
  Source:                 icmp_ln324_reg_14538_pp0_iter5_reg_reg[0]/C
                            (rising edge-triggered cell FDRE clocked by ap_clk  {rise@0.000ns fall@5.000ns period=10.000ns})
  Destination:            add_ln703_43_reg_17192_reg[26]/CE
                            (rising edge-triggered cell FDRE clocked by ap_clk  {rise@0.000ns fall@5.000ns period=10.000ns})
  Path Group:             ap_clk
  Path Type:              Setup (Max at Slow Process Corner)
  Requirement:            10.000ns  (ap_clk rise@10.000ns - ap_clk rise@0.000ns)
  Data Path Delay:        7.515ns  (logic 0.580ns (7.718%)  route 6.935ns (92.282%))
  Logic Levels:           1  (LUT1=1)
  Clock Path Skew:        -0.049ns (DCD - SCD + CPR)
    Destination Clock Delay (DCD):    0.924ns = ( 10.924 - 10.000 ) 
    Source Clock Delay      (SCD):    0.973ns
    Clock Pessimism Removal (CPR):    0.000ns
  Clock Uncertainty:      0.035ns  ((TSJ^2 + TIJ^2)^1/2 + DJ) / 2 + PE
    Total System Jitter     (TSJ):    0.071ns
    Total Input Jitter      (TIJ):    0.000ns
    Discrete Jitter          (DJ):    0.000ns
    Phase Error              (PE):    0.000ns

    Location             Delay type                Incr(ns)  Path(ns)    Netlist Resource(s)
  -------------------------------------------------------------------    -------------------
                         (clock ap_clk rise edge)     0.000     0.000 r  
                                                      0.000     0.000 r  ap_clk (IN)
                         net (fo=6011, unset)         0.973     0.973    ap_clk
    SLICE_X60Y64         FDRE                                         r  icmp_ln324_reg_14538_pp0_iter5_reg_reg[0]/C
  -------------------------------------------------------------------    -------------------
    SLICE_X60Y64         FDRE (Prop_fdre_C_Q)         0.456     1.429 f  icmp_ln324_reg_14538_pp0_iter5_reg_reg[0]/Q
                         net (fo=2, routed)           0.431     1.860    icmp_ln324_reg_14538_pp0_iter5_reg
    SLICE_X60Y65         LUT1 (Prop_lut1_I0_O)        0.124     1.984 r  add_ln703_4_reg_17157[32]_i_1/O
                         net (fo=1056, routed)        6.503     8.488    add_ln703_4_reg_17157[32]_i_1_n_0
    SLICE_X98Y111        FDRE                                         r  add_ln703_43_reg_17192_reg[26]/CE
  -------------------------------------------------------------------    -------------------

                         (clock ap_clk rise edge)    10.000    10.000 r  
                                                      0.000    10.000 r  ap_clk (IN)
                         net (fo=6011, unset)         0.924    10.924    ap_clk
    SLICE_X98Y111        FDRE                                         r  add_ln703_43_reg_17192_reg[26]/C
                         clock pessimism              0.000    10.924    
                         clock uncertainty           -0.035    10.889    
    SLICE_X98Y111        FDRE (Setup_fdre_C_CE)      -0.169    10.720    add_ln703_43_reg_17192_reg[26]
  -------------------------------------------------------------------
                         required time                         10.720    
                         arrival time                          -8.488    
  -------------------------------------------------------------------
                         slack                                  2.232    

Slack (MET) :             2.232ns  (required time - arrival time)
  Source:                 icmp_ln324_reg_14538_pp0_iter5_reg_reg[0]/C
                            (rising edge-triggered cell FDRE clocked by ap_clk  {rise@0.000ns fall@5.000ns period=10.000ns})
  Destination:            add_ln703_43_reg_17192_reg[27]/CE
                            (rising edge-triggered cell FDRE clocked by ap_clk  {rise@0.000ns fall@5.000ns period=10.000ns})
  Path Group:             ap_clk
  Path Type:              Setup (Max at Slow Process Corner)
  Requirement:            10.000ns  (ap_clk rise@10.000ns - ap_clk rise@0.000ns)
  Data Path Delay:        7.515ns  (logic 0.580ns (7.718%)  route 6.935ns (92.282%))
  Logic Levels:           1  (LUT1=1)
  Clock Path Skew:        -0.049ns (DCD - SCD + CPR)
    Destination Clock Delay (DCD):    0.924ns = ( 10.924 - 10.000 ) 
    Source Clock Delay      (SCD):    0.973ns
    Clock Pessimism Removal (CPR):    0.000ns
  Clock Uncertainty:      0.035ns  ((TSJ^2 + TIJ^2)^1/2 + DJ) / 2 + PE
    Total System Jitter     (TSJ):    0.071ns
    Total Input Jitter      (TIJ):    0.000ns
    Discrete Jitter          (DJ):    0.000ns
    Phase Error              (PE):    0.000ns

    Location             Delay type                Incr(ns)  Path(ns)    Netlist Resource(s)
  -------------------------------------------------------------------    -------------------
                         (clock ap_clk rise edge)     0.000     0.000 r  
                                                      0.000     0.000 r  ap_clk (IN)
                         net (fo=6011, unset)         0.973     0.973    ap_clk
    SLICE_X60Y64         FDRE                                         r  icmp_ln324_reg_14538_pp0_iter5_reg_reg[0]/C
  -------------------------------------------------------------------    -------------------
    SLICE_X60Y64         FDRE (Prop_fdre_C_Q)         0.456     1.429 f  icmp_ln324_reg_14538_pp0_iter5_reg_reg[0]/Q
                         net (fo=2, routed)           0.431     1.860    icmp_ln324_reg_14538_pp0_iter5_reg
    SLICE_X60Y65         LUT1 (Prop_lut1_I0_O)        0.124     1.984 r  add_ln703_4_reg_17157[32]_i_1/O
                         net (fo=1056, routed)        6.503     8.488    add_ln703_4_reg_17157[32]_i_1_n_0
    SLICE_X98Y111        FDRE                                         r  add_ln703_43_reg_17192_reg[27]/CE
  -------------------------------------------------------------------    -------------------

                         (clock ap_clk rise edge)    10.000    10.000 r  
                                                      0.000    10.000 r  ap_clk (IN)
                         net (fo=6011, unset)         0.924    10.924    ap_clk
    SLICE_X98Y111        FDRE                                         r  add_ln703_43_reg_17192_reg[27]/C
                         clock pessimism              0.000    10.924    
                         clock uncertainty           -0.035    10.889    
    SLICE_X98Y111        FDRE (Setup_fdre_C_CE)      -0.169    10.720    add_ln703_43_reg_17192_reg[27]
  -------------------------------------------------------------------
                         required time                         10.720    
                         arrival time                          -8.488    
  -------------------------------------------------------------------
                         slack                                  2.232    

Slack (MET) :             2.242ns  (required time - arrival time)
  Source:                 ap_CS_fsm_reg[4]/C
                            (rising edge-triggered cell FDRE clocked by ap_clk  {rise@0.000ns fall@5.000ns period=10.000ns})
  Destination:            FIR_LP_V_U/fir_multiband_FIR_LP_V_rom_U/q163_reg/ADDRARDADDR[12]
                            (rising edge-triggered cell RAMB18E1 clocked by ap_clk  {rise@0.000ns fall@5.000ns period=10.000ns})
  Path Group:             ap_clk
  Path Type:              Setup (Max at Slow Process Corner)
  Requirement:            10.000ns  (ap_clk rise@10.000ns - ap_clk rise@0.000ns)
  Data Path Delay:        7.108ns  (logic 0.828ns (11.649%)  route 6.280ns (88.351%))
  Logic Levels:           3  (LUT5=2 LUT6=1)
  Clock Path Skew:        -0.049ns (DCD - SCD + CPR)
    Destination Clock Delay (DCD):    0.924ns = ( 10.924 - 10.000 ) 
    Source Clock Delay      (SCD):    0.973ns
    Clock Pessimism Removal (CPR):    0.000ns
  Clock Uncertainty:      0.035ns  ((TSJ^2 + TIJ^2)^1/2 + DJ) / 2 + PE
    Total System Jitter     (TSJ):    0.071ns
    Total Input Jitter      (TIJ):    0.000ns
    Discrete Jitter          (DJ):    0.000ns
    Phase Error              (PE):    0.000ns

    Location             Delay type                Incr(ns)  Path(ns)    Netlist Resource(s)
  -------------------------------------------------------------------    -------------------
                         (clock ap_clk rise edge)     0.000     0.000 r  
                                                      0.000     0.000 r  ap_clk (IN)
                         net (fo=6011, unset)         0.973     0.973    ap_clk
    SLICE_X55Y59         FDRE                                         r  ap_CS_fsm_reg[4]/C
  -------------------------------------------------------------------    -------------------
    SLICE_X55Y59         FDRE (Prop_fdre_C_Q)         0.456     1.429 r  ap_CS_fsm_reg[4]/Q
                         net (fo=141, routed)         1.639     3.068    FIR_LP_V_U/fir_multiband_FIR_LP_V_rom_U/q17_reg_2[0]
    SLICE_X80Y71         LUT5 (Prop_lut5_I2_O)        0.124     3.192 r  FIR_LP_V_U/fir_multiband_FIR_LP_V_rom_U/q176_reg_i_5/O
                         net (fo=182, routed)         1.282     4.474    FIR_LP_V_U/fir_multiband_FIR_LP_V_rom_U/phi_mul_reg_3447_reg[4][3]
    SLICE_X61Y57         LUT6 (Prop_lut6_I4_O)        0.124     4.598 r  FIR_LP_V_U/fir_multiband_FIR_LP_V_rom_U/q163_reg_i_11/O
                         net (fo=2, routed)           1.096     5.694    FIR_LP_V_U/fir_multiband_FIR_LP_V_rom_U/q163_reg_i_11_n_0
    SLICE_X66Y74         LUT5 (Prop_lut5_I2_O)        0.124     5.818 r  FIR_LP_V_U/fir_multiband_FIR_LP_V_rom_U/q163_reg_i_1/O
                         net (fo=1, routed)           2.263     8.081    FIR_LP_V_U/fir_multiband_FIR_LP_V_rom_U/q163_reg_i_1_n_0
    RAMB18_X4Y52         RAMB18E1                                     r  FIR_LP_V_U/fir_multiband_FIR_LP_V_rom_U/q163_reg/ADDRARDADDR[12]
  -------------------------------------------------------------------    -------------------

                         (clock ap_clk rise edge)    10.000    10.000 r  
                                                      0.000    10.000 r  ap_clk (IN)
                         net (fo=6011, unset)         0.924    10.924    FIR_LP_V_U/fir_multiband_FIR_LP_V_rom_U/ap_clk
    RAMB18_X4Y52         RAMB18E1                                     r  FIR_LP_V_U/fir_multiband_FIR_LP_V_rom_U/q163_reg/CLKARDCLK
                         clock pessimism              0.000    10.924    
                         clock uncertainty           -0.035    10.889    
    RAMB18_X4Y52         RAMB18E1 (Setup_ramb18e1_CLKARDCLK_ADDRARDADDR[12])
                                                     -0.566    10.323    FIR_LP_V_U/fir_multiband_FIR_LP_V_rom_U/q163_reg
  -------------------------------------------------------------------
                         required time                         10.323    
                         arrival time                          -8.081    
  -------------------------------------------------------------------
                         slack                                  2.242    





Pulse Width Checks
--------------------------------------------------------------------------------------
Clock Name:         ap_clk
Waveform(ns):       { 0.000 5.000 }
Period(ns):         10.000
Sources:            { ap_clk }

Check Type        Corner  Lib Pin             Reference Pin  Required(ns)  Actual(ns)  Slack(ns)  Location       Pin
Min Period        n/a     DSP48E1/CLK         n/a            3.884         10.000      6.116      DSP48_X2Y55    mul_25s_24s_49_1_1_U4/fir_multiband_mul_25s_24s_49_1_1_Multiplier_0_U/p__0/CLK
Min Period        n/a     DSP48E1/CLK         n/a            3.884         10.000      6.116      DSP48_X2Y56    mul_49s_24s_72_5_1_U5/fir_multiband_mul_49s_24s_72_5_1_Multiplier_1_U/buff0_reg/CLK
Min Period        n/a     RAMB18E1/CLKARDCLK  n/a            2.576         10.000      7.424      RAMB18_X2Y22   FIR_LP_V_U/fir_multiband_FIR_LP_V_rom_U/q0_reg/CLKARDCLK
Min Period        n/a     RAMB18E1/CLKBWRCLK  n/a            2.576         10.000      7.424      RAMB18_X2Y22   FIR_LP_V_U/fir_multiband_FIR_LP_V_rom_U/q0_reg/CLKBWRCLK
Min Period        n/a     RAMB18E1/CLKARDCLK  n/a            2.576         10.000      7.424      RAMB18_X5Y18   FIR_LP_V_U/fir_multiband_FIR_LP_V_rom_U/q100_reg/CLKARDCLK
Min Period        n/a     RAMB18E1/CLKBWRCLK  n/a            2.576         10.000      7.424      RAMB18_X5Y18   FIR_LP_V_U/fir_multiband_FIR_LP_V_rom_U/q100_reg/CLKBWRCLK
Min Period        n/a     RAMB18E1/CLKARDCLK  n/a            2.576         10.000      7.424      RAMB18_X4Y22   FIR_LP_V_U/fir_multiband_FIR_LP_V_rom_U/q101_reg/CLKARDCLK
Min Period        n/a     RAMB18E1/CLKBWRCLK  n/a            2.576         10.000      7.424      RAMB18_X4Y22   FIR_LP_V_U/fir_multiband_FIR_LP_V_rom_U/q101_reg/CLKBWRCLK
Min Period        n/a     RAMB18E1/CLKARDCLK  n/a            2.576         10.000      7.424      RAMB18_X4Y16   FIR_LP_V_U/fir_multiband_FIR_LP_V_rom_U/q103_reg/CLKARDCLK
Min Period        n/a     RAMB18E1/CLKBWRCLK  n/a            2.576         10.000      7.424      RAMB18_X4Y16   FIR_LP_V_U/fir_multiband_FIR_LP_V_rom_U/q103_reg/CLKBWRCLK
Low Pulse Width   Fast    SRL16E/CLK          n/a            0.980         5.000       4.020      SLICE_X42Y119  p_Val2_8_reg_17397_pp1_iter7_reg_reg[0]_srl6/CLK
Low Pulse Width   Fast    SRL16E/CLK          n/a            0.980         5.000       4.020      SLICE_X42Y128  p_Val2_8_reg_17397_pp1_iter7_reg_reg[10]_srl6/CLK
Low Pulse Width   Fast    SRL16E/CLK          n/a            0.980         5.000       4.020      SLICE_X42Y128  p_Val2_8_reg_17397_pp1_iter7_reg_reg[11]_srl6/CLK
Low Pulse Width   Fast    SRL16E/CLK          n/a            0.980         5.000       4.020      SLICE_X42Y128  p_Val2_8_reg_17397_pp1_iter7_reg_reg[12]_srl6/CLK
Low Pulse Width   Fast    SRL16E/CLK          n/a            0.980         5.000       4.020      SLICE_X42Y128  p_Val2_8_reg_17397_pp1_iter7_reg_reg[13]_srl6/CLK
Low Pulse Width   Fast    SRL16E/CLK          n/a            0.980         5.000       4.020      SLICE_X42Y128  p_Val2_8_reg_17397_pp1_iter7_reg_reg[14]_srl6/CLK
Low Pulse Width   Fast    SRL16E/CLK          n/a            0.980         5.000       4.020      SLICE_X42Y128  p_Val2_8_reg_17397_pp1_iter7_reg_reg[15]_srl6/CLK
Low Pulse Width   Fast    SRL16E/CLK          n/a            0.980         5.000       4.020      SLICE_X42Y129  p_Val2_8_reg_17397_pp1_iter7_reg_reg[16]_srl6/CLK
Low Pulse Width   Fast    SRL16E/CLK          n/a            0.980         5.000       4.020      SLICE_X42Y129  p_Val2_8_reg_17397_pp1_iter7_reg_reg[17]_srl6/CLK
Low Pulse Width   Fast    SRL16E/CLK          n/a            0.980         5.000       4.020      SLICE_X42Y129  p_Val2_8_reg_17397_pp1_iter7_reg_reg[18]_srl6/CLK
High Pulse Width  Slow    SRL16E/CLK          n/a            0.980         5.000       4.020      SLICE_X42Y119  p_Val2_8_reg_17397_pp1_iter7_reg_reg[0]_srl6/CLK
High Pulse Width  Fast    SRL16E/CLK          n/a            0.980         5.000       4.020      SLICE_X42Y119  p_Val2_8_reg_17397_pp1_iter7_reg_reg[0]_srl6/CLK
High Pulse Width  Slow    SRL16E/CLK          n/a            0.980         5.000       4.020      SLICE_X42Y128  p_Val2_8_reg_17397_pp1_iter7_reg_reg[10]_srl6/CLK
High Pulse Width  Fast    SRL16E/CLK          n/a            0.980         5.000       4.020      SLICE_X42Y128  p_Val2_8_reg_17397_pp1_iter7_reg_reg[10]_srl6/CLK
High Pulse Width  Slow    SRL16E/CLK          n/a            0.980         5.000       4.020      SLICE_X42Y128  p_Val2_8_reg_17397_pp1_iter7_reg_reg[11]_srl6/CLK
High Pulse Width  Fast    SRL16E/CLK          n/a            0.980         5.000       4.020      SLICE_X42Y128  p_Val2_8_reg_17397_pp1_iter7_reg_reg[11]_srl6/CLK
High Pulse Width  Slow    SRL16E/CLK          n/a            0.980         5.000       4.020      SLICE_X42Y128  p_Val2_8_reg_17397_pp1_iter7_reg_reg[12]_srl6/CLK
High Pulse Width  Fast    SRL16E/CLK          n/a            0.980         5.000       4.020      SLICE_X42Y128  p_Val2_8_reg_17397_pp1_iter7_reg_reg[12]_srl6/CLK
High Pulse Width  Slow    SRL16E/CLK          n/a            0.980         5.000       4.020      SLICE_X42Y128  p_Val2_8_reg_17397_pp1_iter7_reg_reg[13]_srl6/CLK
High Pulse Width  Fast    SRL16E/CLK          n/a            0.980         5.000       4.020      SLICE_X42Y128  p_Val2_8_reg_17397_pp1_iter7_reg_reg[13]_srl6/CLK



