Copyright 1986-2020 Xilinx, Inc. All Rights Reserved.
-------------------------------------------------------------------------------------------------------------------------------------------------------------------
| Tool Version : Vivado v.2020.2 (win64) Build 3064766 Wed Nov 18 09:12:45 MST 2020
| Date         : Wed Sep 30 17:46:30 2026
| Host         : yu running 64-bit major release  (build 9200)
| Command      : report_timing_summary -delay_type max -max_paths 10 -file D:/pynq-multiband-audio-accel/build/hls/reports/v15_sub_n193_mul64_impl/timing_impl.rpt
| Design       : fir_multiband
| Device       : 7z020-clg400
| Speed File   : -1  PRODUCTION 1.12 2019-11-22
-------------------------------------------------------------------------------------------------------------------------------------------------------------------

Timing Summary Report

------------------------------------------------------------------------------------------------
| Timer Settings
| --------------
------------------------------------------------------------------------------------------------

  Enable Multi Corner Analysis               :  Yes
  Enable Pessimism Removal                   :  Yes
  Pessimism Removal Resolution               :  Nearest Common Node
  Enable Input Delay Default Clock           :  No
  Enable Preset / Clear Arcs                 :  No
  Disable Flight Delays                      :  No
  Ignore I/O Paths                           :  No
  Timing Early Launch at Borrowing Latches   :  No
  Borrow Time for Max Delay Exceptions       :  Yes
  Merge Timing Exceptions                    :  Yes

  Corner  Analyze    Analyze    
  Name    Max Paths  Min Paths  
  ------  ---------  ---------  
  Slow    Yes        Yes        
  Fast    Yes        Yes        



check_timing report

Table of Contents
-----------------
1. checking no_clock (0)
2. checking constant_clock (0)
3. checking pulse_width_clock (0)
4. checking unconstrained_internal_endpoints (0)
5. checking no_input_delay (178)
6. checking no_output_delay (28)
7. checking multiple_clock (0)
8. checking generated_clocks (0)
9. checking loops (0)
10. checking partial_input_delay (0)
11. checking partial_output_delay (0)
12. checking latch_loops (0)

1. checking no_clock (0)
------------------------
 There are 0 register/latch pins with no clock.


2. checking constant_clock (0)
------------------------------
 There are 0 register/latch pins with constant_clock.


3. checking pulse_width_clock (0)
---------------------------------
 There are 0 register/latch pins which need pulse_width check


4. checking unconstrained_internal_endpoints (0)
------------------------------------------------
 There are 0 pins that are not constrained for maximum delay.

 There are 0 pins that are not constrained for maximum delay due to constant clock.


5. checking no_input_delay (178)
--------------------------------
 There are 178 input ports with no input delay specified. (HIGH)

 There are 0 input ports with no input delay but user has a false path constraint.


6. checking no_output_delay (28)
--------------------------------
 There are 28 ports with no output delay specified. (HIGH)

 There are 0 ports with no output delay but user has a false path constraint

 There are 0 ports with no output delay but with a timing clock defined on it or propagating through it


7. checking multiple_clock (0)
------------------------------
 There are 0 register/latch pins with multiple clocks.


8. checking generated_clocks (0)
--------------------------------
 There are 0 generated clocks that are not connected to a clock source.


9. checking loops (0)
---------------------
 There are 0 combinational loops in the design.


10. checking partial_input_delay (0)
------------------------------------
 There are 0 input ports with partial input delay specified.


11. checking partial_output_delay (0)
-------------------------------------
 There are 0 ports with partial output delay specified.


12. checking latch_loops (0)
----------------------------
 There are 0 combinational latch loops in the design through latch input



------------------------------------------------------------------------------------------------
| Design Timing Summary
| ---------------------
------------------------------------------------------------------------------------------------

    WNS(ns)      TNS(ns)  TNS Failing Endpoints  TNS Total Endpoints     WPWS(ns)     TPWS(ns)  TPWS Failing Endpoints  TPWS Total Endpoints  
    -------      -------  ---------------------  -------------------     --------     --------  ----------------------  --------------------  
     -0.620      -82.674                    443                27866        4.020        0.000                       0                 11810  


Timing constraints are not met.


------------------------------------------------------------------------------------------------
| Clock Summary
| -------------
------------------------------------------------------------------------------------------------

Clock   Waveform(ns)       Period(ns)      Frequency(MHz)
-----   ------------       ----------      --------------
ap_clk  {0.000 5.000}      10.000          100.000         


------------------------------------------------------------------------------------------------
| Intra Clock Table
| -----------------
------------------------------------------------------------------------------------------------

Clock             WNS(ns)      TNS(ns)  TNS Failing Endpoints  TNS Total Endpoints     WPWS(ns)     TPWS(ns)  TPWS Failing Endpoints  TPWS Total Endpoints  
-----             -------      -------  ---------------------  -------------------     --------     --------  ----------------------  --------------------  
ap_clk             -0.620      -82.674                    443                27866        4.020        0.000                       0                 11810  


------------------------------------------------------------------------------------------------
| Inter Clock Table
| -----------------
------------------------------------------------------------------------------------------------

From Clock    To Clock          WNS(ns)      TNS(ns)  TNS Failing Endpoints  TNS Total Endpoints  
----------    --------          -------      -------  ---------------------  -------------------  


------------------------------------------------------------------------------------------------
| Other Path Groups Table
| -----------------------
------------------------------------------------------------------------------------------------

Path Group    From Clock    To Clock          WNS(ns)      TNS(ns)  TNS Failing Endpoints  TNS Total Endpoints  
----------    ----------    --------          -------      -------  ---------------------  -------------------  


------------------------------------------------------------------------------------------------
| Timing Details
| --------------
------------------------------------------------------------------------------------------------


---------------------------------------------------------------------------------------------------
From Clock:  ap_clk
  To Clock:  ap_clk

Setup :          443  Failing Endpoints,  Worst Slack       -0.620ns,  Total Violation      -82.674ns
Hold  :           NA  Failing Endpoints,  Worst Slack           NA  ,  Total Violation           NA
PW    :            0  Failing Endpoints,  Worst Slack        4.020ns,  Total Violation        0.000ns
---------------------------------------------------------------------------------------------------


Max Delay Paths
--------------------------------------------------------------------------------------
Slack (VIOLATED) :        -0.620ns  (required time - arrival time)
  Source:                 ap_enable_reg_pp1_iter1_reg_replica_4/C
                            (rising edge-triggered cell FDRE clocked by ap_clk  {rise@0.000ns fall@5.000ns period=10.000ns})
  Destination:            reg_13496_reg[27]/D
                            (rising edge-triggered cell FDRE clocked by ap_clk  {rise@0.000ns fall@5.000ns period=10.000ns})
  Path Group:             ap_clk
  Path Type:              Setup (Max at Slow Process Corner)
  Requirement:            10.000ns  (ap_clk rise@10.000ns - ap_clk rise@0.000ns)
  Data Path Delay:        10.491ns  (logic 6.180ns (58.909%)  route 4.311ns (41.091%))
  Logic Levels:           4  (DSP48E1=2 LUT2=1 LUT5=1)
  Clock Path Skew:        -0.049ns (DCD - SCD + CPR)
    Destination Clock Delay (DCD):    0.924ns = ( 10.924 - 10.000 ) 
    Source Clock Delay      (SCD):    0.973ns
    Clock Pessimism Removal (CPR):    0.000ns
  Clock Uncertainty:      0.035ns  ((TSJ^2 + TIJ^2)^1/2 + DJ) / 2 + PE
    Total System Jitter     (TSJ):    0.071ns
    Total Input Jitter      (TIJ):    0.000ns
    Discrete Jitter          (DJ):    0.000ns
    Phase Error              (PE):    0.000ns

    Location             Delay type                Incr(ns)  Path(ns)    Netlist Resource(s)
  -------------------------------------------------------------------    -------------------
                         (clock ap_clk rise edge)     0.000     0.000 r  
                                                      0.000     0.000 r  ap_clk (IN)
                         net (fo=11818, unset)        0.973     0.973    ap_clk
    SLICE_X48Y33         FDRE                                         r  ap_enable_reg_pp1_iter1_reg_replica_4/C
  -------------------------------------------------------------------    -------------------
    SLICE_X48Y33         FDRE (Prop_fdre_C_Q)         0.456     1.429 r  ap_enable_reg_pp1_iter1_reg_replica_4/Q
                         net (fo=12, routed)          0.524     1.953    mul_15s_16s_31_1_1_U18/fir_multiband_mul_15s_16s_31_1_1_Multiplier_0_U/ap_enable_reg_pp1_iter1_repN_4_alias
    SLICE_X46Y32         LUT2 (Prop_lut2_I0_O)        0.124     2.077 r  mul_15s_16s_31_1_1_U18/fir_multiband_mul_15s_16s_31_1_1_Multiplier_0_U/p_i_33__2/O
                         net (fo=67, routed)          1.456     3.533    mul_15s_16s_31_1_1_U18/fir_multiband_mul_15s_16s_31_1_1_Multiplier_0_U/ap_enable_reg_pp1_iter1_reg
    SLICE_X23Y22         LUT5 (Prop_lut5_I3_O)        0.124     3.657 r  mul_15s_16s_31_1_1_U18/fir_multiband_mul_15s_16s_31_1_1_Multiplier_0_U/p_i_9__9/O
                         net (fo=1, routed)           0.667     4.324    mul_15s_16s_31_1_1_U18/fir_multiband_mul_15s_16s_31_1_1_Multiplier_0_U/p_i_9__9_n_0
    DSP48_X1Y8           DSP48E1 (Prop_dsp48e1_B[6]_P[7])
                                                      3.656     7.980 r  mul_15s_16s_31_1_1_U18/fir_multiband_mul_15s_16s_31_1_1_Multiplier_0_U/p/P[7]
                         net (fo=2, routed)           0.880     8.860    mul_15s_16s_31_1_1_U35/fir_multiband_mul_15s_16s_31_1_1_Multiplier_0_U/P[7]
    DSP48_X1Y6           DSP48E1 (Prop_dsp48e1_C[7]_P[27])
                                                      1.820    10.680 r  mul_15s_16s_31_1_1_U35/fir_multiband_mul_15s_16s_31_1_1_Multiplier_0_U/p/P[27]
                         net (fo=2, routed)           0.783    11.464    mul_15s_16s_31_1_1_U35_n_3
    SLICE_X20Y16         FDRE                                         r  reg_13496_reg[27]/D
  -------------------------------------------------------------------    -------------------

                         (clock ap_clk rise edge)    10.000    10.000 r  
                                                      0.000    10.000 r  ap_clk (IN)
                         net (fo=11818, unset)        0.924    10.924    ap_clk
    SLICE_X20Y16         FDRE                                         r  reg_13496_reg[27]/C
                         clock pessimism              0.000    10.924    
                         clock uncertainty           -0.035    10.889    
    SLICE_X20Y16         FDRE (Setup_fdre_C_D)       -0.045    10.844    reg_13496_reg[27]
  -------------------------------------------------------------------
                         required time                         10.844    
                         arrival time                         -11.464    
  -------------------------------------------------------------------
                         slack                                 -0.620    

Slack (VIOLATED) :        -0.543ns  (required time - arrival time)
  Source:                 ap_enable_reg_pp1_iter1_reg_replica_4/C
                            (rising edge-triggered cell FDRE clocked by ap_clk  {rise@0.000ns fall@5.000ns period=10.000ns})
  Destination:            add_ln703_168_reg_32668[31]_i_2_psdsp_3/D
                            (rising edge-triggered cell FDRE clocked by ap_clk  {rise@0.000ns fall@5.000ns period=10.000ns})
  Path Group:             ap_clk
  Path Type:              Setup (Max at Slow Process Corner)
  Requirement:            10.000ns  (ap_clk rise@10.000ns - ap_clk rise@0.000ns)
  Data Path Delay:        10.412ns  (logic 6.180ns (59.357%)  route 4.232ns (40.643%))
  Logic Levels:           4  (DSP48E1=2 LUT2=1 LUT5=1)
  Clock Path Skew:        -0.049ns (DCD - SCD + CPR)
    Destination Clock Delay (DCD):    0.924ns = ( 10.924 - 10.000 ) 
    Source Clock Delay      (SCD):    0.973ns
    Clock Pessimism Removal (CPR):    0.000ns
  Clock Uncertainty:      0.035ns  ((TSJ^2 + TIJ^2)^1/2 + DJ) / 2 + PE
    Total System Jitter     (TSJ):    0.071ns
    Total Input Jitter      (TIJ):    0.000ns
    Discrete Jitter          (DJ):    0.000ns
    Phase Error              (PE):    0.000ns

    Location             Delay type                Incr(ns)  Path(ns)    Netlist Resource(s)
  -------------------------------------------------------------------    -------------------
                         (clock ap_clk rise edge)     0.000     0.000 r  
                                                      0.000     0.000 r  ap_clk (IN)
                         net (fo=11818, unset)        0.973     0.973    ap_clk
    SLICE_X48Y33         FDRE                                         r  ap_enable_reg_pp1_iter1_reg_replica_4/C
  -------------------------------------------------------------------    -------------------
    SLICE_X48Y33         FDRE (Prop_fdre_C_Q)         0.456     1.429 r  ap_enable_reg_pp1_iter1_reg_replica_4/Q
                         net (fo=12, routed)          0.524     1.953    mul_15s_16s_31_1_1_U18/fir_multiband_mul_15s_16s_31_1_1_Multiplier_0_U/ap_enable_reg_pp1_iter1_repN_4_alias
    SLICE_X46Y32         LUT2 (Prop_lut2_I0_O)        0.124     2.077 r  mul_15s_16s_31_1_1_U18/fir_multiband_mul_15s_16s_31_1_1_Multiplier_0_U/p_i_33__2/O
                         net (fo=67, routed)          1.456     3.533    mul_15s_16s_31_1_1_U18/fir_multiband_mul_15s_16s_31_1_1_Multiplier_0_U/ap_enable_reg_pp1_iter1_reg
    SLICE_X23Y22         LUT5 (Prop_lut5_I3_O)        0.124     3.657 r  mul_15s_16s_31_1_1_U18/fir_multiband_mul_15s_16s_31_1_1_Multiplier_0_U/p_i_9__9/O
                         net (fo=1, routed)           0.667     4.324    mul_15s_16s_31_1_1_U18/fir_multiband_mul_15s_16s_31_1_1_Multiplier_0_U/p_i_9__9_n_0
    DSP48_X1Y8           DSP48E1 (Prop_dsp48e1_B[6]_P[7])
                                                      3.656     7.980 r  mul_15s_16s_31_1_1_U18/fir_multiband_mul_15s_16s_31_1_1_Multiplier_0_U/p/P[7]
                         net (fo=2, routed)           0.880     8.860    mul_15s_16s_31_1_1_U35/fir_multiband_mul_15s_16s_31_1_1_Multiplier_0_U/P[7]
    DSP48_X1Y6           DSP48E1 (Prop_dsp48e1_C[7]_P[27])
                                                      1.820    10.680 r  mul_15s_16s_31_1_1_U35/fir_multiband_mul_15s_16s_31_1_1_Multiplier_0_U/p/P[27]
                         net (fo=2, routed)           0.704    11.385    mul_15s_16s_31_1_1_U35_n_3
    SLICE_X20Y16         FDRE                                         r  add_ln703_168_reg_32668[31]_i_2_psdsp_3/D
  -------------------------------------------------------------------    -------------------

                         (clock ap_clk rise edge)    10.000    10.000 r  
                                                      0.000    10.000 r  ap_clk (IN)
                         net (fo=11818, unset)        0.924    10.924    ap_clk
    SLICE_X20Y16         FDRE                                         r  add_ln703_168_reg_32668[31]_i_2_psdsp_3/C
                         clock pessimism              0.000    10.924    
                         clock uncertainty           -0.035    10.889    
    SLICE_X20Y16         FDRE (Setup_fdre_C_D)       -0.047    10.842    add_ln703_168_reg_32668[31]_i_2_psdsp_3
  -------------------------------------------------------------------
                         required time                         10.842    
                         arrival time                         -11.385    
  -------------------------------------------------------------------
                         slack                                 -0.543    

Slack (VIOLATED) :        -0.528ns  (required time - arrival time)
  Source:                 ap_enable_reg_pp1_iter1_reg_replica_4/C
                            (rising edge-triggered cell FDRE clocked by ap_clk  {rise@0.000ns fall@5.000ns period=10.000ns})
  Destination:            mul_15s_16s_31_1_1_U7/fir_multiband_mul_15s_16s_31_1_1_Multiplier_0_U/reg_13508[11]_i_1_psdsp/D
                            (rising edge-triggered cell FDRE clocked by ap_clk  {rise@0.000ns fall@5.000ns period=10.000ns})
  Path Group:             ap_clk
  Path Type:              Setup (Max at Slow Process Corner)
  Requirement:            10.000ns  (ap_clk rise@10.000ns - ap_clk rise@0.000ns)
  Data Path Delay:        10.404ns  (logic 4.669ns (44.879%)  route 5.735ns (55.121%))
  Logic Levels:           4  (DSP48E1=1 LUT2=1 LUT3=1 LUT5=1)
  Clock Path Skew:        -0.049ns (DCD - SCD + CPR)
    Destination Clock Delay (DCD):    0.924ns = ( 10.924 - 10.000 ) 
    Source Clock Delay      (SCD):    0.973ns
    Clock Pessimism Removal (CPR):    0.000ns
  Clock Uncertainty:      0.035ns  ((TSJ^2 + TIJ^2)^1/2 + DJ) / 2 + PE
    Total System Jitter     (TSJ):    0.071ns
    Total Input Jitter      (TIJ):    0.000ns
    Discrete Jitter          (DJ):    0.000ns
    Phase Error              (PE):    0.000ns

    Location             Delay type                Incr(ns)  Path(ns)    Netlist Resource(s)
  -------------------------------------------------------------------    -------------------
                         (clock ap_clk rise edge)     0.000     0.000 r  
                                                      0.000     0.000 r  ap_clk (IN)
                         net (fo=11818, unset)        0.973     0.973    ap_clk
    SLICE_X48Y33         FDRE                                         r  ap_enable_reg_pp1_iter1_reg_replica_4/C
  -------------------------------------------------------------------    -------------------
    SLICE_X48Y33         FDRE (Prop_fdre_C_Q)         0.456     1.429 r  ap_enable_reg_pp1_iter1_reg_replica_4/Q
                         net (fo=12, routed)          0.641     2.070    mul_15s_16s_31_1_1_U33/fir_multiband_mul_15s_16s_31_1_1_Multiplier_0_U/ap_enable_reg_pp1_iter1_repN_4_alias
    SLICE_X49Y31         LUT2 (Prop_lut2_I0_O)        0.124     2.194 r  mul_15s_16s_31_1_1_U33/fir_multiband_mul_15s_16s_31_1_1_Multiplier_0_U/p_i_32__10/O
                         net (fo=91, routed)          1.542     3.736    mul_15s_16s_31_1_1_U7/fir_multiband_mul_15s_16s_31_1_1_Multiplier_0_U/p_1
    SLICE_X91Y32         LUT5 (Prop_lut5_I1_O)        0.124     3.860 r  mul_15s_16s_31_1_1_U7/fir_multiband_mul_15s_16s_31_1_1_Multiplier_0_U/p_i_21__24/O
                         net (fo=1, routed)           1.042     4.902    mul_15s_16s_31_1_1_U7/fir_multiband_mul_15s_16s_31_1_1_Multiplier_0_U/p_i_21__24_n_0
    DSP48_X3Y7           DSP48E1 (Prop_dsp48e1_A[10]_P[11])
                                                      3.841     8.743 r  mul_15s_16s_31_1_1_U7/fir_multiband_mul_15s_16s_31_1_1_Multiplier_0_U/p/P[11]
                         net (fo=2, routed)           1.869    10.613    mul_15s_16s_31_1_1_U7/fir_multiband_mul_15s_16s_31_1_1_Multiplier_0_U/p_n_94
    SLICE_X42Y12         LUT3 (Prop_lut3_I0_O)        0.124    10.737 r  mul_15s_16s_31_1_1_U7/fir_multiband_mul_15s_16s_31_1_1_Multiplier_0_U/reg_13508[11]_i_1/O
                         net (fo=2, routed)           0.640    11.377    mul_15s_16s_31_1_1_U7/fir_multiband_mul_15s_16s_31_1_1_Multiplier_0_U/mul_15s_16s_31_1_1_U7_n_98_alias
    SLICE_X43Y9          FDRE                                         r  mul_15s_16s_31_1_1_U7/fir_multiband_mul_15s_16s_31_1_1_Multiplier_0_U/reg_13508[11]_i_1_psdsp/D
  -------------------------------------------------------------------    -------------------

                         (clock ap_clk rise edge)    10.000    10.000 r  
                                                      0.000    10.000 r  ap_clk (IN)
                         net (fo=11818, unset)        0.924    10.924    mul_15s_16s_31_1_1_U7/fir_multiband_mul_15s_16s_31_1_1_Multiplier_0_U/ap_clk
    SLICE_X43Y9          FDRE                                         r  mul_15s_16s_31_1_1_U7/fir_multiband_mul_15s_16s_31_1_1_Multiplier_0_U/reg_13508[11]_i_1_psdsp/C
                         clock pessimism              0.000    10.924    
                         clock uncertainty           -0.035    10.889    
    SLICE_X43Y9          FDRE (Setup_fdre_C_D)       -0.040    10.849    mul_15s_16s_31_1_1_U7/fir_multiband_mul_15s_16s_31_1_1_Multiplier_0_U/reg_13508[11]_i_1_psdsp
  -------------------------------------------------------------------
                         required time                         10.849    
                         arrival time                         -11.377    
  -------------------------------------------------------------------
                         slack                                 -0.528    

Slack (VIOLATED) :        -0.490ns  (required time - arrival time)
  Source:                 ap_enable_reg_pp1_iter1_reg_replica_4/C
                            (rising edge-triggered cell FDRE clocked by ap_clk  {rise@0.000ns fall@5.000ns period=10.000ns})
  Destination:            add_ln703_168_reg_32668[31]_i_2_psdsp_30/D
                            (rising edge-triggered cell FDRE clocked by ap_clk  {rise@0.000ns fall@5.000ns period=10.000ns})
  Path Group:             ap_clk
  Path Type:              Setup (Max at Slow Process Corner)
  Requirement:            10.000ns  (ap_clk rise@10.000ns - ap_clk rise@0.000ns)
  Data Path Delay:        10.370ns  (logic 6.180ns (59.593%)  route 4.190ns (40.407%))
  Logic Levels:           4  (DSP48E1=2 LUT2=1 LUT5=1)
  Clock Path Skew:        -0.049ns (DCD - SCD + CPR)
    Destination Clock Delay (DCD):    0.924ns = ( 10.924 - 10.000 ) 
    Source Clock Delay      (SCD):    0.973ns
    Clock Pessimism Removal (CPR):    0.000ns
  Clock Uncertainty:      0.035ns  ((TSJ^2 + TIJ^2)^1/2 + DJ) / 2 + PE
    Total System Jitter     (TSJ):    0.071ns
    Total Input Jitter      (TIJ):    0.000ns
    Discrete Jitter          (DJ):    0.000ns
    Phase Error              (PE):    0.000ns

    Location             Delay type                Incr(ns)  Path(ns)    Netlist Resource(s)
  -------------------------------------------------------------------    -------------------
                         (clock ap_clk rise edge)     0.000     0.000 r  
                                                      0.000     0.000 r  ap_clk (IN)
                         net (fo=11818, unset)        0.973     0.973    ap_clk
    SLICE_X48Y33         FDRE                                         r  ap_enable_reg_pp1_iter1_reg_replica_4/C
  -------------------------------------------------------------------    -------------------
    SLICE_X48Y33         FDRE (Prop_fdre_C_Q)         0.456     1.429 r  ap_enable_reg_pp1_iter1_reg_replica_4/Q
                         net (fo=12, routed)          0.524     1.953    mul_15s_16s_31_1_1_U18/fir_multiband_mul_15s_16s_31_1_1_Multiplier_0_U/ap_enable_reg_pp1_iter1_repN_4_alias
    SLICE_X46Y32         LUT2 (Prop_lut2_I0_O)        0.124     2.077 r  mul_15s_16s_31_1_1_U18/fir_multiband_mul_15s_16s_31_1_1_Multiplier_0_U/p_i_33__2/O
                         net (fo=67, routed)          1.456     3.533    mul_15s_16s_31_1_1_U18/fir_multiband_mul_15s_16s_31_1_1_Multiplier_0_U/ap_enable_reg_pp1_iter1_reg
    SLICE_X23Y22         LUT5 (Prop_lut5_I3_O)        0.124     3.657 r  mul_15s_16s_31_1_1_U18/fir_multiband_mul_15s_16s_31_1_1_Multiplier_0_U/p_i_9__9/O
                         net (fo=1, routed)           0.667     4.324    mul_15s_16s_31_1_1_U18/fir_multiband_mul_15s_16s_31_1_1_Multiplier_0_U/p_i_9__9_n_0
    DSP48_X1Y8           DSP48E1 (Prop_dsp48e1_B[6]_P[7])
                                                      3.656     7.980 r  mul_15s_16s_31_1_1_U18/fir_multiband_mul_15s_16s_31_1_1_Multiplier_0_U/p/P[7]
                         net (fo=2, routed)           0.880     8.860    mul_15s_16s_31_1_1_U35/fir_multiband_mul_15s_16s_31_1_1_Multiplier_0_U/P[7]
    DSP48_X1Y6           DSP48E1 (Prop_dsp48e1_C[7]_P[0])
                                                      1.820    10.680 r  mul_15s_16s_31_1_1_U35/fir_multiband_mul_15s_16s_31_1_1_Multiplier_0_U/p/P[0]
                         net (fo=2, routed)           0.663    11.343    mul_15s_16s_31_1_1_U35_n_30
    SLICE_X22Y15         FDRE                                         r  add_ln703_168_reg_32668[31]_i_2_psdsp_30/D
  -------------------------------------------------------------------    -------------------

                         (clock ap_clk rise edge)    10.000    10.000 r  
                                                      0.000    10.000 r  ap_clk (IN)
                         net (fo=11818, unset)        0.924    10.924    ap_clk
    SLICE_X22Y15         FDRE                                         r  add_ln703_168_reg_32668[31]_i_2_psdsp_30/C
                         clock pessimism              0.000    10.924    
                         clock uncertainty           -0.035    10.889    
    SLICE_X22Y15         FDRE (Setup_fdre_C_D)       -0.036    10.853    add_ln703_168_reg_32668[31]_i_2_psdsp_30
  -------------------------------------------------------------------
                         required time                         10.853    
                         arrival time                         -11.343    
  -------------------------------------------------------------------
                         slack                                 -0.490    

Slack (VIOLATED) :        -0.490ns  (required time - arrival time)
  Source:                 ap_enable_reg_pp1_iter1_reg_replica_4/C
                            (rising edge-triggered cell FDRE clocked by ap_clk  {rise@0.000ns fall@5.000ns period=10.000ns})
  Destination:            add_ln703_168_reg_32668[31]_i_2_psdsp_28/D
                            (rising edge-triggered cell FDRE clocked by ap_clk  {rise@0.000ns fall@5.000ns period=10.000ns})
  Path Group:             ap_clk
  Path Type:              Setup (Max at Slow Process Corner)
  Requirement:            10.000ns  (ap_clk rise@10.000ns - ap_clk rise@0.000ns)
  Data Path Delay:        10.393ns  (logic 6.180ns (59.462%)  route 4.213ns (40.538%))
  Logic Levels:           4  (DSP48E1=2 LUT2=1 LUT5=1)
  Clock Path Skew:        -0.049ns (DCD - SCD + CPR)
    Destination Clock Delay (DCD):    0.924ns = ( 10.924 - 10.000 ) 
    Source Clock Delay      (SCD):    0.973ns
    Clock Pessimism Removal (CPR):    0.000ns
  Clock Uncertainty:      0.035ns  ((TSJ^2 + TIJ^2)^1/2 + DJ) / 2 + PE
    Total System Jitter     (TSJ):    0.071ns
    Total Input Jitter      (TIJ):    0.000ns
    Discrete Jitter          (DJ):    0.000ns
    Phase Error              (PE):    0.000ns

    Location             Delay type                Incr(ns)  Path(ns)    Netlist Resource(s)
  -------------------------------------------------------------------    -------------------
                         (clock ap_clk rise edge)     0.000     0.000 r  
                                                      0.000     0.000 r  ap_clk (IN)
                         net (fo=11818, unset)        0.973     0.973    ap_clk
    SLICE_X48Y33         FDRE                                         r  ap_enable_reg_pp1_iter1_reg_replica_4/C
  -------------------------------------------------------------------    -------------------
    SLICE_X48Y33         FDRE (Prop_fdre_C_Q)         0.456     1.429 r  ap_enable_reg_pp1_iter1_reg_replica_4/Q
                         net (fo=12, routed)          0.524     1.953    mul_15s_16s_31_1_1_U18/fir_multiband_mul_15s_16s_31_1_1_Multiplier_0_U/ap_enable_reg_pp1_iter1_repN_4_alias
    SLICE_X46Y32         LUT2 (Prop_lut2_I0_O)        0.124     2.077 r  mul_15s_16s_31_1_1_U18/fir_multiband_mul_15s_16s_31_1_1_Multiplier_0_U/p_i_33__2/O
                         net (fo=67, routed)          1.456     3.533    mul_15s_16s_31_1_1_U18/fir_multiband_mul_15s_16s_31_1_1_Multiplier_0_U/ap_enable_reg_pp1_iter1_reg
    SLICE_X23Y22         LUT5 (Prop_lut5_I3_O)        0.124     3.657 r  mul_15s_16s_31_1_1_U18/fir_multiband_mul_15s_16s_31_1_1_Multiplier_0_U/p_i_9__9/O
                         net (fo=1, routed)           0.667     4.324    mul_15s_16s_31_1_1_U18/fir_multiband_mul_15s_16s_31_1_1_Multiplier_0_U/p_i_9__9_n_0
    DSP48_X1Y8           DSP48E1 (Prop_dsp48e1_B[6]_P[7])
                                                      3.656     7.980 r  mul_15s_16s_31_1_1_U18/fir_multiband_mul_15s_16s_31_1_1_Multiplier_0_U/p/P[7]
                         net (fo=2, routed)           0.880     8.860    mul_15s_16s_31_1_1_U35/fir_multiband_mul_15s_16s_31_1_1_Multiplier_0_U/P[7]
    DSP48_X1Y6           DSP48E1 (Prop_dsp48e1_C[7]_P[2])
                                                      1.820    10.680 r  mul_15s_16s_31_1_1_U35/fir_multiband_mul_15s_16s_31_1_1_Multiplier_0_U/p/P[2]
                         net (fo=2, routed)           0.686    11.366    mul_15s_16s_31_1_1_U35_n_28
    SLICE_X16Y15         FDRE                                         r  add_ln703_168_reg_32668[31]_i_2_psdsp_28/D
  -------------------------------------------------------------------    -------------------

                         (clock ap_clk rise edge)    10.000    10.000 r  
                                                      0.000    10.000 r  ap_clk (IN)
                         net (fo=11818, unset)        0.924    10.924    ap_clk
    SLICE_X16Y15         FDRE                                         r  add_ln703_168_reg_32668[31]_i_2_psdsp_28/C
                         clock pessimism              0.000    10.924    
                         clock uncertainty           -0.035    10.889    
    SLICE_X16Y15         FDRE (Setup_fdre_C_D)       -0.013    10.876    add_ln703_168_reg_32668[31]_i_2_psdsp_28
  -------------------------------------------------------------------
                         required time                         10.876    
                         arrival time                         -11.366    
  -------------------------------------------------------------------
                         slack                                 -0.490    

Slack (VIOLATED) :        -0.482ns  (required time - arrival time)
  Source:                 ap_enable_reg_pp1_iter1_reg_replica_4/C
                            (rising edge-triggered cell FDRE clocked by ap_clk  {rise@0.000ns fall@5.000ns period=10.000ns})
  Destination:            mul_15s_16s_31_1_1_U7/fir_multiband_mul_15s_16s_31_1_1_Multiplier_0_U/reg_13508[27]_i_1_psdsp/D
                            (rising edge-triggered cell FDRE clocked by ap_clk  {rise@0.000ns fall@5.000ns period=10.000ns})
  Path Group:             ap_clk
  Path Type:              Setup (Max at Slow Process Corner)
  Requirement:            10.000ns  (ap_clk rise@10.000ns - ap_clk rise@0.000ns)
  Data Path Delay:        10.370ns  (logic 4.669ns (45.024%)  route 5.701ns (54.976%))
  Logic Levels:           4  (DSP48E1=1 LUT2=1 LUT3=1 LUT5=1)
  Clock Path Skew:        -0.049ns (DCD - SCD + CPR)
    Destination Clock Delay (DCD):    0.924ns = ( 10.924 - 10.000 ) 
    Source Clock Delay      (SCD):    0.973ns
    Clock Pessimism Removal (CPR):    0.000ns
  Clock Uncertainty:      0.035ns  ((TSJ^2 + TIJ^2)^1/2 + DJ) / 2 + PE
    Total System Jitter     (TSJ):    0.071ns
    Total Input Jitter      (TIJ):    0.000ns
    Discrete Jitter          (DJ):    0.000ns
    Phase Error              (PE):    0.000ns

    Location             Delay type                Incr(ns)  Path(ns)    Netlist Resource(s)
  -------------------------------------------------------------------    -------------------
                         (clock ap_clk rise edge)     0.000     0.000 r  
                                                      0.000     0.000 r  ap_clk (IN)
                         net (fo=11818, unset)        0.973     0.973    ap_clk
    SLICE_X48Y33         FDRE                                         r  ap_enable_reg_pp1_iter1_reg_replica_4/C
  -------------------------------------------------------------------    -------------------
    SLICE_X48Y33         FDRE (Prop_fdre_C_Q)         0.456     1.429 r  ap_enable_reg_pp1_iter1_reg_replica_4/Q
                         net (fo=12, routed)          0.641     2.070    mul_15s_16s_31_1_1_U33/fir_multiband_mul_15s_16s_31_1_1_Multiplier_0_U/ap_enable_reg_pp1_iter1_repN_4_alias
    SLICE_X49Y31         LUT2 (Prop_lut2_I0_O)        0.124     2.194 r  mul_15s_16s_31_1_1_U33/fir_multiband_mul_15s_16s_31_1_1_Multiplier_0_U/p_i_32__10/O
                         net (fo=91, routed)          1.542     3.736    mul_15s_16s_31_1_1_U7/fir_multiband_mul_15s_16s_31_1_1_Multiplier_0_U/p_1
    SLICE_X91Y32         LUT5 (Prop_lut5_I1_O)        0.124     3.860 r  mul_15s_16s_31_1_1_U7/fir_multiband_mul_15s_16s_31_1_1_Multiplier_0_U/p_i_21__24/O
                         net (fo=1, routed)           1.042     4.902    mul_15s_16s_31_1_1_U7/fir_multiband_mul_15s_16s_31_1_1_Multiplier_0_U/p_i_21__24_n_0
    DSP48_X3Y7           DSP48E1 (Prop_dsp48e1_A[10]_P[27])
                                                      3.841     8.743 r  mul_15s_16s_31_1_1_U7/fir_multiband_mul_15s_16s_31_1_1_Multiplier_0_U/p/P[27]
                         net (fo=2, routed)           1.960    10.703    mul_15s_16s_31_1_1_U7/fir_multiband_mul_15s_16s_31_1_1_Multiplier_0_U/p_n_78
    SLICE_X37Y7          LUT3 (Prop_lut3_I0_O)        0.124    10.827 r  mul_15s_16s_31_1_1_U7/fir_multiband_mul_15s_16s_31_1_1_Multiplier_0_U/reg_13508[27]_i_1/O
                         net (fo=2, routed)           0.516    11.343    mul_15s_16s_31_1_1_U7/fir_multiband_mul_15s_16s_31_1_1_Multiplier_0_U/mul_15s_16s_31_1_1_U7_n_82_alias
    SLICE_X36Y7          FDRE                                         r  mul_15s_16s_31_1_1_U7/fir_multiband_mul_15s_16s_31_1_1_Multiplier_0_U/reg_13508[27]_i_1_psdsp/D
  -------------------------------------------------------------------    -------------------

                         (clock ap_clk rise edge)    10.000    10.000 r  
                                                      0.000    10.000 r  ap_clk (IN)
                         net (fo=11818, unset)        0.924    10.924    mul_15s_16s_31_1_1_U7/fir_multiband_mul_15s_16s_31_1_1_Multiplier_0_U/ap_clk
    SLICE_X36Y7          FDRE                                         r  mul_15s_16s_31_1_1_U7/fir_multiband_mul_15s_16s_31_1_1_Multiplier_0_U/reg_13508[27]_i_1_psdsp/C
                         clock pessimism              0.000    10.924    
                         clock uncertainty           -0.035    10.889    
    SLICE_X36Y7          FDRE (Setup_fdre_C_D)       -0.028    10.861    mul_15s_16s_31_1_1_U7/fir_multiband_mul_15s_16s_31_1_1_Multiplier_0_U/reg_13508[27]_i_1_psdsp
  -------------------------------------------------------------------
                         required time                         10.861    
                         arrival time                         -11.343    
  -------------------------------------------------------------------
                         slack                                 -0.482    

Slack (VIOLATED) :        -0.481ns  (required time - arrival time)
  Source:                 ap_enable_reg_pp1_iter1_reg_replica_4/C
                            (rising edge-triggered cell FDRE clocked by ap_clk  {rise@0.000ns fall@5.000ns period=10.000ns})
  Destination:            reg_13496_reg[2]/D
                            (rising edge-triggered cell FDRE clocked by ap_clk  {rise@0.000ns fall@5.000ns period=10.000ns})
  Path Group:             ap_clk
  Path Type:              Setup (Max at Slow Process Corner)
  Requirement:            10.000ns  (ap_clk rise@10.000ns - ap_clk rise@0.000ns)
  Data Path Delay:        10.384ns  (logic 6.180ns (59.517%)  route 4.204ns (40.483%))
  Logic Levels:           4  (DSP48E1=2 LUT2=1 LUT5=1)
  Clock Path Skew:        -0.049ns (DCD - SCD + CPR)
    Destination Clock Delay (DCD):    0.924ns = ( 10.924 - 10.000 ) 
    Source Clock Delay      (SCD):    0.973ns
    Clock Pessimism Removal (CPR):    0.000ns
  Clock Uncertainty:      0.035ns  ((TSJ^2 + TIJ^2)^1/2 + DJ) / 2 + PE
    Total System Jitter     (TSJ):    0.071ns
    Total Input Jitter      (TIJ):    0.000ns
    Discrete Jitter          (DJ):    0.000ns
    Phase Error              (PE):    0.000ns

    Location             Delay type                Incr(ns)  Path(ns)    Netlist Resource(s)
  -------------------------------------------------------------------    -------------------
                         (clock ap_clk rise edge)     0.000     0.000 r  
                                                      0.000     0.000 r  ap_clk (IN)
                         net (fo=11818, unset)        0.973     0.973    ap_clk
    SLICE_X48Y33         FDRE                                         r  ap_enable_reg_pp1_iter1_reg_replica_4/C
  -------------------------------------------------------------------    -------------------
    SLICE_X48Y33         FDRE (Prop_fdre_C_Q)         0.456     1.429 r  ap_enable_reg_pp1_iter1_reg_replica_4/Q
                         net (fo=12, routed)          0.524     1.953    mul_15s_16s_31_1_1_U18/fir_multiband_mul_15s_16s_31_1_1_Multiplier_0_U/ap_enable_reg_pp1_iter1_repN_4_alias
    SLICE_X46Y32         LUT2 (Prop_lut2_I0_O)        0.124     2.077 r  mul_15s_16s_31_1_1_U18/fir_multiband_mul_15s_16s_31_1_1_Multiplier_0_U/p_i_33__2/O
                         net (fo=67, routed)          1.456     3.533    mul_15s_16s_31_1_1_U18/fir_multiband_mul_15s_16s_31_1_1_Multiplier_0_U/ap_enable_reg_pp1_iter1_reg
    SLICE_X23Y22         LUT5 (Prop_lut5_I3_O)        0.124     3.657 r  mul_15s_16s_31_1_1_U18/fir_multiband_mul_15s_16s_31_1_1_Multiplier_0_U/p_i_9__9/O
                         net (fo=1, routed)           0.667     4.324    mul_15s_16s_31_1_1_U18/fir_multiband_mul_15s_16s_31_1_1_Multiplier_0_U/p_i_9__9_n_0
    DSP48_X1Y8           DSP48E1 (Prop_dsp48e1_B[6]_P[7])
                                                      3.656     7.980 r  mul_15s_16s_31_1_1_U18/fir_multiband_mul_15s_16s_31_1_1_Multiplier_0_U/p/P[7]
                         net (fo=2, routed)           0.880     8.860    mul_15s_16s_31_1_1_U35/fir_multiband_mul_15s_16s_31_1_1_Multiplier_0_U/P[7]
    DSP48_X1Y6           DSP48E1 (Prop_dsp48e1_C[7]_P[2])
                                                      1.820    10.680 r  mul_15s_16s_31_1_1_U35/fir_multiband_mul_15s_16s_31_1_1_Multiplier_0_U/p/P[2]
                         net (fo=2, routed)           0.676    11.357    mul_15s_16s_31_1_1_U35_n_28
    SLICE_X22Y15         FDRE                                         r  reg_13496_reg[2]/D
  -------------------------------------------------------------------    -------------------

                         (clock ap_clk rise edge)    10.000    10.000 r  
                                                      0.000    10.000 r  ap_clk (IN)
                         net (fo=11818, unset)        0.924    10.924    ap_clk
    SLICE_X22Y15         FDRE                                         r  reg_13496_reg[2]/C
                         clock pessimism              0.000    10.924    
                         clock uncertainty           -0.035    10.889    
    SLICE_X22Y15         FDRE (Setup_fdre_C_D)       -0.013    10.876    reg_13496_reg[2]
  -------------------------------------------------------------------
                         required time                         10.876    
                         arrival time                         -11.357    
  -------------------------------------------------------------------
                         slack                                 -0.481    

Slack (VIOLATED) :        -0.467ns  (required time - arrival time)
  Source:                 ap_enable_reg_pp1_iter1_reg_replica_4/C
                            (rising edge-triggered cell FDRE clocked by ap_clk  {rise@0.000ns fall@5.000ns period=10.000ns})
  Destination:            reg_13496_reg[0]/D
                            (rising edge-triggered cell FDRE clocked by ap_clk  {rise@0.000ns fall@5.000ns period=10.000ns})
  Path Group:             ap_clk
  Path Type:              Setup (Max at Slow Process Corner)
  Requirement:            10.000ns  (ap_clk rise@10.000ns - ap_clk rise@0.000ns)
  Data Path Delay:        10.370ns  (logic 6.180ns (59.593%)  route 4.190ns (40.407%))
  Logic Levels:           4  (DSP48E1=2 LUT2=1 LUT5=1)
  Clock Path Skew:        -0.049ns (DCD - SCD + CPR)
    Destination Clock Delay (DCD):    0.924ns = ( 10.924 - 10.000 ) 
    Source Clock Delay      (SCD):    0.973ns
    Clock Pessimism Removal (CPR):    0.000ns
  Clock Uncertainty:      0.035ns  ((TSJ^2 + TIJ^2)^1/2 + DJ) / 2 + PE
    Total System Jitter     (TSJ):    0.071ns
    Total Input Jitter      (TIJ):    0.000ns
    Discrete Jitter          (DJ):    0.000ns
    Phase Error              (PE):    0.000ns

    Location             Delay type                Incr(ns)  Path(ns)    Netlist Resource(s)
  -------------------------------------------------------------------    -------------------
                         (clock ap_clk rise edge)     0.000     0.000 r  
                                                      0.000     0.000 r  ap_clk (IN)
                         net (fo=11818, unset)        0.973     0.973    ap_clk
    SLICE_X48Y33         FDRE                                         r  ap_enable_reg_pp1_iter1_reg_replica_4/C
  -------------------------------------------------------------------    -------------------
    SLICE_X48Y33         FDRE (Prop_fdre_C_Q)         0.456     1.429 r  ap_enable_reg_pp1_iter1_reg_replica_4/Q
                         net (fo=12, routed)          0.524     1.953    mul_15s_16s_31_1_1_U18/fir_multiband_mul_15s_16s_31_1_1_Multiplier_0_U/ap_enable_reg_pp1_iter1_repN_4_alias
    SLICE_X46Y32         LUT2 (Prop_lut2_I0_O)        0.124     2.077 r  mul_15s_16s_31_1_1_U18/fir_multiband_mul_15s_16s_31_1_1_Multiplier_0_U/p_i_33__2/O
                         net (fo=67, routed)          1.456     3.533    mul_15s_16s_31_1_1_U18/fir_multiband_mul_15s_16s_31_1_1_Multiplier_0_U/ap_enable_reg_pp1_iter1_reg
    SLICE_X23Y22         LUT5 (Prop_lut5_I3_O)        0.124     3.657 r  mul_15s_16s_31_1_1_U18/fir_multiband_mul_15s_16s_31_1_1_Multiplier_0_U/p_i_9__9/O
                         net (fo=1, routed)           0.667     4.324    mul_15s_16s_31_1_1_U18/fir_multiband_mul_15s_16s_31_1_1_Multiplier_0_U/p_i_9__9_n_0
    DSP48_X1Y8           DSP48E1 (Prop_dsp48e1_B[6]_P[7])
                                                      3.656     7.980 r  mul_15s_16s_31_1_1_U18/fir_multiband_mul_15s_16s_31_1_1_Multiplier_0_U/p/P[7]
                         net (fo=2, routed)           0.880     8.860    mul_15s_16s_31_1_1_U35/fir_multiband_mul_15s_16s_31_1_1_Multiplier_0_U/P[7]
    DSP48_X1Y6           DSP48E1 (Prop_dsp48e1_C[7]_P[0])
                                                      1.820    10.680 r  mul_15s_16s_31_1_1_U35/fir_multiband_mul_15s_16s_31_1_1_Multiplier_0_U/p/P[0]
                         net (fo=2, routed)           0.663    11.343    mul_15s_16s_31_1_1_U35_n_30
    SLICE_X22Y15         FDRE                                         r  reg_13496_reg[0]/D
  -------------------------------------------------------------------    -------------------

                         (clock ap_clk rise edge)    10.000    10.000 r  
                                                      0.000    10.000 r  ap_clk (IN)
                         net (fo=11818, unset)        0.924    10.924    ap_clk
    SLICE_X22Y15         FDRE                                         r  reg_13496_reg[0]/C
                         clock pessimism              0.000    10.924    
                         clock uncertainty           -0.035    10.889    
    SLICE_X22Y15         FDRE (Setup_fdre_C_D)       -0.013    10.876    reg_13496_reg[0]
  -------------------------------------------------------------------
                         required time                         10.876    
                         arrival time                         -11.343    
  -------------------------------------------------------------------
                         slack                                 -0.467    

Slack (VIOLATED) :        -0.390ns  (required time - arrival time)
  Source:                 ap_enable_reg_pp1_iter1_reg_replica_4/C
                            (rising edge-triggered cell FDRE clocked by ap_clk  {rise@0.000ns fall@5.000ns period=10.000ns})
  Destination:            add_ln703_168_reg_32668[31]_i_2_psdsp_29/D
                            (rising edge-triggered cell FDRE clocked by ap_clk  {rise@0.000ns fall@5.000ns period=10.000ns})
  Path Group:             ap_clk
  Path Type:              Setup (Max at Slow Process Corner)
  Requirement:            10.000ns  (ap_clk rise@10.000ns - ap_clk rise@0.000ns)
  Data Path Delay:        10.214ns  (logic 6.180ns (60.505%)  route 4.034ns (39.495%))
  Logic Levels:           4  (DSP48E1=2 LUT2=1 LUT5=1)
  Clock Path Skew:        -0.049ns (DCD - SCD + CPR)
    Destination Clock Delay (DCD):    0.924ns = ( 10.924 - 10.000 ) 
    Source Clock Delay      (SCD):    0.973ns
    Clock Pessimism Removal (CPR):    0.000ns
  Clock Uncertainty:      0.035ns  ((TSJ^2 + TIJ^2)^1/2 + DJ) / 2 + PE
    Total System Jitter     (TSJ):    0.071ns
    Total Input Jitter      (TIJ):    0.000ns
    Discrete Jitter          (DJ):    0.000ns
    Phase Error              (PE):    0.000ns

    Location             Delay type                Incr(ns)  Path(ns)    Netlist Resource(s)
  -------------------------------------------------------------------    -------------------
                         (clock ap_clk rise edge)     0.000     0.000 r  
                                                      0.000     0.000 r  ap_clk (IN)
                         net (fo=11818, unset)        0.973     0.973    ap_clk
    SLICE_X48Y33         FDRE                                         r  ap_enable_reg_pp1_iter1_reg_replica_4/C
  -------------------------------------------------------------------    -------------------
    SLICE_X48Y33         FDRE (Prop_fdre_C_Q)         0.456     1.429 r  ap_enable_reg_pp1_iter1_reg_replica_4/Q
                         net (fo=12, routed)          0.524     1.953    mul_15s_16s_31_1_1_U18/fir_multiband_mul_15s_16s_31_1_1_Multiplier_0_U/ap_enable_reg_pp1_iter1_repN_4_alias
    SLICE_X46Y32         LUT2 (Prop_lut2_I0_O)        0.124     2.077 r  mul_15s_16s_31_1_1_U18/fir_multiband_mul_15s_16s_31_1_1_Multiplier_0_U/p_i_33__2/O
                         net (fo=67, routed)          1.456     3.533    mul_15s_16s_31_1_1_U18/fir_multiband_mul_15s_16s_31_1_1_Multiplier_0_U/ap_enable_reg_pp1_iter1_reg
    SLICE_X23Y22         LUT5 (Prop_lut5_I3_O)        0.124     3.657 r  mul_15s_16s_31_1_1_U18/fir_multiband_mul_15s_16s_31_1_1_Multiplier_0_U/p_i_9__9/O
                         net (fo=1, routed)           0.667     4.324    mul_15s_16s_31_1_1_U18/fir_multiband_mul_15s_16s_31_1_1_Multiplier_0_U/p_i_9__9_n_0
    DSP48_X1Y8           DSP48E1 (Prop_dsp48e1_B[6]_P[7])
                                                      3.656     7.980 r  mul_15s_16s_31_1_1_U18/fir_multiband_mul_15s_16s_31_1_1_Multiplier_0_U/p/P[7]
                         net (fo=2, routed)           0.880     8.860    mul_15s_16s_31_1_1_U35/fir_multiband_mul_15s_16s_31_1_1_Multiplier_0_U/P[7]
    DSP48_X1Y6           DSP48E1 (Prop_dsp48e1_C[7]_P[1])
                                                      1.820    10.680 r  mul_15s_16s_31_1_1_U35/fir_multiband_mul_15s_16s_31_1_1_Multiplier_0_U/p/P[1]
                         net (fo=2, routed)           0.507    11.187    mul_15s_16s_31_1_1_U35_n_29
    SLICE_X23Y15         FDRE                                         r  add_ln703_168_reg_32668[31]_i_2_psdsp_29/D
  -------------------------------------------------------------------    -------------------

                         (clock ap_clk rise edge)    10.000    10.000 r  
                                                      0.000    10.000 r  ap_clk (IN)
                         net (fo=11818, unset)        0.924    10.924    ap_clk
    SLICE_X23Y15         FDRE                                         r  add_ln703_168_reg_32668[31]_i_2_psdsp_29/C
                         clock pessimism              0.000    10.924    
                         clock uncertainty           -0.035    10.889    
    SLICE_X23Y15         FDRE (Setup_fdre_C_D)       -0.092    10.797    add_ln703_168_reg_32668[31]_i_2_psdsp_29
  -------------------------------------------------------------------
                         required time                         10.797    
                         arrival time                         -11.187    
  -------------------------------------------------------------------
                         slack                                 -0.390    

Slack (VIOLATED) :        -0.387ns  (required time - arrival time)
  Source:                 ap_enable_reg_pp1_iter1_reg_replica_4/C
                            (rising edge-triggered cell FDRE clocked by ap_clk  {rise@0.000ns fall@5.000ns period=10.000ns})
  Destination:            reg_13496_reg[5]/D
                            (rising edge-triggered cell FDRE clocked by ap_clk  {rise@0.000ns fall@5.000ns period=10.000ns})
  Path Group:             ap_clk
  Path Type:              Setup (Max at Slow Process Corner)
  Requirement:            10.000ns  (ap_clk rise@10.000ns - ap_clk rise@0.000ns)
  Data Path Delay:        10.260ns  (logic 6.180ns (60.232%)  route 4.080ns (39.768%))
  Logic Levels:           4  (DSP48E1=2 LUT2=1 LUT5=1)
  Clock Path Skew:        -0.049ns (DCD - SCD + CPR)
    Destination Clock Delay (DCD):    0.924ns = ( 10.924 - 10.000 ) 
    Source Clock Delay      (SCD):    0.973ns
    Clock Pessimism Removal (CPR):    0.000ns
  Clock Uncertainty:      0.035ns  ((TSJ^2 + TIJ^2)^1/2 + DJ) / 2 + PE
    Total System Jitter     (TSJ):    0.071ns
    Total Input Jitter      (TIJ):    0.000ns
    Discrete Jitter          (DJ):    0.000ns
    Phase Error              (PE):    0.000ns

    Location             Delay type                Incr(ns)  Path(ns)    Netlist Resource(s)
  -------------------------------------------------------------------    -------------------
                         (clock ap_clk rise edge)     0.000     0.000 r  
                                                      0.000     0.000 r  ap_clk (IN)
                         net (fo=11818, unset)        0.973     0.973    ap_clk
    SLICE_X48Y33         FDRE                                         r  ap_enable_reg_pp1_iter1_reg_replica_4/C
  -------------------------------------------------------------------    -------------------
    SLICE_X48Y33         FDRE (Prop_fdre_C_Q)         0.456     1.429 r  ap_enable_reg_pp1_iter1_reg_replica_4/Q
                         net (fo=12, routed)          0.524     1.953    mul_15s_16s_31_1_1_U18/fir_multiband_mul_15s_16s_31_1_1_Multiplier_0_U/ap_enable_reg_pp1_iter1_repN_4_alias
    SLICE_X46Y32         LUT2 (Prop_lut2_I0_O)        0.124     2.077 r  mul_15s_16s_31_1_1_U18/fir_multiband_mul_15s_16s_31_1_1_Multiplier_0_U/p_i_33__2/O
                         net (fo=67, routed)          1.456     3.533    mul_15s_16s_31_1_1_U18/fir_multiband_mul_15s_16s_31_1_1_Multiplier_0_U/ap_enable_reg_pp1_iter1_reg
    SLICE_X23Y22         LUT5 (Prop_lut5_I3_O)        0.124     3.657 r  mul_15s_16s_31_1_1_U18/fir_multiband_mul_15s_16s_31_1_1_Multiplier_0_U/p_i_9__9/O
                         net (fo=1, routed)           0.667     4.324    mul_15s_16s_31_1_1_U18/fir_multiband_mul_15s_16s_31_1_1_Multiplier_0_U/p_i_9__9_n_0
    DSP48_X1Y8           DSP48E1 (Prop_dsp48e1_B[6]_P[7])
                                                      3.656     7.980 r  mul_15s_16s_31_1_1_U18/fir_multiband_mul_15s_16s_31_1_1_Multiplier_0_U/p/P[7]
                         net (fo=2, routed)           0.880     8.860    mul_15s_16s_31_1_1_U35/fir_multiband_mul_15s_16s_31_1_1_Multiplier_0_U/P[7]
    DSP48_X1Y6           DSP48E1 (Prop_dsp48e1_C[7]_P[5])
                                                      1.820    10.680 r  mul_15s_16s_31_1_1_U35/fir_multiband_mul_15s_16s_31_1_1_Multiplier_0_U/p/P[5]
                         net (fo=2, routed)           0.553    11.233    mul_15s_16s_31_1_1_U35_n_25
    SLICE_X19Y16         FDRE                                         r  reg_13496_reg[5]/D
  -------------------------------------------------------------------    -------------------

                         (clock ap_clk rise edge)    10.000    10.000 r  
                                                      0.000    10.000 r  ap_clk (IN)
                         net (fo=11818, unset)        0.924    10.924    ap_clk
    SLICE_X19Y16         FDRE                                         r  reg_13496_reg[5]/C
                         clock pessimism              0.000    10.924    
                         clock uncertainty           -0.035    10.889    
    SLICE_X19Y16         FDRE (Setup_fdre_C_D)       -0.043    10.846    reg_13496_reg[5]
  -------------------------------------------------------------------
                         required time                         10.846    
                         arrival time                         -11.233    
  -------------------------------------------------------------------
                         slack                                 -0.387    





Pulse Width Checks
--------------------------------------------------------------------------------------
Clock Name:         ap_clk
Waveform(ns):       { 0.000 5.000 }
Period(ns):         10.000
Sources:            { ap_clk }

Check Type        Corner  Lib Pin             Reference Pin  Required(ns)  Actual(ns)  Slack(ns)  Location      Pin
Min Period        n/a     DSP48E1/CLK         n/a            3.884         10.000      6.116      DSP48_X2Y20   mul_49s_24s_72_5_1_U65/fir_multiband_mul_49s_24s_72_5_1_Multiplier_2_U/buff0_reg/CLK
Min Period        n/a     RAMB18E1/CLKARDCLK  n/a            2.944         10.000      7.056      RAMB18_X2Y22  hist_V_0_U/fir_multiband_hist_V_4_ram_U/ram_reg/CLKARDCLK
Min Period        n/a     RAMB18E1/CLKBWRCLK  n/a            2.944         10.000      7.056      RAMB18_X2Y22  hist_V_0_U/fir_multiband_hist_V_4_ram_U/ram_reg/CLKBWRCLK
Min Period        n/a     RAMB18E1/CLKARDCLK  n/a            2.944         10.000      7.056      RAMB18_X2Y20  hist_V_1_U/fir_multiband_hist_V_4_ram_U/ram_reg/CLKARDCLK
Min Period        n/a     RAMB18E1/CLKBWRCLK  n/a            2.944         10.000      7.056      RAMB18_X2Y20  hist_V_1_U/fir_multiband_hist_V_4_ram_U/ram_reg/CLKBWRCLK
Min Period        n/a     RAMB18E1/CLKARDCLK  n/a            2.944         10.000      7.056      RAMB18_X2Y18  hist_V_2_U/fir_multiband_hist_V_4_ram_U/ram_reg/CLKARDCLK
Min Period        n/a     RAMB18E1/CLKBWRCLK  n/a            2.944         10.000      7.056      RAMB18_X2Y18  hist_V_2_U/fir_multiband_hist_V_4_ram_U/ram_reg/CLKBWRCLK
Min Period        n/a     RAMB18E1/CLKARDCLK  n/a            2.944         10.000      7.056      RAMB18_X2Y21  hist_V_3_U/fir_multiband_hist_V_4_ram_U/ram_reg/CLKARDCLK
Min Period        n/a     RAMB18E1/CLKBWRCLK  n/a            2.944         10.000      7.056      RAMB18_X2Y21  hist_V_3_U/fir_multiband_hist_V_4_ram_U/ram_reg/CLKBWRCLK
Min Period        n/a     RAMB18E1/CLKARDCLK  n/a            2.944         10.000      7.056      RAMB18_X2Y23  hist_V_4_U/fir_multiband_hist_V_4_ram_U/ram_reg/CLKARDCLK
Low Pulse Width   Fast    SRL16E/CLK          n/a            0.980         5.000       4.020      SLICE_X10Y34  p_Val2_8_reg_32918_pp2_iter7_reg_reg[0]_srl6/CLK
Low Pulse Width   Fast    SRL16E/CLK          n/a            0.980         5.000       4.020      SLICE_X10Y35  p_Val2_8_reg_32918_pp2_iter7_reg_reg[10]_srl6/CLK
Low Pulse Width   Fast    SRL16E/CLK          n/a            0.980         5.000       4.020      SLICE_X10Y35  p_Val2_8_reg_32918_pp2_iter7_reg_reg[11]_srl6/CLK
Low Pulse Width   Fast    SRL16E/CLK          n/a            0.980         5.000       4.020      SLICE_X10Y35  p_Val2_8_reg_32918_pp2_iter7_reg_reg[12]_srl6/CLK
Low Pulse Width   Fast    SRL16E/CLK          n/a            0.980         5.000       4.020      SLICE_X10Y35  p_Val2_8_reg_32918_pp2_iter7_reg_reg[13]_srl6/CLK
Low Pulse Width   Fast    SRL16E/CLK          n/a            0.980         5.000       4.020      SLICE_X10Y35  p_Val2_8_reg_32918_pp2_iter7_reg_reg[14]_srl6/CLK
Low Pulse Width   Fast    SRL16E/CLK          n/a            0.980         5.000       4.020      SLICE_X10Y35  p_Val2_8_reg_32918_pp2_iter7_reg_reg[15]_srl6/CLK
Low Pulse Width   Fast    SRL16E/CLK          n/a            0.980         5.000       4.020      SLICE_X10Y38  p_Val2_8_reg_32918_pp2_iter7_reg_reg[16]_srl6/CLK
Low Pulse Width   Fast    SRL16E/CLK          n/a            0.980         5.000       4.020      SLICE_X10Y38  p_Val2_8_reg_32918_pp2_iter7_reg_reg[17]_srl6/CLK
Low Pulse Width   Fast    SRL16E/CLK          n/a            0.980         5.000       4.020      SLICE_X10Y38  p_Val2_8_reg_32918_pp2_iter7_reg_reg[18]_srl6/CLK
High Pulse Width  Slow    SRL16E/CLK          n/a            0.980         5.000       4.020      SLICE_X10Y34  p_Val2_8_reg_32918_pp2_iter7_reg_reg[0]_srl6/CLK
High Pulse Width  Fast    SRL16E/CLK          n/a            0.980         5.000       4.020      SLICE_X10Y34  p_Val2_8_reg_32918_pp2_iter7_reg_reg[0]_srl6/CLK
High Pulse Width  Slow    SRL16E/CLK          n/a            0.980         5.000       4.020      SLICE_X10Y35  p_Val2_8_reg_32918_pp2_iter7_reg_reg[10]_srl6/CLK
High Pulse Width  Fast    SRL16E/CLK          n/a            0.980         5.000       4.020      SLICE_X10Y35  p_Val2_8_reg_32918_pp2_iter7_reg_reg[10]_srl6/CLK
High Pulse Width  Slow    SRL16E/CLK          n/a            0.980         5.000       4.020      SLICE_X10Y35  p_Val2_8_reg_32918_pp2_iter7_reg_reg[11]_srl6/CLK
High Pulse Width  Fast    SRL16E/CLK          n/a            0.980         5.000       4.020      SLICE_X10Y35  p_Val2_8_reg_32918_pp2_iter7_reg_reg[11]_srl6/CLK
High Pulse Width  Slow    SRL16E/CLK          n/a            0.980         5.000       4.020      SLICE_X10Y35  p_Val2_8_reg_32918_pp2_iter7_reg_reg[12]_srl6/CLK
High Pulse Width  Fast    SRL16E/CLK          n/a            0.980         5.000       4.020      SLICE_X10Y35  p_Val2_8_reg_32918_pp2_iter7_reg_reg[12]_srl6/CLK
High Pulse Width  Slow    SRL16E/CLK          n/a            0.980         5.000       4.020      SLICE_X10Y35  p_Val2_8_reg_32918_pp2_iter7_reg_reg[13]_srl6/CLK
High Pulse Width  Fast    SRL16E/CLK          n/a            0.980         5.000       4.020      SLICE_X10Y35  p_Val2_8_reg_32918_pp2_iter7_reg_reg[13]_srl6/CLK



