Copyright 1986-2020 Xilinx, Inc. All Rights Reserved.
-----------------------------------------------------------------------------------------------------------------------------------------------------------------------------------------------------
| Tool Version : Vivado v.2020.2 (win64) Build 3064766 Wed Nov 18 09:12:45 MST 2020
| Date         : Wed Sep 30 17:46:30 2026
| Host         : yu running 64-bit major release  (build 9200)
| Command      : report_timing -delay_type max -max_paths 5 -path_type full_clock_expanded -file D:/pynq-multiband-audio-accel/build/hls/reports/v15_sub_n193_mul64_impl/timing_impl_worst_paths.rpt
| Design       : fir_multiband
| Device       : 7z020-clg400
| Speed File   : -1  PRODUCTION 1.12 2019-11-22
-----------------------------------------------------------------------------------------------------------------------------------------------------------------------------------------------------

Timing Report

Slack (VIOLATED) :        -0.620ns  (required time - arrival time)
  Source:                 ap_enable_reg_pp1_iter1_reg_replica_4/C
                            (rising edge-triggered cell FDRE clocked by ap_clk  {rise@0.000ns fall@5.000ns period=10.000ns})
  Destination:            reg_13496_reg[27]/D
                            (rising edge-triggered cell FDRE clocked by ap_clk  {rise@0.000ns fall@5.000ns period=10.000ns})
  Path Group:             ap_clk
  Path Type:              Setup (Max at Slow Process Corner)
  Requirement:            10.000ns  (ap_clk rise@10.000ns - ap_clk rise@0.000ns)
  Data Path Delay:        10.491ns  (logic 6.180ns (58.909%)  route 4.311ns (41.091%))
  Logic Levels:           4  (DSP48E1=2 LUT2=1 LUT5=1)
  Clock Path Skew:        -0.049ns (DCD - SCD + CPR)
    Destination Clock Delay (DCD):    0.924ns = ( 10.924 - 10.000 ) 
    Source Clock Delay      (SCD):    0.973ns
    Clock Pessimism Removal (CPR):    0.000ns
  Clock Uncertainty:      0.035ns  ((TSJ^2 + TIJ^2)^1/2 + DJ) / 2 + PE
    Total System Jitter     (TSJ):    0.071ns
    Total Input Jitter      (TIJ):    0.000ns
    Discrete Jitter          (DJ):    0.000ns
    Phase Error              (PE):    0.000ns

    Location             Delay type                Incr(ns)  Path(ns)    Netlist Resource(s)
  -------------------------------------------------------------------    -------------------
                         (clock ap_clk rise edge)     0.000     0.000 r  
                                                      0.000     0.000 r  ap_clk (IN)
                         net (fo=11818, unset)        0.973     0.973    ap_clk
    SLICE_X48Y33         FDRE                                         r  ap_enable_reg_pp1_iter1_reg_replica_4/C
  -------------------------------------------------------------------    -------------------
    SLICE_X48Y33         FDRE (Prop_fdre_C_Q)         0.456     1.429 r  ap_enable_reg_pp1_iter1_reg_replica_4/Q
                         net (fo=12, routed)          0.524     1.953    mul_15s_16s_31_1_1_U18/fir_multiband_mul_15s_16s_31_1_1_Multiplier_0_U/ap_enable_reg_pp1_iter1_repN_4_alias
    SLICE_X46Y32         LUT2 (Prop_lut2_I0_O)        0.124     2.077 r  mul_15s_16s_31_1_1_U18/fir_multiband_mul_15s_16s_31_1_1_Multiplier_0_U/p_i_33__2/O
                         net (fo=67, routed)          1.456     3.533    mul_15s_16s_31_1_1_U18/fir_multiband_mul_15s_16s_31_1_1_Multiplier_0_U/ap_enable_reg_pp1_iter1_reg
    SLICE_X23Y22         LUT5 (Prop_lut5_I3_O)        0.124     3.657 r  mul_15s_16s_31_1_1_U18/fir_multiband_mul_15s_16s_31_1_1_Multiplier_0_U/p_i_9__9/O
                         net (fo=1, routed)           0.667     4.324    mul_15s_16s_31_1_1_U18/fir_multiband_mul_15s_16s_31_1_1_Multiplier_0_U/p_i_9__9_n_0
    DSP48_X1Y8           DSP48E1 (Prop_dsp48e1_B[6]_P[7])
                                                      3.656     7.980 r  mul_15s_16s_31_1_1_U18/fir_multiband_mul_15s_16s_31_1_1_Multiplier_0_U/p/P[7]
                         net (fo=2, routed)           0.880     8.860    mul_15s_16s_31_1_1_U35/fir_multiband_mul_15s_16s_31_1_1_Multiplier_0_U/P[7]
    DSP48_X1Y6           DSP48E1 (Prop_dsp48e1_C[7]_P[27])
                                                      1.820    10.680 r  mul_15s_16s_31_1_1_U35/fir_multiband_mul_15s_16s_31_1_1_Multiplier_0_U/p/P[27]
                         net (fo=2, routed)           0.783    11.464    mul_15s_16s_31_1_1_U35_n_3
    SLICE_X20Y16         FDRE                                         r  reg_13496_reg[27]/D
  -------------------------------------------------------------------    -------------------

                         (clock ap_clk rise edge)    10.000    10.000 r  
                                                      0.000    10.000 r  ap_clk (IN)
                         net (fo=11818, unset)        0.924    10.924    ap_clk
    SLICE_X20Y16         FDRE                                         r  reg_13496_reg[27]/C
                         clock pessimism              0.000    10.924    
                         clock uncertainty           -0.035    10.889    
    SLICE_X20Y16         FDRE (Setup_fdre_C_D)       -0.045    10.844    reg_13496_reg[27]
  -------------------------------------------------------------------
                         required time                         10.844    
                         arrival time                         -11.464    
  -------------------------------------------------------------------
                         slack                                 -0.620    

Slack (VIOLATED) :        -0.543ns  (required time - arrival time)
  Source:                 ap_enable_reg_pp1_iter1_reg_replica_4/C
                            (rising edge-triggered cell FDRE clocked by ap_clk  {rise@0.000ns fall@5.000ns period=10.000ns})
  Destination:            add_ln703_168_reg_32668[31]_i_2_psdsp_3/D
                            (rising edge-triggered cell FDRE clocked by ap_clk  {rise@0.000ns fall@5.000ns period=10.000ns})
  Path Group:             ap_clk
  Path Type:              Setup (Max at Slow Process Corner)
  Requirement:            10.000ns  (ap_clk rise@10.000ns - ap_clk rise@0.000ns)
  Data Path Delay:        10.412ns  (logic 6.180ns (59.357%)  route 4.232ns (40.643%))
  Logic Levels:           4  (DSP48E1=2 LUT2=1 LUT5=1)
  Clock Path Skew:        -0.049ns (DCD - SCD + CPR)
    Destination Clock Delay (DCD):    0.924ns = ( 10.924 - 10.000 ) 
    Source Clock Delay      (SCD):    0.973ns
    Clock Pessimism Removal (CPR):    0.000ns
  Clock Uncertainty:      0.035ns  ((TSJ^2 + TIJ^2)^1/2 + DJ) / 2 + PE
    Total System Jitter     (TSJ):    0.071ns
    Total Input Jitter      (TIJ):    0.000ns
    Discrete Jitter          (DJ):    0.000ns
    Phase Error              (PE):    0.000ns

    Location             Delay type                Incr(ns)  Path(ns)    Netlist Resource(s)
  -------------------------------------------------------------------    -------------------
                         (clock ap_clk rise edge)     0.000     0.000 r  
                                                      0.000     0.000 r  ap_clk (IN)
                         net (fo=11818, unset)        0.973     0.973    ap_clk
    SLICE_X48Y33         FDRE                                         r  ap_enable_reg_pp1_iter1_reg_replica_4/C
  -------------------------------------------------------------------    -------------------
    SLICE_X48Y33         FDRE (Prop_fdre_C_Q)         0.456     1.429 r  ap_enable_reg_pp1_iter1_reg_replica_4/Q
                         net (fo=12, routed)          0.524     1.953    mul_15s_16s_31_1_1_U18/fir_multiband_mul_15s_16s_31_1_1_Multiplier_0_U/ap_enable_reg_pp1_iter1_repN_4_alias
    SLICE_X46Y32         LUT2 (Prop_lut2_I0_O)        0.124     2.077 r  mul_15s_16s_31_1_1_U18/fir_multiband_mul_15s_16s_31_1_1_Multiplier_0_U/p_i_33__2/O
                         net (fo=67, routed)          1.456     3.533    mul_15s_16s_31_1_1_U18/fir_multiband_mul_15s_16s_31_1_1_Multiplier_0_U/ap_enable_reg_pp1_iter1_reg
    SLICE_X23Y22         LUT5 (Prop_lut5_I3_O)        0.124     3.657 r  mul_15s_16s_31_1_1_U18/fir_multiband_mul_15s_16s_31_1_1_Multiplier_0_U/p_i_9__9/O
                         net (fo=1, routed)           0.667     4.324    mul_15s_16s_31_1_1_U18/fir_multiband_mul_15s_16s_31_1_1_Multiplier_0_U/p_i_9__9_n_0
    DSP48_X1Y8           DSP48E1 (Prop_dsp48e1_B[6]_P[7])
                                                      3.656     7.980 r  mul_15s_16s_31_1_1_U18/fir_multiband_mul_15s_16s_31_1_1_Multiplier_0_U/p/P[7]
                         net (fo=2, routed)           0.880     8.860    mul_15s_16s_31_1_1_U35/fir_multiband_mul_15s_16s_31_1_1_Multiplier_0_U/P[7]
    DSP48_X1Y6           DSP48E1 (Prop_dsp48e1_C[7]_P[27])
                                                      1.820    10.680 r  mul_15s_16s_31_1_1_U35/fir_multiband_mul_15s_16s_31_1_1_Multiplier_0_U/p/P[27]
                         net (fo=2, routed)           0.704    11.385    mul_15s_16s_31_1_1_U35_n_3
    SLICE_X20Y16         FDRE                                         r  add_ln703_168_reg_32668[31]_i_2_psdsp_3/D
  -------------------------------------------------------------------    -------------------

                         (clock ap_clk rise edge)    10.000    10.000 r  
                                                      0.000    10.000 r  ap_clk (IN)
                         net (fo=11818, unset)        0.924    10.924    ap_clk
    SLICE_X20Y16         FDRE                                         r  add_ln703_168_reg_32668[31]_i_2_psdsp_3/C
                         clock pessimism              0.000    10.924    
                         clock uncertainty           -0.035    10.889    
    SLICE_X20Y16         FDRE (Setup_fdre_C_D)       -0.047    10.842    add_ln703_168_reg_32668[31]_i_2_psdsp_3
  -------------------------------------------------------------------
                         required time                         10.842    
                         arrival time                         -11.385    
  -------------------------------------------------------------------
                         slack                                 -0.543    

Slack (VIOLATED) :        -0.528ns  (required time - arrival time)
  Source:                 ap_enable_reg_pp1_iter1_reg_replica_4/C
                            (rising edge-triggered cell FDRE clocked by ap_clk  {rise@0.000ns fall@5.000ns period=10.000ns})
  Destination:            mul_15s_16s_31_1_1_U7/fir_multiband_mul_15s_16s_31_1_1_Multiplier_0_U/reg_13508[11]_i_1_psdsp/D
                            (rising edge-triggered cell FDRE clocked by ap_clk  {rise@0.000ns fall@5.000ns period=10.000ns})
  Path Group:             ap_clk
  Path Type:              Setup (Max at Slow Process Corner)
  Requirement:            10.000ns  (ap_clk rise@10.000ns - ap_clk rise@0.000ns)
  Data Path Delay:        10.404ns  (logic 4.669ns (44.879%)  route 5.735ns (55.121%))
  Logic Levels:           4  (DSP48E1=1 LUT2=1 LUT3=1 LUT5=1)
  Clock Path Skew:        -0.049ns (DCD - SCD + CPR)
    Destination Clock Delay (DCD):    0.924ns = ( 10.924 - 10.000 ) 
    Source Clock Delay      (SCD):    0.973ns
    Clock Pessimism Removal (CPR):    0.000ns
  Clock Uncertainty:      0.035ns  ((TSJ^2 + TIJ^2)^1/2 + DJ) / 2 + PE
    Total System Jitter     (TSJ):    0.071ns
    Total Input Jitter      (TIJ):    0.000ns
    Discrete Jitter          (DJ):    0.000ns
    Phase Error              (PE):    0.000ns

    Location             Delay type                Incr(ns)  Path(ns)    Netlist Resource(s)
  -------------------------------------------------------------------    -------------------
                         (clock ap_clk rise edge)     0.000     0.000 r  
                                                      0.000     0.000 r  ap_clk (IN)
                         net (fo=11818, unset)        0.973     0.973    ap_clk
    SLICE_X48Y33         FDRE                                         r  ap_enable_reg_pp1_iter1_reg_replica_4/C
  -------------------------------------------------------------------    -------------------
    SLICE_X48Y33         FDRE (Prop_fdre_C_Q)         0.456     1.429 r  ap_enable_reg_pp1_iter1_reg_replica_4/Q
                         net (fo=12, routed)          0.641     2.070    mul_15s_16s_31_1_1_U33/fir_multiband_mul_15s_16s_31_1_1_Multiplier_0_U/ap_enable_reg_pp1_iter1_repN_4_alias
    SLICE_X49Y31         LUT2 (Prop_lut2_I0_O)        0.124     2.194 r  mul_15s_16s_31_1_1_U33/fir_multiband_mul_15s_16s_31_1_1_Multiplier_0_U/p_i_32__10/O
                         net (fo=91, routed)          1.542     3.736    mul_15s_16s_31_1_1_U7/fir_multiband_mul_15s_16s_31_1_1_Multiplier_0_U/p_1
    SLICE_X91Y32         LUT5 (Prop_lut5_I1_O)        0.124     3.860 r  mul_15s_16s_31_1_1_U7/fir_multiband_mul_15s_16s_31_1_1_Multiplier_0_U/p_i_21__24/O
                         net (fo=1, routed)           1.042     4.902    mul_15s_16s_31_1_1_U7/fir_multiband_mul_15s_16s_31_1_1_Multiplier_0_U/p_i_21__24_n_0
    DSP48_X3Y7           DSP48E1 (Prop_dsp48e1_A[10]_P[11])
                                                      3.841     8.743 r  mul_15s_16s_31_1_1_U7/fir_multiband_mul_15s_16s_31_1_1_Multiplier_0_U/p/P[11]
                         net (fo=2, routed)           1.869    10.613    mul_15s_16s_31_1_1_U7/fir_multiband_mul_15s_16s_31_1_1_Multiplier_0_U/p_n_94
    SLICE_X42Y12         LUT3 (Prop_lut3_I0_O)        0.124    10.737 r  mul_15s_16s_31_1_1_U7/fir_multiband_mul_15s_16s_31_1_1_Multiplier_0_U/reg_13508[11]_i_1/O
                         net (fo=2, routed)           0.640    11.377    mul_15s_16s_31_1_1_U7/fir_multiband_mul_15s_16s_31_1_1_Multiplier_0_U/mul_15s_16s_31_1_1_U7_n_98_alias
    SLICE_X43Y9          FDRE                                         r  mul_15s_16s_31_1_1_U7/fir_multiband_mul_15s_16s_31_1_1_Multiplier_0_U/reg_13508[11]_i_1_psdsp/D
  -------------------------------------------------------------------    -------------------

                         (clock ap_clk rise edge)    10.000    10.000 r  
                                                      0.000    10.000 r  ap_clk (IN)
                         net (fo=11818, unset)        0.924    10.924    mul_15s_16s_31_1_1_U7/fir_multiband_mul_15s_16s_31_1_1_Multiplier_0_U/ap_clk
    SLICE_X43Y9          FDRE                                         r  mul_15s_16s_31_1_1_U7/fir_multiband_mul_15s_16s_31_1_1_Multiplier_0_U/reg_13508[11]_i_1_psdsp/C
                         clock pessimism              0.000    10.924    
                         clock uncertainty           -0.035    10.889    
    SLICE_X43Y9          FDRE (Setup_fdre_C_D)       -0.040    10.849    mul_15s_16s_31_1_1_U7/fir_multiband_mul_15s_16s_31_1_1_Multiplier_0_U/reg_13508[11]_i_1_psdsp
  -------------------------------------------------------------------
                         required time                         10.849    
                         arrival time                         -11.377    
  -------------------------------------------------------------------
                         slack                                 -0.528    

Slack (VIOLATED) :        -0.490ns  (required time - arrival time)
  Source:                 ap_enable_reg_pp1_iter1_reg_replica_4/C
                            (rising edge-triggered cell FDRE clocked by ap_clk  {rise@0.000ns fall@5.000ns period=10.000ns})
  Destination:            add_ln703_168_reg_32668[31]_i_2_psdsp_30/D
                            (rising edge-triggered cell FDRE clocked by ap_clk  {rise@0.000ns fall@5.000ns period=10.000ns})
  Path Group:             ap_clk
  Path Type:              Setup (Max at Slow Process Corner)
  Requirement:            10.000ns  (ap_clk rise@10.000ns - ap_clk rise@0.000ns)
  Data Path Delay:        10.370ns  (logic 6.180ns (59.593%)  route 4.190ns (40.407%))
  Logic Levels:           4  (DSP48E1=2 LUT2=1 LUT5=1)
  Clock Path Skew:        -0.049ns (DCD - SCD + CPR)
    Destination Clock Delay (DCD):    0.924ns = ( 10.924 - 10.000 ) 
    Source Clock Delay      (SCD):    0.973ns
    Clock Pessimism Removal (CPR):    0.000ns
  Clock Uncertainty:      0.035ns  ((TSJ^2 + TIJ^2)^1/2 + DJ) / 2 + PE
    Total System Jitter     (TSJ):    0.071ns
    Total Input Jitter      (TIJ):    0.000ns
    Discrete Jitter          (DJ):    0.000ns
    Phase Error              (PE):    0.000ns

    Location             Delay type                Incr(ns)  Path(ns)    Netlist Resource(s)
  -------------------------------------------------------------------    -------------------
                         (clock ap_clk rise edge)     0.000     0.000 r  
                                                      0.000     0.000 r  ap_clk (IN)
                         net (fo=11818, unset)        0.973     0.973    ap_clk
    SLICE_X48Y33         FDRE                                         r  ap_enable_reg_pp1_iter1_reg_replica_4/C
  -------------------------------------------------------------------    -------------------
    SLICE_X48Y33         FDRE (Prop_fdre_C_Q)         0.456     1.429 r  ap_enable_reg_pp1_iter1_reg_replica_4/Q
                         net (fo=12, routed)          0.524     1.953    mul_15s_16s_31_1_1_U18/fir_multiband_mul_15s_16s_31_1_1_Multiplier_0_U/ap_enable_reg_pp1_iter1_repN_4_alias
    SLICE_X46Y32         LUT2 (Prop_lut2_I0_O)        0.124     2.077 r  mul_15s_16s_31_1_1_U18/fir_multiband_mul_15s_16s_31_1_1_Multiplier_0_U/p_i_33__2/O
                         net (fo=67, routed)          1.456     3.533    mul_15s_16s_31_1_1_U18/fir_multiband_mul_15s_16s_31_1_1_Multiplier_0_U/ap_enable_reg_pp1_iter1_reg
    SLICE_X23Y22         LUT5 (Prop_lut5_I3_O)        0.124     3.657 r  mul_15s_16s_31_1_1_U18/fir_multiband_mul_15s_16s_31_1_1_Multiplier_0_U/p_i_9__9/O
                         net (fo=1, routed)           0.667     4.324    mul_15s_16s_31_1_1_U18/fir_multiband_mul_15s_16s_31_1_1_Multiplier_0_U/p_i_9__9_n_0
    DSP48_X1Y8           DSP48E1 (Prop_dsp48e1_B[6]_P[7])
                                                      3.656     7.980 r  mul_15s_16s_31_1_1_U18/fir_multiband_mul_15s_16s_31_1_1_Multiplier_0_U/p/P[7]
                         net (fo=2, routed)           0.880     8.860    mul_15s_16s_31_1_1_U35/fir_multiband_mul_15s_16s_31_1_1_Multiplier_0_U/P[7]
    DSP48_X1Y6           DSP48E1 (Prop_dsp48e1_C[7]_P[0])
                                                      1.820    10.680 r  mul_15s_16s_31_1_1_U35/fir_multiband_mul_15s_16s_31_1_1_Multiplier_0_U/p/P[0]
                         net (fo=2, routed)           0.663    11.343    mul_15s_16s_31_1_1_U35_n_30
    SLICE_X22Y15         FDRE                                         r  add_ln703_168_reg_32668[31]_i_2_psdsp_30/D
  -------------------------------------------------------------------    -------------------

                         (clock ap_clk rise edge)    10.000    10.000 r  
                                                      0.000    10.000 r  ap_clk (IN)
                         net (fo=11818, unset)        0.924    10.924    ap_clk
    SLICE_X22Y15         FDRE                                         r  add_ln703_168_reg_32668[31]_i_2_psdsp_30/C
                         clock pessimism              0.000    10.924    
                         clock uncertainty           -0.035    10.889    
    SLICE_X22Y15         FDRE (Setup_fdre_C_D)       -0.036    10.853    add_ln703_168_reg_32668[31]_i_2_psdsp_30
  -------------------------------------------------------------------
                         required time                         10.853    
                         arrival time                         -11.343    
  -------------------------------------------------------------------
                         slack                                 -0.490    

Slack (VIOLATED) :        -0.490ns  (required time - arrival time)
  Source:                 ap_enable_reg_pp1_iter1_reg_replica_4/C
                            (rising edge-triggered cell FDRE clocked by ap_clk  {rise@0.000ns fall@5.000ns period=10.000ns})
  Destination:            add_ln703_168_reg_32668[31]_i_2_psdsp_28/D
                            (rising edge-triggered cell FDRE clocked by ap_clk  {rise@0.000ns fall@5.000ns period=10.000ns})
  Path Group:             ap_clk
  Path Type:              Setup (Max at Slow Process Corner)
  Requirement:            10.000ns  (ap_clk rise@10.000ns - ap_clk rise@0.000ns)
  Data Path Delay:        10.393ns  (logic 6.180ns (59.462%)  route 4.213ns (40.538%))
  Logic Levels:           4  (DSP48E1=2 LUT2=1 LUT5=1)
  Clock Path Skew:        -0.049ns (DCD - SCD + CPR)
    Destination Clock Delay (DCD):    0.924ns = ( 10.924 - 10.000 ) 
    Source Clock Delay      (SCD):    0.973ns
    Clock Pessimism Removal (CPR):    0.000ns
  Clock Uncertainty:      0.035ns  ((TSJ^2 + TIJ^2)^1/2 + DJ) / 2 + PE
    Total System Jitter     (TSJ):    0.071ns
    Total Input Jitter      (TIJ):    0.000ns
    Discrete Jitter          (DJ):    0.000ns
    Phase Error              (PE):    0.000ns

    Location             Delay type                Incr(ns)  Path(ns)    Netlist Resource(s)
  -------------------------------------------------------------------    -------------------
                         (clock ap_clk rise edge)     0.000     0.000 r  
                                                      0.000     0.000 r  ap_clk (IN)
                         net (fo=11818, unset)        0.973     0.973    ap_clk
    SLICE_X48Y33         FDRE                                         r  ap_enable_reg_pp1_iter1_reg_replica_4/C
  -------------------------------------------------------------------    -------------------
    SLICE_X48Y33         FDRE (Prop_fdre_C_Q)         0.456     1.429 r  ap_enable_reg_pp1_iter1_reg_replica_4/Q
                         net (fo=12, routed)          0.524     1.953    mul_15s_16s_31_1_1_U18/fir_multiband_mul_15s_16s_31_1_1_Multiplier_0_U/ap_enable_reg_pp1_iter1_repN_4_alias
    SLICE_X46Y32         LUT2 (Prop_lut2_I0_O)        0.124     2.077 r  mul_15s_16s_31_1_1_U18/fir_multiband_mul_15s_16s_31_1_1_Multiplier_0_U/p_i_33__2/O
                         net (fo=67, routed)          1.456     3.533    mul_15s_16s_31_1_1_U18/fir_multiband_mul_15s_16s_31_1_1_Multiplier_0_U/ap_enable_reg_pp1_iter1_reg
    SLICE_X23Y22         LUT5 (Prop_lut5_I3_O)        0.124     3.657 r  mul_15s_16s_31_1_1_U18/fir_multiband_mul_15s_16s_31_1_1_Multiplier_0_U/p_i_9__9/O
                         net (fo=1, routed)           0.667     4.324    mul_15s_16s_31_1_1_U18/fir_multiband_mul_15s_16s_31_1_1_Multiplier_0_U/p_i_9__9_n_0
    DSP48_X1Y8           DSP48E1 (Prop_dsp48e1_B[6]_P[7])
                                                      3.656     7.980 r  mul_15s_16s_31_1_1_U18/fir_multiband_mul_15s_16s_31_1_1_Multiplier_0_U/p/P[7]
                         net (fo=2, routed)           0.880     8.860    mul_15s_16s_31_1_1_U35/fir_multiband_mul_15s_16s_31_1_1_Multiplier_0_U/P[7]
    DSP48_X1Y6           DSP48E1 (Prop_dsp48e1_C[7]_P[2])
                                                      1.820    10.680 r  mul_15s_16s_31_1_1_U35/fir_multiband_mul_15s_16s_31_1_1_Multiplier_0_U/p/P[2]
                         net (fo=2, routed)           0.686    11.366    mul_15s_16s_31_1_1_U35_n_28
    SLICE_X16Y15         FDRE                                         r  add_ln703_168_reg_32668[31]_i_2_psdsp_28/D
  -------------------------------------------------------------------    -------------------

                         (clock ap_clk rise edge)    10.000    10.000 r  
                                                      0.000    10.000 r  ap_clk (IN)
                         net (fo=11818, unset)        0.924    10.924    ap_clk
    SLICE_X16Y15         FDRE                                         r  add_ln703_168_reg_32668[31]_i_2_psdsp_28/C
                         clock pessimism              0.000    10.924    
                         clock uncertainty           -0.035    10.889    
    SLICE_X16Y15         FDRE (Setup_fdre_C_D)       -0.013    10.876    add_ln703_168_reg_32668[31]_i_2_psdsp_28
  -------------------------------------------------------------------
                         required time                         10.876    
                         arrival time                         -11.366    
  -------------------------------------------------------------------
                         slack                                 -0.490    




