

================================================================
== Synthesis Summary Report of 'fir_multiband'
================================================================
+ General Information: 
    * Date:           Thu Oct  1 17:18:16 2026
    * Version:        2020.2 (Build 3064766 on Wed Nov 18 09:12:45 MST 2020)
    * Project:        synth_proj
    * Solution:       solution1 (Vivado IP Flow Target)
    * Product family: zynq
    * Target device:  xc7z020-clg400-1
    

+ Performance & Resource Estimates: 
    
    PS: '+' for module; 'o' for loop; '*' for dataflow
    +-----------------------+--------+-------+---------+-----------+----------+---------+------+----------+-----------+-----------+-------------+-------------+-----+
    |        Modules        |  Issue |       | Latency |  Latency  | Iteration|         | Trip |          |           |           |             |             |     |
    |        & Loops        |  Type  | Slack | (cycles)|    (ns)   |  Latency | Interval| Count| Pipelined|   BRAM    |    DSP    |      FF     |     LUT     | URAM|
    +-----------------------+--------+-------+---------+-----------+----------+---------+------+----------+-----------+-----------+-------------+-------------+-----+
    |+ fir_multiband        |  Timing|   0.00|        -|          -|         -|        -|     -|        no|  200 (71%)|  197 (89%)|  14169 (13%)|  10627 (19%)|    -|
    | o VITIS_LOOP_263_3    |       -|  -7.30|        -|          -|       450|        -|     -|        no|          -|          -|            -|            -|    -|
    |  o VITIS_LOOP_270_4   |      II|  -7.30|      398|  3.980e+03|        13|        2|   194|       yes|          -|          -|            -|            -|    -|
    |  o VITIS_LOOP_281_5   |       -|  -7.30|       11|    110.000|        10|        1|     3|       yes|          -|          -|            -|            -|    -|
    |  o VITIS_LOOP_356_10  |       -|  -7.30|       12|    120.000|        10|        1|     4|       yes|          -|          -|            -|            -|    -|
    +-----------------------+--------+-------+---------+-----------+----------+---------+------+----------+-----------+-----------+-------------+-------------+-----+

