

================================================================
== Vitis HLS Report for 'fir_multiband'
================================================================
* Date:           Wed Sep 30 17:41:54 2026

* Version:        2020.2 (Build 3064766 on Wed Nov 18 09:12:45 MST 2020)
* Project:        synth_proj
* Solution:       solution1 (Vivado IP Flow Target)
* Product family: zynq
* Target device:  xc7z020-clg400-1


================================================================
== Performance Estimates
================================================================
+ Timing: 
    * Summary: 
    +--------+----------+----------+------------+
    |  Clock |  Target  | Estimated| Uncertainty|
    +--------+----------+----------+------------+
    |ap_clk  |  10.00 ns|  7.084 ns|     2.70 ns|
    +--------+----------+----------+------------+

+ Latency: 
    * Summary: 
    +---------+---------+----------+----------+-----+-----+---------+
    |  Latency (cycles) |  Latency (absolute) |  Interval | Pipeline|
    |   min   |   max   |    min   |    max   | min | max |   Type  |
    +---------+---------+----------+----------+-----+-----+---------+
    |        ?|        ?|         ?|         ?|    ?|    ?|     none|
    +---------+---------+----------+----------+-----+-----+---------+

    + Detail: 
        * Instance: 
        N/A

        * Loop: 
        +----------------------+---------+---------+----------+-----------+-----------+------+----------+
        |                      |  Latency (cycles) | Iteration|  Initiation Interval  | Trip |          |
        |       Loop Name      |   min   |   max   |  Latency |  achieved |   target  | Count| Pipelined|
        +----------------------+---------+---------+----------+-----------+-----------+------+----------+
        |- VITIS_LOOP_263_3    |        ?|        ?|       173|          -|          -|     ?|        no|
        | + VITIS_LOOP_270_4   |      137|      137|        12|          2|          1|    64|       yes|
        | + VITIS_LOOP_281_5   |       10|       10|         9|          1|          1|     3|       yes|
        | + VITIS_LOOP_356_10  |       12|       12|        10|          1|          1|     4|       yes|
        +----------------------+---------+---------+----------+-----------+-----------+------+----------+



================================================================
== Utilization Estimates
================================================================
* Summary: 
+-----------------+---------+-----+--------+-------+-----+
|       Name      | BRAM_18K| DSP |   FF   |  LUT  | URAM|
+-----------------+---------+-----+--------+-------+-----+
|DSP              |        -|   65|       -|      -|    -|
|Expression       |        -|    -|       0|   3150|    -|
|FIFO             |        -|    -|       -|      -|    -|
|Instance         |        -|    2|     496|    410|    -|
|Memory           |       64|    -|     160|     20|    -|
|Multiplexer      |        -|    -|       -|    982|    -|
|Register         |        -|    -|    5031|    256|    -|
+-----------------+---------+-----+--------+-------+-----+
|Total            |       64|   67|    5687|   4818|    0|
+-----------------+---------+-----+--------+-------+-----+
|Available        |      280|  220|  106400|  53200|    0|
+-----------------+---------+-----+--------+-------+-----+
|Utilization (%)  |       22|   30|       5|      9|    0|
+-----------------+---------+-----+--------+-------+-----+

+ Detail: 
    * Instance: 
    +------------------------+---------------------+---------+----+-----+-----+-----+
    |        Instance        |        Module       | BRAM_18K| DSP|  FF | LUT | URAM|
    +------------------------+---------------------+---------+----+-----+-----+-----+
    |mul_25s_24s_49_1_1_U8   |mul_25s_24s_49_1_1   |        0|   1|    0|   47|    0|
    |mul_49s_24s_72_5_1_U9   |mul_49s_24s_72_5_1   |        0|   1|  334|   84|    0|
    |mul_6ns_8ns_13_1_1_U2   |mul_6ns_8ns_13_1_1   |        0|   0|    0|   41|    0|
    |mul_7ns_9ns_15_1_1_U3   |mul_7ns_9ns_15_1_1   |        0|   0|    0|   51|    0|
    |mux_42_24_1_1_U6        |mux_42_24_1_1        |        0|   0|    0|   20|    0|
    |mux_42_24_1_1_U7        |mux_42_24_1_1        |        0|   0|    0|   20|    0|
    |mux_42_40_1_1_U5        |mux_42_40_1_1        |        0|   0|    0|   20|    0|
    |mux_564_16_1_1_U4       |mux_564_16_1_1       |        0|   0|    0|   25|    0|
    |urem_7ns_4ns_7_11_1_U1  |urem_7ns_4ns_7_11_1  |        0|   0|  162|  102|    0|
    +------------------------+---------------------+---------+----+-----+-----+-----+
    |Total                   |                     |        0|   2|  496|  410|    0|
    +------------------------+---------------------+---------+----+-----+-----+-----+

    * DSP: 
    +-----------------------------------+-------------------------------+--------------+
    |              Instance             |             Module            |  Expression  |
    +-----------------------------------+-------------------------------+--------------+
    |mac_muladd_15s_16s_31s_31_4_1_U13  |mac_muladd_15s_16s_31s_31_4_1  |  i0 + i1 * i2|
    |mac_muladd_15s_16s_31s_31_4_1_U43  |mac_muladd_15s_16s_31s_31_4_1  |  i0 + i1 * i2|
    |mac_muladd_15s_16s_31s_31_4_1_U44  |mac_muladd_15s_16s_31s_31_4_1  |  i0 + i1 * i2|
    |mac_muladd_15s_16s_31s_31_4_1_U45  |mac_muladd_15s_16s_31s_31_4_1  |  i0 + i1 * i2|
    |mac_muladd_15s_16s_31s_31_4_1_U46  |mac_muladd_15s_16s_31s_31_4_1  |  i0 + i1 * i2|
    |mac_muladd_15s_16s_31s_31_4_1_U47  |mac_muladd_15s_16s_31s_31_4_1  |  i0 + i1 * i2|
    |mac_muladd_15s_16s_31s_31_4_1_U48  |mac_muladd_15s_16s_31s_31_4_1  |  i0 + i1 * i2|
    |mac_muladd_15s_16s_31s_31_4_1_U49  |mac_muladd_15s_16s_31s_31_4_1  |  i0 + i1 * i2|
    |mac_muladd_15s_16s_31s_31_4_1_U50  |mac_muladd_15s_16s_31s_31_4_1  |  i0 + i1 * i2|
    |mac_muladd_15s_16s_31s_31_4_1_U51  |mac_muladd_15s_16s_31s_31_4_1  |  i0 + i1 * i2|
    |mac_muladd_15s_16s_31s_31_4_1_U52  |mac_muladd_15s_16s_31s_31_4_1  |  i0 + i1 * i2|
    |mac_muladd_15s_16s_31s_31_4_1_U53  |mac_muladd_15s_16s_31s_31_4_1  |  i0 + i1 * i2|
    |mac_muladd_15s_16s_31s_31_4_1_U54  |mac_muladd_15s_16s_31s_31_4_1  |  i0 + i1 * i2|
    |mac_muladd_15s_16s_31s_31_4_1_U55  |mac_muladd_15s_16s_31s_31_4_1  |  i0 + i1 * i2|
    |mac_muladd_15s_16s_31s_31_4_1_U56  |mac_muladd_15s_16s_31s_31_4_1  |  i0 + i1 * i2|
    |mac_muladd_15s_16s_31s_31_4_1_U57  |mac_muladd_15s_16s_31s_31_4_1  |  i0 + i1 * i2|
    |mac_muladd_15s_16s_31s_31_4_1_U58  |mac_muladd_15s_16s_31s_31_4_1  |  i0 + i1 * i2|
    |mac_muladd_15s_16s_31s_31_4_1_U59  |mac_muladd_15s_16s_31s_31_4_1  |  i0 + i1 * i2|
    |mac_muladd_15s_16s_31s_31_4_1_U60  |mac_muladd_15s_16s_31s_31_4_1  |  i0 + i1 * i2|
    |mac_muladd_15s_16s_31s_31_4_1_U61  |mac_muladd_15s_16s_31s_31_4_1  |  i0 + i1 * i2|
    |mac_muladd_15s_16s_31s_31_4_1_U62  |mac_muladd_15s_16s_31s_31_4_1  |  i0 + i1 * i2|
    |mac_muladd_15s_16s_31s_31_4_1_U63  |mac_muladd_15s_16s_31s_31_4_1  |  i0 + i1 * i2|
    |mac_muladd_15s_16s_31s_31_4_1_U64  |mac_muladd_15s_16s_31s_31_4_1  |  i0 + i1 * i2|
    |mac_muladd_15s_16s_31s_31_4_1_U65  |mac_muladd_15s_16s_31s_31_4_1  |  i0 + i1 * i2|
    |mac_muladd_15s_16s_31s_31_4_1_U66  |mac_muladd_15s_16s_31s_31_4_1  |  i0 + i1 * i2|
    |mac_muladd_15s_16s_31s_31_4_1_U67  |mac_muladd_15s_16s_31s_31_4_1  |  i0 + i1 * i2|
    |mac_muladd_15s_16s_31s_31_4_1_U68  |mac_muladd_15s_16s_31s_31_4_1  |  i0 + i1 * i2|
    |mac_muladd_15s_16s_31s_31_4_1_U69  |mac_muladd_15s_16s_31s_31_4_1  |  i0 + i1 * i2|
    |mac_muladd_15s_16s_31s_31_4_1_U70  |mac_muladd_15s_16s_31s_31_4_1  |  i0 + i1 * i2|
    |mac_muladd_15s_16s_31s_31_4_1_U71  |mac_muladd_15s_16s_31s_31_4_1  |  i0 + i1 * i2|
    |mac_muladd_15s_16s_31s_31_4_1_U72  |mac_muladd_15s_16s_31s_31_4_1  |  i0 + i1 * i2|
    |mac_muladd_15s_16s_31s_31_4_1_U73  |mac_muladd_15s_16s_31s_31_4_1  |  i0 + i1 * i2|
    |mac_muladd_15s_16s_31s_31_4_1_U74  |mac_muladd_15s_16s_31s_31_4_1  |  i0 + i1 * i2|
    |mul_mul_15s_16s_31_4_1_U10         |mul_mul_15s_16s_31_4_1         |       i0 * i1|
    |mul_mul_15s_16s_31_4_1_U11         |mul_mul_15s_16s_31_4_1         |       i0 * i1|
    |mul_mul_15s_16s_31_4_1_U12         |mul_mul_15s_16s_31_4_1         |       i0 * i1|
    |mul_mul_15s_16s_31_4_1_U14         |mul_mul_15s_16s_31_4_1         |       i0 * i1|
    |mul_mul_15s_16s_31_4_1_U15         |mul_mul_15s_16s_31_4_1         |       i0 * i1|
    |mul_mul_15s_16s_31_4_1_U16         |mul_mul_15s_16s_31_4_1         |       i0 * i1|
    |mul_mul_15s_16s_31_4_1_U17         |mul_mul_15s_16s_31_4_1         |       i0 * i1|
    |mul_mul_15s_16s_31_4_1_U18         |mul_mul_15s_16s_31_4_1         |       i0 * i1|
    |mul_mul_15s_16s_31_4_1_U19         |mul_mul_15s_16s_31_4_1         |       i0 * i1|
    |mul_mul_15s_16s_31_4_1_U20         |mul_mul_15s_16s_31_4_1         |       i0 * i1|
    |mul_mul_15s_16s_31_4_1_U21         |mul_mul_15s_16s_31_4_1         |       i0 * i1|
    |mul_mul_15s_16s_31_4_1_U22         |mul_mul_15s_16s_31_4_1         |       i0 * i1|
    |mul_mul_15s_16s_31_4_1_U23         |mul_mul_15s_16s_31_4_1         |       i0 * i1|
    |mul_mul_15s_16s_31_4_1_U24         |mul_mul_15s_16s_31_4_1         |       i0 * i1|
    |mul_mul_15s_16s_31_4_1_U25         |mul_mul_15s_16s_31_4_1         |       i0 * i1|
    |mul_mul_15s_16s_31_4_1_U26         |mul_mul_15s_16s_31_4_1         |       i0 * i1|
    |mul_mul_15s_16s_31_4_1_U27         |mul_mul_15s_16s_31_4_1         |       i0 * i1|
    |mul_mul_15s_16s_31_4_1_U28         |mul_mul_15s_16s_31_4_1         |       i0 * i1|
    |mul_mul_15s_16s_31_4_1_U29         |mul_mul_15s_16s_31_4_1         |       i0 * i1|
    |mul_mul_15s_16s_31_4_1_U30         |mul_mul_15s_16s_31_4_1         |       i0 * i1|
    |mul_mul_15s_16s_31_4_1_U31         |mul_mul_15s_16s_31_4_1         |       i0 * i1|
    |mul_mul_15s_16s_31_4_1_U32         |mul_mul_15s_16s_31_4_1         |       i0 * i1|
    |mul_mul_15s_16s_31_4_1_U33         |mul_mul_15s_16s_31_4_1         |       i0 * i1|
    |mul_mul_15s_16s_31_4_1_U34         |mul_mul_15s_16s_31_4_1         |       i0 * i1|
    |mul_mul_15s_16s_31_4_1_U35         |mul_mul_15s_16s_31_4_1         |       i0 * i1|
    |mul_mul_15s_16s_31_4_1_U36         |mul_mul_15s_16s_31_4_1         |       i0 * i1|
    |mul_mul_15s_16s_31_4_1_U37         |mul_mul_15s_16s_31_4_1         |       i0 * i1|
    |mul_mul_15s_16s_31_4_1_U38         |mul_mul_15s_16s_31_4_1         |       i0 * i1|
    |mul_mul_15s_16s_31_4_1_U39         |mul_mul_15s_16s_31_4_1         |       i0 * i1|
    |mul_mul_15s_16s_31_4_1_U40         |mul_mul_15s_16s_31_4_1         |       i0 * i1|
    |mul_mul_15s_16s_31_4_1_U41         |mul_mul_15s_16s_31_4_1         |       i0 * i1|
    |mul_mul_15s_16s_31_4_1_U42         |mul_mul_15s_16s_31_4_1         |       i0 * i1|
    +-----------------------------------+-------------------------------+--------------+

    * Memory: 
    +------------+----------+---------+----+----+-----+------+-----+------+-------------+
    |   Memory   |  Module  | BRAM_18K| FF | LUT| URAM| Words| Bits| Banks| W*Bits*Banks|
    +------------+----------+---------+----+----+-----+------+-----+------+-------------+
    |FIR_LP_V_U  |FIR_LP_V  |       64|   0|   0|    0|   195|   15|     1|         2925|
    |hist_V_4_U  |hist_V_4  |        0|  32|   4|    0|    13|   16|     1|          208|
    |hist_V_0_U  |hist_V_4  |        0|  32|   4|    0|    13|   16|     1|          208|
    |hist_V_1_U  |hist_V_4  |        0|  32|   4|    0|    13|   16|     1|          208|
    |hist_V_2_U  |hist_V_4  |        0|  32|   4|    0|    13|   16|     1|          208|
    |hist_V_3_U  |hist_V_4  |        0|  32|   4|    0|    13|   16|     1|          208|
    +------------+----------+---------+----+----+-----+------+-----+------+-------------+
    |Total       |          |       64| 160|  20|    0|   260|   95|     6|         3965|
    +------------+----------+---------+----+----+-----+------+-----+------+-------------+

    * FIFO: 
    N/A

    * Expression: 
    +---------------------------+----------+----+---+----+------------+------------+
    |       Variable Name       | Operation| DSP| FF| LUT| Bitwidth P0| Bitwidth P1|
    +---------------------------+----------+----+---+----+------------+------------+
    |acc_V_1_fu_3934_p2         |         +|   0|  0|  47|          40|          40|
    |add_ln1118_10_fu_2542_p2   |         +|   0|  0|  15|           8|           4|
    |add_ln1118_11_fu_2194_p2   |         +|   0|  0|  15|           8|           4|
    |add_ln1118_12_fu_2552_p2   |         +|   0|  0|  15|           8|           4|
    |add_ln1118_13_fu_2204_p2   |         +|   0|  0|  15|           8|           4|
    |add_ln1118_14_fu_2214_p2   |         +|   0|  0|  15|           8|           4|
    |add_ln1118_15_fu_2224_p2   |         +|   0|  0|  15|           8|           4|
    |add_ln1118_16_fu_2562_p2   |         +|   0|  0|  15|           8|           5|
    |add_ln1118_17_fu_2572_p2   |         +|   0|  0|  15|           8|           5|
    |add_ln1118_18_fu_2234_p2   |         +|   0|  0|  15|           8|           5|
    |add_ln1118_19_fu_2244_p2   |         +|   0|  0|  15|           8|           5|
    |add_ln1118_1_fu_2164_p2    |         +|   0|  0|  15|           8|           1|
    |add_ln1118_20_fu_2582_p2   |         +|   0|  0|  15|           8|           5|
    |add_ln1118_21_fu_2254_p2   |         +|   0|  0|  15|           8|           5|
    |add_ln1118_22_fu_2592_p2   |         +|   0|  0|  15|           8|           5|
    |add_ln1118_23_fu_2264_p2   |         +|   0|  0|  15|           8|           5|
    |add_ln1118_24_fu_2274_p2   |         +|   0|  0|  15|           8|           5|
    |add_ln1118_25_fu_2284_p2   |         +|   0|  0|  15|           8|           5|
    |add_ln1118_26_fu_2602_p2   |         +|   0|  0|  15|           8|           5|
    |add_ln1118_27_fu_2294_p2   |         +|   0|  0|  15|           8|           5|
    |add_ln1118_28_fu_2612_p2   |         +|   0|  0|  15|           8|           5|
    |add_ln1118_29_fu_2622_p2   |         +|   0|  0|  15|           8|           5|
    |add_ln1118_2_fu_2153_p2    |         +|   0|  0|  15|           8|           2|
    |add_ln1118_30_fu_2304_p2   |         +|   0|  0|  15|           8|           5|
    |add_ln1118_31_fu_2632_p2   |         +|   0|  0|  15|           8|           5|
    |add_ln1118_32_fu_2314_p2   |         +|   0|  0|  15|           8|           6|
    |add_ln1118_33_fu_2642_p2   |         +|   0|  0|  15|           8|           6|
    |add_ln1118_34_fu_2324_p2   |         +|   0|  0|  15|           8|           6|
    |add_ln1118_35_fu_2334_p2   |         +|   0|  0|  15|           8|           6|
    |add_ln1118_36_fu_2652_p2   |         +|   0|  0|  15|           8|           6|
    |add_ln1118_37_fu_2344_p2   |         +|   0|  0|  15|           8|           6|
    |add_ln1118_38_fu_2662_p2   |         +|   0|  0|  15|           8|           6|
    |add_ln1118_39_fu_2354_p2   |         +|   0|  0|  15|           8|           6|
    |add_ln1118_3_fu_2492_p2    |         +|   0|  0|  15|           8|           2|
    |add_ln1118_40_fu_2672_p2   |         +|   0|  0|  15|           8|           6|
    |add_ln1118_41_fu_2364_p2   |         +|   0|  0|  15|           8|           6|
    |add_ln1118_42_fu_2682_p2   |         +|   0|  0|  15|           8|           6|
    |add_ln1118_43_fu_2374_p2   |         +|   0|  0|  15|           8|           6|
    |add_ln1118_44_fu_2692_p2   |         +|   0|  0|  15|           8|           6|
    |add_ln1118_45_fu_2702_p2   |         +|   0|  0|  15|           8|           6|
    |add_ln1118_46_fu_2384_p2   |         +|   0|  0|  15|           8|           6|
    |add_ln1118_47_fu_2712_p2   |         +|   0|  0|  15|           8|           6|
    |add_ln1118_48_fu_2722_p2   |         +|   0|  0|  15|           8|           6|
    |add_ln1118_49_fu_2732_p2   |         +|   0|  0|  15|           8|           6|
    |add_ln1118_4_fu_2502_p2    |         +|   0|  0|  15|           8|           3|
    |add_ln1118_50_fu_2742_p2   |         +|   0|  0|  15|           8|           6|
    |add_ln1118_51_fu_2394_p2   |         +|   0|  0|  15|           8|           6|
    |add_ln1118_52_fu_2752_p2   |         +|   0|  0|  15|           8|           6|
    |add_ln1118_53_fu_2404_p2   |         +|   0|  0|  15|           8|           6|
    |add_ln1118_54_fu_2414_p2   |         +|   0|  0|  15|           8|           6|
    |add_ln1118_55_fu_2424_p2   |         +|   0|  0|  15|           8|           6|
    |add_ln1118_56_fu_2762_p2   |         +|   0|  0|  15|           8|           6|
    |add_ln1118_57_fu_2434_p2   |         +|   0|  0|  15|           8|           6|
    |add_ln1118_58_fu_2772_p2   |         +|   0|  0|  15|           8|           6|
    |add_ln1118_59_fu_2444_p2   |         +|   0|  0|  15|           8|           6|
    |add_ln1118_5_fu_2174_p2    |         +|   0|  0|  15|           8|           3|
    |add_ln1118_60_fu_2454_p2   |         +|   0|  0|  15|           8|           6|
    |add_ln1118_61_fu_2782_p2   |         +|   0|  0|  15|           8|           6|
    |add_ln1118_62_fu_2464_p2   |         +|   0|  0|  15|           8|           6|
    |add_ln1118_63_fu_2474_p2   |         +|   0|  0|  15|           8|           6|
    |add_ln1118_64_fu_2792_p2   |         +|   0|  0|  15|           8|           7|
    |add_ln1118_6_fu_2512_p2    |         +|   0|  0|  15|           8|           3|
    |add_ln1118_7_fu_2184_p2    |         +|   0|  0|  15|           8|           3|
    |add_ln1118_8_fu_2522_p2    |         +|   0|  0|  15|           8|           4|
    |add_ln1118_9_fu_2532_p2    |         +|   0|  0|  15|           8|           4|
    |add_ln1118_fu_2147_p2      |         +|   0|  0|  15|           8|           8|
    |add_ln263_fu_1797_p2       |         +|   0|  0|  39|          32|           1|
    |add_ln270_fu_1820_p2       |         +|   0|  0|  14|           7|           2|
    |add_ln271_fu_1830_p2       |         +|   0|  0|  14|           6|           2|
    |add_ln281_fu_2123_p2       |         +|   0|  0|  10|           2|           1|
    |add_ln356_fu_3494_p2       |         +|   0|  0|  11|           3|           1|
    |add_ln703_12_fu_3100_p2    |         +|   0|  0|  39|          32|          32|
    |add_ln703_13_fu_3272_p2    |         +|   0|  0|  40|          33|          33|
    |add_ln703_14_fu_3282_p2    |         +|   0|  0|  41|          34|          34|
    |add_ln703_17_fu_3112_p2    |         +|   0|  0|  39|          32|          32|
    |add_ln703_20_fu_3124_p2    |         +|   0|  0|  39|          32|          32|
    |add_ln703_21_fu_3294_p2    |         +|   0|  0|  40|          33|          33|
    |add_ln703_24_fu_3136_p2    |         +|   0|  0|  39|          32|          32|
    |add_ln703_27_fu_3148_p2    |         +|   0|  0|  39|          32|          32|
    |add_ln703_28_fu_3310_p2    |         +|   0|  0|  40|          33|          33|
    |add_ln703_29_fu_3320_p2    |         +|   0|  0|  41|          34|          34|
    |add_ln703_2_fu_3064_p2     |         +|   0|  0|  39|          32|          32|
    |add_ln703_30_fu_3408_p2    |         +|   0|  0|  42|          35|          35|
    |add_ln703_33_fu_3160_p2    |         +|   0|  0|  39|          32|          32|
    |add_ln703_36_fu_3172_p2    |         +|   0|  0|  39|          32|          32|
    |add_ln703_37_fu_3332_p2    |         +|   0|  0|  40|          33|          33|
    |add_ln703_40_fu_3184_p2    |         +|   0|  0|  39|          32|          32|
    |add_ln703_43_fu_3196_p2    |         +|   0|  0|  39|          32|          32|
    |add_ln703_44_fu_3348_p2    |         +|   0|  0|  40|          33|          33|
    |add_ln703_45_fu_3358_p2    |         +|   0|  0|  41|          34|          34|
    |add_ln703_48_fu_3208_p2    |         +|   0|  0|  39|          32|          32|
    |add_ln703_51_fu_3220_p2    |         +|   0|  0|  39|          32|          32|
    |add_ln703_52_fu_3370_p2    |         +|   0|  0|  40|          33|          33|
    |add_ln703_55_fu_3232_p2    |         +|   0|  0|  39|          32|          32|
    |add_ln703_59_fu_3244_p2    |         +|   0|  0|  39|          32|          32|
    |add_ln703_5_fu_3076_p2     |         +|   0|  0|  39|          32|          32|
    |add_ln703_60_fu_3386_p2    |         +|   0|  0|  40|          33|          33|
    |add_ln703_61_fu_3396_p2    |         +|   0|  0|  41|          34|          34|
    |add_ln703_62_fu_3424_p2    |         +|   0|  0|  42|          35|          35|
    |add_ln703_6_fu_3256_p2     |         +|   0|  0|  40|          33|          33|
    |add_ln703_9_fu_3088_p2     |         +|   0|  0|  39|          32|          32|
    |ret_V_fu_3761_p2           |         +|   0|  0|  56|          49|          49|
    |ylp_V_0_fu_3434_p2         |         +|   0|  0|  43|          36|          36|
    |band_V_1_fu_3465_p2        |         -|   0|  0|  47|          40|          40|
    |band_V_2_fu_3471_p2        |         -|   0|  0|  47|          40|          40|
    |band_V_3_fu_3488_p2        |         -|   0|  0|  47|          40|          40|
    |p_Val2_10_fu_3672_p2       |         -|   0|  0|  31|           1|          24|
    |ret_V_2_fu_3732_p2         |         -|   0|  0|  32|          25|          25|
    |overflow_1_fu_3575_p2      |       and|   0|  0|   2|           1|           1|
    |overflow_3_fu_3849_p2      |       and|   0|  0|   2|           1|           1|
    |overflow_fu_3994_p2        |       and|   0|  0|   2|           1|           1|
    |underflow_1_fu_3599_p2     |       and|   0|  0|   2|           1|           1|
    |underflow_2_fu_3865_p2     |       and|   0|  0|   2|           1|           1|
    |underflow_fu_4018_p2       |       and|   0|  0|   2|           1|           1|
    |icmp_ln1497_fu_3710_p2     |      icmp|   0|  0|  15|          24|          24|
    |icmp_ln239_fu_1690_p2      |      icmp|   0|  0|  18|          32|           1|
    |icmp_ln263_fu_1803_p2      |      icmp|   0|  0|  18|          32|          32|
    |icmp_ln270_fu_1808_p2      |      icmp|   0|  0|  10|           7|           1|
    |icmp_ln281_fu_2129_p2      |      icmp|   0|  0|   8|           2|           2|
    |icmp_ln356_fu_3500_p2      |      icmp|   0|  0|   9|           3|           4|
    |icmp_ln768_1_fu_3557_p2    |      icmp|   0|  0|  10|           6|           1|
    |icmp_ln768_2_fu_3828_p2    |      icmp|   0|  0|   9|           4|           1|
    |icmp_ln768_fu_3976_p2      |      icmp|   0|  0|  10|           7|           1|
    |icmp_ln786_1_fu_3587_p2    |      icmp|   0|  0|  10|           6|           2|
    |icmp_ln786_2_fu_3834_p2    |      icmp|   0|  0|   9|           4|           2|
    |icmp_ln786_fu_4006_p2      |      icmp|   0|  0|  10|           7|           2|
    |tobool98_fu_1696_p2        |      icmp|   0|  0|  18|          32|           1|
    |or_ln340_1_fu_4036_p2      |        or|   0|  0|   2|           1|           1|
    |or_ln340_2_fu_3605_p2      |        or|   0|  0|   2|           1|           1|
    |or_ln340_3_fu_3624_p2      |        or|   0|  0|   2|           1|           1|
    |or_ln340_4_fu_3870_p2      |        or|   0|  0|   2|           1|           1|
    |or_ln340_5_fu_3882_p2      |        or|   0|  0|   2|           1|           1|
    |or_ln340_fu_4024_p2        |        or|   0|  0|   2|           1|           1|
    |or_ln785_1_fu_3563_p2      |        or|   0|  0|   2|           1|           1|
    |or_ln785_2_fu_3840_p2      |        or|   0|  0|   2|           1|           1|
    |or_ln785_fu_3982_p2        |        or|   0|  0|   2|           1|           1|
    |or_ln786_1_fu_3593_p2      |        or|   0|  0|   2|           1|           1|
    |or_ln786_2_fu_3860_p2      |        or|   0|  0|   2|           1|           1|
    |or_ln786_fu_4012_p2        |        or|   0|  0|   2|           1|           1|
    |sign_V_fu_3773_p2          |        or|   0|  0|  24|          23|          24|
    |a_V_fu_3698_p3             |    select|   0|  0|  23|           1|          23|
    |out_r                      |    select|   0|  0|  16|           1|          16|
    |p_pn_fu_3928_p3            |    select|   0|  0|  40|           1|          40|
    |select_ln1497_fu_3910_p3   |    select|   0|  0|  24|           1|          24|
    |select_ln340_2_fu_3611_p3  |    select|   0|  0|  24|           1|          23|
    |select_ln340_4_fu_3690_p3  |    select|   0|  0|  23|           1|           2|
    |select_ln340_5_fu_3888_p3  |    select|   0|  0|  24|           1|          23|
    |select_ln340_6_fu_3902_p3  |    select|   0|  0|  24|           1|          24|
    |select_ln340_fu_4042_p3    |    select|   0|  0|  16|           1|          15|
    |select_ln388_1_fu_3629_p3  |    select|   0|  0|  25|           1|          25|
    |select_ln388_2_fu_3895_p3  |    select|   0|  0|  25|           1|          25|
    |select_ln388_fu_4050_p3    |    select|   0|  0|  17|           1|          17|
    |x_V_fu_3635_p3             |    select|   0|  0|  24|           1|          24|
    |ap_enable_pp0              |       xor|   0|  0|   2|           1|           2|
    |ap_enable_pp1              |       xor|   0|  0|   2|           1|           2|
    |ap_enable_pp2              |       xor|   0|  0|   2|           1|           2|
    |ap_enable_reg_pp1_iter1    |       xor|   0|  0|   2|           2|           1|
    |xor_ln340_1_fu_3619_p2     |       xor|   0|  0|   2|           1|           2|
    |xor_ln340_2_fu_3876_p2     |       xor|   0|  0|   2|           1|           2|
    |xor_ln340_fu_4030_p2       |       xor|   0|  0|   2|           1|           2|
    |xor_ln785_1_fu_3569_p2     |       xor|   0|  0|   2|           1|           2|
    |xor_ln785_2_fu_3844_p2     |       xor|   0|  0|   2|           1|           2|
    |xor_ln785_fu_3988_p2       |       xor|   0|  0|   2|           1|           2|
    |xor_ln786_1_fu_3581_p2     |       xor|   0|  0|   2|           1|           2|
    |xor_ln786_2_fu_3855_p2     |       xor|   0|  0|   2|           1|           2|
    |xor_ln786_fu_4000_p2       |       xor|   0|  0|   2|           1|           2|
    +---------------------------+----------+----+---+----+------------+------------+
    |Total                      |          |   0|  0|3150|        2057|        2041|
    +---------------------------+----------+----+---+----+------------+------------+

    * Multiplexer: 
    +-----------------------------+-----+-----------+-----+-----------+
    |             Name            | LUT | Input Size| Bits| Total Bits|
    +-----------------------------+-----+-----------+-----+-----------+
    |acc_V_reg_1675               |    9|          2|   40|         80|
    |ap_NS_fsm                    |  113|         25|    1|         25|
    |ap_enable_reg_pp0_iter5      |    9|          2|    1|          2|
    |ap_enable_reg_pp1_iter1      |    9|          2|    1|          2|
    |ap_enable_reg_pp1_iter8      |    9|          2|    1|          2|
    |ap_enable_reg_pp2_iter8      |    9|          2|    1|          2|
    |ap_enable_reg_pp2_iter9      |   14|          3|    1|          3|
    |ap_phi_mux_b_phi_fu_1656_p4  |    9|          2|    2|          4|
    |ap_phi_mux_k_phi_fu_1644_p4  |    9|          2|    7|         14|
    |b_reg_1652                   |    9|          2|    2|          4|
    |drc_ratio_address0           |   14|          3|    2|          6|
    |drc_ratio_address1           |   14|          3|    2|          6|
    |drc_thr_address0             |   14|          3|    2|          6|
    |drc_thr_address1             |   14|          3|    2|          6|
    |hist_V_0_address0            |   48|          9|    4|         36|
    |hist_V_0_address1            |   48|          9|    4|         36|
    |hist_V_0_d0                  |   14|          3|   16|         48|
    |hist_V_0_d1                  |   14|          3|   16|         48|
    |hist_V_1_address0            |   65|         14|    4|         56|
    |hist_V_1_address1            |   65|         14|    4|         56|
    |hist_V_1_d0                  |   14|          3|   16|         48|
    |hist_V_2_address0            |   65|         14|    4|         56|
    |hist_V_2_address1            |   65|         14|    4|         56|
    |hist_V_2_d0                  |   14|          3|   16|         48|
    |hist_V_3_address0            |   65|         14|    4|         56|
    |hist_V_3_address1            |   65|         14|    4|         56|
    |hist_V_3_d0                  |   14|          3|   16|         48|
    |hist_V_4_address0            |   65|         14|    4|         56|
    |hist_V_4_address1            |   65|         14|    4|         56|
    |hist_V_4_d0                  |   14|          3|   16|         48|
    |i_reg_1664                   |    9|          2|    3|          6|
    |k_reg_1640                   |    9|          2|    7|         14|
    |n_reg_1629                   |    9|          2|   32|         64|
    +-----------------------------+-----+-----------+-----+-----------+
    |Total                        |  982|        210|  243|       1054|
    +-----------------------------+-----+-----------+-----+-----------+

    * Register: 
    +-----------------------------------+----+----+-----+-----------+
    |                Name               | FF | LUT| Bits| Const Bits|
    +-----------------------------------+----+----+-----+-----------+
    |acc_V_reg_1675                     |  40|   0|   40|          0|
    |add_ln1118_reg_5294                |   8|   0|    8|          0|
    |add_ln1118_reg_5294_pp1_iter1_reg  |   8|   0|    8|          0|
    |add_ln263_reg_4637                 |  32|   0|   32|          0|
    |add_ln270_reg_4650                 |   7|   0|    7|          0|
    |add_ln271_reg_4655                 |   6|   0|    6|          0|
    |add_ln281_reg_5285                 |   2|   0|    2|          0|
    |add_ln703_12_reg_6192              |  32|   0|   32|          0|
    |add_ln703_14_reg_6257              |  34|   0|   34|          0|
    |add_ln703_17_reg_6197              |  32|   0|   32|          0|
    |add_ln703_20_reg_6202              |  32|   0|   32|          0|
    |add_ln703_24_reg_6207              |  32|   0|   32|          0|
    |add_ln703_27_reg_6212              |  32|   0|   32|          0|
    |add_ln703_29_reg_6262              |  34|   0|   34|          0|
    |add_ln703_2_reg_6177               |  32|   0|   32|          0|
    |add_ln703_33_reg_6217              |  32|   0|   32|          0|
    |add_ln703_36_reg_6222              |  32|   0|   32|          0|
    |add_ln703_40_reg_6227              |  32|   0|   32|          0|
    |add_ln703_43_reg_6232              |  32|   0|   32|          0|
    |add_ln703_45_reg_6267              |  34|   0|   34|          0|
    |add_ln703_48_reg_6237              |  32|   0|   32|          0|
    |add_ln703_51_reg_6242              |  32|   0|   32|          0|
    |add_ln703_55_reg_6247              |  32|   0|   32|          0|
    |add_ln703_59_reg_6252              |  32|   0|   32|          0|
    |add_ln703_5_reg_6182               |  32|   0|   32|          0|
    |add_ln703_61_reg_6272              |  34|   0|   34|          0|
    |add_ln703_9_reg_6187               |  32|   0|   32|          0|
    |ap_CS_fsm                          |  24|   0|   24|          0|
    |ap_enable_reg_pp0_iter0            |   1|   0|    1|          0|
    |ap_enable_reg_pp0_iter1            |   1|   0|    1|          0|
    |ap_enable_reg_pp0_iter2            |   1|   0|    1|          0|
    |ap_enable_reg_pp0_iter3            |   1|   0|    1|          0|
    |ap_enable_reg_pp0_iter4            |   1|   0|    1|          0|
    |ap_enable_reg_pp0_iter5            |   1|   0|    1|          0|
    |ap_enable_reg_pp1_iter0            |   1|   0|    1|          0|
    |ap_enable_reg_pp1_iter1            |   1|   0|    1|          0|
    |ap_enable_reg_pp1_iter2            |   1|   0|    1|          0|
    |ap_enable_reg_pp1_iter3            |   1|   0|    1|          0|
    |ap_enable_reg_pp1_iter4            |   1|   0|    1|          0|
    |ap_enable_reg_pp1_iter5            |   1|   0|    1|          0|
    |ap_enable_reg_pp1_iter6            |   1|   0|    1|          0|
    |ap_enable_reg_pp1_iter7            |   1|   0|    1|          0|
    |ap_enable_reg_pp1_iter8            |   1|   0|    1|          0|
    |ap_enable_reg_pp2_iter0            |   1|   0|    1|          0|
    |ap_enable_reg_pp2_iter1            |   1|   0|    1|          0|
    |ap_enable_reg_pp2_iter2            |   1|   0|    1|          0|
    |ap_enable_reg_pp2_iter3            |   1|   0|    1|          0|
    |ap_enable_reg_pp2_iter4            |   1|   0|    1|          0|
    |ap_enable_reg_pp2_iter5            |   1|   0|    1|          0|
    |ap_enable_reg_pp2_iter6            |   1|   0|    1|          0|
    |ap_enable_reg_pp2_iter7            |   1|   0|    1|          0|
    |ap_enable_reg_pp2_iter8            |   1|   0|    1|          0|
    |ap_enable_reg_pp2_iter9            |   1|   0|    1|          0|
    |b_reg_1652                         |   2|   0|    2|          0|
    |band_V_0_fu_470                    |  40|   0|   40|          0|
    |band_V_1_reg_6277                  |  40|   0|   40|          0|
    |band_V_2_reg_6282                  |  40|   0|   40|          0|
    |band_V_3_reg_6287                  |  40|   0|   40|          0|
    |hist_V_0_load_1_reg_4739           |  16|   0|   16|          0|
    |hist_V_0_load_2_reg_4764           |  16|   0|   16|          0|
    |hist_V_0_load_3_reg_4789           |  16|   0|   16|          0|
    |hist_V_0_load_4_reg_4814           |  16|   0|   16|          0|
    |hist_V_0_load_5_reg_4839           |  16|   0|   16|          0|
    |hist_V_0_load_6_reg_4865           |  16|   0|   16|          0|
    |hist_V_0_load_7_reg_4890           |  16|   0|   16|          0|
    |hist_V_0_load_8_reg_4915           |  16|   0|   16|          0|
    |hist_V_0_load_9_reg_4940           |  16|   0|   16|          0|
    |hist_V_0_load_reg_4714             |  16|   0|   16|          0|
    |hist_V_1_load_10_reg_4945          |  16|   0|   16|          0|
    |hist_V_1_load_1_reg_4719           |  16|   0|   16|          0|
    |hist_V_1_load_2_reg_4744           |  16|   0|   16|          0|
    |hist_V_1_load_3_reg_4769           |  16|   0|   16|          0|
    |hist_V_1_load_4_reg_4794           |  16|   0|   16|          0|
    |hist_V_1_load_5_reg_4819           |  16|   0|   16|          0|
    |hist_V_1_load_6_reg_4844           |  16|   0|   16|          0|
    |hist_V_1_load_7_reg_4870           |  16|   0|   16|          0|
    |hist_V_1_load_8_reg_4895           |  16|   0|   16|          0|
    |hist_V_1_load_9_reg_4920           |  16|   0|   16|          0|
    |hist_V_1_load_reg_4694             |  16|   0|   16|          0|
    |hist_V_2_load_10_reg_4950          |  16|   0|   16|          0|
    |hist_V_2_load_1_reg_4724           |  16|   0|   16|          0|
    |hist_V_2_load_2_reg_4749           |  16|   0|   16|          0|
    |hist_V_2_load_3_reg_4774           |  16|   0|   16|          0|
    |hist_V_2_load_4_reg_4799           |  16|   0|   16|          0|
    |hist_V_2_load_5_reg_4824           |  16|   0|   16|          0|
    |hist_V_2_load_6_reg_4849           |  16|   0|   16|          0|
    |hist_V_2_load_7_reg_4875           |  16|   0|   16|          0|
    |hist_V_2_load_8_reg_4900           |  16|   0|   16|          0|
    |hist_V_2_load_9_reg_4925           |  16|   0|   16|          0|
    |hist_V_2_load_reg_4699             |  16|   0|   16|          0|
    |hist_V_3_load_10_reg_4955          |  16|   0|   16|          0|
    |hist_V_3_load_1_reg_4729           |  16|   0|   16|          0|
    |hist_V_3_load_2_reg_4754           |  16|   0|   16|          0|
    |hist_V_3_load_3_reg_4779           |  16|   0|   16|          0|
    |hist_V_3_load_4_reg_4804           |  16|   0|   16|          0|
    |hist_V_3_load_5_reg_4829           |  16|   0|   16|          0|
    |hist_V_3_load_6_reg_4855           |  16|   0|   16|          0|
    |hist_V_3_load_7_reg_4880           |  16|   0|   16|          0|
    |hist_V_3_load_8_reg_4905           |  16|   0|   16|          0|
    |hist_V_3_load_9_reg_4930           |  16|   0|   16|          0|
    |hist_V_3_load_reg_4704             |  16|   0|   16|          0|
    |hist_V_4_load_10_reg_4960          |  16|   0|   16|          0|
    |hist_V_4_load_1_reg_4734           |  16|   0|   16|          0|
    |hist_V_4_load_2_reg_4759           |  16|   0|   16|          0|
    |hist_V_4_load_3_reg_4784           |  16|   0|   16|          0|
    |hist_V_4_load_4_reg_4809           |  16|   0|   16|          0|
    |hist_V_4_load_5_reg_4834           |  16|   0|   16|          0|
    |hist_V_4_load_6_reg_4860           |  16|   0|   16|          0|
    |hist_V_4_load_7_reg_4885           |  16|   0|   16|          0|
    |hist_V_4_load_8_reg_4910           |  16|   0|   16|          0|
    |hist_V_4_load_9_reg_4935           |  16|   0|   16|          0|
    |hist_V_4_load_reg_4709             |  16|   0|   16|          0|
    |i_reg_1664                         |   3|   0|    3|          0|
    |icmp_ln1497_reg_6348               |   1|   0|    1|          0|
    |icmp_ln239_reg_4500                |   1|   0|    1|          0|
    |icmp_ln270_reg_4646                |   1|   0|    1|          0|
    |icmp_ln281_reg_5290                |   1|   0|    1|          0|
    |icmp_ln356_reg_6297                |   1|   0|    1|          0|
    |icmp_ln768_2_reg_6401              |   1|   0|    1|          0|
    |icmp_ln786_2_reg_6406              |   1|   0|    1|          0|
    |k_reg_1640                         |   7|   0|    7|          0|
    |n_reg_1629                         |  32|   0|   32|          0|
    |overflow_1_reg_6317                |   1|   0|    1|          0|
    |p_Result_4_reg_6383                |   1|   0|    1|          0|
    |p_Result_5_reg_6395                |   1|   0|    1|          0|
    |p_Val2_12_reg_6389                 |  24|   0|   24|          0|
    |p_Val2_8_reg_6307                  |  40|   0|   40|          0|
    |p_Val2_9_reg_6312                  |  24|   0|   24|          0|
    |q_1_reg_4552                       |  16|   0|   16|          0|
    |q_2_reg_4557                       |  16|   0|   16|          0|
    |q_3_reg_4562                       |  16|   0|   16|          0|
    |q_reg_4547                         |  16|   0|   16|          0|
    |r_V_reg_6363                       |  49|   0|   49|          0|
    |ratio_V_reg_6343                   |  24|   0|   24|          0|
    |ret_V_2_reg_6358                   |  25|   0|   25|          0|
    |ret_V_reg_6368                     |  49|   0|   49|          0|
    |select_ln340_2_reg_6328            |  24|   0|   24|          0|
    |sext_ln1116_10_reg_5010            |  31|   0|   31|          0|
    |sext_ln1116_11_reg_5015            |  31|   0|   31|          0|
    |sext_ln1116_12_reg_5020            |  31|   0|   31|          0|
    |sext_ln1116_13_reg_5025            |  31|   0|   31|          0|
    |sext_ln1116_14_reg_5030            |  31|   0|   31|          0|
    |sext_ln1116_15_reg_5035            |  31|   0|   31|          0|
    |sext_ln1116_16_reg_5040            |  31|   0|   31|          0|
    |sext_ln1116_17_reg_5045            |  31|   0|   31|          0|
    |sext_ln1116_18_reg_5050            |  31|   0|   31|          0|
    |sext_ln1116_19_reg_5055            |  31|   0|   31|          0|
    |sext_ln1116_1_reg_4965             |  31|   0|   31|          0|
    |sext_ln1116_20_reg_5060            |  31|   0|   31|          0|
    |sext_ln1116_21_reg_5065            |  31|   0|   31|          0|
    |sext_ln1116_22_reg_5070            |  31|   0|   31|          0|
    |sext_ln1116_23_reg_5075            |  31|   0|   31|          0|
    |sext_ln1116_24_reg_5080            |  31|   0|   31|          0|
    |sext_ln1116_25_reg_5085            |  31|   0|   31|          0|
    |sext_ln1116_26_reg_5090            |  31|   0|   31|          0|
    |sext_ln1116_27_reg_5095            |  31|   0|   31|          0|
    |sext_ln1116_28_reg_5100            |  31|   0|   31|          0|
    |sext_ln1116_29_reg_5105            |  31|   0|   31|          0|
    |sext_ln1116_2_reg_4970             |  31|   0|   31|          0|
    |sext_ln1116_30_reg_5110            |  31|   0|   31|          0|
    |sext_ln1116_31_reg_5115            |  31|   0|   31|          0|
    |sext_ln1116_32_reg_5120            |  31|   0|   31|          0|
    |sext_ln1116_33_reg_5125            |  31|   0|   31|          0|
    |sext_ln1116_34_reg_5130            |  31|   0|   31|          0|
    |sext_ln1116_35_reg_5135            |  31|   0|   31|          0|
    |sext_ln1116_36_reg_5140            |  31|   0|   31|          0|
    |sext_ln1116_37_reg_5145            |  31|   0|   31|          0|
    |sext_ln1116_38_reg_5150            |  31|   0|   31|          0|
    |sext_ln1116_39_reg_5155            |  31|   0|   31|          0|
    |sext_ln1116_3_reg_4975             |  31|   0|   31|          0|
    |sext_ln1116_40_reg_5160            |  31|   0|   31|          0|
    |sext_ln1116_41_reg_5165            |  31|   0|   31|          0|
    |sext_ln1116_42_reg_5170            |  31|   0|   31|          0|
    |sext_ln1116_43_reg_5175            |  31|   0|   31|          0|
    |sext_ln1116_44_reg_5180            |  31|   0|   31|          0|
    |sext_ln1116_45_reg_5185            |  31|   0|   31|          0|
    |sext_ln1116_46_reg_5190            |  31|   0|   31|          0|
    |sext_ln1116_47_reg_5195            |  31|   0|   31|          0|
    |sext_ln1116_48_reg_5200            |  31|   0|   31|          0|
    |sext_ln1116_49_reg_5205            |  31|   0|   31|          0|
    |sext_ln1116_4_reg_4980             |  31|   0|   31|          0|
    |sext_ln1116_50_reg_5210            |  31|   0|   31|          0|
    |sext_ln1116_51_reg_5215            |  31|   0|   31|          0|
    |sext_ln1116_52_reg_5220            |  31|   0|   31|          0|
    |sext_ln1116_53_reg_5225            |  31|   0|   31|          0|
    |sext_ln1116_54_reg_5230            |  31|   0|   31|          0|
    |sext_ln1116_55_reg_5235            |  31|   0|   31|          0|
    |sext_ln1116_56_reg_5240            |  31|   0|   31|          0|
    |sext_ln1116_57_reg_5245            |  31|   0|   31|          0|
    |sext_ln1116_58_reg_5250            |  31|   0|   31|          0|
    |sext_ln1116_59_reg_5255            |  31|   0|   31|          0|
    |sext_ln1116_5_reg_4985             |  31|   0|   31|          0|
    |sext_ln1116_60_reg_5260            |  31|   0|   31|          0|
    |sext_ln1116_61_reg_5265            |  31|   0|   31|          0|
    |sext_ln1116_62_reg_5270            |  31|   0|   31|          0|
    |sext_ln1116_63_reg_5275            |  31|   0|   31|          0|
    |sext_ln1116_6_reg_4990             |  31|   0|   31|          0|
    |sext_ln1116_7_reg_4995             |  31|   0|   31|          0|
    |sext_ln1116_8_reg_5000             |  31|   0|   31|          0|
    |sext_ln1116_9_reg_5005             |  31|   0|   31|          0|
    |sext_ln1116_reg_4632               |  31|   0|   31|          0|
    |sext_ln259_1_reg_4597              |  17|   0|   24|          7|
    |sext_ln259_2_reg_4607              |  17|   0|   24|          7|
    |sext_ln259_3_reg_4617              |  17|   0|   24|          7|
    |sext_ln259_reg_4587                |  17|   0|   24|          7|
    |sext_ln260_1_reg_4602              |  17|   0|   24|          7|
    |sext_ln260_2_reg_4612              |  17|   0|   24|          7|
    |sext_ln260_3_reg_4622              |  17|   0|   24|          7|
    |sext_ln260_reg_4592                |  17|   0|   24|          7|
    |sext_ln281_reg_5280                |  31|   0|   31|          0|
    |thr_V_reg_6338                     |  24|   0|   24|          0|
    |thr_V_reg_6338_pp2_iter2_reg       |  24|   0|   24|          0|
    |tmp_11_reg_6353                    |   1|   0|    1|          0|
    |tobool98_reg_4542                  |   1|   0|    1|          0|
    |trunc_ln1265_reg_6301              |   2|   0|    2|          0|
    |trunc_ln271_reg_4665               |   3|   0|    3|          0|
    |underflow_1_reg_6322               |   1|   0|    1|          0|
    |urem_ln271_reg_4660                |   7|   0|    7|          0|
    |x_V_reg_6333                       |  24|   0|   24|          0|
    |ylp_V_1_0190_fu_474                |  40|   0|   40|          0|
    |ylp_V_2_0191_fu_478                |  40|   0|   40|          0|
    |b_reg_1652                         |  64|  32|    2|          0|
    |icmp_ln1497_reg_6348               |  64|  32|    1|          0|
    |icmp_ln270_reg_4646                |  64|  32|    1|          0|
    |icmp_ln356_reg_6297                |  64|  32|    1|          0|
    |k_reg_1640                         |  64|  32|    7|          0|
    |p_Val2_8_reg_6307                  |  64|  32|   40|          0|
    |tmp_11_reg_6353                    |  64|  32|    1|          0|
    |x_V_reg_6333                       |  64|  32|   24|          0|
    +-----------------------------------+----+----+-----+-----------+
    |Total                              |5031| 256| 4652|         56|
    +-----------------------------------+----+----+-----+-----------+



================================================================
== Interface
================================================================
* Summary: 
+--------------------+-----+-----+------------+---------------+--------------+
|      RTL Ports     | Dir | Bits|  Protocol  | Source Object |    C Type    |
+--------------------+-----+-----+------------+---------------+--------------+
|ap_clk              |   in|    1|  ap_ctrl_hs|  fir_multiband|  return value|
|ap_rst              |   in|    1|  ap_ctrl_hs|  fir_multiband|  return value|
|ap_start            |   in|    1|  ap_ctrl_hs|  fir_multiband|  return value|
|ap_done             |  out|    1|  ap_ctrl_hs|  fir_multiband|  return value|
|ap_idle             |  out|    1|  ap_ctrl_hs|  fir_multiband|  return value|
|ap_ready            |  out|    1|  ap_ctrl_hs|  fir_multiband|  return value|
|in_r                |   in|   16|     ap_none|           in_r|       pointer|
|out_r               |  out|   16|      ap_vld|          out_r|       pointer|
|out_r_ap_vld        |  out|    1|      ap_vld|          out_r|       pointer|
|length_r            |   in|   32|     ap_none|       length_r|        scalar|
|drc_thr_address0    |  out|    2|   ap_memory|        drc_thr|         array|
|drc_thr_ce0         |  out|    1|   ap_memory|        drc_thr|         array|
|drc_thr_q0          |   in|   16|   ap_memory|        drc_thr|         array|
|drc_thr_address1    |  out|    2|   ap_memory|        drc_thr|         array|
|drc_thr_ce1         |  out|    1|   ap_memory|        drc_thr|         array|
|drc_thr_q1          |   in|   16|   ap_memory|        drc_thr|         array|
|drc_ratio_address0  |  out|    2|   ap_memory|      drc_ratio|         array|
|drc_ratio_ce0       |  out|    1|   ap_memory|      drc_ratio|         array|
|drc_ratio_q0        |   in|   16|   ap_memory|      drc_ratio|         array|
|drc_ratio_address1  |  out|    2|   ap_memory|      drc_ratio|         array|
|drc_ratio_ce1       |  out|    1|   ap_memory|      drc_ratio|         array|
|drc_ratio_q1        |   in|   16|   ap_memory|      drc_ratio|         array|
|reset               |   in|   32|     ap_none|          reset|        scalar|
|bypass              |   in|   32|     ap_none|         bypass|        scalar|
+--------------------+-----+-----+------------+---------------+--------------+

