

================================================================
== Vitis HLS Report for 'fir_multiband'
================================================================
* Date:           Tue Sep 29 15:35:13 2026

* Version:        2020.2 (Build 3064766 on Wed Nov 18 09:12:45 MST 2020)
* Project:        synth_proj
* Solution:       solution1 (Vivado IP Flow Target)
* Product family: zynq
* Target device:  xc7z020-clg400-1


================================================================
== Performance Estimates
================================================================
+ Timing: 
    * Summary: 
    +--------+----------+----------+------------+
    |  Clock |  Target  | Estimated| Uncertainty|
    +--------+----------+----------+------------+
    |ap_clk  |  10.00 ns|  7.256 ns|     2.70 ns|
    +--------+----------+----------+------------+

+ Latency: 
    * Summary: 
    +---------+---------+----------+----------+-----+-----+---------+
    |  Latency (cycles) |  Latency (absolute) |  Interval | Pipeline|
    |   min   |   max   |    min   |    max   | min | max |   Type  |
    +---------+---------+----------+----------+-----+-----+---------+
    |        ?|        ?|         ?|         ?|    ?|    ?|     none|
    +---------+---------+----------+----------+-----+-----+---------+

    + Detail: 
        * Instance: 
        N/A

        * Loop: 
        +---------------------+---------+---------+----------+-----------+-----------+------+----------+
        |                     |  Latency (cycles) | Iteration|  Initiation Interval  | Trip |          |
        |      Loop Name      |   min   |   max   |  Latency |  achieved |   target  | Count| Pipelined|
        +---------------------+---------+---------+----------+-----------+-----------+------+----------+
        |- VITIS_LOOP_91_1    |       65|       65|         1|          1|          1|    65|       yes|
        |- VITIS_LOOP_95_2    |        ?|        ?|       280|          -|          -|     ?|        no|
        | + VITIS_LOOP_102_3  |      137|      137|        12|          2|          1|    64|       yes|
        | + VITIS_LOOP_109_4  |      131|      131|       126|          2|          1|     4|       yes|
        +---------------------+---------+---------+----------+-----------+-----------+------+----------+



================================================================
== Utilization Estimates
================================================================
* Summary: 
+-----------------+---------+-----+--------+-------+-----+
|       Name      | BRAM_18K| DSP |   FF   |  LUT  | URAM|
+-----------------+---------+-----+--------+-------+-----+
|DSP              |        -|    -|       -|      -|    -|
|Expression       |        -|    -|       0|   1299|    -|
|FIFO             |        -|    -|       -|      -|    -|
|Instance         |        -|  192|   13574|  27820|    -|
|Memory           |       64|    -|     320|     35|    -|
|Multiplexer      |        -|    -|       -|   2989|    -|
|Register         |        -|    -|   13575|   2336|    -|
+-----------------+---------+-----+--------+-------+-----+
|Total            |       64|  192|   27469|  34479|    0|
+-----------------+---------+-----+--------+-------+-----+
|Available        |      280|  220|  106400|  53200|    0|
+-----------------+---------+-----+--------+-------+-----+
|Utilization (%)  |       22|   87|      25|     64|    0|
+-----------------+---------+-----+--------+-------+-----+

+ Detail: 
    * Instance: 
    +--------------------------------------+----------------------------------+---------+----+-----+-----+-----+
    |               Instance               |              Module              | BRAM_18K| DSP|  FF | LUT | URAM|
    +--------------------------------------+----------------------------------+---------+----+-----+-----+-----+
    |facc_32ns_32ns_1ns_32_6_no_dsp_1_U82  |facc_32ns_32ns_1ns_32_6_no_dsp_1  |        0|   0|  312|  721|    0|
    |fadd_32ns_32ns_32_5_full_dsp_1_U41    |fadd_32ns_32ns_32_5_full_dsp_1    |        0|   2|  205|  390|    0|
    |fadd_32ns_32ns_32_5_full_dsp_1_U42    |fadd_32ns_32ns_32_5_full_dsp_1    |        0|   2|  205|  390|    0|
    |fadd_32ns_32ns_32_5_full_dsp_1_U43    |fadd_32ns_32ns_32_5_full_dsp_1    |        0|   2|  205|  390|    0|
    |fadd_32ns_32ns_32_5_full_dsp_1_U44    |fadd_32ns_32ns_32_5_full_dsp_1    |        0|   2|  205|  390|    0|
    |fadd_32ns_32ns_32_5_full_dsp_1_U45    |fadd_32ns_32ns_32_5_full_dsp_1    |        0|   2|  205|  390|    0|
    |fadd_32ns_32ns_32_5_full_dsp_1_U46    |fadd_32ns_32ns_32_5_full_dsp_1    |        0|   2|  205|  390|    0|
    |fadd_32ns_32ns_32_5_full_dsp_1_U47    |fadd_32ns_32ns_32_5_full_dsp_1    |        0|   2|  205|  390|    0|
    |fadd_32ns_32ns_32_5_full_dsp_1_U48    |fadd_32ns_32ns_32_5_full_dsp_1    |        0|   2|  205|  390|    0|
    |fadd_32ns_32ns_32_5_full_dsp_1_U49    |fadd_32ns_32ns_32_5_full_dsp_1    |        0|   2|  205|  390|    0|
    |fadd_32ns_32ns_32_5_full_dsp_1_U50    |fadd_32ns_32ns_32_5_full_dsp_1    |        0|   2|  205|  390|    0|
    |fadd_32ns_32ns_32_5_full_dsp_1_U51    |fadd_32ns_32ns_32_5_full_dsp_1    |        0|   2|  205|  390|    0|
    |fadd_32ns_32ns_32_5_full_dsp_1_U52    |fadd_32ns_32ns_32_5_full_dsp_1    |        0|   2|  205|  390|    0|
    |fadd_32ns_32ns_32_5_full_dsp_1_U53    |fadd_32ns_32ns_32_5_full_dsp_1    |        0|   2|  205|  390|    0|
    |fadd_32ns_32ns_32_5_full_dsp_1_U54    |fadd_32ns_32ns_32_5_full_dsp_1    |        0|   2|  205|  390|    0|
    |fadd_32ns_32ns_32_5_full_dsp_1_U55    |fadd_32ns_32ns_32_5_full_dsp_1    |        0|   2|  205|  390|    0|
    |fadd_32ns_32ns_32_5_full_dsp_1_U56    |fadd_32ns_32ns_32_5_full_dsp_1    |        0|   2|  205|  390|    0|
    |fadd_32ns_32ns_32_5_full_dsp_1_U57    |fadd_32ns_32ns_32_5_full_dsp_1    |        0|   2|  205|  390|    0|
    |fadd_32ns_32ns_32_5_full_dsp_1_U58    |fadd_32ns_32ns_32_5_full_dsp_1    |        0|   2|  205|  390|    0|
    |fadd_32ns_32ns_32_5_full_dsp_1_U59    |fadd_32ns_32ns_32_5_full_dsp_1    |        0|   2|  205|  390|    0|
    |fadd_32ns_32ns_32_5_full_dsp_1_U60    |fadd_32ns_32ns_32_5_full_dsp_1    |        0|   2|  205|  390|    0|
    |fadd_32ns_32ns_32_5_full_dsp_1_U61    |fadd_32ns_32ns_32_5_full_dsp_1    |        0|   2|  205|  390|    0|
    |fadd_32ns_32ns_32_5_full_dsp_1_U62    |fadd_32ns_32ns_32_5_full_dsp_1    |        0|   2|  205|  390|    0|
    |fadd_32ns_32ns_32_5_full_dsp_1_U63    |fadd_32ns_32ns_32_5_full_dsp_1    |        0|   2|  205|  390|    0|
    |fadd_32ns_32ns_32_5_full_dsp_1_U64    |fadd_32ns_32ns_32_5_full_dsp_1    |        0|   2|  205|  390|    0|
    |fadd_32ns_32ns_32_5_full_dsp_1_U65    |fadd_32ns_32ns_32_5_full_dsp_1    |        0|   2|  205|  390|    0|
    |fadd_32ns_32ns_32_5_full_dsp_1_U66    |fadd_32ns_32ns_32_5_full_dsp_1    |        0|   2|  205|  390|    0|
    |fadd_32ns_32ns_32_5_full_dsp_1_U67    |fadd_32ns_32ns_32_5_full_dsp_1    |        0|   2|  205|  390|    0|
    |fadd_32ns_32ns_32_5_full_dsp_1_U68    |fadd_32ns_32ns_32_5_full_dsp_1    |        0|   2|  205|  390|    0|
    |fadd_32ns_32ns_32_5_full_dsp_1_U69    |fadd_32ns_32ns_32_5_full_dsp_1    |        0|   2|  205|  390|    0|
    |fadd_32ns_32ns_32_5_full_dsp_1_U70    |fadd_32ns_32ns_32_5_full_dsp_1    |        0|   2|  205|  390|    0|
    |fadd_32ns_32ns_32_5_full_dsp_1_U71    |fadd_32ns_32ns_32_5_full_dsp_1    |        0|   2|  205|  390|    0|
    |fadd_32ns_32ns_32_5_full_dsp_1_U72    |fadd_32ns_32ns_32_5_full_dsp_1    |        0|   2|  205|  390|    0|
    |fadd_32ns_32ns_32_5_full_dsp_1_U73    |fadd_32ns_32ns_32_5_full_dsp_1    |        0|   2|  205|  390|    0|
    |fadd_32ns_32ns_32_5_full_dsp_1_U74    |fadd_32ns_32ns_32_5_full_dsp_1    |        0|   2|  205|  390|    0|
    |fadd_32ns_32ns_32_5_full_dsp_1_U75    |fadd_32ns_32ns_32_5_full_dsp_1    |        0|   2|  205|  390|    0|
    |fadd_32ns_32ns_32_5_full_dsp_1_U76    |fadd_32ns_32ns_32_5_full_dsp_1    |        0|   2|  205|  390|    0|
    |fcmp_32ns_32ns_1_2_no_dsp_1_U77       |fcmp_32ns_32ns_1_2_no_dsp_1       |        0|   0|    0|    0|    0|
    |fmul_32ns_32ns_32_4_max_dsp_1_U1      |fmul_32ns_32ns_32_4_max_dsp_1     |        0|   3|  143|  321|    0|
    |fmul_32ns_32ns_32_4_max_dsp_1_U2      |fmul_32ns_32ns_32_4_max_dsp_1     |        0|   3|  143|  321|    0|
    |fmul_32ns_32ns_32_4_max_dsp_1_U3      |fmul_32ns_32ns_32_4_max_dsp_1     |        0|   3|  143|  321|    0|
    |fmul_32ns_32ns_32_4_max_dsp_1_U4      |fmul_32ns_32ns_32_4_max_dsp_1     |        0|   3|  143|  321|    0|
    |fmul_32ns_32ns_32_4_max_dsp_1_U5      |fmul_32ns_32ns_32_4_max_dsp_1     |        0|   3|  143|  321|    0|
    |fmul_32ns_32ns_32_4_max_dsp_1_U6      |fmul_32ns_32ns_32_4_max_dsp_1     |        0|   3|  143|  321|    0|
    |fmul_32ns_32ns_32_4_max_dsp_1_U7      |fmul_32ns_32ns_32_4_max_dsp_1     |        0|   3|  143|  321|    0|
    |fmul_32ns_32ns_32_4_max_dsp_1_U8      |fmul_32ns_32ns_32_4_max_dsp_1     |        0|   3|  143|  321|    0|
    |fmul_32ns_32ns_32_4_max_dsp_1_U9      |fmul_32ns_32ns_32_4_max_dsp_1     |        0|   3|  143|  321|    0|
    |fmul_32ns_32ns_32_4_max_dsp_1_U10     |fmul_32ns_32ns_32_4_max_dsp_1     |        0|   3|  143|  321|    0|
    |fmul_32ns_32ns_32_4_max_dsp_1_U11     |fmul_32ns_32ns_32_4_max_dsp_1     |        0|   3|  143|  321|    0|
    |fmul_32ns_32ns_32_4_max_dsp_1_U12     |fmul_32ns_32ns_32_4_max_dsp_1     |        0|   3|  143|  321|    0|
    |fmul_32ns_32ns_32_4_max_dsp_1_U13     |fmul_32ns_32ns_32_4_max_dsp_1     |        0|   3|  143|  321|    0|
    |fmul_32ns_32ns_32_4_max_dsp_1_U14     |fmul_32ns_32ns_32_4_max_dsp_1     |        0|   3|  143|  321|    0|
    |fmul_32ns_32ns_32_4_max_dsp_1_U15     |fmul_32ns_32ns_32_4_max_dsp_1     |        0|   3|  143|  321|    0|
    |fmul_32ns_32ns_32_4_max_dsp_1_U16     |fmul_32ns_32ns_32_4_max_dsp_1     |        0|   3|  143|  321|    0|
    |fmul_32ns_32ns_32_4_max_dsp_1_U17     |fmul_32ns_32ns_32_4_max_dsp_1     |        0|   3|  143|  321|    0|
    |fmul_32ns_32ns_32_4_max_dsp_1_U18     |fmul_32ns_32ns_32_4_max_dsp_1     |        0|   3|  143|  321|    0|
    |fmul_32ns_32ns_32_4_max_dsp_1_U19     |fmul_32ns_32ns_32_4_max_dsp_1     |        0|   3|  143|  321|    0|
    |fmul_32ns_32ns_32_4_max_dsp_1_U20     |fmul_32ns_32ns_32_4_max_dsp_1     |        0|   3|  143|  321|    0|
    |fmul_32ns_32ns_32_4_max_dsp_1_U21     |fmul_32ns_32ns_32_4_max_dsp_1     |        0|   3|  143|  321|    0|
    |fmul_32ns_32ns_32_4_max_dsp_1_U22     |fmul_32ns_32ns_32_4_max_dsp_1     |        0|   3|  143|  321|    0|
    |fmul_32ns_32ns_32_4_max_dsp_1_U23     |fmul_32ns_32ns_32_4_max_dsp_1     |        0|   3|  143|  321|    0|
    |fmul_32ns_32ns_32_4_max_dsp_1_U24     |fmul_32ns_32ns_32_4_max_dsp_1     |        0|   3|  143|  321|    0|
    |fmul_32ns_32ns_32_4_max_dsp_1_U25     |fmul_32ns_32ns_32_4_max_dsp_1     |        0|   3|  143|  321|    0|
    |fmul_32ns_32ns_32_4_max_dsp_1_U26     |fmul_32ns_32ns_32_4_max_dsp_1     |        0|   3|  143|  321|    0|
    |fmul_32ns_32ns_32_4_max_dsp_1_U27     |fmul_32ns_32ns_32_4_max_dsp_1     |        0|   3|  143|  321|    0|
    |fmul_32ns_32ns_32_4_max_dsp_1_U28     |fmul_32ns_32ns_32_4_max_dsp_1     |        0|   3|  143|  321|    0|
    |fmul_32ns_32ns_32_4_max_dsp_1_U29     |fmul_32ns_32ns_32_4_max_dsp_1     |        0|   3|  143|  321|    0|
    |fmul_32ns_32ns_32_4_max_dsp_1_U30     |fmul_32ns_32ns_32_4_max_dsp_1     |        0|   3|  143|  321|    0|
    |fmul_32ns_32ns_32_4_max_dsp_1_U31     |fmul_32ns_32ns_32_4_max_dsp_1     |        0|   3|  143|  321|    0|
    |fmul_32ns_32ns_32_4_max_dsp_1_U32     |fmul_32ns_32ns_32_4_max_dsp_1     |        0|   3|  143|  321|    0|
    |fmul_32ns_32ns_32_4_max_dsp_1_U33     |fmul_32ns_32ns_32_4_max_dsp_1     |        0|   3|  143|  321|    0|
    |fmul_32ns_32ns_32_4_max_dsp_1_U34     |fmul_32ns_32ns_32_4_max_dsp_1     |        0|   3|  143|  321|    0|
    |fmul_32ns_32ns_32_4_max_dsp_1_U35     |fmul_32ns_32ns_32_4_max_dsp_1     |        0|   3|  143|  321|    0|
    |fmul_32ns_32ns_32_4_max_dsp_1_U36     |fmul_32ns_32ns_32_4_max_dsp_1     |        0|   3|  143|  321|    0|
    |fmul_32ns_32ns_32_4_max_dsp_1_U37     |fmul_32ns_32ns_32_4_max_dsp_1     |        0|   3|  143|  321|    0|
    |fmul_32ns_32ns_32_4_max_dsp_1_U38     |fmul_32ns_32ns_32_4_max_dsp_1     |        0|   3|  143|  321|    0|
    |fmul_32ns_32ns_32_4_max_dsp_1_U39     |fmul_32ns_32ns_32_4_max_dsp_1     |        0|   3|  143|  321|    0|
    |fmul_32ns_32ns_32_4_max_dsp_1_U40     |fmul_32ns_32ns_32_4_max_dsp_1     |        0|   3|  143|  321|    0|
    |mul_6ns_8ns_13_1_1_U79                |mul_6ns_8ns_13_1_1                |        0|   0|    0|   41|    0|
    |mul_7ns_9ns_15_1_1_U81                |mul_7ns_9ns_15_1_1                |        0|   0|    0|   51|    0|
    |mux_564_32_1_1_U80                    |mux_564_32_1_1                    |        0|   0|    0|   25|    0|
    |urem_7ns_4ns_7_11_1_U78               |urem_7ns_4ns_7_11_1               |        0|   0|  162|  102|    0|
    +--------------------------------------+----------------------------------+---------+----+-----+-----+-----+
    |Total                                 |                                  |        0| 192|13574|27820|    0|
    +--------------------------------------+----------------------------------+---------+----+-----+-----+-----+

    * DSP: 
    N/A

    * Memory: 
    +--------------+------------+---------+----+----+-----+------+-----+------+-------------+
    |    Memory    |   Module   | BRAM_18K| FF | LUT| URAM| Words| Bits| Banks| W*Bits*Banks|
    +--------------+------------+---------+----+----+-----+------+-----+------+-------------+
    |FIR_COEFFS_U  |FIR_COEFFS  |       64|   0|   0|    0|   260|   32|     1|         8320|
    |hist_0_U      |hist_0      |        0|  64|   7|    0|    13|   32|     1|          416|
    |hist_1_U      |hist_1      |        0|  64|   7|    0|    13|   32|     1|          416|
    |hist_2_U      |hist_1      |        0|  64|   7|    0|    13|   32|     1|          416|
    |hist_3_U      |hist_1      |        0|  64|   7|    0|    13|   32|     1|          416|
    |hist_4_U      |hist_1      |        0|  64|   7|    0|    13|   32|     1|          416|
    +--------------+------------+---------+----+----+-----+------+-----+------+-------------+
    |Total         |            |       64| 320|  35|    0|   325|  192|     6|        10400|
    +--------------+------------+---------+----+----+-----+------+-----+------+-------------+

    * FIFO: 
    N/A

    * Expression: 
    +-------------------------+----------+----+---+----+------------+------------+
    |      Variable Name      | Operation| DSP| FF| LUT| Bitwidth P0| Bitwidth P1|
    +-------------------------+----------+----+---+----+------------+------------+
    |add_ln102_fu_6922_p2     |         +|   0|  0|  14|           7|           2|
    |add_ln103_fu_6932_p2     |         +|   0|  0|  14|           6|           2|
    |add_ln109_fu_7023_p2     |         +|   0|  0|  11|           3|           1|
    |add_ln127_10_fu_7157_p2  |         +|   0|  0|  14|           9|           4|
    |add_ln127_11_fu_7168_p2  |         +|   0|  0|  14|           9|           4|
    |add_ln127_12_fu_7179_p2  |         +|   0|  0|  14|           9|           4|
    |add_ln127_13_fu_7190_p2  |         +|   0|  0|  14|           9|           4|
    |add_ln127_14_fu_7201_p2  |         +|   0|  0|  14|           9|           4|
    |add_ln127_15_fu_7212_p2  |         +|   0|  0|  14|           9|           4|
    |add_ln127_16_fu_7223_p2  |         +|   0|  0|  14|           9|           5|
    |add_ln127_17_fu_7234_p2  |         +|   0|  0|  14|           9|           5|
    |add_ln127_18_fu_7245_p2  |         +|   0|  0|  14|           9|           5|
    |add_ln127_19_fu_7256_p2  |         +|   0|  0|  14|           9|           5|
    |add_ln127_1_fu_7058_p2   |         +|   0|  0|  14|           9|           1|
    |add_ln127_20_fu_7267_p2  |         +|   0|  0|  14|           9|           5|
    |add_ln127_21_fu_7278_p2  |         +|   0|  0|  14|           9|           5|
    |add_ln127_22_fu_7289_p2  |         +|   0|  0|  14|           9|           5|
    |add_ln127_23_fu_7300_p2  |         +|   0|  0|  14|           9|           5|
    |add_ln127_24_fu_7311_p2  |         +|   0|  0|  14|           9|           5|
    |add_ln127_25_fu_7322_p2  |         +|   0|  0|  14|           9|           5|
    |add_ln127_26_fu_7333_p2  |         +|   0|  0|  14|           9|           5|
    |add_ln127_27_fu_7344_p2  |         +|   0|  0|  14|           9|           5|
    |add_ln127_28_fu_7355_p2  |         +|   0|  0|  14|           9|           5|
    |add_ln127_29_fu_7410_p2  |         +|   0|  0|  14|           9|           5|
    |add_ln127_2_fu_7069_p2   |         +|   0|  0|  14|           9|           2|
    |add_ln127_30_fu_7366_p2  |         +|   0|  0|  14|           9|           5|
    |add_ln127_31_fu_7377_p2  |         +|   0|  0|  14|           9|           5|
    |add_ln127_32_fu_7388_p2  |         +|   0|  0|  14|           9|           6|
    |add_ln127_33_fu_7420_p2  |         +|   0|  0|  14|           9|           6|
    |add_ln127_34_fu_7430_p2  |         +|   0|  0|  14|           9|           6|
    |add_ln127_35_fu_7399_p2  |         +|   0|  0|  14|           9|           6|
    |add_ln127_36_fu_7440_p2  |         +|   0|  0|  14|           9|           6|
    |add_ln127_37_fu_7450_p2  |         +|   0|  0|  14|           9|           6|
    |add_ln127_38_fu_7460_p2  |         +|   0|  0|  14|           9|           6|
    |add_ln127_39_fu_7470_p2  |         +|   0|  0|  14|           9|           6|
    |add_ln127_3_fu_7080_p2   |         +|   0|  0|  14|           9|           2|
    |add_ln127_40_fu_7480_p2  |         +|   0|  0|  14|           9|           6|
    |add_ln127_41_fu_7490_p2  |         +|   0|  0|  14|           9|           6|
    |add_ln127_42_fu_7500_p2  |         +|   0|  0|  14|           9|           6|
    |add_ln127_43_fu_7510_p2  |         +|   0|  0|  14|           9|           6|
    |add_ln127_44_fu_7520_p2  |         +|   0|  0|  14|           9|           6|
    |add_ln127_45_fu_7530_p2  |         +|   0|  0|  14|           9|           6|
    |add_ln127_46_fu_7540_p2  |         +|   0|  0|  14|           9|           6|
    |add_ln127_47_fu_7550_p2  |         +|   0|  0|  14|           9|           6|
    |add_ln127_48_fu_7560_p2  |         +|   0|  0|  14|           9|           6|
    |add_ln127_49_fu_7570_p2  |         +|   0|  0|  14|           9|           6|
    |add_ln127_4_fu_7091_p2   |         +|   0|  0|  14|           9|           3|
    |add_ln127_50_fu_7580_p2  |         +|   0|  0|  14|           9|           6|
    |add_ln127_51_fu_7590_p2  |         +|   0|  0|  14|           9|           6|
    |add_ln127_52_fu_7600_p2  |         +|   0|  0|  14|           9|           6|
    |add_ln127_53_fu_7610_p2  |         +|   0|  0|  14|           9|           6|
    |add_ln127_54_fu_7620_p2  |         +|   0|  0|  14|           9|           6|
    |add_ln127_55_fu_7630_p2  |         +|   0|  0|  14|           9|           6|
    |add_ln127_56_fu_7640_p2  |         +|   0|  0|  14|           9|           6|
    |add_ln127_57_fu_7650_p2  |         +|   0|  0|  14|           9|           6|
    |add_ln127_58_fu_7660_p2  |         +|   0|  0|  14|           9|           6|
    |add_ln127_59_fu_7670_p2  |         +|   0|  0|  14|           9|           6|
    |add_ln127_5_fu_7102_p2   |         +|   0|  0|  14|           9|           3|
    |add_ln127_60_fu_7680_p2  |         +|   0|  0|  14|           9|           6|
    |add_ln127_61_fu_7690_p2  |         +|   0|  0|  14|           9|           6|
    |add_ln127_62_fu_7700_p2  |         +|   0|  0|  14|           9|           6|
    |add_ln127_63_fu_7710_p2  |         +|   0|  0|  14|           9|           6|
    |add_ln127_64_fu_7720_p2  |         +|   0|  0|  14|           9|           7|
    |add_ln127_6_fu_7113_p2   |         +|   0|  0|  14|           9|           3|
    |add_ln127_7_fu_7124_p2   |         +|   0|  0|  14|           9|           3|
    |add_ln127_8_fu_7135_p2   |         +|   0|  0|  14|           9|           4|
    |add_ln127_9_fu_7146_p2   |         +|   0|  0|  14|           9|           4|
    |add_ln127_fu_7047_p2     |         +|   0|  0|  14|           9|           9|
    |add_ln91_fu_6834_p2      |         +|   0|  0|  14|           7|           1|
    |add_ln92_fu_6850_p2      |         +|   0|  0|  17|          14|           8|
    |add_ln95_fu_6899_p2      |         +|   0|  0|  39|          32|           1|
    |next_urem_fu_6875_p2     |         +|   0|  0|  14|           7|           1|
    |and_ln67_fu_7770_p2      |       and|   0|  0|   2|           1|           1|
    |and_ln68_fu_7833_p2      |       and|   0|  0|   2|           1|           1|
    |empty_18_fu_6881_p2      |      icmp|   0|  0|  10|           7|           3|
    |icmp_ln102_fu_6910_p2    |      icmp|   0|  0|  10|           7|           1|
    |icmp_ln109_fu_7029_p2    |      icmp|   0|  0|   9|           3|           4|
    |icmp_ln137_fu_7730_p2    |      icmp|   0|  0|   9|           3|           4|
    |icmp_ln67_1_fu_7758_p2   |      icmp|   0|  0|  15|          23|           1|
    |icmp_ln67_fu_7752_p2     |      icmp|   0|  0|  11|           8|           2|
    |icmp_ln68_1_fu_7815_p2   |      icmp|   0|  0|  15|          23|           1|
    |icmp_ln68_fu_7809_p2     |      icmp|   0|  0|  11|           8|           2|
    |icmp_ln91_fu_6840_p2     |      icmp|   0|  0|  10|           7|           7|
    |icmp_ln95_fu_6905_p2     |      icmp|   0|  0|  18|          32|          32|
    |or_ln67_fu_7764_p2       |        or|   0|  0|   2|           1|           1|
    |or_ln68_fu_7829_p2       |        or|   0|  0|   2|           1|           1|
    |a_fu_7785_p3             |    select|   0|  0|  32|           1|          32|
    |idx_urem_fu_6887_p3      |    select|   0|  0|   7|           1|           7|
    |select_ln68_fu_7838_p3   |    select|   0|  0|  32|           1|          32|
    |sign_fu_7821_p3          |    select|   0|  0|  32|           1|          32|
    |ap_enable_pp1            |       xor|   0|  0|   2|           1|           2|
    |ap_enable_pp2            |       xor|   0|  0|   2|           1|           2|
    |xor_ln67_fu_7775_p2      |       xor|   0|  0|  33|          32|          33|
    +-------------------------+----------+----+---+----+------------+------------+
    |Total                    |          |   0|  0|1299|         824|         554|
    +-------------------------+----------+----+---+----+------------+------------+

    * Multiplexer: 
    +-------------------------------+----+-----------+-----+-----------+
    |              Name             | LUT| Input Size| Bits| Total Bits|
    +-------------------------------+----+-----------+-----+-----------+
    |FIR_COEFFS_address0            |  14|          3|    9|         27|
    |FIR_COEFFS_address1            |  14|          3|    9|         27|
    |FIR_COEFFS_address10           |  14|          3|    9|         27|
    |FIR_COEFFS_address11           |  14|          3|    9|         27|
    |FIR_COEFFS_address12           |  14|          3|    9|         27|
    |FIR_COEFFS_address13           |  14|          3|    9|         27|
    |FIR_COEFFS_address14           |  14|          3|    9|         27|
    |FIR_COEFFS_address15           |  14|          3|    9|         27|
    |FIR_COEFFS_address16           |  14|          3|    9|         27|
    |FIR_COEFFS_address17           |  14|          3|    9|         27|
    |FIR_COEFFS_address18           |  14|          3|    9|         27|
    |FIR_COEFFS_address19           |  14|          3|    9|         27|
    |FIR_COEFFS_address2            |  14|          3|    9|         27|
    |FIR_COEFFS_address20           |  14|          3|    9|         27|
    |FIR_COEFFS_address21           |  14|          3|    9|         27|
    |FIR_COEFFS_address22           |  14|          3|    9|         27|
    |FIR_COEFFS_address23           |  14|          3|    9|         27|
    |FIR_COEFFS_address24           |  14|          3|    9|         27|
    |FIR_COEFFS_address25           |  14|          3|    9|         27|
    |FIR_COEFFS_address26           |  14|          3|    9|         27|
    |FIR_COEFFS_address27           |  14|          3|    9|         27|
    |FIR_COEFFS_address28           |  14|          3|    9|         27|
    |FIR_COEFFS_address29           |  14|          3|    9|         27|
    |FIR_COEFFS_address3            |  14|          3|    9|         27|
    |FIR_COEFFS_address30           |  14|          3|    9|         27|
    |FIR_COEFFS_address31           |  14|          3|    9|         27|
    |FIR_COEFFS_address4            |  14|          3|    9|         27|
    |FIR_COEFFS_address5            |  14|          3|    9|         27|
    |FIR_COEFFS_address6            |  14|          3|    9|         27|
    |FIR_COEFFS_address7            |  14|          3|    9|         27|
    |FIR_COEFFS_address8            |  14|          3|    9|         27|
    |FIR_COEFFS_address9            |  14|          3|    9|         27|
    |acc_reg_1662                   |   9|          2|   32|         64|
    |ap_NS_fsm                      |  87|         18|    1|         18|
    |ap_enable_reg_pp1_iter5        |   9|          2|    1|          2|
    |ap_enable_reg_pp2_iter62       |   9|          2|    1|          2|
    |ap_phi_mux_b_phi_fu_1655_p4    |   9|          2|    3|          6|
    |ap_phi_mux_k_1_phi_fu_1643_p4  |   9|          2|    7|         14|
    |b_reg_1651                     |   9|          2|    3|          6|
    |grp_fu_1674_p0                 |  14|          3|   32|         96|
    |grp_fu_1674_p1                 |  14|          3|   32|         96|
    |grp_fu_1676_p0                 |  14|          3|   32|         96|
    |grp_fu_1676_p1                 |  14|          3|   32|         96|
    |grp_fu_1678_p0                 |  14|          3|   32|         96|
    |grp_fu_1678_p1                 |  14|          3|   32|         96|
    |grp_fu_1680_p0                 |  14|          3|   32|         96|
    |grp_fu_1680_p1                 |  14|          3|   32|         96|
    |grp_fu_1681_p0                 |  14|          3|   32|         96|
    |grp_fu_1681_p1                 |  14|          3|   32|         96|
    |grp_fu_1682_p0                 |  14|          3|   32|         96|
    |grp_fu_1682_p1                 |  14|          3|   32|         96|
    |grp_fu_1683_p0                 |  14|          3|   32|         96|
    |grp_fu_1683_p1                 |  14|          3|   32|         96|
    |grp_fu_1685_p0                 |  14|          3|   32|         96|
    |grp_fu_1685_p1                 |  14|          3|   32|         96|
    |grp_fu_1686_p0                 |  14|          3|   32|         96|
    |grp_fu_1686_p1                 |  14|          3|   32|         96|
    |grp_fu_1689_p0                 |  14|          3|   32|         96|
    |grp_fu_1689_p1                 |  14|          3|   32|         96|
    |grp_fu_1690_p0                 |  14|          3|   32|         96|
    |grp_fu_1690_p1                 |  14|          3|   32|         96|
    |grp_fu_1692_p0                 |  14|          3|   32|         96|
    |grp_fu_1692_p1                 |  14|          3|   32|         96|
    |grp_fu_1693_p0                 |  14|          3|   32|         96|
    |grp_fu_1693_p1                 |  14|          3|   32|         96|
    |grp_fu_1694_p0                 |  14|          3|   32|         96|
    |grp_fu_1694_p1                 |  14|          3|   32|         96|
    |grp_fu_1697_p0                 |  14|          3|   32|         96|
    |grp_fu_1697_p1                 |  14|          3|   32|         96|
    |grp_fu_1698_p0                 |  14|          3|   32|         96|
    |grp_fu_1698_p1                 |  14|          3|   32|         96|
    |grp_fu_1701_p0                 |  14|          3|   32|         96|
    |grp_fu_1701_p1                 |  14|          3|   32|         96|
    |grp_fu_1702_p0                 |  14|          3|   32|         96|
    |grp_fu_1702_p1                 |  14|          3|   32|         96|
    |grp_fu_1704_p0                 |  14|          3|   32|         96|
    |grp_fu_1704_p1                 |  14|          3|   32|         96|
    |grp_fu_1705_p0                 |  14|          3|   32|         96|
    |grp_fu_1705_p1                 |  14|          3|   32|         96|
    |grp_fu_1706_p0                 |  14|          3|   32|         96|
    |grp_fu_1706_p1                 |  14|          3|   32|         96|
    |grp_fu_1707_p0                 |  14|          3|   32|         96|
    |grp_fu_1707_p1                 |  14|          3|   32|         96|
    |grp_fu_1709_p0                 |  14|          3|   32|         96|
    |grp_fu_1709_p1                 |  14|          3|   32|         96|
    |grp_fu_1710_p0                 |  14|          3|   32|         96|
    |grp_fu_1710_p1                 |  14|          3|   32|         96|
    |grp_fu_1711_p0                 |  14|          3|   32|         96|
    |grp_fu_1711_p1                 |  14|          3|   32|         96|
    |grp_fu_1712_p0                 |  14|          3|   32|         96|
    |grp_fu_1712_p1                 |  14|          3|   32|         96|
    |grp_fu_1713_p0                 |  14|          3|   32|         96|
    |grp_fu_1713_p1                 |  14|          3|   32|         96|
    |grp_fu_6676_p0                 |  14|          3|   32|         96|
    |grp_fu_6676_p1                 |  14|          3|   32|         96|
    |grp_fu_6681_p0                 |  14|          3|   32|         96|
    |grp_fu_6681_p1                 |  14|          3|   32|         96|
    |grp_fu_6686_p0                 |  14|          3|   32|         96|
    |grp_fu_6686_p1                 |  14|          3|   32|         96|
    |grp_fu_6691_p0                 |  14|          3|   32|         96|
    |grp_fu_6691_p1                 |  14|          3|   32|         96|
    |grp_fu_6696_p0                 |  14|          3|   32|         96|
    |grp_fu_6696_p1                 |  14|          3|   32|         96|
    |grp_fu_6701_p0                 |  14|          3|   32|         96|
    |grp_fu_6701_p1                 |  14|          3|   32|         96|
    |grp_fu_6705_p0                 |  14|          3|   32|         96|
    |grp_fu_6705_p1                 |  14|          3|   32|         96|
    |grp_fu_6709_p0                 |  14|          3|   32|         96|
    |grp_fu_6709_p1                 |  14|          3|   32|         96|
    |grp_fu_6713_p0                 |  14|          3|   32|         96|
    |grp_fu_6713_p1                 |  14|          3|   32|         96|
    |grp_fu_6717_p0                 |  14|          3|   32|         96|
    |grp_fu_6717_p1                 |  14|          3|   32|         96|
    |grp_fu_6721_p0                 |  14|          3|   32|         96|
    |grp_fu_6721_p1                 |  14|          3|   32|         96|
    |grp_fu_6725_p0                 |  14|          3|   32|         96|
    |grp_fu_6725_p1                 |  14|          3|   32|         96|
    |grp_fu_6729_p0                 |  14|          3|   32|         96|
    |grp_fu_6729_p1                 |  14|          3|   32|         96|
    |grp_fu_6733_p0                 |  14|          3|   32|         96|
    |grp_fu_6733_p1                 |  14|          3|   32|         96|
    |grp_fu_6737_p0                 |  14|          3|   32|         96|
    |grp_fu_6737_p1                 |  14|          3|   32|         96|
    |grp_fu_6741_p0                 |  14|          3|   32|         96|
    |grp_fu_6741_p1                 |  14|          3|   32|         96|
    |grp_fu_6745_p0                 |  14|          3|   32|         96|
    |grp_fu_6745_p1                 |  14|          3|   32|         96|
    |grp_fu_6749_p0                 |  14|          3|   32|         96|
    |grp_fu_6749_p1                 |  14|          3|   32|         96|
    |grp_fu_6753_p0                 |  14|          3|   32|         96|
    |grp_fu_6753_p1                 |  14|          3|   32|         96|
    |grp_fu_6757_p0                 |  14|          3|   32|         96|
    |grp_fu_6757_p1                 |  14|          3|   32|         96|
    |grp_fu_6761_p0                 |  14|          3|   32|         96|
    |grp_fu_6761_p1                 |  14|          3|   32|         96|
    |grp_fu_6765_p0                 |  14|          3|   32|         96|
    |grp_fu_6765_p1                 |  14|          3|   32|         96|
    |grp_fu_6769_p0                 |  14|          3|   32|         96|
    |grp_fu_6769_p1                 |  14|          3|   32|         96|
    |grp_fu_6773_p0                 |  14|          3|   32|         96|
    |grp_fu_6773_p1                 |  14|          3|   32|         96|
    |grp_fu_6777_p0                 |  14|          3|   32|         96|
    |grp_fu_6777_p1                 |  14|          3|   32|         96|
    |grp_fu_6781_p0                 |  14|          3|   32|         96|
    |grp_fu_6781_p1                 |  14|          3|   32|         96|
    |grp_fu_6785_p0                 |  14|          3|   32|         96|
    |grp_fu_6785_p1                 |  14|          3|   32|         96|
    |grp_fu_6789_p0                 |  14|          3|   32|         96|
    |grp_fu_6789_p1                 |  14|          3|   32|         96|
    |grp_fu_6793_p0                 |  14|          3|   32|         96|
    |grp_fu_6793_p1                 |  14|          3|   32|         96|
    |grp_fu_6797_p0                 |  14|          3|   32|         96|
    |grp_fu_6797_p1                 |  14|          3|   32|         96|
    |grp_fu_6801_p0                 |  14|          3|   32|         96|
    |grp_fu_6801_p1                 |  14|          3|   32|         96|
    |grp_fu_6805_p0                 |  14|          3|   32|         96|
    |grp_fu_6805_p1                 |  14|          3|   32|         96|
    |grp_fu_6809_p0                 |  14|          3|   32|         96|
    |grp_fu_6809_p1                 |  14|          3|   32|         96|
    |grp_fu_6813_p0                 |  14|          3|   32|         96|
    |grp_fu_6813_p1                 |  14|          3|   32|         96|
    |grp_fu_6817_p0                 |  14|          3|   32|         96|
    |grp_fu_6817_p1                 |  14|          3|   32|         96|
    |grp_fu_6822_p0                 |  14|          3|   32|         96|
    |grp_fu_6822_p1                 |  14|          3|   32|         96|
    |grp_fu_6828_opcode             |  14|          3|    5|         15|
    |grp_fu_6828_p0                 |  14|          3|   32|         96|
    |grp_fu_6828_p1                 |  14|          3|   32|         96|
    |hist_0_address0                |  53|         10|    4|         40|
    |hist_0_address1                |  42|          8|    4|         32|
    |hist_0_d0                      |  14|          3|   32|         96|
    |hist_1_address0                |  59|         11|    4|         44|
    |hist_1_address1                |  37|          7|    4|         28|
    |hist_1_d0                      |  14|          3|   32|         96|
    |hist_2_address0                |  59|         11|    4|         44|
    |hist_2_address1                |  37|          7|    4|         28|
    |hist_2_d0                      |  14|          3|   32|         96|
    |hist_3_address0                |  59|         11|    4|         44|
    |hist_3_address1                |  37|          7|    4|         28|
    |hist_3_d0                      |  14|          3|   32|         96|
    |hist_4_address0                |  59|         11|    4|         44|
    |hist_4_address1                |  37|          7|    4|         28|
    |hist_4_d0                      |  14|          3|   32|         96|
    |k_1_reg_1639                   |   9|          2|    7|         14|
    |k_reg_1595                     |   9|          2|    7|         14|
    |n_reg_1628                     |   9|          2|   32|         64|
    |phi_mul_reg_1606               |   9|          2|   14|         28|
    |phi_urem_reg_1617              |   9|          2|    7|         14|
    +-------------------------------+----+-----------+-----+-----------+
    |Total                          |2989|        628| 4704|      14253|
    +-------------------------------+----+-----------+-----+-----------+

    * Register: 
    +-----------------------------+-----+----+-----+-----------+
    |             Name            |  FF | LUT| Bits| Const Bits|
    +-----------------------------+-----+----+-----+-----------+
    |FIR_COEFFS_load_10_reg_9011  |   32|   0|   32|          0|
    |FIR_COEFFS_load_11_reg_9016  |   32|   0|   32|          0|
    |FIR_COEFFS_load_12_reg_9021  |   32|   0|   32|          0|
    |FIR_COEFFS_load_13_reg_9026  |   32|   0|   32|          0|
    |FIR_COEFFS_load_14_reg_9031  |   32|   0|   32|          0|
    |FIR_COEFFS_load_15_reg_9036  |   32|   0|   32|          0|
    |FIR_COEFFS_load_16_reg_9041  |   32|   0|   32|          0|
    |FIR_COEFFS_load_17_reg_9046  |   32|   0|   32|          0|
    |FIR_COEFFS_load_18_reg_9051  |   32|   0|   32|          0|
    |FIR_COEFFS_load_19_reg_9056  |   32|   0|   32|          0|
    |FIR_COEFFS_load_1_reg_8966   |   32|   0|   32|          0|
    |FIR_COEFFS_load_20_reg_9061  |   32|   0|   32|          0|
    |FIR_COEFFS_load_21_reg_9066  |   32|   0|   32|          0|
    |FIR_COEFFS_load_22_reg_9071  |   32|   0|   32|          0|
    |FIR_COEFFS_load_23_reg_9076  |   32|   0|   32|          0|
    |FIR_COEFFS_load_24_reg_9081  |   32|   0|   32|          0|
    |FIR_COEFFS_load_25_reg_9086  |   32|   0|   32|          0|
    |FIR_COEFFS_load_26_reg_9091  |   32|   0|   32|          0|
    |FIR_COEFFS_load_27_reg_9096  |   32|   0|   32|          0|
    |FIR_COEFFS_load_28_reg_9101  |   32|   0|   32|          0|
    |FIR_COEFFS_load_29_reg_9126  |   32|   0|   32|          0|
    |FIR_COEFFS_load_2_reg_8971   |   32|   0|   32|          0|
    |FIR_COEFFS_load_30_reg_9106  |   32|   0|   32|          0|
    |FIR_COEFFS_load_31_reg_9111  |   32|   0|   32|          0|
    |FIR_COEFFS_load_32_reg_9116  |   32|   0|   32|          0|
    |FIR_COEFFS_load_33_reg_9131  |   32|   0|   32|          0|
    |FIR_COEFFS_load_34_reg_9136  |   32|   0|   32|          0|
    |FIR_COEFFS_load_35_reg_9121  |   32|   0|   32|          0|
    |FIR_COEFFS_load_36_reg_9141  |   32|   0|   32|          0|
    |FIR_COEFFS_load_37_reg_9146  |   32|   0|   32|          0|
    |FIR_COEFFS_load_38_reg_9151  |   32|   0|   32|          0|
    |FIR_COEFFS_load_39_reg_9156  |   32|   0|   32|          0|
    |FIR_COEFFS_load_3_reg_8976   |   32|   0|   32|          0|
    |FIR_COEFFS_load_40_reg_9161  |   32|   0|   32|          0|
    |FIR_COEFFS_load_41_reg_9166  |   32|   0|   32|          0|
    |FIR_COEFFS_load_42_reg_9171  |   32|   0|   32|          0|
    |FIR_COEFFS_load_43_reg_9176  |   32|   0|   32|          0|
    |FIR_COEFFS_load_44_reg_9181  |   32|   0|   32|          0|
    |FIR_COEFFS_load_45_reg_9186  |   32|   0|   32|          0|
    |FIR_COEFFS_load_46_reg_9191  |   32|   0|   32|          0|
    |FIR_COEFFS_load_47_reg_9196  |   32|   0|   32|          0|
    |FIR_COEFFS_load_48_reg_9201  |   32|   0|   32|          0|
    |FIR_COEFFS_load_49_reg_9206  |   32|   0|   32|          0|
    |FIR_COEFFS_load_4_reg_8981   |   32|   0|   32|          0|
    |FIR_COEFFS_load_50_reg_9211  |   32|   0|   32|          0|
    |FIR_COEFFS_load_51_reg_9216  |   32|   0|   32|          0|
    |FIR_COEFFS_load_52_reg_9221  |   32|   0|   32|          0|
    |FIR_COEFFS_load_53_reg_9226  |   32|   0|   32|          0|
    |FIR_COEFFS_load_54_reg_9231  |   32|   0|   32|          0|
    |FIR_COEFFS_load_55_reg_9236  |   32|   0|   32|          0|
    |FIR_COEFFS_load_56_reg_9241  |   32|   0|   32|          0|
    |FIR_COEFFS_load_57_reg_9246  |   32|   0|   32|          0|
    |FIR_COEFFS_load_58_reg_9251  |   32|   0|   32|          0|
    |FIR_COEFFS_load_59_reg_9256  |   32|   0|   32|          0|
    |FIR_COEFFS_load_5_reg_8986   |   32|   0|   32|          0|
    |FIR_COEFFS_load_60_reg_9261  |   32|   0|   32|          0|
    |FIR_COEFFS_load_61_reg_9266  |   32|   0|   32|          0|
    |FIR_COEFFS_load_62_reg_9271  |   32|   0|   32|          0|
    |FIR_COEFFS_load_63_reg_9276  |   32|   0|   32|          0|
    |FIR_COEFFS_load_64_reg_9281  |   32|   0|   32|          0|
    |FIR_COEFFS_load_6_reg_8991   |   32|   0|   32|          0|
    |FIR_COEFFS_load_7_reg_8996   |   32|   0|   32|          0|
    |FIR_COEFFS_load_8_reg_9001   |   32|   0|   32|          0|
    |FIR_COEFFS_load_9_reg_9006   |   32|   0|   32|          0|
    |FIR_COEFFS_load_reg_8961     |   32|   0|   32|          0|
    |a_reg_9979                   |   32|   0|   32|          0|
    |acc_reg_1662                 |   32|   0|   32|          0|
    |add29_10_1_reg_9896          |   32|   0|   32|          0|
    |add29_10_2_reg_9901          |   32|   0|   32|          0|
    |add29_10_3_reg_9906          |   32|   0|   32|          0|
    |add29_10_4_reg_9911          |   32|   0|   32|          0|
    |add29_10_reg_9891            |   32|   0|   32|          0|
    |add29_11_1_reg_9921          |   32|   0|   32|          0|
    |add29_11_2_reg_9926          |   32|   0|   32|          0|
    |add29_11_3_reg_9931          |   32|   0|   32|          0|
    |add29_11_4_reg_9936          |   32|   0|   32|          0|
    |add29_11_reg_9916            |   32|   0|   32|          0|
    |add29_1_1_reg_9646           |   32|   0|   32|          0|
    |add29_1_22_reg_9871          |   32|   0|   32|          0|
    |add29_1_2_reg_9651           |   32|   0|   32|          0|
    |add29_1_3_reg_9656           |   32|   0|   32|          0|
    |add29_1_4_reg_9661           |   32|   0|   32|          0|
    |add29_1_reg_9641             |   32|   0|   32|          0|
    |add29_2_1_reg_9671           |   32|   0|   32|          0|
    |add29_2_24_reg_9876          |   32|   0|   32|          0|
    |add29_2_2_reg_9676           |   32|   0|   32|          0|
    |add29_2_3_reg_9681           |   32|   0|   32|          0|
    |add29_2_4_reg_9686           |   32|   0|   32|          0|
    |add29_2_reg_9666             |   32|   0|   32|          0|
    |add29_3_1_reg_9696           |   32|   0|   32|          0|
    |add29_3_26_reg_9881          |   32|   0|   32|          0|
    |add29_3_2_reg_9701           |   32|   0|   32|          0|
    |add29_3_3_reg_9706           |   32|   0|   32|          0|
    |add29_3_4_reg_9711           |   32|   0|   32|          0|
    |add29_3_reg_9691             |   32|   0|   32|          0|
    |add29_4_1_reg_9721           |   32|   0|   32|          0|
    |add29_4_28_reg_9886          |   32|   0|   32|          0|
    |add29_4_2_reg_9726           |   32|   0|   32|          0|
    |add29_4_3_reg_9731           |   32|   0|   32|          0|
    |add29_4_4_reg_9736           |   32|   0|   32|          0|
    |add29_4_reg_9716             |   32|   0|   32|          0|
    |add29_5_1_reg_9746           |   32|   0|   32|          0|
    |add29_5_2_reg_9751           |   32|   0|   32|          0|
    |add29_5_3_reg_9756           |   32|   0|   32|          0|
    |add29_5_4_reg_9761           |   32|   0|   32|          0|
    |add29_5_reg_9741             |   32|   0|   32|          0|
    |add29_6_1_reg_9771           |   32|   0|   32|          0|
    |add29_6_2_reg_9776           |   32|   0|   32|          0|
    |add29_6_3_reg_9781           |   32|   0|   32|          0|
    |add29_6_4_reg_9786           |   32|   0|   32|          0|
    |add29_6_reg_9766             |   32|   0|   32|          0|
    |add29_7_1_reg_9796           |   32|   0|   32|          0|
    |add29_7_2_reg_9801           |   32|   0|   32|          0|
    |add29_7_3_reg_9806           |   32|   0|   32|          0|
    |add29_7_4_reg_9811           |   32|   0|   32|          0|
    |add29_7_reg_9791             |   32|   0|   32|          0|
    |add29_8_1_reg_9821           |   32|   0|   32|          0|
    |add29_8_2_reg_9826           |   32|   0|   32|          0|
    |add29_8_3_reg_9831           |   32|   0|   32|          0|
    |add29_8_4_reg_9836           |   32|   0|   32|          0|
    |add29_8_reg_9816             |   32|   0|   32|          0|
    |add29_9_1_reg_9846           |   32|   0|   32|          0|
    |add29_9_2_reg_9851           |   32|   0|   32|          0|
    |add29_9_3_reg_9856           |   32|   0|   32|          0|
    |add29_9_4_reg_9861           |   32|   0|   32|          0|
    |add29_9_reg_9841             |   32|   0|   32|          0|
    |add29_s_reg_9866             |   32|   0|   32|          0|
    |add_1_reg_9621               |   32|   0|   32|          0|
    |add_2_reg_9626               |   32|   0|   32|          0|
    |add_3_reg_9631               |   32|   0|   32|          0|
    |add_4_reg_9636               |   32|   0|   32|          0|
    |add_i_reg_10011              |   32|   0|   32|          0|
    |add_ln102_reg_8226           |    7|   0|    7|          0|
    |add_ln103_reg_8231           |    6|   0|    6|          0|
    |add_ln109_reg_8590           |    3|   0|    3|          0|
    |add_ln127_reg_8600           |    9|   0|    9|          0|
    |add_ln95_reg_8213            |   32|   0|   32|          0|
    |add_reg_9616                 |   32|   0|   32|          0|
    |and_ln67_reg_9974            |    1|   0|    1|          0|
    |ap_CS_fsm                    |   17|   0|   17|          0|
    |ap_enable_reg_pp1_iter0      |    1|   0|    1|          0|
    |ap_enable_reg_pp1_iter1      |    1|   0|    1|          0|
    |ap_enable_reg_pp1_iter2      |    1|   0|    1|          0|
    |ap_enable_reg_pp1_iter3      |    1|   0|    1|          0|
    |ap_enable_reg_pp1_iter4      |    1|   0|    1|          0|
    |ap_enable_reg_pp1_iter5      |    1|   0|    1|          0|
    |ap_enable_reg_pp2_iter0      |    1|   0|    1|          0|
    |ap_enable_reg_pp2_iter1      |    1|   0|    1|          0|
    |ap_enable_reg_pp2_iter10     |    1|   0|    1|          0|
    |ap_enable_reg_pp2_iter11     |    1|   0|    1|          0|
    |ap_enable_reg_pp2_iter12     |    1|   0|    1|          0|
    |ap_enable_reg_pp2_iter13     |    1|   0|    1|          0|
    |ap_enable_reg_pp2_iter14     |    1|   0|    1|          0|
    |ap_enable_reg_pp2_iter15     |    1|   0|    1|          0|
    |ap_enable_reg_pp2_iter16     |    1|   0|    1|          0|
    |ap_enable_reg_pp2_iter17     |    1|   0|    1|          0|
    |ap_enable_reg_pp2_iter18     |    1|   0|    1|          0|
    |ap_enable_reg_pp2_iter19     |    1|   0|    1|          0|
    |ap_enable_reg_pp2_iter2      |    1|   0|    1|          0|
    |ap_enable_reg_pp2_iter20     |    1|   0|    1|          0|
    |ap_enable_reg_pp2_iter21     |    1|   0|    1|          0|
    |ap_enable_reg_pp2_iter22     |    1|   0|    1|          0|
    |ap_enable_reg_pp2_iter23     |    1|   0|    1|          0|
    |ap_enable_reg_pp2_iter24     |    1|   0|    1|          0|
    |ap_enable_reg_pp2_iter25     |    1|   0|    1|          0|
    |ap_enable_reg_pp2_iter26     |    1|   0|    1|          0|
    |ap_enable_reg_pp2_iter27     |    1|   0|    1|          0|
    |ap_enable_reg_pp2_iter28     |    1|   0|    1|          0|
    |ap_enable_reg_pp2_iter29     |    1|   0|    1|          0|
    |ap_enable_reg_pp2_iter3      |    1|   0|    1|          0|
    |ap_enable_reg_pp2_iter30     |    1|   0|    1|          0|
    |ap_enable_reg_pp2_iter31     |    1|   0|    1|          0|
    |ap_enable_reg_pp2_iter32     |    1|   0|    1|          0|
    |ap_enable_reg_pp2_iter33     |    1|   0|    1|          0|
    |ap_enable_reg_pp2_iter34     |    1|   0|    1|          0|
    |ap_enable_reg_pp2_iter35     |    1|   0|    1|          0|
    |ap_enable_reg_pp2_iter36     |    1|   0|    1|          0|
    |ap_enable_reg_pp2_iter37     |    1|   0|    1|          0|
    |ap_enable_reg_pp2_iter38     |    1|   0|    1|          0|
    |ap_enable_reg_pp2_iter39     |    1|   0|    1|          0|
    |ap_enable_reg_pp2_iter4      |    1|   0|    1|          0|
    |ap_enable_reg_pp2_iter40     |    1|   0|    1|          0|
    |ap_enable_reg_pp2_iter41     |    1|   0|    1|          0|
    |ap_enable_reg_pp2_iter42     |    1|   0|    1|          0|
    |ap_enable_reg_pp2_iter43     |    1|   0|    1|          0|
    |ap_enable_reg_pp2_iter44     |    1|   0|    1|          0|
    |ap_enable_reg_pp2_iter45     |    1|   0|    1|          0|
    |ap_enable_reg_pp2_iter46     |    1|   0|    1|          0|
    |ap_enable_reg_pp2_iter47     |    1|   0|    1|          0|
    |ap_enable_reg_pp2_iter48     |    1|   0|    1|          0|
    |ap_enable_reg_pp2_iter49     |    1|   0|    1|          0|
    |ap_enable_reg_pp2_iter5      |    1|   0|    1|          0|
    |ap_enable_reg_pp2_iter50     |    1|   0|    1|          0|
    |ap_enable_reg_pp2_iter51     |    1|   0|    1|          0|
    |ap_enable_reg_pp2_iter52     |    1|   0|    1|          0|
    |ap_enable_reg_pp2_iter53     |    1|   0|    1|          0|
    |ap_enable_reg_pp2_iter54     |    1|   0|    1|          0|
    |ap_enable_reg_pp2_iter55     |    1|   0|    1|          0|
    |ap_enable_reg_pp2_iter56     |    1|   0|    1|          0|
    |ap_enable_reg_pp2_iter57     |    1|   0|    1|          0|
    |ap_enable_reg_pp2_iter58     |    1|   0|    1|          0|
    |ap_enable_reg_pp2_iter59     |    1|   0|    1|          0|
    |ap_enable_reg_pp2_iter6      |    1|   0|    1|          0|
    |ap_enable_reg_pp2_iter60     |    1|   0|    1|          0|
    |ap_enable_reg_pp2_iter61     |    1|   0|    1|          0|
    |ap_enable_reg_pp2_iter62     |    1|   0|    1|          0|
    |ap_enable_reg_pp2_iter7      |    1|   0|    1|          0|
    |ap_enable_reg_pp2_iter8      |    1|   0|    1|          0|
    |ap_enable_reg_pp2_iter9      |    1|   0|    1|          0|
    |b_reg_1651                   |    3|   0|    3|          0|
    |bitcast_ln105_reg_7887       |   32|   0|   32|          0|
    |hist_0_load_10_reg_8540      |   32|   0|   32|          0|
    |hist_0_load_11_reg_8565      |   32|   0|   32|          0|
    |hist_0_load_1_reg_8315       |   32|   0|   32|          0|
    |hist_0_load_2_reg_8340       |   32|   0|   32|          0|
    |hist_0_load_3_reg_8365       |   32|   0|   32|          0|
    |hist_0_load_4_reg_8390       |   32|   0|   32|          0|
    |hist_0_load_5_reg_8415       |   32|   0|   32|          0|
    |hist_0_load_6_reg_8440       |   32|   0|   32|          0|
    |hist_0_load_7_reg_8465       |   32|   0|   32|          0|
    |hist_0_load_8_reg_8490       |   32|   0|   32|          0|
    |hist_0_load_9_reg_8515       |   32|   0|   32|          0|
    |hist_0_load_reg_8290         |   32|   0|   32|          0|
    |hist_1_load_10_reg_8520      |   32|   0|   32|          0|
    |hist_1_load_11_reg_8545      |   32|   0|   32|          0|
    |hist_1_load_12_reg_8570      |   32|   0|   32|          0|
    |hist_1_load_1_reg_8295       |   32|   0|   32|          0|
    |hist_1_load_2_reg_8320       |   32|   0|   32|          0|
    |hist_1_load_3_reg_8345       |   32|   0|   32|          0|
    |hist_1_load_4_reg_8370       |   32|   0|   32|          0|
    |hist_1_load_5_reg_8395       |   32|   0|   32|          0|
    |hist_1_load_6_reg_8420       |   32|   0|   32|          0|
    |hist_1_load_7_reg_8445       |   32|   0|   32|          0|
    |hist_1_load_8_reg_8470       |   32|   0|   32|          0|
    |hist_1_load_9_reg_8495       |   32|   0|   32|          0|
    |hist_1_load_reg_8270         |   32|   0|   32|          0|
    |hist_2_load_10_reg_8525      |   32|   0|   32|          0|
    |hist_2_load_11_reg_8550      |   32|   0|   32|          0|
    |hist_2_load_12_reg_8575      |   32|   0|   32|          0|
    |hist_2_load_1_reg_8300       |   32|   0|   32|          0|
    |hist_2_load_2_reg_8325       |   32|   0|   32|          0|
    |hist_2_load_3_reg_8350       |   32|   0|   32|          0|
    |hist_2_load_4_reg_8375       |   32|   0|   32|          0|
    |hist_2_load_5_reg_8400       |   32|   0|   32|          0|
    |hist_2_load_6_reg_8425       |   32|   0|   32|          0|
    |hist_2_load_7_reg_8450       |   32|   0|   32|          0|
    |hist_2_load_8_reg_8475       |   32|   0|   32|          0|
    |hist_2_load_9_reg_8500       |   32|   0|   32|          0|
    |hist_2_load_reg_8275         |   32|   0|   32|          0|
    |hist_3_load_10_reg_8530      |   32|   0|   32|          0|
    |hist_3_load_11_reg_8555      |   32|   0|   32|          0|
    |hist_3_load_12_reg_8580      |   32|   0|   32|          0|
    |hist_3_load_1_reg_8305       |   32|   0|   32|          0|
    |hist_3_load_2_reg_8330       |   32|   0|   32|          0|
    |hist_3_load_3_reg_8355       |   32|   0|   32|          0|
    |hist_3_load_4_reg_8380       |   32|   0|   32|          0|
    |hist_3_load_5_reg_8405       |   32|   0|   32|          0|
    |hist_3_load_6_reg_8430       |   32|   0|   32|          0|
    |hist_3_load_7_reg_8455       |   32|   0|   32|          0|
    |hist_3_load_8_reg_8480       |   32|   0|   32|          0|
    |hist_3_load_9_reg_8505       |   32|   0|   32|          0|
    |hist_3_load_reg_8280         |   32|   0|   32|          0|
    |hist_4_load_10_reg_8535      |   32|   0|   32|          0|
    |hist_4_load_11_reg_8560      |   32|   0|   32|          0|
    |hist_4_load_12_reg_8585      |   32|   0|   32|          0|
    |hist_4_load_1_reg_8310       |   32|   0|   32|          0|
    |hist_4_load_2_reg_8335       |   32|   0|   32|          0|
    |hist_4_load_3_reg_8360       |   32|   0|   32|          0|
    |hist_4_load_4_reg_8385       |   32|   0|   32|          0|
    |hist_4_load_5_reg_8410       |   32|   0|   32|          0|
    |hist_4_load_6_reg_8435       |   32|   0|   32|          0|
    |hist_4_load_7_reg_8460       |   32|   0|   32|          0|
    |hist_4_load_8_reg_8485       |   32|   0|   32|          0|
    |hist_4_load_9_reg_8510       |   32|   0|   32|          0|
    |hist_4_load_reg_8285         |   32|   0|   32|          0|
    |icmp_ln102_reg_8222          |    1|   0|    1|          0|
    |icmp_ln109_reg_8596          |    1|   0|    1|          0|
    |icmp_ln137_reg_9286          |    1|   0|    1|          0|
    |icmp_ln68_1_reg_9991         |    1|   0|    1|          0|
    |icmp_ln68_reg_9986           |    1|   0|    1|          0|
    |k_1_reg_1639                 |    7|   0|    7|          0|
    |k_reg_1595                   |    7|   0|    7|          0|
    |mul_10_1_reg_9571            |   32|   0|   32|          0|
    |mul_10_2_reg_9576            |   32|   0|   32|          0|
    |mul_10_3_reg_9581            |   32|   0|   32|          0|
    |mul_10_4_reg_9586            |   32|   0|   32|          0|
    |mul_10_reg_9541              |   32|   0|   32|          0|
    |mul_11_1_reg_9596            |   32|   0|   32|          0|
    |mul_11_2_reg_9601            |   32|   0|   32|          0|
    |mul_11_3_reg_9606            |   32|   0|   32|          0|
    |mul_11_4_reg_9611            |   32|   0|   32|          0|
    |mul_11_reg_9316              |   32|   0|   32|          0|
    |mul_12_reg_9341              |   32|   0|   32|          0|
    |mul_13_reg_9366              |   32|   0|   32|          0|
    |mul_14_reg_9566              |   32|   0|   32|          0|
    |mul_15_reg_9591              |   32|   0|   32|          0|
    |mul_1_1_reg_9321             |   32|   0|   32|          0|
    |mul_1_21_reg_9546            |   32|   0|   32|          0|
    |mul_1_2_reg_9326             |   32|   0|   32|          0|
    |mul_1_3_reg_9331             |   32|   0|   32|          0|
    |mul_1_4_reg_9336             |   32|   0|   32|          0|
    |mul_1_reg_9301               |   32|   0|   32|          0|
    |mul_2_1_reg_9346             |   32|   0|   32|          0|
    |mul_2_23_reg_9551            |   32|   0|   32|          0|
    |mul_2_2_reg_9351             |   32|   0|   32|          0|
    |mul_2_3_reg_9356             |   32|   0|   32|          0|
    |mul_2_4_reg_9361             |   32|   0|   32|          0|
    |mul_2_reg_9306               |   32|   0|   32|          0|
    |mul_3_1_reg_9371             |   32|   0|   32|          0|
    |mul_3_25_reg_9556            |   32|   0|   32|          0|
    |mul_3_2_reg_9376             |   32|   0|   32|          0|
    |mul_3_3_reg_9381             |   32|   0|   32|          0|
    |mul_3_4_reg_9386             |   32|   0|   32|          0|
    |mul_3_reg_9311               |   32|   0|   32|          0|
    |mul_4_1_reg_9396             |   32|   0|   32|          0|
    |mul_4_27_reg_9561            |   32|   0|   32|          0|
    |mul_4_2_reg_9401             |   32|   0|   32|          0|
    |mul_4_3_reg_9406             |   32|   0|   32|          0|
    |mul_4_4_reg_9411             |   32|   0|   32|          0|
    |mul_4_reg_9391               |   32|   0|   32|          0|
    |mul_5_1_reg_9421             |   32|   0|   32|          0|
    |mul_5_2_reg_9426             |   32|   0|   32|          0|
    |mul_5_3_reg_9431             |   32|   0|   32|          0|
    |mul_5_4_reg_9456             |   32|   0|   32|          0|
    |mul_5_reg_9416               |   32|   0|   32|          0|
    |mul_6_1_reg_9441             |   32|   0|   32|          0|
    |mul_6_2_reg_9446             |   32|   0|   32|          0|
    |mul_6_3_reg_9461             |   32|   0|   32|          0|
    |mul_6_4_reg_9466             |   32|   0|   32|          0|
    |mul_6_reg_9436               |   32|   0|   32|          0|
    |mul_7_1_reg_9471             |   32|   0|   32|          0|
    |mul_7_2_reg_9476             |   32|   0|   32|          0|
    |mul_7_3_reg_9481             |   32|   0|   32|          0|
    |mul_7_4_reg_9486             |   32|   0|   32|          0|
    |mul_7_reg_9451               |   32|   0|   32|          0|
    |mul_8_1_reg_9496             |   32|   0|   32|          0|
    |mul_8_2_reg_9501             |   32|   0|   32|          0|
    |mul_8_3_reg_9506             |   32|   0|   32|          0|
    |mul_8_4_reg_9511             |   32|   0|   32|          0|
    |mul_8_reg_9491               |   32|   0|   32|          0|
    |mul_9_1_reg_9521             |   32|   0|   32|          0|
    |mul_9_2_reg_9526             |   32|   0|   32|          0|
    |mul_9_3_reg_9531             |   32|   0|   32|          0|
    |mul_9_4_reg_9536             |   32|   0|   32|          0|
    |mul_9_reg_9516               |   32|   0|   32|          0|
    |mul_i_reg_10006              |   32|   0|   32|          0|
    |mul_reg_9291                 |   32|   0|   32|          0|
    |mul_s_reg_9296               |   32|   0|   32|          0|
    |n_reg_1628                   |   32|   0|   32|          0|
    |phi_mul_reg_1606             |   14|   0|   14|          0|
    |phi_urem_reg_1617            |    7|   0|    7|          0|
    |select_ln68_reg_10021        |   32|   0|   32|          0|
    |sub4_i_reg_10001             |   32|   0|   32|          0|
    |tmp_2_reg_9969               |    1|   0|    1|          0|
    |tmp_4_reg_9996               |    1|   0|    1|          0|
    |trunc_ln103_reg_8241         |    3|   0|    3|          0|
    |urem_ln103_reg_8236          |    7|   0|    7|          0|
    |ys_1_1_reg_9946              |   32|   0|   32|          0|
    |ys_1_2_reg_9951              |   32|   0|   32|          0|
    |ys_1_3_reg_9956              |   32|   0|   32|          0|
    |ys_1_4_reg_9961              |   32|   0|   32|          0|
    |ys_1_reg_9941                |   32|   0|   32|          0|
    |add29_11_1_reg_9921          |   64|  32|   32|          0|
    |add29_11_2_reg_9926          |   64|  32|   32|          0|
    |add29_11_3_reg_9931          |   64|  32|   32|          0|
    |add29_11_4_reg_9936          |   64|  32|   32|          0|
    |and_ln67_reg_9974            |   64|  32|    1|          0|
    |icmp_ln102_reg_8222          |   64|  32|    1|          0|
    |icmp_ln109_reg_8596          |   64|  32|    1|          0|
    |icmp_ln137_reg_9286          |   64|  32|    1|          0|
    |icmp_ln68_1_reg_9991         |   64|  32|    1|          0|
    |icmp_ln68_reg_9986           |   64|  32|    1|          0|
    |k_1_reg_1639                 |   64|  32|    7|          0|
    |mul_10_1_reg_9571            |   64|  32|   32|          0|
    |mul_10_2_reg_9576            |   64|  32|   32|          0|
    |mul_10_3_reg_9581            |   64|  32|   32|          0|
    |mul_10_4_reg_9586            |   64|  32|   32|          0|
    |mul_10_reg_9541              |   64|  32|   32|          0|
    |mul_11_1_reg_9596            |   64|  32|   32|          0|
    |mul_11_2_reg_9601            |   64|  32|   32|          0|
    |mul_11_3_reg_9606            |   64|  32|   32|          0|
    |mul_11_4_reg_9611            |   64|  32|   32|          0|
    |mul_11_reg_9316              |   64|  32|   32|          0|
    |mul_12_reg_9341              |   64|  32|   32|          0|
    |mul_13_reg_9366              |   64|  32|   32|          0|
    |mul_14_reg_9566              |   64|  32|   32|          0|
    |mul_15_reg_9591              |   64|  32|   32|          0|
    |mul_1_1_reg_9321             |   64|  32|   32|          0|
    |mul_1_21_reg_9546            |   64|  32|   32|          0|
    |mul_1_2_reg_9326             |   64|  32|   32|          0|
    |mul_1_3_reg_9331             |   64|  32|   32|          0|
    |mul_1_4_reg_9336             |   64|  32|   32|          0|
    |mul_2_1_reg_9346             |   64|  32|   32|          0|
    |mul_2_23_reg_9551            |   64|  32|   32|          0|
    |mul_2_2_reg_9351             |   64|  32|   32|          0|
    |mul_2_3_reg_9356             |   64|  32|   32|          0|
    |mul_2_4_reg_9361             |   64|  32|   32|          0|
    |mul_3_1_reg_9371             |   64|  32|   32|          0|
    |mul_3_25_reg_9556            |   64|  32|   32|          0|
    |mul_3_2_reg_9376             |   64|  32|   32|          0|
    |mul_3_3_reg_9381             |   64|  32|   32|          0|
    |mul_3_4_reg_9386             |   64|  32|   32|          0|
    |mul_4_1_reg_9396             |   64|  32|   32|          0|
    |mul_4_27_reg_9561            |   64|  32|   32|          0|
    |mul_4_2_reg_9401             |   64|  32|   32|          0|
    |mul_4_3_reg_9406             |   64|  32|   32|          0|
    |mul_4_4_reg_9411             |   64|  32|   32|          0|
    |mul_4_reg_9391               |   64|  32|   32|          0|
    |mul_5_1_reg_9421             |   64|  32|   32|          0|
    |mul_5_2_reg_9426             |   64|  32|   32|          0|
    |mul_5_3_reg_9431             |   64|  32|   32|          0|
    |mul_5_4_reg_9456             |   64|  32|   32|          0|
    |mul_5_reg_9416               |   64|  32|   32|          0|
    |mul_6_1_reg_9441             |   64|  32|   32|          0|
    |mul_6_2_reg_9446             |   64|  32|   32|          0|
    |mul_6_3_reg_9461             |   64|  32|   32|          0|
    |mul_6_4_reg_9466             |   64|  32|   32|          0|
    |mul_6_reg_9436               |   64|  32|   32|          0|
    |mul_7_1_reg_9471             |   64|  32|   32|          0|
    |mul_7_2_reg_9476             |   64|  32|   32|          0|
    |mul_7_3_reg_9481             |   64|  32|   32|          0|
    |mul_7_4_reg_9486             |   64|  32|   32|          0|
    |mul_7_reg_9451               |   64|  32|   32|          0|
    |mul_8_1_reg_9496             |   64|  32|   32|          0|
    |mul_8_2_reg_9501             |   64|  32|   32|          0|
    |mul_8_3_reg_9506             |   64|  32|   32|          0|
    |mul_8_4_reg_9511             |   64|  32|   32|          0|
    |mul_8_reg_9491               |   64|  32|   32|          0|
    |mul_9_1_reg_9521             |   64|  32|   32|          0|
    |mul_9_2_reg_9526             |   64|  32|   32|          0|
    |mul_9_3_reg_9531             |   64|  32|   32|          0|
    |mul_9_4_reg_9536             |   64|  32|   32|          0|
    |mul_9_reg_9516               |   64|  32|   32|          0|
    |tmp_4_reg_9996               |   64|  32|    1|          0|
    |ys_1_4_reg_9961              |   64|  32|   32|          0|
    +-----------------------------+-----+----+-----+-----------+
    |Total                        |13575|2336|10997|          0|
    +-----------------------------+-----+----+-----+-----------+



================================================================
== Interface
================================================================
* Summary: 
+--------------+-----+-----+------------+---------------+--------------+
|   RTL Ports  | Dir | Bits|  Protocol  | Source Object |    C Type    |
+--------------+-----+-----+------------+---------------+--------------+
|ap_clk        |   in|    1|  ap_ctrl_hs|  fir_multiband|  return value|
|ap_rst        |   in|    1|  ap_ctrl_hs|  fir_multiband|  return value|
|ap_start      |   in|    1|  ap_ctrl_hs|  fir_multiband|  return value|
|ap_done       |  out|    1|  ap_ctrl_hs|  fir_multiband|  return value|
|ap_idle       |  out|    1|  ap_ctrl_hs|  fir_multiband|  return value|
|ap_ready      |  out|    1|  ap_ctrl_hs|  fir_multiband|  return value|
|in_r          |   in|   32|     ap_none|           in_r|       pointer|
|out_r         |  out|   32|      ap_vld|          out_r|       pointer|
|out_r_ap_vld  |  out|    1|      ap_vld|          out_r|       pointer|
|length_r      |   in|   32|     ap_none|       length_r|        scalar|
+--------------+-----+-----+------------+---------------+--------------+

