Copyright 1986-2020 Xilinx, Inc. All Rights Reserved.
----------------------------------------------------------------------------------------------------------------------------------------------------------------------------
| Tool Version : Vivado v.2020.2 (win64) Build 3064766 Wed Nov 18 09:12:45 MST 2020
| Date         : Wed Sep 30 18:09:59 2026
| Host         : yu running 64-bit major release  (build 9200)
| Command      : report_timing_summary -delay_type max -max_paths 10 -file D:/pynq-multiband-audio-accel/build/hls/reports/v14_sub_n193_mul96_impl/timing_impl_clk85MHz.rpt
| Design       : fir_multiband
| Device       : 7z020-clg400
| Speed File   : -1  PRODUCTION 1.12 2019-11-22
----------------------------------------------------------------------------------------------------------------------------------------------------------------------------

Timing Summary Report

------------------------------------------------------------------------------------------------
| Timer Settings
| --------------
------------------------------------------------------------------------------------------------

  Enable Multi Corner Analysis               :  Yes
  Enable Pessimism Removal                   :  Yes
  Pessimism Removal Resolution               :  Nearest Common Node
  Enable Input Delay Default Clock           :  No
  Enable Preset / Clear Arcs                 :  No
  Disable Flight Delays                      :  No
  Ignore I/O Paths                           :  No
  Timing Early Launch at Borrowing Latches   :  No
  Borrow Time for Max Delay Exceptions       :  Yes
  Merge Timing Exceptions                    :  Yes

  Corner  Analyze    Analyze    
  Name    Max Paths  Min Paths  
  ------  ---------  ---------  
  Slow    Yes        Yes        
  Fast    Yes        Yes        



check_timing report

Table of Contents
-----------------
1. checking no_clock (0)
2. checking constant_clock (0)
3. checking pulse_width_clock (0)
4. checking unconstrained_internal_endpoints (0)
5. checking no_input_delay (178)
6. checking no_output_delay (28)
7. checking multiple_clock (0)
8. checking generated_clocks (0)
9. checking loops (0)
10. checking partial_input_delay (0)
11. checking partial_output_delay (0)
12. checking latch_loops (0)

1. checking no_clock (0)
------------------------
 There are 0 register/latch pins with no clock.


2. checking constant_clock (0)
------------------------------
 There are 0 register/latch pins with constant_clock.


3. checking pulse_width_clock (0)
---------------------------------
 There are 0 register/latch pins which need pulse_width check


4. checking unconstrained_internal_endpoints (0)
------------------------------------------------
 There are 0 pins that are not constrained for maximum delay.

 There are 0 pins that are not constrained for maximum delay due to constant clock.


5. checking no_input_delay (178)
--------------------------------
 There are 178 input ports with no input delay specified. (HIGH)

 There are 0 input ports with no input delay but user has a false path constraint.


6. checking no_output_delay (28)
--------------------------------
 There are 28 ports with no output delay specified. (HIGH)

 There are 0 ports with no output delay but user has a false path constraint

 There are 0 ports with no output delay but with a timing clock defined on it or propagating through it


7. checking multiple_clock (0)
------------------------------
 There are 0 register/latch pins with multiple clocks.


8. checking generated_clocks (0)
--------------------------------
 There are 0 generated clocks that are not connected to a clock source.


9. checking loops (0)
---------------------
 There are 0 combinational loops in the design.


10. checking partial_input_delay (0)
------------------------------------
 There are 0 input ports with partial input delay specified.


11. checking partial_output_delay (0)
-------------------------------------
 There are 0 ports with partial output delay specified.


12. checking latch_loops (0)
----------------------------
 There are 0 combinational latch loops in the design through latch input



------------------------------------------------------------------------------------------------
| Design Timing Summary
| ---------------------
------------------------------------------------------------------------------------------------

    WNS(ns)      TNS(ns)  TNS Failing Endpoints  TNS Total Endpoints     WPWS(ns)     TPWS(ns)  TPWS Failing Endpoints  TPWS Total Endpoints  
    -------      -------  ---------------------  -------------------     --------     --------  ----------------------  --------------------  
      1.627        0.000                      0                29225        4.902        0.000                       0                 11123  


All user specified timing constraints are met.


------------------------------------------------------------------------------------------------
| Clock Summary
| -------------
------------------------------------------------------------------------------------------------

Clock   Waveform(ns)       Period(ns)      Frequency(MHz)
-----   ------------       ----------      --------------
ap_clk  {0.000 5.883}      11.765          84.998          


------------------------------------------------------------------------------------------------
| Intra Clock Table
| -----------------
------------------------------------------------------------------------------------------------

Clock             WNS(ns)      TNS(ns)  TNS Failing Endpoints  TNS Total Endpoints     WPWS(ns)     TPWS(ns)  TPWS Failing Endpoints  TPWS Total Endpoints  
-----             -------      -------  ---------------------  -------------------     --------     --------  ----------------------  --------------------  
ap_clk              1.627        0.000                      0                29225        4.902        0.000                       0                 11123  


------------------------------------------------------------------------------------------------
| Inter Clock Table
| -----------------
------------------------------------------------------------------------------------------------

From Clock    To Clock          WNS(ns)      TNS(ns)  TNS Failing Endpoints  TNS Total Endpoints  
----------    --------          -------      -------  ---------------------  -------------------  


------------------------------------------------------------------------------------------------
| Other Path Groups Table
| -----------------------
------------------------------------------------------------------------------------------------

Path Group    From Clock    To Clock          WNS(ns)      TNS(ns)  TNS Failing Endpoints  TNS Total Endpoints  
----------    ----------    --------          -------      -------  ---------------------  -------------------  


------------------------------------------------------------------------------------------------
| Timing Details
| --------------
------------------------------------------------------------------------------------------------


---------------------------------------------------------------------------------------------------
From Clock:  ap_clk
  To Clock:  ap_clk

Setup :            0  Failing Endpoints,  Worst Slack        1.627ns,  Total Violation        0.000ns
Hold  :           NA  Failing Endpoints,  Worst Slack           NA  ,  Total Violation           NA
PW    :            0  Failing Endpoints,  Worst Slack        4.902ns,  Total Violation        0.000ns
---------------------------------------------------------------------------------------------------


Max Delay Paths
--------------------------------------------------------------------------------------
Slack (MET) :             1.627ns  (required time - arrival time)
  Source:                 ap_enable_reg_pp1_iter1_reg_rep__1_replica_1/C
                            (rising edge-triggered cell FDRE clocked by ap_clk  {rise@0.000ns fall@5.883ns period=11.765ns})
  Destination:            reg_23322_reg/C[21]
                            (rising edge-triggered cell DSP48E1 clocked by ap_clk  {rise@0.000ns fall@5.883ns period=11.765ns})
  Path Group:             ap_clk
  Path Type:              Setup (Max at Slow Process Corner)
  Requirement:            11.765ns  (ap_clk rise@11.765ns - ap_clk rise@0.000ns)
  Data Path Delay:        8.353ns  (logic 4.483ns (53.668%)  route 3.870ns (46.332%))
  Logic Levels:           2  (DSP48E1=1 LUT4=1)
  Clock Path Skew:        -0.049ns (DCD - SCD + CPR)
    Destination Clock Delay (DCD):    0.924ns = ( 12.689 - 11.765 ) 
    Source Clock Delay      (SCD):    0.973ns
    Clock Pessimism Removal (CPR):    0.000ns
  Clock Uncertainty:      0.035ns  ((TSJ^2 + TIJ^2)^1/2 + DJ) / 2 + PE
    Total System Jitter     (TSJ):    0.071ns
    Total Input Jitter      (TIJ):    0.000ns
    Discrete Jitter          (DJ):    0.000ns
    Phase Error              (PE):    0.000ns

    Location             Delay type                Incr(ns)  Path(ns)    Netlist Resource(s)
  -------------------------------------------------------------------    -------------------
                         (clock ap_clk rise edge)     0.000     0.000 r  
                                                      0.000     0.000 r  ap_clk (IN)
                         net (fo=11141, unset)        0.973     0.973    ap_clk
    SLICE_X90Y54         FDRE                                         r  ap_enable_reg_pp1_iter1_reg_rep__1_replica_1/C
  -------------------------------------------------------------------    -------------------
    SLICE_X90Y54         FDRE (Prop_fdre_C_Q)         0.518     1.491 r  ap_enable_reg_pp1_iter1_reg_rep__1_replica_1/Q
                         net (fo=29, routed)          0.900     2.391    mul_15s_16s_31_1_1_U20/fir_multiband_mul_15s_16s_31_1_1_Multiplier_0_U/ap_enable_reg_pp1_iter1_reg_rep__1_n_0_repN_1_alias
    SLICE_X91Y52         LUT4 (Prop_lut4_I0_O)        0.124     2.515 r  mul_15s_16s_31_1_1_U20/fir_multiband_mul_15s_16s_31_1_1_Multiplier_0_U/p_i_31__24/O
                         net (fo=1, routed)           0.529     3.044    mul_15s_16s_31_1_1_U20/fir_multiband_mul_15s_16s_31_1_1_Multiplier_0_U/p_i_31__24_n_0
    DSP48_X3Y20          DSP48E1 (Prop_dsp48e1_A[0]_P[21])
                                                      3.841     6.885 r  mul_15s_16s_31_1_1_U20/fir_multiband_mul_15s_16s_31_1_1_Multiplier_0_U/p/P[21]
                         net (fo=1, routed)           2.441     9.326    mul_15s_16s_31_1_1_U20_n_9
    DSP48_X2Y12          DSP48E1                                      r  reg_23322_reg/C[21]
  -------------------------------------------------------------------    -------------------

                         (clock ap_clk rise edge)    11.765    11.765 r  
                                                      0.000    11.765 r  ap_clk (IN)
                         net (fo=11141, unset)        0.924    12.689    ap_clk
    DSP48_X2Y12          DSP48E1                                      r  reg_23322_reg/CLK
                         clock pessimism              0.000    12.689    
                         clock uncertainty           -0.035    12.654    
    DSP48_X2Y12          DSP48E1 (Setup_dsp48e1_CLK_C[21])
                                                     -1.701    10.953    reg_23322_reg
  -------------------------------------------------------------------
                         required time                         10.953    
                         arrival time                          -9.326    
  -------------------------------------------------------------------
                         slack                                  1.627    

Slack (MET) :             1.629ns  (required time - arrival time)
  Source:                 ap_enable_reg_pp1_iter1_reg_rep__1_replica_1/C
                            (rising edge-triggered cell FDRE clocked by ap_clk  {rise@0.000ns fall@5.883ns period=11.765ns})
  Destination:            reg_23322_reg/C[25]
                            (rising edge-triggered cell DSP48E1 clocked by ap_clk  {rise@0.000ns fall@5.883ns period=11.765ns})
  Path Group:             ap_clk
  Path Type:              Setup (Max at Slow Process Corner)
  Requirement:            11.765ns  (ap_clk rise@11.765ns - ap_clk rise@0.000ns)
  Data Path Delay:        8.351ns  (logic 4.483ns (53.683%)  route 3.868ns (46.317%))
  Logic Levels:           2  (DSP48E1=1 LUT4=1)
  Clock Path Skew:        -0.049ns (DCD - SCD + CPR)
    Destination Clock Delay (DCD):    0.924ns = ( 12.689 - 11.765 ) 
    Source Clock Delay      (SCD):    0.973ns
    Clock Pessimism Removal (CPR):    0.000ns
  Clock Uncertainty:      0.035ns  ((TSJ^2 + TIJ^2)^1/2 + DJ) / 2 + PE
    Total System Jitter     (TSJ):    0.071ns
    Total Input Jitter      (TIJ):    0.000ns
    Discrete Jitter          (DJ):    0.000ns
    Phase Error              (PE):    0.000ns

    Location             Delay type                Incr(ns)  Path(ns)    Netlist Resource(s)
  -------------------------------------------------------------------    -------------------
                         (clock ap_clk rise edge)     0.000     0.000 r  
                                                      0.000     0.000 r  ap_clk (IN)
                         net (fo=11141, unset)        0.973     0.973    ap_clk
    SLICE_X90Y54         FDRE                                         r  ap_enable_reg_pp1_iter1_reg_rep__1_replica_1/C
  -------------------------------------------------------------------    -------------------
    SLICE_X90Y54         FDRE (Prop_fdre_C_Q)         0.518     1.491 r  ap_enable_reg_pp1_iter1_reg_rep__1_replica_1/Q
                         net (fo=29, routed)          0.900     2.391    mul_15s_16s_31_1_1_U20/fir_multiband_mul_15s_16s_31_1_1_Multiplier_0_U/ap_enable_reg_pp1_iter1_reg_rep__1_n_0_repN_1_alias
    SLICE_X91Y52         LUT4 (Prop_lut4_I0_O)        0.124     2.515 r  mul_15s_16s_31_1_1_U20/fir_multiband_mul_15s_16s_31_1_1_Multiplier_0_U/p_i_31__24/O
                         net (fo=1, routed)           0.529     3.044    mul_15s_16s_31_1_1_U20/fir_multiband_mul_15s_16s_31_1_1_Multiplier_0_U/p_i_31__24_n_0
    DSP48_X3Y20          DSP48E1 (Prop_dsp48e1_A[0]_P[25])
                                                      3.841     6.885 r  mul_15s_16s_31_1_1_U20/fir_multiband_mul_15s_16s_31_1_1_Multiplier_0_U/p/P[25]
                         net (fo=1, routed)           2.439     9.324    mul_15s_16s_31_1_1_U20_n_5
    DSP48_X2Y12          DSP48E1                                      r  reg_23322_reg/C[25]
  -------------------------------------------------------------------    -------------------

                         (clock ap_clk rise edge)    11.765    11.765 r  
                                                      0.000    11.765 r  ap_clk (IN)
                         net (fo=11141, unset)        0.924    12.689    ap_clk
    DSP48_X2Y12          DSP48E1                                      r  reg_23322_reg/CLK
                         clock pessimism              0.000    12.689    
                         clock uncertainty           -0.035    12.654    
    DSP48_X2Y12          DSP48E1 (Setup_dsp48e1_CLK_C[25])
                                                     -1.701    10.953    reg_23322_reg
  -------------------------------------------------------------------
                         required time                         10.953    
                         arrival time                          -9.324    
  -------------------------------------------------------------------
                         slack                                  1.629    

Slack (MET) :             1.629ns  (required time - arrival time)
  Source:                 ap_enable_reg_pp1_iter1_reg_rep__1_replica_1/C
                            (rising edge-triggered cell FDRE clocked by ap_clk  {rise@0.000ns fall@5.883ns period=11.765ns})
  Destination:            reg_23322_reg/C[1]
                            (rising edge-triggered cell DSP48E1 clocked by ap_clk  {rise@0.000ns fall@5.883ns period=11.765ns})
  Path Group:             ap_clk
  Path Type:              Setup (Max at Slow Process Corner)
  Requirement:            11.765ns  (ap_clk rise@11.765ns - ap_clk rise@0.000ns)
  Data Path Delay:        8.351ns  (logic 4.483ns (53.684%)  route 3.868ns (46.316%))
  Logic Levels:           2  (DSP48E1=1 LUT4=1)
  Clock Path Skew:        -0.049ns (DCD - SCD + CPR)
    Destination Clock Delay (DCD):    0.924ns = ( 12.689 - 11.765 ) 
    Source Clock Delay      (SCD):    0.973ns
    Clock Pessimism Removal (CPR):    0.000ns
  Clock Uncertainty:      0.035ns  ((TSJ^2 + TIJ^2)^1/2 + DJ) / 2 + PE
    Total System Jitter     (TSJ):    0.071ns
    Total Input Jitter      (TIJ):    0.000ns
    Discrete Jitter          (DJ):    0.000ns
    Phase Error              (PE):    0.000ns

    Location             Delay type                Incr(ns)  Path(ns)    Netlist Resource(s)
  -------------------------------------------------------------------    -------------------
                         (clock ap_clk rise edge)     0.000     0.000 r  
                                                      0.000     0.000 r  ap_clk (IN)
                         net (fo=11141, unset)        0.973     0.973    ap_clk
    SLICE_X90Y54         FDRE                                         r  ap_enable_reg_pp1_iter1_reg_rep__1_replica_1/C
  -------------------------------------------------------------------    -------------------
    SLICE_X90Y54         FDRE (Prop_fdre_C_Q)         0.518     1.491 r  ap_enable_reg_pp1_iter1_reg_rep__1_replica_1/Q
                         net (fo=29, routed)          0.900     2.391    mul_15s_16s_31_1_1_U20/fir_multiband_mul_15s_16s_31_1_1_Multiplier_0_U/ap_enable_reg_pp1_iter1_reg_rep__1_n_0_repN_1_alias
    SLICE_X91Y52         LUT4 (Prop_lut4_I0_O)        0.124     2.515 r  mul_15s_16s_31_1_1_U20/fir_multiband_mul_15s_16s_31_1_1_Multiplier_0_U/p_i_31__24/O
                         net (fo=1, routed)           0.529     3.044    mul_15s_16s_31_1_1_U20/fir_multiband_mul_15s_16s_31_1_1_Multiplier_0_U/p_i_31__24_n_0
    DSP48_X3Y20          DSP48E1 (Prop_dsp48e1_A[0]_P[1])
                                                      3.841     6.885 r  mul_15s_16s_31_1_1_U20/fir_multiband_mul_15s_16s_31_1_1_Multiplier_0_U/p/P[1]
                         net (fo=1, routed)           2.439     9.324    mul_15s_16s_31_1_1_U20_n_29
    DSP48_X2Y12          DSP48E1                                      r  reg_23322_reg/C[1]
  -------------------------------------------------------------------    -------------------

                         (clock ap_clk rise edge)    11.765    11.765 r  
                                                      0.000    11.765 r  ap_clk (IN)
                         net (fo=11141, unset)        0.924    12.689    ap_clk
    DSP48_X2Y12          DSP48E1                                      r  reg_23322_reg/CLK
                         clock pessimism              0.000    12.689    
                         clock uncertainty           -0.035    12.654    
    DSP48_X2Y12          DSP48E1 (Setup_dsp48e1_CLK_C[1])
                                                     -1.701    10.953    reg_23322_reg
  -------------------------------------------------------------------
                         required time                         10.953    
                         arrival time                          -9.324    
  -------------------------------------------------------------------
                         slack                                  1.629    

Slack (MET) :             1.632ns  (required time - arrival time)
  Source:                 ap_enable_reg_pp1_iter1_reg_rep__1_replica_1/C
                            (rising edge-triggered cell FDRE clocked by ap_clk  {rise@0.000ns fall@5.883ns period=11.765ns})
  Destination:            reg_23322_reg/C[5]
                            (rising edge-triggered cell DSP48E1 clocked by ap_clk  {rise@0.000ns fall@5.883ns period=11.765ns})
  Path Group:             ap_clk
  Path Type:              Setup (Max at Slow Process Corner)
  Requirement:            11.765ns  (ap_clk rise@11.765ns - ap_clk rise@0.000ns)
  Data Path Delay:        8.348ns  (logic 4.483ns (53.699%)  route 3.865ns (46.301%))
  Logic Levels:           2  (DSP48E1=1 LUT4=1)
  Clock Path Skew:        -0.049ns (DCD - SCD + CPR)
    Destination Clock Delay (DCD):    0.924ns = ( 12.689 - 11.765 ) 
    Source Clock Delay      (SCD):    0.973ns
    Clock Pessimism Removal (CPR):    0.000ns
  Clock Uncertainty:      0.035ns  ((TSJ^2 + TIJ^2)^1/2 + DJ) / 2 + PE
    Total System Jitter     (TSJ):    0.071ns
    Total Input Jitter      (TIJ):    0.000ns
    Discrete Jitter          (DJ):    0.000ns
    Phase Error              (PE):    0.000ns

    Location             Delay type                Incr(ns)  Path(ns)    Netlist Resource(s)
  -------------------------------------------------------------------    -------------------
                         (clock ap_clk rise edge)     0.000     0.000 r  
                                                      0.000     0.000 r  ap_clk (IN)
                         net (fo=11141, unset)        0.973     0.973    ap_clk
    SLICE_X90Y54         FDRE                                         r  ap_enable_reg_pp1_iter1_reg_rep__1_replica_1/C
  -------------------------------------------------------------------    -------------------
    SLICE_X90Y54         FDRE (Prop_fdre_C_Q)         0.518     1.491 r  ap_enable_reg_pp1_iter1_reg_rep__1_replica_1/Q
                         net (fo=29, routed)          0.900     2.391    mul_15s_16s_31_1_1_U20/fir_multiband_mul_15s_16s_31_1_1_Multiplier_0_U/ap_enable_reg_pp1_iter1_reg_rep__1_n_0_repN_1_alias
    SLICE_X91Y52         LUT4 (Prop_lut4_I0_O)        0.124     2.515 r  mul_15s_16s_31_1_1_U20/fir_multiband_mul_15s_16s_31_1_1_Multiplier_0_U/p_i_31__24/O
                         net (fo=1, routed)           0.529     3.044    mul_15s_16s_31_1_1_U20/fir_multiband_mul_15s_16s_31_1_1_Multiplier_0_U/p_i_31__24_n_0
    DSP48_X3Y20          DSP48E1 (Prop_dsp48e1_A[0]_P[5])
                                                      3.841     6.885 r  mul_15s_16s_31_1_1_U20/fir_multiband_mul_15s_16s_31_1_1_Multiplier_0_U/p/P[5]
                         net (fo=1, routed)           2.437     9.321    mul_15s_16s_31_1_1_U20_n_25
    DSP48_X2Y12          DSP48E1                                      r  reg_23322_reg/C[5]
  -------------------------------------------------------------------    -------------------

                         (clock ap_clk rise edge)    11.765    11.765 r  
                                                      0.000    11.765 r  ap_clk (IN)
                         net (fo=11141, unset)        0.924    12.689    ap_clk
    DSP48_X2Y12          DSP48E1                                      r  reg_23322_reg/CLK
                         clock pessimism              0.000    12.689    
                         clock uncertainty           -0.035    12.654    
    DSP48_X2Y12          DSP48E1 (Setup_dsp48e1_CLK_C[5])
                                                     -1.701    10.953    reg_23322_reg
  -------------------------------------------------------------------
                         required time                         10.953    
                         arrival time                          -9.321    
  -------------------------------------------------------------------
                         slack                                  1.632    

Slack (MET) :             1.659ns  (required time - arrival time)
  Source:                 ap_enable_reg_pp1_iter1_reg_rep__1_replica_1/C
                            (rising edge-triggered cell FDRE clocked by ap_clk  {rise@0.000ns fall@5.883ns period=11.765ns})
  Destination:            reg_23322_reg/C[22]
                            (rising edge-triggered cell DSP48E1 clocked by ap_clk  {rise@0.000ns fall@5.883ns period=11.765ns})
  Path Group:             ap_clk
  Path Type:              Setup (Max at Slow Process Corner)
  Requirement:            11.765ns  (ap_clk rise@11.765ns - ap_clk rise@0.000ns)
  Data Path Delay:        8.321ns  (logic 4.483ns (53.878%)  route 3.838ns (46.122%))
  Logic Levels:           2  (DSP48E1=1 LUT4=1)
  Clock Path Skew:        -0.049ns (DCD - SCD + CPR)
    Destination Clock Delay (DCD):    0.924ns = ( 12.689 - 11.765 ) 
    Source Clock Delay      (SCD):    0.973ns
    Clock Pessimism Removal (CPR):    0.000ns
  Clock Uncertainty:      0.035ns  ((TSJ^2 + TIJ^2)^1/2 + DJ) / 2 + PE
    Total System Jitter     (TSJ):    0.071ns
    Total Input Jitter      (TIJ):    0.000ns
    Discrete Jitter          (DJ):    0.000ns
    Phase Error              (PE):    0.000ns

    Location             Delay type                Incr(ns)  Path(ns)    Netlist Resource(s)
  -------------------------------------------------------------------    -------------------
                         (clock ap_clk rise edge)     0.000     0.000 r  
                                                      0.000     0.000 r  ap_clk (IN)
                         net (fo=11141, unset)        0.973     0.973    ap_clk
    SLICE_X90Y54         FDRE                                         r  ap_enable_reg_pp1_iter1_reg_rep__1_replica_1/C
  -------------------------------------------------------------------    -------------------
    SLICE_X90Y54         FDRE (Prop_fdre_C_Q)         0.518     1.491 r  ap_enable_reg_pp1_iter1_reg_rep__1_replica_1/Q
                         net (fo=29, routed)          0.900     2.391    mul_15s_16s_31_1_1_U20/fir_multiband_mul_15s_16s_31_1_1_Multiplier_0_U/ap_enable_reg_pp1_iter1_reg_rep__1_n_0_repN_1_alias
    SLICE_X91Y52         LUT4 (Prop_lut4_I0_O)        0.124     2.515 r  mul_15s_16s_31_1_1_U20/fir_multiband_mul_15s_16s_31_1_1_Multiplier_0_U/p_i_31__24/O
                         net (fo=1, routed)           0.529     3.044    mul_15s_16s_31_1_1_U20/fir_multiband_mul_15s_16s_31_1_1_Multiplier_0_U/p_i_31__24_n_0
    DSP48_X3Y20          DSP48E1 (Prop_dsp48e1_A[0]_P[22])
                                                      3.841     6.885 r  mul_15s_16s_31_1_1_U20/fir_multiband_mul_15s_16s_31_1_1_Multiplier_0_U/p/P[22]
                         net (fo=1, routed)           2.409     9.294    mul_15s_16s_31_1_1_U20_n_8
    DSP48_X2Y12          DSP48E1                                      r  reg_23322_reg/C[22]
  -------------------------------------------------------------------    -------------------

                         (clock ap_clk rise edge)    11.765    11.765 r  
                                                      0.000    11.765 r  ap_clk (IN)
                         net (fo=11141, unset)        0.924    12.689    ap_clk
    DSP48_X2Y12          DSP48E1                                      r  reg_23322_reg/CLK
                         clock pessimism              0.000    12.689    
                         clock uncertainty           -0.035    12.654    
    DSP48_X2Y12          DSP48E1 (Setup_dsp48e1_CLK_C[22])
                                                     -1.701    10.953    reg_23322_reg
  -------------------------------------------------------------------
                         required time                         10.953    
                         arrival time                          -9.294    
  -------------------------------------------------------------------
                         slack                                  1.659    

Slack (MET) :             1.672ns  (required time - arrival time)
  Source:                 ap_enable_reg_pp1_iter1_reg_rep__1_replica_1/C
                            (rising edge-triggered cell FDRE clocked by ap_clk  {rise@0.000ns fall@5.883ns period=11.765ns})
  Destination:            reg_23322_reg/C[9]
                            (rising edge-triggered cell DSP48E1 clocked by ap_clk  {rise@0.000ns fall@5.883ns period=11.765ns})
  Path Group:             ap_clk
  Path Type:              Setup (Max at Slow Process Corner)
  Requirement:            11.765ns  (ap_clk rise@11.765ns - ap_clk rise@0.000ns)
  Data Path Delay:        8.308ns  (logic 4.483ns (53.957%)  route 3.825ns (46.043%))
  Logic Levels:           2  (DSP48E1=1 LUT4=1)
  Clock Path Skew:        -0.049ns (DCD - SCD + CPR)
    Destination Clock Delay (DCD):    0.924ns = ( 12.689 - 11.765 ) 
    Source Clock Delay      (SCD):    0.973ns
    Clock Pessimism Removal (CPR):    0.000ns
  Clock Uncertainty:      0.035ns  ((TSJ^2 + TIJ^2)^1/2 + DJ) / 2 + PE
    Total System Jitter     (TSJ):    0.071ns
    Total Input Jitter      (TIJ):    0.000ns
    Discrete Jitter          (DJ):    0.000ns
    Phase Error              (PE):    0.000ns

    Location             Delay type                Incr(ns)  Path(ns)    Netlist Resource(s)
  -------------------------------------------------------------------    -------------------
                         (clock ap_clk rise edge)     0.000     0.000 r  
                                                      0.000     0.000 r  ap_clk (IN)
                         net (fo=11141, unset)        0.973     0.973    ap_clk
    SLICE_X90Y54         FDRE                                         r  ap_enable_reg_pp1_iter1_reg_rep__1_replica_1/C
  -------------------------------------------------------------------    -------------------
    SLICE_X90Y54         FDRE (Prop_fdre_C_Q)         0.518     1.491 r  ap_enable_reg_pp1_iter1_reg_rep__1_replica_1/Q
                         net (fo=29, routed)          0.900     2.391    mul_15s_16s_31_1_1_U20/fir_multiband_mul_15s_16s_31_1_1_Multiplier_0_U/ap_enable_reg_pp1_iter1_reg_rep__1_n_0_repN_1_alias
    SLICE_X91Y52         LUT4 (Prop_lut4_I0_O)        0.124     2.515 r  mul_15s_16s_31_1_1_U20/fir_multiband_mul_15s_16s_31_1_1_Multiplier_0_U/p_i_31__24/O
                         net (fo=1, routed)           0.529     3.044    mul_15s_16s_31_1_1_U20/fir_multiband_mul_15s_16s_31_1_1_Multiplier_0_U/p_i_31__24_n_0
    DSP48_X3Y20          DSP48E1 (Prop_dsp48e1_A[0]_P[9])
                                                      3.841     6.885 r  mul_15s_16s_31_1_1_U20/fir_multiband_mul_15s_16s_31_1_1_Multiplier_0_U/p/P[9]
                         net (fo=1, routed)           2.397     9.281    mul_15s_16s_31_1_1_U20_n_21
    DSP48_X2Y12          DSP48E1                                      r  reg_23322_reg/C[9]
  -------------------------------------------------------------------    -------------------

                         (clock ap_clk rise edge)    11.765    11.765 r  
                                                      0.000    11.765 r  ap_clk (IN)
                         net (fo=11141, unset)        0.924    12.689    ap_clk
    DSP48_X2Y12          DSP48E1                                      r  reg_23322_reg/CLK
                         clock pessimism              0.000    12.689    
                         clock uncertainty           -0.035    12.654    
    DSP48_X2Y12          DSP48E1 (Setup_dsp48e1_CLK_C[9])
                                                     -1.701    10.953    reg_23322_reg
  -------------------------------------------------------------------
                         required time                         10.953    
                         arrival time                          -9.281    
  -------------------------------------------------------------------
                         slack                                  1.672    

Slack (MET) :             1.699ns  (required time - arrival time)
  Source:                 ap_enable_reg_pp1_iter1_reg_rep__1_replica_1/C
                            (rising edge-triggered cell FDRE clocked by ap_clk  {rise@0.000ns fall@5.883ns period=11.765ns})
  Destination:            reg_23322_reg/C[19]
                            (rising edge-triggered cell DSP48E1 clocked by ap_clk  {rise@0.000ns fall@5.883ns period=11.765ns})
  Path Group:             ap_clk
  Path Type:              Setup (Max at Slow Process Corner)
  Requirement:            11.765ns  (ap_clk rise@11.765ns - ap_clk rise@0.000ns)
  Data Path Delay:        8.281ns  (logic 4.483ns (54.138%)  route 3.798ns (45.862%))
  Logic Levels:           2  (DSP48E1=1 LUT4=1)
  Clock Path Skew:        -0.049ns (DCD - SCD + CPR)
    Destination Clock Delay (DCD):    0.924ns = ( 12.689 - 11.765 ) 
    Source Clock Delay      (SCD):    0.973ns
    Clock Pessimism Removal (CPR):    0.000ns
  Clock Uncertainty:      0.035ns  ((TSJ^2 + TIJ^2)^1/2 + DJ) / 2 + PE
    Total System Jitter     (TSJ):    0.071ns
    Total Input Jitter      (TIJ):    0.000ns
    Discrete Jitter          (DJ):    0.000ns
    Phase Error              (PE):    0.000ns

    Location             Delay type                Incr(ns)  Path(ns)    Netlist Resource(s)
  -------------------------------------------------------------------    -------------------
                         (clock ap_clk rise edge)     0.000     0.000 r  
                                                      0.000     0.000 r  ap_clk (IN)
                         net (fo=11141, unset)        0.973     0.973    ap_clk
    SLICE_X90Y54         FDRE                                         r  ap_enable_reg_pp1_iter1_reg_rep__1_replica_1/C
  -------------------------------------------------------------------    -------------------
    SLICE_X90Y54         FDRE (Prop_fdre_C_Q)         0.518     1.491 r  ap_enable_reg_pp1_iter1_reg_rep__1_replica_1/Q
                         net (fo=29, routed)          0.900     2.391    mul_15s_16s_31_1_1_U20/fir_multiband_mul_15s_16s_31_1_1_Multiplier_0_U/ap_enable_reg_pp1_iter1_reg_rep__1_n_0_repN_1_alias
    SLICE_X91Y52         LUT4 (Prop_lut4_I0_O)        0.124     2.515 r  mul_15s_16s_31_1_1_U20/fir_multiband_mul_15s_16s_31_1_1_Multiplier_0_U/p_i_31__24/O
                         net (fo=1, routed)           0.529     3.044    mul_15s_16s_31_1_1_U20/fir_multiband_mul_15s_16s_31_1_1_Multiplier_0_U/p_i_31__24_n_0
    DSP48_X3Y20          DSP48E1 (Prop_dsp48e1_A[0]_P[19])
                                                      3.841     6.885 r  mul_15s_16s_31_1_1_U20/fir_multiband_mul_15s_16s_31_1_1_Multiplier_0_U/p/P[19]
                         net (fo=1, routed)           2.369     9.254    mul_15s_16s_31_1_1_U20_n_11
    DSP48_X2Y12          DSP48E1                                      r  reg_23322_reg/C[19]
  -------------------------------------------------------------------    -------------------

                         (clock ap_clk rise edge)    11.765    11.765 r  
                                                      0.000    11.765 r  ap_clk (IN)
                         net (fo=11141, unset)        0.924    12.689    ap_clk
    DSP48_X2Y12          DSP48E1                                      r  reg_23322_reg/CLK
                         clock pessimism              0.000    12.689    
                         clock uncertainty           -0.035    12.654    
    DSP48_X2Y12          DSP48E1 (Setup_dsp48e1_CLK_C[19])
                                                     -1.701    10.953    reg_23322_reg
  -------------------------------------------------------------------
                         required time                         10.953    
                         arrival time                          -9.254    
  -------------------------------------------------------------------
                         slack                                  1.699    

Slack (MET) :             1.705ns  (required time - arrival time)
  Source:                 ap_enable_reg_pp1_iter1_reg_rep__1_replica_1/C
                            (rising edge-triggered cell FDRE clocked by ap_clk  {rise@0.000ns fall@5.883ns period=11.765ns})
  Destination:            reg_23322_reg/C[11]
                            (rising edge-triggered cell DSP48E1 clocked by ap_clk  {rise@0.000ns fall@5.883ns period=11.765ns})
  Path Group:             ap_clk
  Path Type:              Setup (Max at Slow Process Corner)
  Requirement:            11.765ns  (ap_clk rise@11.765ns - ap_clk rise@0.000ns)
  Data Path Delay:        8.275ns  (logic 4.483ns (54.173%)  route 3.792ns (45.827%))
  Logic Levels:           2  (DSP48E1=1 LUT4=1)
  Clock Path Skew:        -0.049ns (DCD - SCD + CPR)
    Destination Clock Delay (DCD):    0.924ns = ( 12.689 - 11.765 ) 
    Source Clock Delay      (SCD):    0.973ns
    Clock Pessimism Removal (CPR):    0.000ns
  Clock Uncertainty:      0.035ns  ((TSJ^2 + TIJ^2)^1/2 + DJ) / 2 + PE
    Total System Jitter     (TSJ):    0.071ns
    Total Input Jitter      (TIJ):    0.000ns
    Discrete Jitter          (DJ):    0.000ns
    Phase Error              (PE):    0.000ns

    Location             Delay type                Incr(ns)  Path(ns)    Netlist Resource(s)
  -------------------------------------------------------------------    -------------------
                         (clock ap_clk rise edge)     0.000     0.000 r  
                                                      0.000     0.000 r  ap_clk (IN)
                         net (fo=11141, unset)        0.973     0.973    ap_clk
    SLICE_X90Y54         FDRE                                         r  ap_enable_reg_pp1_iter1_reg_rep__1_replica_1/C
  -------------------------------------------------------------------    -------------------
    SLICE_X90Y54         FDRE (Prop_fdre_C_Q)         0.518     1.491 r  ap_enable_reg_pp1_iter1_reg_rep__1_replica_1/Q
                         net (fo=29, routed)          0.900     2.391    mul_15s_16s_31_1_1_U20/fir_multiband_mul_15s_16s_31_1_1_Multiplier_0_U/ap_enable_reg_pp1_iter1_reg_rep__1_n_0_repN_1_alias
    SLICE_X91Y52         LUT4 (Prop_lut4_I0_O)        0.124     2.515 r  mul_15s_16s_31_1_1_U20/fir_multiband_mul_15s_16s_31_1_1_Multiplier_0_U/p_i_31__24/O
                         net (fo=1, routed)           0.529     3.044    mul_15s_16s_31_1_1_U20/fir_multiband_mul_15s_16s_31_1_1_Multiplier_0_U/p_i_31__24_n_0
    DSP48_X3Y20          DSP48E1 (Prop_dsp48e1_A[0]_P[11])
                                                      3.841     6.885 r  mul_15s_16s_31_1_1_U20/fir_multiband_mul_15s_16s_31_1_1_Multiplier_0_U/p/P[11]
                         net (fo=1, routed)           2.364     9.248    mul_15s_16s_31_1_1_U20_n_19
    DSP48_X2Y12          DSP48E1                                      r  reg_23322_reg/C[11]
  -------------------------------------------------------------------    -------------------

                         (clock ap_clk rise edge)    11.765    11.765 r  
                                                      0.000    11.765 r  ap_clk (IN)
                         net (fo=11141, unset)        0.924    12.689    ap_clk
    DSP48_X2Y12          DSP48E1                                      r  reg_23322_reg/CLK
                         clock pessimism              0.000    12.689    
                         clock uncertainty           -0.035    12.654    
    DSP48_X2Y12          DSP48E1 (Setup_dsp48e1_CLK_C[11])
                                                     -1.701    10.953    reg_23322_reg
  -------------------------------------------------------------------
                         required time                         10.953    
                         arrival time                          -9.248    
  -------------------------------------------------------------------
                         slack                                  1.705    

Slack (MET) :             1.705ns  (required time - arrival time)
  Source:                 ap_enable_reg_pp1_iter1_reg_rep__1_replica_1/C
                            (rising edge-triggered cell FDRE clocked by ap_clk  {rise@0.000ns fall@5.883ns period=11.765ns})
  Destination:            reg_23322_reg/C[15]
                            (rising edge-triggered cell DSP48E1 clocked by ap_clk  {rise@0.000ns fall@5.883ns period=11.765ns})
  Path Group:             ap_clk
  Path Type:              Setup (Max at Slow Process Corner)
  Requirement:            11.765ns  (ap_clk rise@11.765ns - ap_clk rise@0.000ns)
  Data Path Delay:        8.275ns  (logic 4.483ns (54.173%)  route 3.792ns (45.827%))
  Logic Levels:           2  (DSP48E1=1 LUT4=1)
  Clock Path Skew:        -0.049ns (DCD - SCD + CPR)
    Destination Clock Delay (DCD):    0.924ns = ( 12.689 - 11.765 ) 
    Source Clock Delay      (SCD):    0.973ns
    Clock Pessimism Removal (CPR):    0.000ns
  Clock Uncertainty:      0.035ns  ((TSJ^2 + TIJ^2)^1/2 + DJ) / 2 + PE
    Total System Jitter     (TSJ):    0.071ns
    Total Input Jitter      (TIJ):    0.000ns
    Discrete Jitter          (DJ):    0.000ns
    Phase Error              (PE):    0.000ns

    Location             Delay type                Incr(ns)  Path(ns)    Netlist Resource(s)
  -------------------------------------------------------------------    -------------------
                         (clock ap_clk rise edge)     0.000     0.000 r  
                                                      0.000     0.000 r  ap_clk (IN)
                         net (fo=11141, unset)        0.973     0.973    ap_clk
    SLICE_X90Y54         FDRE                                         r  ap_enable_reg_pp1_iter1_reg_rep__1_replica_1/C
  -------------------------------------------------------------------    -------------------
    SLICE_X90Y54         FDRE (Prop_fdre_C_Q)         0.518     1.491 r  ap_enable_reg_pp1_iter1_reg_rep__1_replica_1/Q
                         net (fo=29, routed)          0.900     2.391    mul_15s_16s_31_1_1_U20/fir_multiband_mul_15s_16s_31_1_1_Multiplier_0_U/ap_enable_reg_pp1_iter1_reg_rep__1_n_0_repN_1_alias
    SLICE_X91Y52         LUT4 (Prop_lut4_I0_O)        0.124     2.515 r  mul_15s_16s_31_1_1_U20/fir_multiband_mul_15s_16s_31_1_1_Multiplier_0_U/p_i_31__24/O
                         net (fo=1, routed)           0.529     3.044    mul_15s_16s_31_1_1_U20/fir_multiband_mul_15s_16s_31_1_1_Multiplier_0_U/p_i_31__24_n_0
    DSP48_X3Y20          DSP48E1 (Prop_dsp48e1_A[0]_P[15])
                                                      3.841     6.885 r  mul_15s_16s_31_1_1_U20/fir_multiband_mul_15s_16s_31_1_1_Multiplier_0_U/p/P[15]
                         net (fo=1, routed)           2.364     9.248    mul_15s_16s_31_1_1_U20_n_15
    DSP48_X2Y12          DSP48E1                                      r  reg_23322_reg/C[15]
  -------------------------------------------------------------------    -------------------

                         (clock ap_clk rise edge)    11.765    11.765 r  
                                                      0.000    11.765 r  ap_clk (IN)
                         net (fo=11141, unset)        0.924    12.689    ap_clk
    DSP48_X2Y12          DSP48E1                                      r  reg_23322_reg/CLK
                         clock pessimism              0.000    12.689    
                         clock uncertainty           -0.035    12.654    
    DSP48_X2Y12          DSP48E1 (Setup_dsp48e1_CLK_C[15])
                                                     -1.701    10.953    reg_23322_reg
  -------------------------------------------------------------------
                         required time                         10.953    
                         arrival time                          -9.248    
  -------------------------------------------------------------------
                         slack                                  1.705    

Slack (MET) :             1.705ns  (required time - arrival time)
  Source:                 ap_enable_reg_pp1_iter1_reg_rep__1_replica_1/C
                            (rising edge-triggered cell FDRE clocked by ap_clk  {rise@0.000ns fall@5.883ns period=11.765ns})
  Destination:            reg_23322_reg/C[27]
                            (rising edge-triggered cell DSP48E1 clocked by ap_clk  {rise@0.000ns fall@5.883ns period=11.765ns})
  Path Group:             ap_clk
  Path Type:              Setup (Max at Slow Process Corner)
  Requirement:            11.765ns  (ap_clk rise@11.765ns - ap_clk rise@0.000ns)
  Data Path Delay:        8.275ns  (logic 4.483ns (54.173%)  route 3.792ns (45.827%))
  Logic Levels:           2  (DSP48E1=1 LUT4=1)
  Clock Path Skew:        -0.049ns (DCD - SCD + CPR)
    Destination Clock Delay (DCD):    0.924ns = ( 12.689 - 11.765 ) 
    Source Clock Delay      (SCD):    0.973ns
    Clock Pessimism Removal (CPR):    0.000ns
  Clock Uncertainty:      0.035ns  ((TSJ^2 + TIJ^2)^1/2 + DJ) / 2 + PE
    Total System Jitter     (TSJ):    0.071ns
    Total Input Jitter      (TIJ):    0.000ns
    Discrete Jitter          (DJ):    0.000ns
    Phase Error              (PE):    0.000ns

    Location             Delay type                Incr(ns)  Path(ns)    Netlist Resource(s)
  -------------------------------------------------------------------    -------------------
                         (clock ap_clk rise edge)     0.000     0.000 r  
                                                      0.000     0.000 r  ap_clk (IN)
                         net (fo=11141, unset)        0.973     0.973    ap_clk
    SLICE_X90Y54         FDRE                                         r  ap_enable_reg_pp1_iter1_reg_rep__1_replica_1/C
  -------------------------------------------------------------------    -------------------
    SLICE_X90Y54         FDRE (Prop_fdre_C_Q)         0.518     1.491 r  ap_enable_reg_pp1_iter1_reg_rep__1_replica_1/Q
                         net (fo=29, routed)          0.900     2.391    mul_15s_16s_31_1_1_U20/fir_multiband_mul_15s_16s_31_1_1_Multiplier_0_U/ap_enable_reg_pp1_iter1_reg_rep__1_n_0_repN_1_alias
    SLICE_X91Y52         LUT4 (Prop_lut4_I0_O)        0.124     2.515 r  mul_15s_16s_31_1_1_U20/fir_multiband_mul_15s_16s_31_1_1_Multiplier_0_U/p_i_31__24/O
                         net (fo=1, routed)           0.529     3.044    mul_15s_16s_31_1_1_U20/fir_multiband_mul_15s_16s_31_1_1_Multiplier_0_U/p_i_31__24_n_0
    DSP48_X3Y20          DSP48E1 (Prop_dsp48e1_A[0]_P[27])
                                                      3.841     6.885 r  mul_15s_16s_31_1_1_U20/fir_multiband_mul_15s_16s_31_1_1_Multiplier_0_U/p/P[27]
                         net (fo=1, routed)           2.364     9.248    mul_15s_16s_31_1_1_U20_n_3
    DSP48_X2Y12          DSP48E1                                      r  reg_23322_reg/C[27]
  -------------------------------------------------------------------    -------------------

                         (clock ap_clk rise edge)    11.765    11.765 r  
                                                      0.000    11.765 r  ap_clk (IN)
                         net (fo=11141, unset)        0.924    12.689    ap_clk
    DSP48_X2Y12          DSP48E1                                      r  reg_23322_reg/CLK
                         clock pessimism              0.000    12.689    
                         clock uncertainty           -0.035    12.654    
    DSP48_X2Y12          DSP48E1 (Setup_dsp48e1_CLK_C[27])
                                                     -1.701    10.953    reg_23322_reg
  -------------------------------------------------------------------
                         required time                         10.953    
                         arrival time                          -9.248    
  -------------------------------------------------------------------
                         slack                                  1.705    





Pulse Width Checks
--------------------------------------------------------------------------------------
Clock Name:         ap_clk
Waveform(ns):       { 0.000 5.883 }
Period(ns):         11.765
Sources:            { ap_clk }

Check Type        Corner  Lib Pin             Reference Pin  Required(ns)  Actual(ns)  Slack(ns)  Location      Pin
Min Period        n/a     DSP48E1/CLK         n/a            3.884         11.765      7.881      DSP48_X2Y39   mul_49s_24s_72_5_1_U97/fir_multiband_mul_49s_24s_72_5_1_Multiplier_2_U/buff0_reg/CLK
Min Period        n/a     DSP48E1/CLK         n/a            3.687         11.765      8.078      DSP48_X1Y9    reg_23172_reg/CLK
Min Period        n/a     DSP48E1/CLK         n/a            3.687         11.765      8.078      DSP48_X2Y17   reg_23298_reg/CLK
Min Period        n/a     DSP48E1/CLK         n/a            3.687         11.765      8.078      DSP48_X4Y24   reg_23250_reg/CLK
Min Period        n/a     DSP48E1/CLK         n/a            3.687         11.765      8.078      DSP48_X2Y20   reg_23314_reg/CLK
Min Period        n/a     DSP48E1/CLK         n/a            3.687         11.765      8.078      DSP48_X2Y38   reg_23330_reg/CLK
Min Period        n/a     RAMB18E1/CLKARDCLK  n/a            2.944         11.765      8.821      RAMB18_X2Y29  hist_V_0_U/fir_multiband_hist_V_4_ram_U/ram_reg/CLKARDCLK
Min Period        n/a     RAMB18E1/CLKBWRCLK  n/a            2.944         11.765      8.821      RAMB18_X2Y29  hist_V_0_U/fir_multiband_hist_V_4_ram_U/ram_reg/CLKBWRCLK
Min Period        n/a     RAMB18E1/CLKARDCLK  n/a            2.944         11.765      8.821      RAMB18_X2Y21  hist_V_1_U/fir_multiband_hist_V_4_ram_U/ram_reg/CLKARDCLK
Min Period        n/a     RAMB18E1/CLKBWRCLK  n/a            2.944         11.765      8.821      RAMB18_X2Y21  hist_V_1_U/fir_multiband_hist_V_4_ram_U/ram_reg/CLKBWRCLK
Low Pulse Width   Fast    SRL16E/CLK          n/a            0.980         5.882       4.902      SLICE_X36Y72  p_Val2_8_reg_47357_pp2_iter7_reg_reg[0]_srl6/CLK
Low Pulse Width   Fast    SRL16E/CLK          n/a            0.980         5.882       4.902      SLICE_X36Y76  p_Val2_8_reg_47357_pp2_iter7_reg_reg[10]_srl6/CLK
Low Pulse Width   Fast    SRL16E/CLK          n/a            0.980         5.882       4.902      SLICE_X36Y76  p_Val2_8_reg_47357_pp2_iter7_reg_reg[11]_srl6/CLK
Low Pulse Width   Fast    SRL16E/CLK          n/a            0.980         5.882       4.902      SLICE_X36Y76  p_Val2_8_reg_47357_pp2_iter7_reg_reg[12]_srl6/CLK
Low Pulse Width   Fast    SRL16E/CLK          n/a            0.980         5.882       4.902      SLICE_X36Y76  p_Val2_8_reg_47357_pp2_iter7_reg_reg[13]_srl6/CLK
Low Pulse Width   Fast    SRL16E/CLK          n/a            0.980         5.882       4.902      SLICE_X36Y76  p_Val2_8_reg_47357_pp2_iter7_reg_reg[14]_srl6/CLK
Low Pulse Width   Fast    SRL16E/CLK          n/a            0.980         5.882       4.902      SLICE_X36Y76  p_Val2_8_reg_47357_pp2_iter7_reg_reg[15]_srl6/CLK
Low Pulse Width   Fast    SRL16E/CLK          n/a            0.980         5.882       4.902      SLICE_X34Y78  p_Val2_8_reg_47357_pp2_iter7_reg_reg[16]_srl6/CLK
Low Pulse Width   Fast    SRL16E/CLK          n/a            0.980         5.882       4.902      SLICE_X34Y78  p_Val2_8_reg_47357_pp2_iter7_reg_reg[17]_srl6/CLK
Low Pulse Width   Fast    SRL16E/CLK          n/a            0.980         5.882       4.902      SLICE_X34Y78  p_Val2_8_reg_47357_pp2_iter7_reg_reg[18]_srl6/CLK
High Pulse Width  Slow    SRL16E/CLK          n/a            0.980         5.883       4.903      SLICE_X36Y72  p_Val2_8_reg_47357_pp2_iter7_reg_reg[0]_srl6/CLK
High Pulse Width  Fast    SRL16E/CLK          n/a            0.980         5.883       4.903      SLICE_X36Y72  p_Val2_8_reg_47357_pp2_iter7_reg_reg[0]_srl6/CLK
High Pulse Width  Slow    SRL16E/CLK          n/a            0.980         5.883       4.903      SLICE_X36Y76  p_Val2_8_reg_47357_pp2_iter7_reg_reg[10]_srl6/CLK
High Pulse Width  Fast    SRL16E/CLK          n/a            0.980         5.883       4.903      SLICE_X36Y76  p_Val2_8_reg_47357_pp2_iter7_reg_reg[10]_srl6/CLK
High Pulse Width  Slow    SRL16E/CLK          n/a            0.980         5.883       4.903      SLICE_X36Y76  p_Val2_8_reg_47357_pp2_iter7_reg_reg[11]_srl6/CLK
High Pulse Width  Fast    SRL16E/CLK          n/a            0.980         5.883       4.903      SLICE_X36Y76  p_Val2_8_reg_47357_pp2_iter7_reg_reg[11]_srl6/CLK
High Pulse Width  Slow    SRL16E/CLK          n/a            0.980         5.883       4.903      SLICE_X36Y76  p_Val2_8_reg_47357_pp2_iter7_reg_reg[12]_srl6/CLK
High Pulse Width  Fast    SRL16E/CLK          n/a            0.980         5.883       4.903      SLICE_X36Y76  p_Val2_8_reg_47357_pp2_iter7_reg_reg[12]_srl6/CLK
High Pulse Width  Slow    SRL16E/CLK          n/a            0.980         5.883       4.903      SLICE_X36Y76  p_Val2_8_reg_47357_pp2_iter7_reg_reg[13]_srl6/CLK
High Pulse Width  Fast    SRL16E/CLK          n/a            0.980         5.883       4.903      SLICE_X36Y76  p_Val2_8_reg_47357_pp2_iter7_reg_reg[13]_srl6/CLK




# �?报告甡� build/hls/report_alt_clock.tcl 生成�?
# 打开布线后的 checkpoint，把 ap_clk 周期改成 11.764705882352942 ns�?85 MHz）后重算�?
# 布线�? timing_impl.rpt 那一份完全相同，�?有�?�求时间不同�?
