Copyright 1986-2020 Xilinx, Inc. All Rights Reserved.
--------------------------------------------------------------------------------------------------------------------------------------------------------------------
| Tool Version : Vivado v.2020.2 (win64) Build 3064766 Wed Nov 18 09:12:45 MST 2020
| Date         : Wed Sep 30 18:03:33 2026
| Host         : yu running 64-bit major release  (build 9200)
| Command      : report_timing_summary -delay_type max -max_paths 10 -file D:/pynq-multiband-audio-accel/build/hls/reports/v14_sub_n193_mul96_impl/timing_synth.rpt
| Design       : fir_multiband
| Device       : 7z020-clg400
| Speed File   : -1  PRODUCTION 1.12 2019-11-22
--------------------------------------------------------------------------------------------------------------------------------------------------------------------

Timing Summary Report

------------------------------------------------------------------------------------------------
| Timer Settings
| --------------
------------------------------------------------------------------------------------------------

  Enable Multi Corner Analysis               :  Yes
  Enable Pessimism Removal                   :  Yes
  Pessimism Removal Resolution               :  Nearest Common Node
  Enable Input Delay Default Clock           :  No
  Enable Preset / Clear Arcs                 :  No
  Disable Flight Delays                      :  No
  Ignore I/O Paths                           :  No
  Timing Early Launch at Borrowing Latches   :  No
  Borrow Time for Max Delay Exceptions       :  Yes
  Merge Timing Exceptions                    :  Yes

  Corner  Analyze    Analyze    
  Name    Max Paths  Min Paths  
  ------  ---------  ---------  
  Slow    Yes        Yes        
  Fast    Yes        Yes        



check_timing report

Table of Contents
-----------------
1. checking no_clock (0)
2. checking constant_clock (0)
3. checking pulse_width_clock (0)
4. checking unconstrained_internal_endpoints (0)
5. checking no_input_delay (178)
6. checking no_output_delay (28)
7. checking multiple_clock (0)
8. checking generated_clocks (0)
9. checking loops (0)
10. checking partial_input_delay (0)
11. checking partial_output_delay (0)
12. checking latch_loops (0)

1. checking no_clock (0)
------------------------
 There are 0 register/latch pins with no clock.


2. checking constant_clock (0)
------------------------------
 There are 0 register/latch pins with constant_clock.


3. checking pulse_width_clock (0)
---------------------------------
 There are 0 register/latch pins which need pulse_width check


4. checking unconstrained_internal_endpoints (0)
------------------------------------------------
 There are 0 pins that are not constrained for maximum delay.

 There are 0 pins that are not constrained for maximum delay due to constant clock.


5. checking no_input_delay (178)
--------------------------------
 There are 178 input ports with no input delay specified. (HIGH)

 There are 0 input ports with no input delay but user has a false path constraint.


6. checking no_output_delay (28)
--------------------------------
 There are 28 ports with no output delay specified. (HIGH)

 There are 0 ports with no output delay but user has a false path constraint

 There are 0 ports with no output delay but with a timing clock defined on it or propagating through it


7. checking multiple_clock (0)
------------------------------
 There are 0 register/latch pins with multiple clocks.


8. checking generated_clocks (0)
--------------------------------
 There are 0 generated clocks that are not connected to a clock source.


9. checking loops (0)
---------------------
 There are 0 combinational loops in the design.


10. checking partial_input_delay (0)
------------------------------------
 There are 0 input ports with partial input delay specified.


11. checking partial_output_delay (0)
-------------------------------------
 There are 0 ports with partial output delay specified.


12. checking latch_loops (0)
----------------------------
 There are 0 combinational latch loops in the design through latch input



------------------------------------------------------------------------------------------------
| Design Timing Summary
| ---------------------
------------------------------------------------------------------------------------------------

    WNS(ns)      TNS(ns)  TNS Failing Endpoints  TNS Total Endpoints     WPWS(ns)     TPWS(ns)  TPWS Failing Endpoints  TPWS Total Endpoints  
    -------      -------  ---------------------  -------------------     --------     --------  ----------------------  --------------------  
     -0.307       -1.229                      4                28376        4.020        0.000                       0                 10627  


Timing constraints are not met.


------------------------------------------------------------------------------------------------
| Clock Summary
| -------------
------------------------------------------------------------------------------------------------

Clock   Waveform(ns)       Period(ns)      Frequency(MHz)
-----   ------------       ----------      --------------
ap_clk  {0.000 5.000}      10.000          100.000         


------------------------------------------------------------------------------------------------
| Intra Clock Table
| -----------------
------------------------------------------------------------------------------------------------

Clock             WNS(ns)      TNS(ns)  TNS Failing Endpoints  TNS Total Endpoints     WPWS(ns)     TPWS(ns)  TPWS Failing Endpoints  TPWS Total Endpoints  
-----             -------      -------  ---------------------  -------------------     --------     --------  ----------------------  --------------------  
ap_clk             -0.307       -1.229                      4                28376        4.020        0.000                       0                 10627  


------------------------------------------------------------------------------------------------
| Inter Clock Table
| -----------------
------------------------------------------------------------------------------------------------

From Clock    To Clock          WNS(ns)      TNS(ns)  TNS Failing Endpoints  TNS Total Endpoints  
----------    --------          -------      -------  ---------------------  -------------------  


------------------------------------------------------------------------------------------------
| Other Path Groups Table
| -----------------------
------------------------------------------------------------------------------------------------

Path Group    From Clock    To Clock          WNS(ns)      TNS(ns)  TNS Failing Endpoints  TNS Total Endpoints  
----------    ----------    --------          -------      -------  ---------------------  -------------------  


------------------------------------------------------------------------------------------------
| Timing Details
| --------------
------------------------------------------------------------------------------------------------


---------------------------------------------------------------------------------------------------
From Clock:  ap_clk
  To Clock:  ap_clk

Setup :            4  Failing Endpoints,  Worst Slack       -0.307ns,  Total Violation       -1.229ns
Hold  :           NA  Failing Endpoints,  Worst Slack           NA  ,  Total Violation           NA
PW    :            0  Failing Endpoints,  Worst Slack        4.020ns,  Total Violation        0.000ns
---------------------------------------------------------------------------------------------------


Max Delay Paths
--------------------------------------------------------------------------------------
Slack (VIOLATED) :        -0.307ns  (required time - arrival time)
  Source:                 ap_CS_fsm_reg[46]/C
                            (rising edge-triggered cell FDRE clocked by ap_clk  {rise@0.000ns fall@5.000ns period=10.000ns})
  Destination:            hist_V_1_U/fir_multiband_hist_V_4_ram_U/ram_reg/ADDRARDADDR[7]
                            (rising edge-triggered cell RAMB18E1 clocked by ap_clk  {rise@0.000ns fall@5.000ns period=10.000ns})
  Path Group:             ap_clk
  Path Type:              Setup (Max at Slow Process Corner)
  Requirement:            10.000ns  (ap_clk rise@10.000ns - ap_clk rise@0.000ns)
  Data Path Delay:        9.657ns  (logic 5.026ns (52.044%)  route 4.631ns (47.956%))
  Logic Levels:           5  (DSP48E1=1 LUT3=1 LUT6=3)
  Clock Path Skew:        -0.049ns (DCD - SCD + CPR)
    Destination Clock Delay (DCD):    0.924ns = ( 10.924 - 10.000 ) 
    Source Clock Delay      (SCD):    0.973ns
    Clock Pessimism Removal (CPR):    0.000ns
  Clock Uncertainty:      0.035ns  ((TSJ^2 + TIJ^2)^1/2 + DJ) / 2 + PE
    Total System Jitter     (TSJ):    0.071ns
    Total Input Jitter      (TIJ):    0.000ns
    Discrete Jitter          (DJ):    0.000ns
    Phase Error              (PE):    0.000ns

    Location             Delay type                Incr(ns)  Path(ns)    Netlist Resource(s)
  -------------------------------------------------------------------    -------------------
                         (clock ap_clk rise edge)     0.000     0.000 r  
                                                      0.000     0.000 r  ap_clk (IN)
                         net (fo=10645, unset)        0.973     0.973    ap_clk
                         FDRE                                         r  ap_CS_fsm_reg[46]/C
  -------------------------------------------------------------------    -------------------
                         FDRE (Prop_fdre_C_Q)         0.518     1.491 r  ap_CS_fsm_reg[46]/Q
                         net (fo=1340, unplaced)      0.881     2.372    mul_15s_16s_31_1_1_U45/fir_multiband_mul_15s_16s_31_1_1_Multiplier_0_U/Q[13]
                         LUT3 (Prop_lut3_I0_O)        0.295     2.667 r  mul_15s_16s_31_1_1_U45/fir_multiband_mul_15s_16s_31_1_1_Multiplier_0_U/p_i_16__36/O
                         net (fo=15, unplaced)        0.800     3.467    mul_15s_16s_31_1_1_U45/fir_multiband_mul_15s_16s_31_1_1_Multiplier_0_U/p_i_16__36_n_0
                         DSP48E1 (Prop_dsp48e1_A[29]_P[14])
                                                      3.841     7.308 r  mul_15s_16s_31_1_1_U45/fir_multiband_mul_15s_16s_31_1_1_Multiplier_0_U/p/P[14]
                         net (fo=2, unplaced)         0.800     8.107    mul_15s_16s_31_1_1_U45/fir_multiband_mul_15s_16s_31_1_1_Multiplier_0_U/grp_fu_3541_p2[14]
                         LUT6 (Prop_lut6_I4_O)        0.124     8.231 f  mul_15s_16s_31_1_1_U45/fir_multiband_mul_15s_16s_31_1_1_Multiplier_0_U/ram_reg_i_106/O
                         net (fo=1, unplaced)         0.902     9.133    mul_15s_16s_31_1_1_U45/fir_multiband_mul_15s_16s_31_1_1_Multiplier_0_U/ram_reg_i_106_n_0
                         LUT6 (Prop_lut6_I0_O)        0.124     9.257 f  mul_15s_16s_31_1_1_U45/fir_multiband_mul_15s_16s_31_1_1_Multiplier_0_U/ram_reg_i_49__0/O
                         net (fo=1, unplaced)         0.449     9.706    mul_15s_16s_31_1_1_U45/fir_multiband_mul_15s_16s_31_1_1_Multiplier_0_U/ram_reg_i_49__0_n_0
                         LUT6 (Prop_lut6_I4_O)        0.124     9.830 r  mul_15s_16s_31_1_1_U45/fir_multiband_mul_15s_16s_31_1_1_Multiplier_0_U/ram_reg_i_5__1/O
                         net (fo=4, unplaced)         0.800    10.630    hist_V_1_U/fir_multiband_hist_V_4_ram_U/ADDRARDADDR[3]
                         RAMB18E1                                     r  hist_V_1_U/fir_multiband_hist_V_4_ram_U/ram_reg/ADDRARDADDR[7]
  -------------------------------------------------------------------    -------------------

                         (clock ap_clk rise edge)    10.000    10.000 r  
                                                      0.000    10.000 r  ap_clk (IN)
                         net (fo=10645, unset)        0.924    10.924    hist_V_1_U/fir_multiband_hist_V_4_ram_U/ap_clk
                         RAMB18E1                                     r  hist_V_1_U/fir_multiband_hist_V_4_ram_U/ram_reg/CLKARDCLK
                         clock pessimism              0.000    10.924    
                         clock uncertainty           -0.035    10.889    
                         RAMB18E1 (Setup_ramb18e1_CLKARDCLK_ADDRARDADDR[7])
                                                     -0.566    10.323    hist_V_1_U/fir_multiband_hist_V_4_ram_U/ram_reg
  -------------------------------------------------------------------
                         required time                         10.323    
                         arrival time                         -10.630    
  -------------------------------------------------------------------
                         slack                                 -0.307    

Slack (VIOLATED) :        -0.307ns  (required time - arrival time)
  Source:                 ap_CS_fsm_reg[46]/C
                            (rising edge-triggered cell FDRE clocked by ap_clk  {rise@0.000ns fall@5.000ns period=10.000ns})
  Destination:            hist_V_2_U/fir_multiband_hist_V_4_ram_U/ram_reg/ADDRARDADDR[7]
                            (rising edge-triggered cell RAMB18E1 clocked by ap_clk  {rise@0.000ns fall@5.000ns period=10.000ns})
  Path Group:             ap_clk
  Path Type:              Setup (Max at Slow Process Corner)
  Requirement:            10.000ns  (ap_clk rise@10.000ns - ap_clk rise@0.000ns)
  Data Path Delay:        9.657ns  (logic 5.026ns (52.044%)  route 4.631ns (47.956%))
  Logic Levels:           5  (DSP48E1=1 LUT3=1 LUT6=3)
  Clock Path Skew:        -0.049ns (DCD - SCD + CPR)
    Destination Clock Delay (DCD):    0.924ns = ( 10.924 - 10.000 ) 
    Source Clock Delay      (SCD):    0.973ns
    Clock Pessimism Removal (CPR):    0.000ns
  Clock Uncertainty:      0.035ns  ((TSJ^2 + TIJ^2)^1/2 + DJ) / 2 + PE
    Total System Jitter     (TSJ):    0.071ns
    Total Input Jitter      (TIJ):    0.000ns
    Discrete Jitter          (DJ):    0.000ns
    Phase Error              (PE):    0.000ns

    Location             Delay type                Incr(ns)  Path(ns)    Netlist Resource(s)
  -------------------------------------------------------------------    -------------------
                         (clock ap_clk rise edge)     0.000     0.000 r  
                                                      0.000     0.000 r  ap_clk (IN)
                         net (fo=10645, unset)        0.973     0.973    ap_clk
                         FDRE                                         r  ap_CS_fsm_reg[46]/C
  -------------------------------------------------------------------    -------------------
                         FDRE (Prop_fdre_C_Q)         0.518     1.491 r  ap_CS_fsm_reg[46]/Q
                         net (fo=1340, unplaced)      0.881     2.372    mul_15s_16s_31_1_1_U45/fir_multiband_mul_15s_16s_31_1_1_Multiplier_0_U/Q[13]
                         LUT3 (Prop_lut3_I0_O)        0.295     2.667 r  mul_15s_16s_31_1_1_U45/fir_multiband_mul_15s_16s_31_1_1_Multiplier_0_U/p_i_16__36/O
                         net (fo=15, unplaced)        0.800     3.467    mul_15s_16s_31_1_1_U45/fir_multiband_mul_15s_16s_31_1_1_Multiplier_0_U/p_i_16__36_n_0
                         DSP48E1 (Prop_dsp48e1_A[29]_P[14])
                                                      3.841     7.308 r  mul_15s_16s_31_1_1_U45/fir_multiband_mul_15s_16s_31_1_1_Multiplier_0_U/p/P[14]
                         net (fo=2, unplaced)         0.800     8.107    mul_15s_16s_31_1_1_U45/fir_multiband_mul_15s_16s_31_1_1_Multiplier_0_U/grp_fu_3541_p2[14]
                         LUT6 (Prop_lut6_I4_O)        0.124     8.231 f  mul_15s_16s_31_1_1_U45/fir_multiband_mul_15s_16s_31_1_1_Multiplier_0_U/ram_reg_i_106/O
                         net (fo=1, unplaced)         0.902     9.133    mul_15s_16s_31_1_1_U45/fir_multiband_mul_15s_16s_31_1_1_Multiplier_0_U/ram_reg_i_106_n_0
                         LUT6 (Prop_lut6_I0_O)        0.124     9.257 f  mul_15s_16s_31_1_1_U45/fir_multiband_mul_15s_16s_31_1_1_Multiplier_0_U/ram_reg_i_49__0/O
                         net (fo=1, unplaced)         0.449     9.706    mul_15s_16s_31_1_1_U45/fir_multiband_mul_15s_16s_31_1_1_Multiplier_0_U/ram_reg_i_49__0_n_0
                         LUT6 (Prop_lut6_I4_O)        0.124     9.830 r  mul_15s_16s_31_1_1_U45/fir_multiband_mul_15s_16s_31_1_1_Multiplier_0_U/ram_reg_i_5__1/O
                         net (fo=4, unplaced)         0.800    10.630    hist_V_2_U/fir_multiband_hist_V_4_ram_U/ADDRARDADDR[3]
                         RAMB18E1                                     r  hist_V_2_U/fir_multiband_hist_V_4_ram_U/ram_reg/ADDRARDADDR[7]
  -------------------------------------------------------------------    -------------------

                         (clock ap_clk rise edge)    10.000    10.000 r  
                                                      0.000    10.000 r  ap_clk (IN)
                         net (fo=10645, unset)        0.924    10.924    hist_V_2_U/fir_multiband_hist_V_4_ram_U/ap_clk
                         RAMB18E1                                     r  hist_V_2_U/fir_multiband_hist_V_4_ram_U/ram_reg/CLKARDCLK
                         clock pessimism              0.000    10.924    
                         clock uncertainty           -0.035    10.889    
                         RAMB18E1 (Setup_ramb18e1_CLKARDCLK_ADDRARDADDR[7])
                                                     -0.566    10.323    hist_V_2_U/fir_multiband_hist_V_4_ram_U/ram_reg
  -------------------------------------------------------------------
                         required time                         10.323    
                         arrival time                         -10.630    
  -------------------------------------------------------------------
                         slack                                 -0.307    

Slack (VIOLATED) :        -0.307ns  (required time - arrival time)
  Source:                 ap_CS_fsm_reg[46]/C
                            (rising edge-triggered cell FDRE clocked by ap_clk  {rise@0.000ns fall@5.000ns period=10.000ns})
  Destination:            hist_V_3_U/fir_multiband_hist_V_4_ram_U/ram_reg/ADDRARDADDR[7]
                            (rising edge-triggered cell RAMB18E1 clocked by ap_clk  {rise@0.000ns fall@5.000ns period=10.000ns})
  Path Group:             ap_clk
  Path Type:              Setup (Max at Slow Process Corner)
  Requirement:            10.000ns  (ap_clk rise@10.000ns - ap_clk rise@0.000ns)
  Data Path Delay:        9.657ns  (logic 5.026ns (52.044%)  route 4.631ns (47.956%))
  Logic Levels:           5  (DSP48E1=1 LUT3=1 LUT6=3)
  Clock Path Skew:        -0.049ns (DCD - SCD + CPR)
    Destination Clock Delay (DCD):    0.924ns = ( 10.924 - 10.000 ) 
    Source Clock Delay      (SCD):    0.973ns
    Clock Pessimism Removal (CPR):    0.000ns
  Clock Uncertainty:      0.035ns  ((TSJ^2 + TIJ^2)^1/2 + DJ) / 2 + PE
    Total System Jitter     (TSJ):    0.071ns
    Total Input Jitter      (TIJ):    0.000ns
    Discrete Jitter          (DJ):    0.000ns
    Phase Error              (PE):    0.000ns

    Location             Delay type                Incr(ns)  Path(ns)    Netlist Resource(s)
  -------------------------------------------------------------------    -------------------
                         (clock ap_clk rise edge)     0.000     0.000 r  
                                                      0.000     0.000 r  ap_clk (IN)
                         net (fo=10645, unset)        0.973     0.973    ap_clk
                         FDRE                                         r  ap_CS_fsm_reg[46]/C
  -------------------------------------------------------------------    -------------------
                         FDRE (Prop_fdre_C_Q)         0.518     1.491 r  ap_CS_fsm_reg[46]/Q
                         net (fo=1340, unplaced)      0.881     2.372    mul_15s_16s_31_1_1_U45/fir_multiband_mul_15s_16s_31_1_1_Multiplier_0_U/Q[13]
                         LUT3 (Prop_lut3_I0_O)        0.295     2.667 r  mul_15s_16s_31_1_1_U45/fir_multiband_mul_15s_16s_31_1_1_Multiplier_0_U/p_i_16__36/O
                         net (fo=15, unplaced)        0.800     3.467    mul_15s_16s_31_1_1_U45/fir_multiband_mul_15s_16s_31_1_1_Multiplier_0_U/p_i_16__36_n_0
                         DSP48E1 (Prop_dsp48e1_A[29]_P[14])
                                                      3.841     7.308 r  mul_15s_16s_31_1_1_U45/fir_multiband_mul_15s_16s_31_1_1_Multiplier_0_U/p/P[14]
                         net (fo=2, unplaced)         0.800     8.107    mul_15s_16s_31_1_1_U45/fir_multiband_mul_15s_16s_31_1_1_Multiplier_0_U/grp_fu_3541_p2[14]
                         LUT6 (Prop_lut6_I4_O)        0.124     8.231 f  mul_15s_16s_31_1_1_U45/fir_multiband_mul_15s_16s_31_1_1_Multiplier_0_U/ram_reg_i_106/O
                         net (fo=1, unplaced)         0.902     9.133    mul_15s_16s_31_1_1_U45/fir_multiband_mul_15s_16s_31_1_1_Multiplier_0_U/ram_reg_i_106_n_0
                         LUT6 (Prop_lut6_I0_O)        0.124     9.257 f  mul_15s_16s_31_1_1_U45/fir_multiband_mul_15s_16s_31_1_1_Multiplier_0_U/ram_reg_i_49__0/O
                         net (fo=1, unplaced)         0.449     9.706    mul_15s_16s_31_1_1_U45/fir_multiband_mul_15s_16s_31_1_1_Multiplier_0_U/ram_reg_i_49__0_n_0
                         LUT6 (Prop_lut6_I4_O)        0.124     9.830 r  mul_15s_16s_31_1_1_U45/fir_multiband_mul_15s_16s_31_1_1_Multiplier_0_U/ram_reg_i_5__1/O
                         net (fo=4, unplaced)         0.800    10.630    hist_V_3_U/fir_multiband_hist_V_4_ram_U/ADDRARDADDR[3]
                         RAMB18E1                                     r  hist_V_3_U/fir_multiband_hist_V_4_ram_U/ram_reg/ADDRARDADDR[7]
  -------------------------------------------------------------------    -------------------

                         (clock ap_clk rise edge)    10.000    10.000 r  
                                                      0.000    10.000 r  ap_clk (IN)
                         net (fo=10645, unset)        0.924    10.924    hist_V_3_U/fir_multiband_hist_V_4_ram_U/ap_clk
                         RAMB18E1                                     r  hist_V_3_U/fir_multiband_hist_V_4_ram_U/ram_reg/CLKARDCLK
                         clock pessimism              0.000    10.924    
                         clock uncertainty           -0.035    10.889    
                         RAMB18E1 (Setup_ramb18e1_CLKARDCLK_ADDRARDADDR[7])
                                                     -0.566    10.323    hist_V_3_U/fir_multiband_hist_V_4_ram_U/ram_reg
  -------------------------------------------------------------------
                         required time                         10.323    
                         arrival time                         -10.630    
  -------------------------------------------------------------------
                         slack                                 -0.307    

Slack (VIOLATED) :        -0.307ns  (required time - arrival time)
  Source:                 ap_CS_fsm_reg[46]/C
                            (rising edge-triggered cell FDRE clocked by ap_clk  {rise@0.000ns fall@5.000ns period=10.000ns})
  Destination:            hist_V_4_U/fir_multiband_hist_V_4_ram_U/ram_reg/ADDRARDADDR[7]
                            (rising edge-triggered cell RAMB18E1 clocked by ap_clk  {rise@0.000ns fall@5.000ns period=10.000ns})
  Path Group:             ap_clk
  Path Type:              Setup (Max at Slow Process Corner)
  Requirement:            10.000ns  (ap_clk rise@10.000ns - ap_clk rise@0.000ns)
  Data Path Delay:        9.657ns  (logic 5.026ns (52.044%)  route 4.631ns (47.956%))
  Logic Levels:           5  (DSP48E1=1 LUT3=1 LUT6=3)
  Clock Path Skew:        -0.049ns (DCD - SCD + CPR)
    Destination Clock Delay (DCD):    0.924ns = ( 10.924 - 10.000 ) 
    Source Clock Delay      (SCD):    0.973ns
    Clock Pessimism Removal (CPR):    0.000ns
  Clock Uncertainty:      0.035ns  ((TSJ^2 + TIJ^2)^1/2 + DJ) / 2 + PE
    Total System Jitter     (TSJ):    0.071ns
    Total Input Jitter      (TIJ):    0.000ns
    Discrete Jitter          (DJ):    0.000ns
    Phase Error              (PE):    0.000ns

    Location             Delay type                Incr(ns)  Path(ns)    Netlist Resource(s)
  -------------------------------------------------------------------    -------------------
                         (clock ap_clk rise edge)     0.000     0.000 r  
                                                      0.000     0.000 r  ap_clk (IN)
                         net (fo=10645, unset)        0.973     0.973    ap_clk
                         FDRE                                         r  ap_CS_fsm_reg[46]/C
  -------------------------------------------------------------------    -------------------
                         FDRE (Prop_fdre_C_Q)         0.518     1.491 r  ap_CS_fsm_reg[46]/Q
                         net (fo=1340, unplaced)      0.881     2.372    mul_15s_16s_31_1_1_U45/fir_multiband_mul_15s_16s_31_1_1_Multiplier_0_U/Q[13]
                         LUT3 (Prop_lut3_I0_O)        0.295     2.667 r  mul_15s_16s_31_1_1_U45/fir_multiband_mul_15s_16s_31_1_1_Multiplier_0_U/p_i_16__36/O
                         net (fo=15, unplaced)        0.800     3.467    mul_15s_16s_31_1_1_U45/fir_multiband_mul_15s_16s_31_1_1_Multiplier_0_U/p_i_16__36_n_0
                         DSP48E1 (Prop_dsp48e1_A[29]_P[14])
                                                      3.841     7.308 r  mul_15s_16s_31_1_1_U45/fir_multiband_mul_15s_16s_31_1_1_Multiplier_0_U/p/P[14]
                         net (fo=2, unplaced)         0.800     8.107    mul_15s_16s_31_1_1_U45/fir_multiband_mul_15s_16s_31_1_1_Multiplier_0_U/grp_fu_3541_p2[14]
                         LUT6 (Prop_lut6_I4_O)        0.124     8.231 f  mul_15s_16s_31_1_1_U45/fir_multiband_mul_15s_16s_31_1_1_Multiplier_0_U/ram_reg_i_106/O
                         net (fo=1, unplaced)         0.902     9.133    mul_15s_16s_31_1_1_U45/fir_multiband_mul_15s_16s_31_1_1_Multiplier_0_U/ram_reg_i_106_n_0
                         LUT6 (Prop_lut6_I0_O)        0.124     9.257 f  mul_15s_16s_31_1_1_U45/fir_multiband_mul_15s_16s_31_1_1_Multiplier_0_U/ram_reg_i_49__0/O
                         net (fo=1, unplaced)         0.449     9.706    mul_15s_16s_31_1_1_U45/fir_multiband_mul_15s_16s_31_1_1_Multiplier_0_U/ram_reg_i_49__0_n_0
                         LUT6 (Prop_lut6_I4_O)        0.124     9.830 r  mul_15s_16s_31_1_1_U45/fir_multiband_mul_15s_16s_31_1_1_Multiplier_0_U/ram_reg_i_5__1/O
                         net (fo=4, unplaced)         0.800    10.630    hist_V_4_U/fir_multiband_hist_V_4_ram_U/ADDRARDADDR[3]
                         RAMB18E1                                     r  hist_V_4_U/fir_multiband_hist_V_4_ram_U/ram_reg/ADDRARDADDR[7]
  -------------------------------------------------------------------    -------------------

                         (clock ap_clk rise edge)    10.000    10.000 r  
                                                      0.000    10.000 r  ap_clk (IN)
                         net (fo=10645, unset)        0.924    10.924    hist_V_4_U/fir_multiband_hist_V_4_ram_U/ap_clk
                         RAMB18E1                                     r  hist_V_4_U/fir_multiband_hist_V_4_ram_U/ram_reg/CLKARDCLK
                         clock pessimism              0.000    10.924    
                         clock uncertainty           -0.035    10.889    
                         RAMB18E1 (Setup_ramb18e1_CLKARDCLK_ADDRARDADDR[7])
                                                     -0.566    10.323    hist_V_4_U/fir_multiband_hist_V_4_ram_U/ram_reg
  -------------------------------------------------------------------
                         required time                         10.323    
                         arrival time                         -10.630    
  -------------------------------------------------------------------
                         slack                                 -0.307    

Slack (MET) :             0.146ns  (required time - arrival time)
  Source:                 ap_CS_fsm_reg[46]/C
                            (rising edge-triggered cell FDRE clocked by ap_clk  {rise@0.000ns fall@5.000ns period=10.000ns})
  Destination:            hist_V_1_U/fir_multiband_hist_V_4_ram_U/ram_reg/ADDRARDADDR[5]
                            (rising edge-triggered cell RAMB18E1 clocked by ap_clk  {rise@0.000ns fall@5.000ns period=10.000ns})
  Path Group:             ap_clk
  Path Type:              Setup (Max at Slow Process Corner)
  Requirement:            10.000ns  (ap_clk rise@10.000ns - ap_clk rise@0.000ns)
  Data Path Delay:        9.204ns  (logic 5.026ns (54.606%)  route 4.178ns (45.394%))
  Logic Levels:           5  (DSP48E1=1 LUT3=1 LUT5=2 LUT6=1)
  Clock Path Skew:        -0.049ns (DCD - SCD + CPR)
    Destination Clock Delay (DCD):    0.924ns = ( 10.924 - 10.000 ) 
    Source Clock Delay      (SCD):    0.973ns
    Clock Pessimism Removal (CPR):    0.000ns
  Clock Uncertainty:      0.035ns  ((TSJ^2 + TIJ^2)^1/2 + DJ) / 2 + PE
    Total System Jitter     (TSJ):    0.071ns
    Total Input Jitter      (TIJ):    0.000ns
    Discrete Jitter          (DJ):    0.000ns
    Phase Error              (PE):    0.000ns

    Location             Delay type                Incr(ns)  Path(ns)    Netlist Resource(s)
  -------------------------------------------------------------------    -------------------
                         (clock ap_clk rise edge)     0.000     0.000 r  
                                                      0.000     0.000 r  ap_clk (IN)
                         net (fo=10645, unset)        0.973     0.973    ap_clk
                         FDRE                                         r  ap_CS_fsm_reg[46]/C
  -------------------------------------------------------------------    -------------------
                         FDRE (Prop_fdre_C_Q)         0.518     1.491 r  ap_CS_fsm_reg[46]/Q
                         net (fo=1340, unplaced)      0.881     2.372    mul_15s_16s_31_1_1_U45/fir_multiband_mul_15s_16s_31_1_1_Multiplier_0_U/Q[13]
                         LUT3 (Prop_lut3_I0_O)        0.295     2.667 r  mul_15s_16s_31_1_1_U45/fir_multiband_mul_15s_16s_31_1_1_Multiplier_0_U/p_i_16__36/O
                         net (fo=15, unplaced)        0.800     3.467    mul_15s_16s_31_1_1_U45/fir_multiband_mul_15s_16s_31_1_1_Multiplier_0_U/p_i_16__36_n_0
                         DSP48E1 (Prop_dsp48e1_A[29]_P[12])
                                                      3.841     7.308 r  mul_15s_16s_31_1_1_U45/fir_multiband_mul_15s_16s_31_1_1_Multiplier_0_U/p/P[12]
                         net (fo=2, unplaced)         0.800     8.107    mul_15s_16s_31_1_1_U45/fir_multiband_mul_15s_16s_31_1_1_Multiplier_0_U/grp_fu_3541_p2[12]
                         LUT5 (Prop_lut5_I1_O)        0.124     8.231 r  mul_15s_16s_31_1_1_U45/fir_multiband_mul_15s_16s_31_1_1_Multiplier_0_U/ram_reg_i_116/O
                         net (fo=1, unplaced)         0.449     8.680    mul_15s_16s_31_1_1_U45/fir_multiband_mul_15s_16s_31_1_1_Multiplier_0_U/ram_reg_i_116_n_0
                         LUT6 (Prop_lut6_I2_O)        0.124     8.804 r  mul_15s_16s_31_1_1_U45/fir_multiband_mul_15s_16s_31_1_1_Multiplier_0_U/ram_reg_i_55__0/O
                         net (fo=1, unplaced)         0.449     9.253    mul_15s_16s_31_1_1_U45/fir_multiband_mul_15s_16s_31_1_1_Multiplier_0_U/ram_reg_i_55__0_n_0
                         LUT5 (Prop_lut5_I3_O)        0.124     9.377 r  mul_15s_16s_31_1_1_U45/fir_multiband_mul_15s_16s_31_1_1_Multiplier_0_U/ram_reg_i_7__1/O
                         net (fo=4, unplaced)         0.800    10.177    hist_V_1_U/fir_multiband_hist_V_4_ram_U/ADDRARDADDR[1]
                         RAMB18E1                                     r  hist_V_1_U/fir_multiband_hist_V_4_ram_U/ram_reg/ADDRARDADDR[5]
  -------------------------------------------------------------------    -------------------

                         (clock ap_clk rise edge)    10.000    10.000 r  
                                                      0.000    10.000 r  ap_clk (IN)
                         net (fo=10645, unset)        0.924    10.924    hist_V_1_U/fir_multiband_hist_V_4_ram_U/ap_clk
                         RAMB18E1                                     r  hist_V_1_U/fir_multiband_hist_V_4_ram_U/ram_reg/CLKARDCLK
                         clock pessimism              0.000    10.924    
                         clock uncertainty           -0.035    10.889    
                         RAMB18E1 (Setup_ramb18e1_CLKARDCLK_ADDRARDADDR[5])
                                                     -0.566    10.323    hist_V_1_U/fir_multiband_hist_V_4_ram_U/ram_reg
  -------------------------------------------------------------------
                         required time                         10.323    
                         arrival time                         -10.177    
  -------------------------------------------------------------------
                         slack                                  0.146    

Slack (MET) :             0.146ns  (required time - arrival time)
  Source:                 ap_CS_fsm_reg[46]/C
                            (rising edge-triggered cell FDRE clocked by ap_clk  {rise@0.000ns fall@5.000ns period=10.000ns})
  Destination:            hist_V_1_U/fir_multiband_hist_V_4_ram_U/ram_reg/ADDRARDADDR[6]
                            (rising edge-triggered cell RAMB18E1 clocked by ap_clk  {rise@0.000ns fall@5.000ns period=10.000ns})
  Path Group:             ap_clk
  Path Type:              Setup (Max at Slow Process Corner)
  Requirement:            10.000ns  (ap_clk rise@10.000ns - ap_clk rise@0.000ns)
  Data Path Delay:        9.204ns  (logic 5.026ns (54.606%)  route 4.178ns (45.394%))
  Logic Levels:           5  (DSP48E1=1 LUT3=1 LUT5=1 LUT6=2)
  Clock Path Skew:        -0.049ns (DCD - SCD + CPR)
    Destination Clock Delay (DCD):    0.924ns = ( 10.924 - 10.000 ) 
    Source Clock Delay      (SCD):    0.973ns
    Clock Pessimism Removal (CPR):    0.000ns
  Clock Uncertainty:      0.035ns  ((TSJ^2 + TIJ^2)^1/2 + DJ) / 2 + PE
    Total System Jitter     (TSJ):    0.071ns
    Total Input Jitter      (TIJ):    0.000ns
    Discrete Jitter          (DJ):    0.000ns
    Phase Error              (PE):    0.000ns

    Location             Delay type                Incr(ns)  Path(ns)    Netlist Resource(s)
  -------------------------------------------------------------------    -------------------
                         (clock ap_clk rise edge)     0.000     0.000 r  
                                                      0.000     0.000 r  ap_clk (IN)
                         net (fo=10645, unset)        0.973     0.973    ap_clk
                         FDRE                                         r  ap_CS_fsm_reg[46]/C
  -------------------------------------------------------------------    -------------------
                         FDRE (Prop_fdre_C_Q)         0.518     1.491 r  ap_CS_fsm_reg[46]/Q
                         net (fo=1340, unplaced)      0.881     2.372    mul_15s_16s_31_1_1_U45/fir_multiband_mul_15s_16s_31_1_1_Multiplier_0_U/Q[13]
                         LUT3 (Prop_lut3_I0_O)        0.295     2.667 r  mul_15s_16s_31_1_1_U45/fir_multiband_mul_15s_16s_31_1_1_Multiplier_0_U/p_i_16__36/O
                         net (fo=15, unplaced)        0.800     3.467    mul_15s_16s_31_1_1_U45/fir_multiband_mul_15s_16s_31_1_1_Multiplier_0_U/p_i_16__36_n_0
                         DSP48E1 (Prop_dsp48e1_A[29]_P[13])
                                                      3.841     7.308 r  mul_15s_16s_31_1_1_U45/fir_multiband_mul_15s_16s_31_1_1_Multiplier_0_U/p/P[13]
                         net (fo=2, unplaced)         0.800     8.107    mul_15s_16s_31_1_1_U45/fir_multiband_mul_15s_16s_31_1_1_Multiplier_0_U/grp_fu_3541_p2[13]
                         LUT6 (Prop_lut6_I0_O)        0.124     8.231 f  mul_15s_16s_31_1_1_U45/fir_multiband_mul_15s_16s_31_1_1_Multiplier_0_U/ram_reg_i_111/O
                         net (fo=1, unplaced)         0.449     8.680    mul_15s_16s_31_1_1_U45/fir_multiband_mul_15s_16s_31_1_1_Multiplier_0_U/ram_reg_i_111_n_0
                         LUT5 (Prop_lut5_I0_O)        0.124     8.804 r  mul_15s_16s_31_1_1_U45/fir_multiband_mul_15s_16s_31_1_1_Multiplier_0_U/ram_reg_i_52__0/O
                         net (fo=1, unplaced)         0.449     9.253    mul_15s_16s_31_1_1_U45/fir_multiband_mul_15s_16s_31_1_1_Multiplier_0_U/ram_reg_i_52__0_n_0
                         LUT6 (Prop_lut6_I4_O)        0.124     9.377 r  mul_15s_16s_31_1_1_U45/fir_multiband_mul_15s_16s_31_1_1_Multiplier_0_U/ram_reg_i_6__1/O
                         net (fo=4, unplaced)         0.800    10.177    hist_V_1_U/fir_multiband_hist_V_4_ram_U/ADDRARDADDR[2]
                         RAMB18E1                                     r  hist_V_1_U/fir_multiband_hist_V_4_ram_U/ram_reg/ADDRARDADDR[6]
  -------------------------------------------------------------------    -------------------

                         (clock ap_clk rise edge)    10.000    10.000 r  
                                                      0.000    10.000 r  ap_clk (IN)
                         net (fo=10645, unset)        0.924    10.924    hist_V_1_U/fir_multiband_hist_V_4_ram_U/ap_clk
                         RAMB18E1                                     r  hist_V_1_U/fir_multiband_hist_V_4_ram_U/ram_reg/CLKARDCLK
                         clock pessimism              0.000    10.924    
                         clock uncertainty           -0.035    10.889    
                         RAMB18E1 (Setup_ramb18e1_CLKARDCLK_ADDRARDADDR[6])
                                                     -0.566    10.323    hist_V_1_U/fir_multiband_hist_V_4_ram_U/ram_reg
  -------------------------------------------------------------------
                         required time                         10.323    
                         arrival time                         -10.177    
  -------------------------------------------------------------------
                         slack                                  0.146    

Slack (MET) :             0.146ns  (required time - arrival time)
  Source:                 ap_CS_fsm_reg[46]/C
                            (rising edge-triggered cell FDRE clocked by ap_clk  {rise@0.000ns fall@5.000ns period=10.000ns})
  Destination:            hist_V_2_U/fir_multiband_hist_V_4_ram_U/ram_reg/ADDRARDADDR[5]
                            (rising edge-triggered cell RAMB18E1 clocked by ap_clk  {rise@0.000ns fall@5.000ns period=10.000ns})
  Path Group:             ap_clk
  Path Type:              Setup (Max at Slow Process Corner)
  Requirement:            10.000ns  (ap_clk rise@10.000ns - ap_clk rise@0.000ns)
  Data Path Delay:        9.204ns  (logic 5.026ns (54.606%)  route 4.178ns (45.394%))
  Logic Levels:           5  (DSP48E1=1 LUT3=1 LUT5=2 LUT6=1)
  Clock Path Skew:        -0.049ns (DCD - SCD + CPR)
    Destination Clock Delay (DCD):    0.924ns = ( 10.924 - 10.000 ) 
    Source Clock Delay      (SCD):    0.973ns
    Clock Pessimism Removal (CPR):    0.000ns
  Clock Uncertainty:      0.035ns  ((TSJ^2 + TIJ^2)^1/2 + DJ) / 2 + PE
    Total System Jitter     (TSJ):    0.071ns
    Total Input Jitter      (TIJ):    0.000ns
    Discrete Jitter          (DJ):    0.000ns
    Phase Error              (PE):    0.000ns

    Location             Delay type                Incr(ns)  Path(ns)    Netlist Resource(s)
  -------------------------------------------------------------------    -------------------
                         (clock ap_clk rise edge)     0.000     0.000 r  
                                                      0.000     0.000 r  ap_clk (IN)
                         net (fo=10645, unset)        0.973     0.973    ap_clk
                         FDRE                                         r  ap_CS_fsm_reg[46]/C
  -------------------------------------------------------------------    -------------------
                         FDRE (Prop_fdre_C_Q)         0.518     1.491 r  ap_CS_fsm_reg[46]/Q
                         net (fo=1340, unplaced)      0.881     2.372    mul_15s_16s_31_1_1_U45/fir_multiband_mul_15s_16s_31_1_1_Multiplier_0_U/Q[13]
                         LUT3 (Prop_lut3_I0_O)        0.295     2.667 r  mul_15s_16s_31_1_1_U45/fir_multiband_mul_15s_16s_31_1_1_Multiplier_0_U/p_i_16__36/O
                         net (fo=15, unplaced)        0.800     3.467    mul_15s_16s_31_1_1_U45/fir_multiband_mul_15s_16s_31_1_1_Multiplier_0_U/p_i_16__36_n_0
                         DSP48E1 (Prop_dsp48e1_A[29]_P[12])
                                                      3.841     7.308 r  mul_15s_16s_31_1_1_U45/fir_multiband_mul_15s_16s_31_1_1_Multiplier_0_U/p/P[12]
                         net (fo=2, unplaced)         0.800     8.107    mul_15s_16s_31_1_1_U45/fir_multiband_mul_15s_16s_31_1_1_Multiplier_0_U/grp_fu_3541_p2[12]
                         LUT5 (Prop_lut5_I1_O)        0.124     8.231 r  mul_15s_16s_31_1_1_U45/fir_multiband_mul_15s_16s_31_1_1_Multiplier_0_U/ram_reg_i_116/O
                         net (fo=1, unplaced)         0.449     8.680    mul_15s_16s_31_1_1_U45/fir_multiband_mul_15s_16s_31_1_1_Multiplier_0_U/ram_reg_i_116_n_0
                         LUT6 (Prop_lut6_I2_O)        0.124     8.804 r  mul_15s_16s_31_1_1_U45/fir_multiband_mul_15s_16s_31_1_1_Multiplier_0_U/ram_reg_i_55__0/O
                         net (fo=1, unplaced)         0.449     9.253    mul_15s_16s_31_1_1_U45/fir_multiband_mul_15s_16s_31_1_1_Multiplier_0_U/ram_reg_i_55__0_n_0
                         LUT5 (Prop_lut5_I3_O)        0.124     9.377 r  mul_15s_16s_31_1_1_U45/fir_multiband_mul_15s_16s_31_1_1_Multiplier_0_U/ram_reg_i_7__1/O
                         net (fo=4, unplaced)         0.800    10.177    hist_V_2_U/fir_multiband_hist_V_4_ram_U/ADDRARDADDR[1]
                         RAMB18E1                                     r  hist_V_2_U/fir_multiband_hist_V_4_ram_U/ram_reg/ADDRARDADDR[5]
  -------------------------------------------------------------------    -------------------

                         (clock ap_clk rise edge)    10.000    10.000 r  
                                                      0.000    10.000 r  ap_clk (IN)
                         net (fo=10645, unset)        0.924    10.924    hist_V_2_U/fir_multiband_hist_V_4_ram_U/ap_clk
                         RAMB18E1                                     r  hist_V_2_U/fir_multiband_hist_V_4_ram_U/ram_reg/CLKARDCLK
                         clock pessimism              0.000    10.924    
                         clock uncertainty           -0.035    10.889    
                         RAMB18E1 (Setup_ramb18e1_CLKARDCLK_ADDRARDADDR[5])
                                                     -0.566    10.323    hist_V_2_U/fir_multiband_hist_V_4_ram_U/ram_reg
  -------------------------------------------------------------------
                         required time                         10.323    
                         arrival time                         -10.177    
  -------------------------------------------------------------------
                         slack                                  0.146    

Slack (MET) :             0.146ns  (required time - arrival time)
  Source:                 ap_CS_fsm_reg[46]/C
                            (rising edge-triggered cell FDRE clocked by ap_clk  {rise@0.000ns fall@5.000ns period=10.000ns})
  Destination:            hist_V_2_U/fir_multiband_hist_V_4_ram_U/ram_reg/ADDRARDADDR[6]
                            (rising edge-triggered cell RAMB18E1 clocked by ap_clk  {rise@0.000ns fall@5.000ns period=10.000ns})
  Path Group:             ap_clk
  Path Type:              Setup (Max at Slow Process Corner)
  Requirement:            10.000ns  (ap_clk rise@10.000ns - ap_clk rise@0.000ns)
  Data Path Delay:        9.204ns  (logic 5.026ns (54.606%)  route 4.178ns (45.394%))
  Logic Levels:           5  (DSP48E1=1 LUT3=1 LUT5=1 LUT6=2)
  Clock Path Skew:        -0.049ns (DCD - SCD + CPR)
    Destination Clock Delay (DCD):    0.924ns = ( 10.924 - 10.000 ) 
    Source Clock Delay      (SCD):    0.973ns
    Clock Pessimism Removal (CPR):    0.000ns
  Clock Uncertainty:      0.035ns  ((TSJ^2 + TIJ^2)^1/2 + DJ) / 2 + PE
    Total System Jitter     (TSJ):    0.071ns
    Total Input Jitter      (TIJ):    0.000ns
    Discrete Jitter          (DJ):    0.000ns
    Phase Error              (PE):    0.000ns

    Location             Delay type                Incr(ns)  Path(ns)    Netlist Resource(s)
  -------------------------------------------------------------------    -------------------
                         (clock ap_clk rise edge)     0.000     0.000 r  
                                                      0.000     0.000 r  ap_clk (IN)
                         net (fo=10645, unset)        0.973     0.973    ap_clk
                         FDRE                                         r  ap_CS_fsm_reg[46]/C
  -------------------------------------------------------------------    -------------------
                         FDRE (Prop_fdre_C_Q)         0.518     1.491 r  ap_CS_fsm_reg[46]/Q
                         net (fo=1340, unplaced)      0.881     2.372    mul_15s_16s_31_1_1_U45/fir_multiband_mul_15s_16s_31_1_1_Multiplier_0_U/Q[13]
                         LUT3 (Prop_lut3_I0_O)        0.295     2.667 r  mul_15s_16s_31_1_1_U45/fir_multiband_mul_15s_16s_31_1_1_Multiplier_0_U/p_i_16__36/O
                         net (fo=15, unplaced)        0.800     3.467    mul_15s_16s_31_1_1_U45/fir_multiband_mul_15s_16s_31_1_1_Multiplier_0_U/p_i_16__36_n_0
                         DSP48E1 (Prop_dsp48e1_A[29]_P[13])
                                                      3.841     7.308 r  mul_15s_16s_31_1_1_U45/fir_multiband_mul_15s_16s_31_1_1_Multiplier_0_U/p/P[13]
                         net (fo=2, unplaced)         0.800     8.107    mul_15s_16s_31_1_1_U45/fir_multiband_mul_15s_16s_31_1_1_Multiplier_0_U/grp_fu_3541_p2[13]
                         LUT6 (Prop_lut6_I0_O)        0.124     8.231 f  mul_15s_16s_31_1_1_U45/fir_multiband_mul_15s_16s_31_1_1_Multiplier_0_U/ram_reg_i_111/O
                         net (fo=1, unplaced)         0.449     8.680    mul_15s_16s_31_1_1_U45/fir_multiband_mul_15s_16s_31_1_1_Multiplier_0_U/ram_reg_i_111_n_0
                         LUT5 (Prop_lut5_I0_O)        0.124     8.804 r  mul_15s_16s_31_1_1_U45/fir_multiband_mul_15s_16s_31_1_1_Multiplier_0_U/ram_reg_i_52__0/O
                         net (fo=1, unplaced)         0.449     9.253    mul_15s_16s_31_1_1_U45/fir_multiband_mul_15s_16s_31_1_1_Multiplier_0_U/ram_reg_i_52__0_n_0
                         LUT6 (Prop_lut6_I4_O)        0.124     9.377 r  mul_15s_16s_31_1_1_U45/fir_multiband_mul_15s_16s_31_1_1_Multiplier_0_U/ram_reg_i_6__1/O
                         net (fo=4, unplaced)         0.800    10.177    hist_V_2_U/fir_multiband_hist_V_4_ram_U/ADDRARDADDR[2]
                         RAMB18E1                                     r  hist_V_2_U/fir_multiband_hist_V_4_ram_U/ram_reg/ADDRARDADDR[6]
  -------------------------------------------------------------------    -------------------

                         (clock ap_clk rise edge)    10.000    10.000 r  
                                                      0.000    10.000 r  ap_clk (IN)
                         net (fo=10645, unset)        0.924    10.924    hist_V_2_U/fir_multiband_hist_V_4_ram_U/ap_clk
                         RAMB18E1                                     r  hist_V_2_U/fir_multiband_hist_V_4_ram_U/ram_reg/CLKARDCLK
                         clock pessimism              0.000    10.924    
                         clock uncertainty           -0.035    10.889    
                         RAMB18E1 (Setup_ramb18e1_CLKARDCLK_ADDRARDADDR[6])
                                                     -0.566    10.323    hist_V_2_U/fir_multiband_hist_V_4_ram_U/ram_reg
  -------------------------------------------------------------------
                         required time                         10.323    
                         arrival time                         -10.177    
  -------------------------------------------------------------------
                         slack                                  0.146    

Slack (MET) :             0.146ns  (required time - arrival time)
  Source:                 ap_CS_fsm_reg[46]/C
                            (rising edge-triggered cell FDRE clocked by ap_clk  {rise@0.000ns fall@5.000ns period=10.000ns})
  Destination:            hist_V_3_U/fir_multiband_hist_V_4_ram_U/ram_reg/ADDRARDADDR[5]
                            (rising edge-triggered cell RAMB18E1 clocked by ap_clk  {rise@0.000ns fall@5.000ns period=10.000ns})
  Path Group:             ap_clk
  Path Type:              Setup (Max at Slow Process Corner)
  Requirement:            10.000ns  (ap_clk rise@10.000ns - ap_clk rise@0.000ns)
  Data Path Delay:        9.204ns  (logic 5.026ns (54.606%)  route 4.178ns (45.394%))
  Logic Levels:           5  (DSP48E1=1 LUT3=1 LUT5=2 LUT6=1)
  Clock Path Skew:        -0.049ns (DCD - SCD + CPR)
    Destination Clock Delay (DCD):    0.924ns = ( 10.924 - 10.000 ) 
    Source Clock Delay      (SCD):    0.973ns
    Clock Pessimism Removal (CPR):    0.000ns
  Clock Uncertainty:      0.035ns  ((TSJ^2 + TIJ^2)^1/2 + DJ) / 2 + PE
    Total System Jitter     (TSJ):    0.071ns
    Total Input Jitter      (TIJ):    0.000ns
    Discrete Jitter          (DJ):    0.000ns
    Phase Error              (PE):    0.000ns

    Location             Delay type                Incr(ns)  Path(ns)    Netlist Resource(s)
  -------------------------------------------------------------------    -------------------
                         (clock ap_clk rise edge)     0.000     0.000 r  
                                                      0.000     0.000 r  ap_clk (IN)
                         net (fo=10645, unset)        0.973     0.973    ap_clk
                         FDRE                                         r  ap_CS_fsm_reg[46]/C
  -------------------------------------------------------------------    -------------------
                         FDRE (Prop_fdre_C_Q)         0.518     1.491 r  ap_CS_fsm_reg[46]/Q
                         net (fo=1340, unplaced)      0.881     2.372    mul_15s_16s_31_1_1_U45/fir_multiband_mul_15s_16s_31_1_1_Multiplier_0_U/Q[13]
                         LUT3 (Prop_lut3_I0_O)        0.295     2.667 r  mul_15s_16s_31_1_1_U45/fir_multiband_mul_15s_16s_31_1_1_Multiplier_0_U/p_i_16__36/O
                         net (fo=15, unplaced)        0.800     3.467    mul_15s_16s_31_1_1_U45/fir_multiband_mul_15s_16s_31_1_1_Multiplier_0_U/p_i_16__36_n_0
                         DSP48E1 (Prop_dsp48e1_A[29]_P[12])
                                                      3.841     7.308 r  mul_15s_16s_31_1_1_U45/fir_multiband_mul_15s_16s_31_1_1_Multiplier_0_U/p/P[12]
                         net (fo=2, unplaced)         0.800     8.107    mul_15s_16s_31_1_1_U45/fir_multiband_mul_15s_16s_31_1_1_Multiplier_0_U/grp_fu_3541_p2[12]
                         LUT5 (Prop_lut5_I1_O)        0.124     8.231 r  mul_15s_16s_31_1_1_U45/fir_multiband_mul_15s_16s_31_1_1_Multiplier_0_U/ram_reg_i_116/O
                         net (fo=1, unplaced)         0.449     8.680    mul_15s_16s_31_1_1_U45/fir_multiband_mul_15s_16s_31_1_1_Multiplier_0_U/ram_reg_i_116_n_0
                         LUT6 (Prop_lut6_I2_O)        0.124     8.804 r  mul_15s_16s_31_1_1_U45/fir_multiband_mul_15s_16s_31_1_1_Multiplier_0_U/ram_reg_i_55__0/O
                         net (fo=1, unplaced)         0.449     9.253    mul_15s_16s_31_1_1_U45/fir_multiband_mul_15s_16s_31_1_1_Multiplier_0_U/ram_reg_i_55__0_n_0
                         LUT5 (Prop_lut5_I3_O)        0.124     9.377 r  mul_15s_16s_31_1_1_U45/fir_multiband_mul_15s_16s_31_1_1_Multiplier_0_U/ram_reg_i_7__1/O
                         net (fo=4, unplaced)         0.800    10.177    hist_V_3_U/fir_multiband_hist_V_4_ram_U/ADDRARDADDR[1]
                         RAMB18E1                                     r  hist_V_3_U/fir_multiband_hist_V_4_ram_U/ram_reg/ADDRARDADDR[5]
  -------------------------------------------------------------------    -------------------

                         (clock ap_clk rise edge)    10.000    10.000 r  
                                                      0.000    10.000 r  ap_clk (IN)
                         net (fo=10645, unset)        0.924    10.924    hist_V_3_U/fir_multiband_hist_V_4_ram_U/ap_clk
                         RAMB18E1                                     r  hist_V_3_U/fir_multiband_hist_V_4_ram_U/ram_reg/CLKARDCLK
                         clock pessimism              0.000    10.924    
                         clock uncertainty           -0.035    10.889    
                         RAMB18E1 (Setup_ramb18e1_CLKARDCLK_ADDRARDADDR[5])
                                                     -0.566    10.323    hist_V_3_U/fir_multiband_hist_V_4_ram_U/ram_reg
  -------------------------------------------------------------------
                         required time                         10.323    
                         arrival time                         -10.177    
  -------------------------------------------------------------------
                         slack                                  0.146    

Slack (MET) :             0.146ns  (required time - arrival time)
  Source:                 ap_CS_fsm_reg[46]/C
                            (rising edge-triggered cell FDRE clocked by ap_clk  {rise@0.000ns fall@5.000ns period=10.000ns})
  Destination:            hist_V_3_U/fir_multiband_hist_V_4_ram_U/ram_reg/ADDRARDADDR[6]
                            (rising edge-triggered cell RAMB18E1 clocked by ap_clk  {rise@0.000ns fall@5.000ns period=10.000ns})
  Path Group:             ap_clk
  Path Type:              Setup (Max at Slow Process Corner)
  Requirement:            10.000ns  (ap_clk rise@10.000ns - ap_clk rise@0.000ns)
  Data Path Delay:        9.204ns  (logic 5.026ns (54.606%)  route 4.178ns (45.394%))
  Logic Levels:           5  (DSP48E1=1 LUT3=1 LUT5=1 LUT6=2)
  Clock Path Skew:        -0.049ns (DCD - SCD + CPR)
    Destination Clock Delay (DCD):    0.924ns = ( 10.924 - 10.000 ) 
    Source Clock Delay      (SCD):    0.973ns
    Clock Pessimism Removal (CPR):    0.000ns
  Clock Uncertainty:      0.035ns  ((TSJ^2 + TIJ^2)^1/2 + DJ) / 2 + PE
    Total System Jitter     (TSJ):    0.071ns
    Total Input Jitter      (TIJ):    0.000ns
    Discrete Jitter          (DJ):    0.000ns
    Phase Error              (PE):    0.000ns

    Location             Delay type                Incr(ns)  Path(ns)    Netlist Resource(s)
  -------------------------------------------------------------------    -------------------
                         (clock ap_clk rise edge)     0.000     0.000 r  
                                                      0.000     0.000 r  ap_clk (IN)
                         net (fo=10645, unset)        0.973     0.973    ap_clk
                         FDRE                                         r  ap_CS_fsm_reg[46]/C
  -------------------------------------------------------------------    -------------------
                         FDRE (Prop_fdre_C_Q)         0.518     1.491 r  ap_CS_fsm_reg[46]/Q
                         net (fo=1340, unplaced)      0.881     2.372    mul_15s_16s_31_1_1_U45/fir_multiband_mul_15s_16s_31_1_1_Multiplier_0_U/Q[13]
                         LUT3 (Prop_lut3_I0_O)        0.295     2.667 r  mul_15s_16s_31_1_1_U45/fir_multiband_mul_15s_16s_31_1_1_Multiplier_0_U/p_i_16__36/O
                         net (fo=15, unplaced)        0.800     3.467    mul_15s_16s_31_1_1_U45/fir_multiband_mul_15s_16s_31_1_1_Multiplier_0_U/p_i_16__36_n_0
                         DSP48E1 (Prop_dsp48e1_A[29]_P[13])
                                                      3.841     7.308 r  mul_15s_16s_31_1_1_U45/fir_multiband_mul_15s_16s_31_1_1_Multiplier_0_U/p/P[13]
                         net (fo=2, unplaced)         0.800     8.107    mul_15s_16s_31_1_1_U45/fir_multiband_mul_15s_16s_31_1_1_Multiplier_0_U/grp_fu_3541_p2[13]
                         LUT6 (Prop_lut6_I0_O)        0.124     8.231 f  mul_15s_16s_31_1_1_U45/fir_multiband_mul_15s_16s_31_1_1_Multiplier_0_U/ram_reg_i_111/O
                         net (fo=1, unplaced)         0.449     8.680    mul_15s_16s_31_1_1_U45/fir_multiband_mul_15s_16s_31_1_1_Multiplier_0_U/ram_reg_i_111_n_0
                         LUT5 (Prop_lut5_I0_O)        0.124     8.804 r  mul_15s_16s_31_1_1_U45/fir_multiband_mul_15s_16s_31_1_1_Multiplier_0_U/ram_reg_i_52__0/O
                         net (fo=1, unplaced)         0.449     9.253    mul_15s_16s_31_1_1_U45/fir_multiband_mul_15s_16s_31_1_1_Multiplier_0_U/ram_reg_i_52__0_n_0
                         LUT6 (Prop_lut6_I4_O)        0.124     9.377 r  mul_15s_16s_31_1_1_U45/fir_multiband_mul_15s_16s_31_1_1_Multiplier_0_U/ram_reg_i_6__1/O
                         net (fo=4, unplaced)         0.800    10.177    hist_V_3_U/fir_multiband_hist_V_4_ram_U/ADDRARDADDR[2]
                         RAMB18E1                                     r  hist_V_3_U/fir_multiband_hist_V_4_ram_U/ram_reg/ADDRARDADDR[6]
  -------------------------------------------------------------------    -------------------

                         (clock ap_clk rise edge)    10.000    10.000 r  
                                                      0.000    10.000 r  ap_clk (IN)
                         net (fo=10645, unset)        0.924    10.924    hist_V_3_U/fir_multiband_hist_V_4_ram_U/ap_clk
                         RAMB18E1                                     r  hist_V_3_U/fir_multiband_hist_V_4_ram_U/ram_reg/CLKARDCLK
                         clock pessimism              0.000    10.924    
                         clock uncertainty           -0.035    10.889    
                         RAMB18E1 (Setup_ramb18e1_CLKARDCLK_ADDRARDADDR[6])
                                                     -0.566    10.323    hist_V_3_U/fir_multiband_hist_V_4_ram_U/ram_reg
  -------------------------------------------------------------------
                         required time                         10.323    
                         arrival time                         -10.177    
  -------------------------------------------------------------------
                         slack                                  0.146    





Pulse Width Checks
--------------------------------------------------------------------------------------
Clock Name:         ap_clk
Waveform(ns):       { 0.000 5.000 }
Period(ns):         10.000
Sources:            { ap_clk }

Check Type        Corner  Lib Pin             Reference Pin  Required(ns)  Actual(ns)  Slack(ns)  Location  Pin
Min Period        n/a     DSP48E1/CLK         n/a            3.884         10.000      6.116                mul_49s_24s_72_5_1_U97/fir_multiband_mul_49s_24s_72_5_1_Multiplier_2_U/buff0_reg/CLK
Min Period        n/a     DSP48E1/CLK         n/a            3.687         10.000      6.313                reg_23172_reg/CLK
Min Period        n/a     DSP48E1/CLK         n/a            3.687         10.000      6.313                reg_23298_reg/CLK
Min Period        n/a     DSP48E1/CLK         n/a            3.687         10.000      6.313                reg_23250_reg/CLK
Min Period        n/a     DSP48E1/CLK         n/a            3.687         10.000      6.313                reg_23314_reg/CLK
Min Period        n/a     DSP48E1/CLK         n/a            3.687         10.000      6.313                reg_23330_reg/CLK
Min Period        n/a     RAMB18E1/CLKARDCLK  n/a            2.944         10.000      7.056                hist_V_0_U/fir_multiband_hist_V_4_ram_U/ram_reg/CLKARDCLK
Min Period        n/a     RAMB18E1/CLKBWRCLK  n/a            2.944         10.000      7.056                hist_V_0_U/fir_multiband_hist_V_4_ram_U/ram_reg/CLKBWRCLK
Min Period        n/a     RAMB18E1/CLKARDCLK  n/a            2.944         10.000      7.056                hist_V_1_U/fir_multiband_hist_V_4_ram_U/ram_reg/CLKARDCLK
Min Period        n/a     RAMB18E1/CLKBWRCLK  n/a            2.944         10.000      7.056                hist_V_1_U/fir_multiband_hist_V_4_ram_U/ram_reg/CLKBWRCLK
Low Pulse Width   Fast    SRL16E/CLK          n/a            0.980         5.000       4.020                p_Val2_8_reg_47357_pp2_iter7_reg_reg[0]_srl6/CLK
Low Pulse Width   Fast    SRL16E/CLK          n/a            0.980         5.000       4.020                p_Val2_8_reg_47357_pp2_iter7_reg_reg[10]_srl6/CLK
Low Pulse Width   Fast    SRL16E/CLK          n/a            0.980         5.000       4.020                p_Val2_8_reg_47357_pp2_iter7_reg_reg[11]_srl6/CLK
Low Pulse Width   Fast    SRL16E/CLK          n/a            0.980         5.000       4.020                p_Val2_8_reg_47357_pp2_iter7_reg_reg[12]_srl6/CLK
Low Pulse Width   Fast    SRL16E/CLK          n/a            0.980         5.000       4.020                p_Val2_8_reg_47357_pp2_iter7_reg_reg[13]_srl6/CLK
Low Pulse Width   Fast    SRL16E/CLK          n/a            0.980         5.000       4.020                p_Val2_8_reg_47357_pp2_iter7_reg_reg[14]_srl6/CLK
Low Pulse Width   Fast    SRL16E/CLK          n/a            0.980         5.000       4.020                p_Val2_8_reg_47357_pp2_iter7_reg_reg[15]_srl6/CLK
Low Pulse Width   Fast    SRL16E/CLK          n/a            0.980         5.000       4.020                p_Val2_8_reg_47357_pp2_iter7_reg_reg[16]_srl6/CLK
Low Pulse Width   Fast    SRL16E/CLK          n/a            0.980         5.000       4.020                p_Val2_8_reg_47357_pp2_iter7_reg_reg[17]_srl6/CLK
Low Pulse Width   Fast    SRL16E/CLK          n/a            0.980         5.000       4.020                p_Val2_8_reg_47357_pp2_iter7_reg_reg[18]_srl6/CLK
High Pulse Width  Slow    SRL16E/CLK          n/a            0.980         5.000       4.020                p_Val2_8_reg_47357_pp2_iter7_reg_reg[0]_srl6/CLK
High Pulse Width  Fast    SRL16E/CLK          n/a            0.980         5.000       4.020                p_Val2_8_reg_47357_pp2_iter7_reg_reg[0]_srl6/CLK
High Pulse Width  Slow    SRL16E/CLK          n/a            0.980         5.000       4.020                p_Val2_8_reg_47357_pp2_iter7_reg_reg[10]_srl6/CLK
High Pulse Width  Fast    SRL16E/CLK          n/a            0.980         5.000       4.020                p_Val2_8_reg_47357_pp2_iter7_reg_reg[10]_srl6/CLK
High Pulse Width  Slow    SRL16E/CLK          n/a            0.980         5.000       4.020                p_Val2_8_reg_47357_pp2_iter7_reg_reg[11]_srl6/CLK
High Pulse Width  Fast    SRL16E/CLK          n/a            0.980         5.000       4.020                p_Val2_8_reg_47357_pp2_iter7_reg_reg[11]_srl6/CLK
High Pulse Width  Slow    SRL16E/CLK          n/a            0.980         5.000       4.020                p_Val2_8_reg_47357_pp2_iter7_reg_reg[12]_srl6/CLK
High Pulse Width  Fast    SRL16E/CLK          n/a            0.980         5.000       4.020                p_Val2_8_reg_47357_pp2_iter7_reg_reg[12]_srl6/CLK
High Pulse Width  Slow    SRL16E/CLK          n/a            0.980         5.000       4.020                p_Val2_8_reg_47357_pp2_iter7_reg_reg[13]_srl6/CLK
High Pulse Width  Fast    SRL16E/CLK          n/a            0.980         5.000       4.020                p_Val2_8_reg_47357_pp2_iter7_reg_reg[13]_srl6/CLK



