Copyright 1986-2020 Xilinx, Inc. All Rights Reserved.
-----------------------------------------------------------------------------------------------------------------------------------------------------------------------------------------------------
| Tool Version : Vivado v.2020.2 (win64) Build 3064766 Wed Nov 18 09:12:45 MST 2020
| Date         : Wed Sep 30 18:07:48 2026
| Host         : yu running 64-bit major release  (build 9200)
| Command      : report_timing -delay_type max -max_paths 5 -path_type full_clock_expanded -file D:/pynq-multiband-audio-accel/build/hls/reports/v14_sub_n193_mul96_impl/timing_impl_worst_paths.rpt
| Design       : fir_multiband
| Device       : 7z020-clg400
| Speed File   : -1  PRODUCTION 1.12 2019-11-22
-----------------------------------------------------------------------------------------------------------------------------------------------------------------------------------------------------

Timing Report

Slack (VIOLATED) :        -0.138ns  (required time - arrival time)
  Source:                 ap_enable_reg_pp1_iter1_reg_rep__1_replica_1/C
                            (rising edge-triggered cell FDRE clocked by ap_clk  {rise@0.000ns fall@5.000ns period=10.000ns})
  Destination:            reg_23322_reg/C[21]
                            (rising edge-triggered cell DSP48E1 clocked by ap_clk  {rise@0.000ns fall@5.000ns period=10.000ns})
  Path Group:             ap_clk
  Path Type:              Setup (Max at Slow Process Corner)
  Requirement:            10.000ns  (ap_clk rise@10.000ns - ap_clk rise@0.000ns)
  Data Path Delay:        8.353ns  (logic 4.483ns (53.668%)  route 3.870ns (46.332%))
  Logic Levels:           2  (DSP48E1=1 LUT4=1)
  Clock Path Skew:        -0.049ns (DCD - SCD + CPR)
    Destination Clock Delay (DCD):    0.924ns = ( 10.924 - 10.000 ) 
    Source Clock Delay      (SCD):    0.973ns
    Clock Pessimism Removal (CPR):    0.000ns
  Clock Uncertainty:      0.035ns  ((TSJ^2 + TIJ^2)^1/2 + DJ) / 2 + PE
    Total System Jitter     (TSJ):    0.071ns
    Total Input Jitter      (TIJ):    0.000ns
    Discrete Jitter          (DJ):    0.000ns
    Phase Error              (PE):    0.000ns

    Location             Delay type                Incr(ns)  Path(ns)    Netlist Resource(s)
  -------------------------------------------------------------------    -------------------
                         (clock ap_clk rise edge)     0.000     0.000 r  
                                                      0.000     0.000 r  ap_clk (IN)
                         net (fo=11141, unset)        0.973     0.973    ap_clk
    SLICE_X90Y54         FDRE                                         r  ap_enable_reg_pp1_iter1_reg_rep__1_replica_1/C
  -------------------------------------------------------------------    -------------------
    SLICE_X90Y54         FDRE (Prop_fdre_C_Q)         0.518     1.491 r  ap_enable_reg_pp1_iter1_reg_rep__1_replica_1/Q
                         net (fo=29, routed)          0.900     2.391    mul_15s_16s_31_1_1_U20/fir_multiband_mul_15s_16s_31_1_1_Multiplier_0_U/ap_enable_reg_pp1_iter1_reg_rep__1_n_0_repN_1_alias
    SLICE_X91Y52         LUT4 (Prop_lut4_I0_O)        0.124     2.515 r  mul_15s_16s_31_1_1_U20/fir_multiband_mul_15s_16s_31_1_1_Multiplier_0_U/p_i_31__24/O
                         net (fo=1, routed)           0.529     3.044    mul_15s_16s_31_1_1_U20/fir_multiband_mul_15s_16s_31_1_1_Multiplier_0_U/p_i_31__24_n_0
    DSP48_X3Y20          DSP48E1 (Prop_dsp48e1_A[0]_P[21])
                                                      3.841     6.885 r  mul_15s_16s_31_1_1_U20/fir_multiband_mul_15s_16s_31_1_1_Multiplier_0_U/p/P[21]
                         net (fo=1, routed)           2.441     9.326    mul_15s_16s_31_1_1_U20_n_9
    DSP48_X2Y12          DSP48E1                                      r  reg_23322_reg/C[21]
  -------------------------------------------------------------------    -------------------

                         (clock ap_clk rise edge)    10.000    10.000 r  
                                                      0.000    10.000 r  ap_clk (IN)
                         net (fo=11141, unset)        0.924    10.924    ap_clk
    DSP48_X2Y12          DSP48E1                                      r  reg_23322_reg/CLK
                         clock pessimism              0.000    10.924    
                         clock uncertainty           -0.035    10.889    
    DSP48_X2Y12          DSP48E1 (Setup_dsp48e1_CLK_C[21])
                                                     -1.701     9.188    reg_23322_reg
  -------------------------------------------------------------------
                         required time                          9.188    
                         arrival time                          -9.326    
  -------------------------------------------------------------------
                         slack                                 -0.138    

Slack (VIOLATED) :        -0.136ns  (required time - arrival time)
  Source:                 ap_enable_reg_pp1_iter1_reg_rep__1_replica_1/C
                            (rising edge-triggered cell FDRE clocked by ap_clk  {rise@0.000ns fall@5.000ns period=10.000ns})
  Destination:            reg_23322_reg/C[25]
                            (rising edge-triggered cell DSP48E1 clocked by ap_clk  {rise@0.000ns fall@5.000ns period=10.000ns})
  Path Group:             ap_clk
  Path Type:              Setup (Max at Slow Process Corner)
  Requirement:            10.000ns  (ap_clk rise@10.000ns - ap_clk rise@0.000ns)
  Data Path Delay:        8.351ns  (logic 4.483ns (53.683%)  route 3.868ns (46.317%))
  Logic Levels:           2  (DSP48E1=1 LUT4=1)
  Clock Path Skew:        -0.049ns (DCD - SCD + CPR)
    Destination Clock Delay (DCD):    0.924ns = ( 10.924 - 10.000 ) 
    Source Clock Delay      (SCD):    0.973ns
    Clock Pessimism Removal (CPR):    0.000ns
  Clock Uncertainty:      0.035ns  ((TSJ^2 + TIJ^2)^1/2 + DJ) / 2 + PE
    Total System Jitter     (TSJ):    0.071ns
    Total Input Jitter      (TIJ):    0.000ns
    Discrete Jitter          (DJ):    0.000ns
    Phase Error              (PE):    0.000ns

    Location             Delay type                Incr(ns)  Path(ns)    Netlist Resource(s)
  -------------------------------------------------------------------    -------------------
                         (clock ap_clk rise edge)     0.000     0.000 r  
                                                      0.000     0.000 r  ap_clk (IN)
                         net (fo=11141, unset)        0.973     0.973    ap_clk
    SLICE_X90Y54         FDRE                                         r  ap_enable_reg_pp1_iter1_reg_rep__1_replica_1/C
  -------------------------------------------------------------------    -------------------
    SLICE_X90Y54         FDRE (Prop_fdre_C_Q)         0.518     1.491 r  ap_enable_reg_pp1_iter1_reg_rep__1_replica_1/Q
                         net (fo=29, routed)          0.900     2.391    mul_15s_16s_31_1_1_U20/fir_multiband_mul_15s_16s_31_1_1_Multiplier_0_U/ap_enable_reg_pp1_iter1_reg_rep__1_n_0_repN_1_alias
    SLICE_X91Y52         LUT4 (Prop_lut4_I0_O)        0.124     2.515 r  mul_15s_16s_31_1_1_U20/fir_multiband_mul_15s_16s_31_1_1_Multiplier_0_U/p_i_31__24/O
                         net (fo=1, routed)           0.529     3.044    mul_15s_16s_31_1_1_U20/fir_multiband_mul_15s_16s_31_1_1_Multiplier_0_U/p_i_31__24_n_0
    DSP48_X3Y20          DSP48E1 (Prop_dsp48e1_A[0]_P[25])
                                                      3.841     6.885 r  mul_15s_16s_31_1_1_U20/fir_multiband_mul_15s_16s_31_1_1_Multiplier_0_U/p/P[25]
                         net (fo=1, routed)           2.439     9.324    mul_15s_16s_31_1_1_U20_n_5
    DSP48_X2Y12          DSP48E1                                      r  reg_23322_reg/C[25]
  -------------------------------------------------------------------    -------------------

                         (clock ap_clk rise edge)    10.000    10.000 r  
                                                      0.000    10.000 r  ap_clk (IN)
                         net (fo=11141, unset)        0.924    10.924    ap_clk
    DSP48_X2Y12          DSP48E1                                      r  reg_23322_reg/CLK
                         clock pessimism              0.000    10.924    
                         clock uncertainty           -0.035    10.889    
    DSP48_X2Y12          DSP48E1 (Setup_dsp48e1_CLK_C[25])
                                                     -1.701     9.188    reg_23322_reg
  -------------------------------------------------------------------
                         required time                          9.188    
                         arrival time                          -9.324    
  -------------------------------------------------------------------
                         slack                                 -0.136    

Slack (VIOLATED) :        -0.136ns  (required time - arrival time)
  Source:                 ap_enable_reg_pp1_iter1_reg_rep__1_replica_1/C
                            (rising edge-triggered cell FDRE clocked by ap_clk  {rise@0.000ns fall@5.000ns period=10.000ns})
  Destination:            reg_23322_reg/C[1]
                            (rising edge-triggered cell DSP48E1 clocked by ap_clk  {rise@0.000ns fall@5.000ns period=10.000ns})
  Path Group:             ap_clk
  Path Type:              Setup (Max at Slow Process Corner)
  Requirement:            10.000ns  (ap_clk rise@10.000ns - ap_clk rise@0.000ns)
  Data Path Delay:        8.351ns  (logic 4.483ns (53.684%)  route 3.868ns (46.316%))
  Logic Levels:           2  (DSP48E1=1 LUT4=1)
  Clock Path Skew:        -0.049ns (DCD - SCD + CPR)
    Destination Clock Delay (DCD):    0.924ns = ( 10.924 - 10.000 ) 
    Source Clock Delay      (SCD):    0.973ns
    Clock Pessimism Removal (CPR):    0.000ns
  Clock Uncertainty:      0.035ns  ((TSJ^2 + TIJ^2)^1/2 + DJ) / 2 + PE
    Total System Jitter     (TSJ):    0.071ns
    Total Input Jitter      (TIJ):    0.000ns
    Discrete Jitter          (DJ):    0.000ns
    Phase Error              (PE):    0.000ns

    Location             Delay type                Incr(ns)  Path(ns)    Netlist Resource(s)
  -------------------------------------------------------------------    -------------------
                         (clock ap_clk rise edge)     0.000     0.000 r  
                                                      0.000     0.000 r  ap_clk (IN)
                         net (fo=11141, unset)        0.973     0.973    ap_clk
    SLICE_X90Y54         FDRE                                         r  ap_enable_reg_pp1_iter1_reg_rep__1_replica_1/C
  -------------------------------------------------------------------    -------------------
    SLICE_X90Y54         FDRE (Prop_fdre_C_Q)         0.518     1.491 r  ap_enable_reg_pp1_iter1_reg_rep__1_replica_1/Q
                         net (fo=29, routed)          0.900     2.391    mul_15s_16s_31_1_1_U20/fir_multiband_mul_15s_16s_31_1_1_Multiplier_0_U/ap_enable_reg_pp1_iter1_reg_rep__1_n_0_repN_1_alias
    SLICE_X91Y52         LUT4 (Prop_lut4_I0_O)        0.124     2.515 r  mul_15s_16s_31_1_1_U20/fir_multiband_mul_15s_16s_31_1_1_Multiplier_0_U/p_i_31__24/O
                         net (fo=1, routed)           0.529     3.044    mul_15s_16s_31_1_1_U20/fir_multiband_mul_15s_16s_31_1_1_Multiplier_0_U/p_i_31__24_n_0
    DSP48_X3Y20          DSP48E1 (Prop_dsp48e1_A[0]_P[1])
                                                      3.841     6.885 r  mul_15s_16s_31_1_1_U20/fir_multiband_mul_15s_16s_31_1_1_Multiplier_0_U/p/P[1]
                         net (fo=1, routed)           2.439     9.324    mul_15s_16s_31_1_1_U20_n_29
    DSP48_X2Y12          DSP48E1                                      r  reg_23322_reg/C[1]
  -------------------------------------------------------------------    -------------------

                         (clock ap_clk rise edge)    10.000    10.000 r  
                                                      0.000    10.000 r  ap_clk (IN)
                         net (fo=11141, unset)        0.924    10.924    ap_clk
    DSP48_X2Y12          DSP48E1                                      r  reg_23322_reg/CLK
                         clock pessimism              0.000    10.924    
                         clock uncertainty           -0.035    10.889    
    DSP48_X2Y12          DSP48E1 (Setup_dsp48e1_CLK_C[1])
                                                     -1.701     9.188    reg_23322_reg
  -------------------------------------------------------------------
                         required time                          9.188    
                         arrival time                          -9.324    
  -------------------------------------------------------------------
                         slack                                 -0.136    

Slack (VIOLATED) :        -0.133ns  (required time - arrival time)
  Source:                 ap_enable_reg_pp1_iter1_reg_rep__1_replica_1/C
                            (rising edge-triggered cell FDRE clocked by ap_clk  {rise@0.000ns fall@5.000ns period=10.000ns})
  Destination:            reg_23322_reg/C[5]
                            (rising edge-triggered cell DSP48E1 clocked by ap_clk  {rise@0.000ns fall@5.000ns period=10.000ns})
  Path Group:             ap_clk
  Path Type:              Setup (Max at Slow Process Corner)
  Requirement:            10.000ns  (ap_clk rise@10.000ns - ap_clk rise@0.000ns)
  Data Path Delay:        8.348ns  (logic 4.483ns (53.699%)  route 3.865ns (46.301%))
  Logic Levels:           2  (DSP48E1=1 LUT4=1)
  Clock Path Skew:        -0.049ns (DCD - SCD + CPR)
    Destination Clock Delay (DCD):    0.924ns = ( 10.924 - 10.000 ) 
    Source Clock Delay      (SCD):    0.973ns
    Clock Pessimism Removal (CPR):    0.000ns
  Clock Uncertainty:      0.035ns  ((TSJ^2 + TIJ^2)^1/2 + DJ) / 2 + PE
    Total System Jitter     (TSJ):    0.071ns
    Total Input Jitter      (TIJ):    0.000ns
    Discrete Jitter          (DJ):    0.000ns
    Phase Error              (PE):    0.000ns

    Location             Delay type                Incr(ns)  Path(ns)    Netlist Resource(s)
  -------------------------------------------------------------------    -------------------
                         (clock ap_clk rise edge)     0.000     0.000 r  
                                                      0.000     0.000 r  ap_clk (IN)
                         net (fo=11141, unset)        0.973     0.973    ap_clk
    SLICE_X90Y54         FDRE                                         r  ap_enable_reg_pp1_iter1_reg_rep__1_replica_1/C
  -------------------------------------------------------------------    -------------------
    SLICE_X90Y54         FDRE (Prop_fdre_C_Q)         0.518     1.491 r  ap_enable_reg_pp1_iter1_reg_rep__1_replica_1/Q
                         net (fo=29, routed)          0.900     2.391    mul_15s_16s_31_1_1_U20/fir_multiband_mul_15s_16s_31_1_1_Multiplier_0_U/ap_enable_reg_pp1_iter1_reg_rep__1_n_0_repN_1_alias
    SLICE_X91Y52         LUT4 (Prop_lut4_I0_O)        0.124     2.515 r  mul_15s_16s_31_1_1_U20/fir_multiband_mul_15s_16s_31_1_1_Multiplier_0_U/p_i_31__24/O
                         net (fo=1, routed)           0.529     3.044    mul_15s_16s_31_1_1_U20/fir_multiband_mul_15s_16s_31_1_1_Multiplier_0_U/p_i_31__24_n_0
    DSP48_X3Y20          DSP48E1 (Prop_dsp48e1_A[0]_P[5])
                                                      3.841     6.885 r  mul_15s_16s_31_1_1_U20/fir_multiband_mul_15s_16s_31_1_1_Multiplier_0_U/p/P[5]
                         net (fo=1, routed)           2.437     9.321    mul_15s_16s_31_1_1_U20_n_25
    DSP48_X2Y12          DSP48E1                                      r  reg_23322_reg/C[5]
  -------------------------------------------------------------------    -------------------

                         (clock ap_clk rise edge)    10.000    10.000 r  
                                                      0.000    10.000 r  ap_clk (IN)
                         net (fo=11141, unset)        0.924    10.924    ap_clk
    DSP48_X2Y12          DSP48E1                                      r  reg_23322_reg/CLK
                         clock pessimism              0.000    10.924    
                         clock uncertainty           -0.035    10.889    
    DSP48_X2Y12          DSP48E1 (Setup_dsp48e1_CLK_C[5])
                                                     -1.701     9.188    reg_23322_reg
  -------------------------------------------------------------------
                         required time                          9.188    
                         arrival time                          -9.321    
  -------------------------------------------------------------------
                         slack                                 -0.133    

Slack (VIOLATED) :        -0.106ns  (required time - arrival time)
  Source:                 ap_enable_reg_pp1_iter1_reg_rep__1_replica_1/C
                            (rising edge-triggered cell FDRE clocked by ap_clk  {rise@0.000ns fall@5.000ns period=10.000ns})
  Destination:            reg_23322_reg/C[22]
                            (rising edge-triggered cell DSP48E1 clocked by ap_clk  {rise@0.000ns fall@5.000ns period=10.000ns})
  Path Group:             ap_clk
  Path Type:              Setup (Max at Slow Process Corner)
  Requirement:            10.000ns  (ap_clk rise@10.000ns - ap_clk rise@0.000ns)
  Data Path Delay:        8.321ns  (logic 4.483ns (53.878%)  route 3.838ns (46.122%))
  Logic Levels:           2  (DSP48E1=1 LUT4=1)
  Clock Path Skew:        -0.049ns (DCD - SCD + CPR)
    Destination Clock Delay (DCD):    0.924ns = ( 10.924 - 10.000 ) 
    Source Clock Delay      (SCD):    0.973ns
    Clock Pessimism Removal (CPR):    0.000ns
  Clock Uncertainty:      0.035ns  ((TSJ^2 + TIJ^2)^1/2 + DJ) / 2 + PE
    Total System Jitter     (TSJ):    0.071ns
    Total Input Jitter      (TIJ):    0.000ns
    Discrete Jitter          (DJ):    0.000ns
    Phase Error              (PE):    0.000ns

    Location             Delay type                Incr(ns)  Path(ns)    Netlist Resource(s)
  -------------------------------------------------------------------    -------------------
                         (clock ap_clk rise edge)     0.000     0.000 r  
                                                      0.000     0.000 r  ap_clk (IN)
                         net (fo=11141, unset)        0.973     0.973    ap_clk
    SLICE_X90Y54         FDRE                                         r  ap_enable_reg_pp1_iter1_reg_rep__1_replica_1/C
  -------------------------------------------------------------------    -------------------
    SLICE_X90Y54         FDRE (Prop_fdre_C_Q)         0.518     1.491 r  ap_enable_reg_pp1_iter1_reg_rep__1_replica_1/Q
                         net (fo=29, routed)          0.900     2.391    mul_15s_16s_31_1_1_U20/fir_multiband_mul_15s_16s_31_1_1_Multiplier_0_U/ap_enable_reg_pp1_iter1_reg_rep__1_n_0_repN_1_alias
    SLICE_X91Y52         LUT4 (Prop_lut4_I0_O)        0.124     2.515 r  mul_15s_16s_31_1_1_U20/fir_multiband_mul_15s_16s_31_1_1_Multiplier_0_U/p_i_31__24/O
                         net (fo=1, routed)           0.529     3.044    mul_15s_16s_31_1_1_U20/fir_multiband_mul_15s_16s_31_1_1_Multiplier_0_U/p_i_31__24_n_0
    DSP48_X3Y20          DSP48E1 (Prop_dsp48e1_A[0]_P[22])
                                                      3.841     6.885 r  mul_15s_16s_31_1_1_U20/fir_multiband_mul_15s_16s_31_1_1_Multiplier_0_U/p/P[22]
                         net (fo=1, routed)           2.409     9.294    mul_15s_16s_31_1_1_U20_n_8
    DSP48_X2Y12          DSP48E1                                      r  reg_23322_reg/C[22]
  -------------------------------------------------------------------    -------------------

                         (clock ap_clk rise edge)    10.000    10.000 r  
                                                      0.000    10.000 r  ap_clk (IN)
                         net (fo=11141, unset)        0.924    10.924    ap_clk
    DSP48_X2Y12          DSP48E1                                      r  reg_23322_reg/CLK
                         clock pessimism              0.000    10.924    
                         clock uncertainty           -0.035    10.889    
    DSP48_X2Y12          DSP48E1 (Setup_dsp48e1_CLK_C[22])
                                                     -1.701     9.188    reg_23322_reg
  -------------------------------------------------------------------
                         required time                          9.188    
                         arrival time                          -9.294    
  -------------------------------------------------------------------
                         slack                                 -0.106    




