

================================================================
== Synthesis Summary Report of 'fir_multiband'
================================================================
+ General Information: 
    * Date:           Tue Sep 29 15:32:44 2026
    * Version:        2020.2 (Build 3064766 on Wed Nov 18 09:12:45 MST 2020)
    * Project:        synth_proj
    * Solution:       solution1 (Vivado IP Flow Target)
    * Product family: zynq
    * Target device:  xc7z020-clg400-1
    

+ Performance & Resource Estimates: 
    
    PS: '+' for module; 'o' for loop; '*' for dataflow
    +---------------------------------------+--------+-------+---------+-----------+----------+---------+------+----------+--------+--------+-----------+-----------+-----+
    |                Modules                |  Issue |       | Latency |  Latency  | Iteration|         | Trip |          |        |        |           |           |     |
    |                & Loops                |  Type  | Slack | (cycles)|    (ns)   |  Latency | Interval| Count| Pipelined|  BRAM  |   DSP  |     FF    |    LUT    | URAM|
    +---------------------------------------+--------+-------+---------+-----------+----------+---------+------+----------+--------+--------+-----------+-----------+-----+
    |+ fir_multiband                        |  Timing|   1.12|        -|          -|         -|        -|     -|        no|  3 (1%)|  5 (2%)|  1435 (1%)|  1784 (3%)|    -|
    | o VITIS_LOOP_83_1                     |       -|  -7.30|       65|    650.000|         1|        1|    65|       yes|       -|       -|          -|          -|    -|
    | o VITIS_LOOP_87_2                     |       -|  -7.30|        -|          -|      1666|        -|     -|        no|       -|       -|          -|          -|    -|
    |  o VITIS_LOOP_94_3                    |       -|  -7.30|       64|    640.000|         2|        1|    64|       yes|       -|       -|          -|          -|    -|
    |  o VITIS_LOOP_101_4_VITIS_LOOP_110_6  |      II|  -7.30|     1597|  1.597e+04|        39|        6|   260|       yes|       -|       -|          -|          -|    -|
    +---------------------------------------+--------+-------+---------+-----------+----------+---------+------+----------+--------+--------+-----------+-----------+-----+

