

================================================================
== Vitis HLS Report for 'fir_multiband'
================================================================
* Date:           Tue Sep 29 15:32:44 2026

* Version:        2020.2 (Build 3064766 on Wed Nov 18 09:12:45 MST 2020)
* Project:        synth_proj
* Solution:       solution1 (Vivado IP Flow Target)
* Product family: zynq
* Target device:  xc7z020-clg400-1


================================================================
== Performance Estimates
================================================================
+ Timing: 
    * Summary: 
    +--------+----------+----------+------------+
    |  Clock |  Target  | Estimated| Uncertainty|
    +--------+----------+----------+------------+
    |ap_clk  |  10.00 ns|  8.424 ns|     2.70 ns|
    +--------+----------+----------+------------+

+ Latency: 
    * Summary: 
    +---------+---------+----------+----------+-----+-----+---------+
    |  Latency (cycles) |  Latency (absolute) |  Interval | Pipeline|
    |   min   |   max   |    min   |    max   | min | max |   Type  |
    +---------+---------+----------+----------+-----+-----+---------+
    |        ?|        ?|         ?|         ?|    ?|    ?|     none|
    +---------+---------+----------+----------+-----+-----+---------+

    + Detail: 
        * Instance: 
        N/A

        * Loop: 
        +--------------------------------------+---------+---------+----------+-----------+-----------+------+----------+
        |                                      |  Latency (cycles) | Iteration|  Initiation Interval  | Trip |          |
        |               Loop Name              |   min   |   max   |  Latency |  achieved |   target  | Count| Pipelined|
        +--------------------------------------+---------+---------+----------+-----------+-----------+------+----------+
        |- VITIS_LOOP_83_1                     |       65|       65|         1|          1|          1|    65|       yes|
        |- VITIS_LOOP_87_2                     |        ?|        ?|      1666|          -|          -|     ?|        no|
        | + VITIS_LOOP_94_3                    |       64|       64|         2|          1|          1|    64|       yes|
        | + VITIS_LOOP_101_4_VITIS_LOOP_110_6  |     1597|     1597|        39|          6|          1|   260|       yes|
        +--------------------------------------+---------+---------+----------+-----------+-----------+------+----------+



================================================================
== Utilization Estimates
================================================================
* Summary: 
+-----------------+---------+-----+--------+-------+-----+
|       Name      | BRAM_18K| DSP |   FF   |  LUT  | URAM|
+-----------------+---------+-----+--------+-------+-----+
|DSP              |        -|    -|       -|      -|    -|
|Expression       |        -|    -|       0|    452|    -|
|FIFO             |        -|    -|       -|      -|    -|
|Instance         |        -|    5|     348|    711|    -|
|Memory           |        3|    -|       0|      0|    -|
|Multiplexer      |        -|    -|       -|    397|    -|
|Register         |        -|    -|    1087|    224|    -|
+-----------------+---------+-----+--------+-------+-----+
|Total            |        3|    5|    1435|   1784|    0|
+-----------------+---------+-----+--------+-------+-----+
|Available        |      280|  220|  106400|  53200|    0|
+-----------------+---------+-----+--------+-------+-----+
|Utilization (%)  |        1|    2|       1|      3|    0|
+-----------------+---------+-----+--------+-------+-----+

+ Detail: 
    * Instance: 
    +-----------------------------------+--------------------------------+---------+----+-----+-----+-----+
    |              Instance             |             Module             | BRAM_18K| DSP|  FF | LUT | URAM|
    +-----------------------------------+--------------------------------+---------+----+-----+-----+-----+
    |fadd_32ns_32ns_32_5_full_dsp_1_U1  |fadd_32ns_32ns_32_5_full_dsp_1  |        0|   2|  205|  390|    0|
    |fcmp_32ns_32ns_1_2_no_dsp_1_U3     |fcmp_32ns_32ns_1_2_no_dsp_1     |        0|   0|    0|    0|    0|
    |fmul_32ns_32ns_32_4_max_dsp_1_U2   |fmul_32ns_32ns_32_4_max_dsp_1   |        0|   3|  143|  321|    0|
    +-----------------------------------+--------------------------------+---------+----+-----+-----+-----+
    |Total                              |                                |        0|   5|  348|  711|    0|
    +-----------------------------------+--------------------------------+---------+----+-----+-----+-----+

    * DSP: 
    N/A

    * Memory: 
    +--------------+------------+---------+---+----+-----+------+-----+------+-------------+
    |    Memory    |   Module   | BRAM_18K| FF| LUT| URAM| Words| Bits| Banks| W*Bits*Banks|
    +--------------+------------+---------+---+----+-----+------+-----+------+-------------+
    |FIR_COEFFS_U  |FIR_COEFFS  |        1|  0|   0|    0|   260|   32|     1|         8320|
    |hist_U        |hist        |        2|  0|   0|    0|    65|   32|     1|         2080|
    +--------------+------------+---------+---+----+-----+------+-----+------+-------------+
    |Total         |            |        3|  0|   0|    0|   325|   64|     2|        10400|
    +--------------+------------+---------+---+----+-----+------+-----+------+-------------+

    * FIFO: 
    N/A

    * Expression: 
    +--------------------------+----------+----+---+----+------------+------------+
    |       Variable Name      | Operation| DSP| FF| LUT| Bitwidth P0| Bitwidth P1|
    +--------------------------+----------+----+---+----+------------+------------+
    |add_ln101_1_fu_430_p2     |         +|   0|  0|  14|           9|           1|
    |add_ln101_fu_367_p2       |         +|   0|  0|  11|           3|           1|
    |add_ln110_fu_436_p2       |         +|   0|  0|  14|           7|           1|
    |add_ln119_1_fu_419_p2     |         +|   0|  0|   9|           9|           9|
    |add_ln119_fu_410_p2       |         +|   0|  0|   9|           9|           9|
    |add_ln83_fu_307_p2        |         +|   0|  0|  14|           7|           1|
    |add_ln87_fu_328_p2        |         +|   0|  0|  39|          32|           1|
    |add_ln94_fu_345_p2        |         +|   0|  0|  14|           7|           2|
    |and_ln59_fu_483_p2        |       and|   0|  0|   2|           1|           1|
    |and_ln60_fu_546_p2        |       and|   0|  0|   2|           1|           1|
    |icmp_ln101_fu_361_p2      |      icmp|   0|  0|  11|           9|           9|
    |icmp_ln110_fu_373_p2      |      icmp|   0|  0|  10|           7|           7|
    |icmp_ln59_1_fu_471_p2     |      icmp|   0|  0|  15|          23|           1|
    |icmp_ln59_fu_465_p2       |      icmp|   0|  0|  11|           8|           2|
    |icmp_ln60_1_fu_528_p2     |      icmp|   0|  0|  15|          23|           1|
    |icmp_ln60_fu_522_p2       |      icmp|   0|  0|  11|           8|           2|
    |icmp_ln83_fu_313_p2       |      icmp|   0|  0|  10|           7|           7|
    |icmp_ln87_fu_334_p2       |      icmp|   0|  0|  18|          32|          32|
    |icmp_ln94_fu_339_p2       |      icmp|   0|  0|  10|           7|           1|
    |or_ln59_fu_477_p2         |        or|   0|  0|   2|           1|           1|
    |or_ln60_fu_542_p2         |        or|   0|  0|   2|           1|           1|
    |a_fu_498_p3               |    select|   0|  0|  32|           1|          32|
    |select_ln101_1_fu_441_p3  |    select|   0|  0|  32|           1|           1|
    |select_ln101_2_fu_387_p3  |    select|   0|  0|   3|           1|           3|
    |select_ln101_3_fu_558_p3  |    select|   0|  0|  32|           1|          32|
    |select_ln101_fu_379_p3    |    select|   0|  0|   7|           1|           1|
    |select_ln60_fu_551_p3     |    select|   0|  0|  32|           1|          32|
    |sign_fu_534_p3            |    select|   0|  0|  32|           1|          32|
    |ap_enable_pp1             |       xor|   0|  0|   2|           1|           2|
    |ap_enable_pp2             |       xor|   0|  0|   2|           1|           2|
    |ap_enable_reg_pp1_iter1   |       xor|   0|  0|   2|           2|           1|
    |xor_ln59_fu_489_p2        |       xor|   0|  0|  33|          32|          33|
    +--------------------------+----------+----+---+----+------------+------------+
    |Total                     |          |   0|  0| 452|         254|         262|
    +--------------------------+----------+----+---+----+------------+------------+

    * Multiplexer: 
    +-----------------------------------------+----+-----------+-----+-----------+
    |                   Name                  | LUT| Input Size| Bits| Total Bits|
    +-----------------------------------------+----+-----------+-----+-----------+
    |acc_reg_270                              |   9|          2|   32|         64|
    |ap_NS_fsm                                |  65|         14|    1|         14|
    |ap_enable_reg_pp1_iter1                  |  14|          3|    1|          3|
    |ap_enable_reg_pp2_iter6                  |   9|          2|    1|          2|
    |ap_phi_mux_b_phi_fu_240_p4               |   9|          2|    3|          6|
    |ap_phi_mux_empty_12_phi_fu_262_p4        |   9|          2|   32|         64|
    |ap_phi_mux_indvar_flatten_phi_fu_228_p4  |   9|          2|    9|         18|
    |ap_phi_mux_k_1_phi_fu_216_p4             |   9|          2|    7|         14|
    |ap_phi_mux_k_2_phi_fu_251_p4             |   9|          2|    7|         14|
    |b_reg_236                                |   9|          2|    3|          6|
    |empty_12_reg_258                         |   9|          2|   32|         64|
    |grp_fu_282_p0                            |  31|          6|   32|        192|
    |grp_fu_282_p1                            |  31|          6|   32|        192|
    |grp_fu_291_p0                            |  20|          4|   32|        128|
    |grp_fu_291_p1                            |  20|          4|   32|        128|
    |grp_fu_296_opcode                        |  14|          3|    5|         15|
    |grp_fu_296_p0                            |  14|          3|   32|         96|
    |grp_fu_296_p1                            |  14|          3|   32|         96|
    |hist_address0                            |  20|          4|    7|         28|
    |hist_address1                            |  14|          3|    7|         21|
    |hist_d0                                  |  14|          3|   32|         96|
    |indvar_flatten_reg_224                   |   9|          2|    9|         18|
    |k_1_reg_212                              |   9|          2|    7|         14|
    |k_2_reg_247                              |   9|          2|    7|         14|
    |k_reg_190                                |   9|          2|    7|         14|
    |n_reg_201                                |   9|          2|   32|         64|
    +-----------------------------------------+----+-----------+-----+-----------+
    |Total                                    | 397|         84|  433|       1385|
    +-----------------------------------------+----+-----------+-----+-----------+

    * Register: 
    +-------------------------+----+----+-----+-----------+
    |           Name          | FF | LUT| Bits| Const Bits|
    +-------------------------+----+----+-----+-----------+
    |FIR_COEFFS_load_reg_654  |  32|   0|   32|          0|
    |a_reg_703                |  32|   0|   32|          0|
    |acc_reg_270              |  32|   0|   32|          0|
    |add_ln101_1_reg_659      |   9|   0|    9|          0|
    |add_ln110_reg_664        |   7|   0|    7|          0|
    |add_ln87_reg_593         |  32|   0|   32|          0|
    |add_ln94_reg_606         |   7|   0|    7|          0|
    |and_ln59_reg_697         |   1|   0|    1|          0|
    |ap_CS_fsm                |  13|   0|   13|          0|
    |ap_enable_reg_pp1_iter0  |   1|   0|    1|          0|
    |ap_enable_reg_pp1_iter1  |   1|   0|    1|          0|
    |ap_enable_reg_pp2_iter0  |   1|   0|    1|          0|
    |ap_enable_reg_pp2_iter1  |   1|   0|    1|          0|
    |ap_enable_reg_pp2_iter2  |   1|   0|    1|          0|
    |ap_enable_reg_pp2_iter3  |   1|   0|    1|          0|
    |ap_enable_reg_pp2_iter4  |   1|   0|    1|          0|
    |ap_enable_reg_pp2_iter5  |   1|   0|    1|          0|
    |ap_enable_reg_pp2_iter6  |   1|   0|    1|          0|
    |b_reg_236                |   3|   0|    3|          0|
    |bitcast_ln59_reg_692     |  32|   0|   32|          0|
    |bitcast_ln97_reg_588     |  32|   0|   32|          0|
    |empty_12_reg_258         |  32|   0|   32|          0|
    |hist_load_1_reg_649      |  32|   0|   32|          0|
    |icmp_ln101_reg_616       |   1|   0|    1|          0|
    |icmp_ln110_reg_620       |   1|   0|    1|          0|
    |icmp_ln60_1_reg_715      |   1|   0|    1|          0|
    |icmp_ln60_reg_710        |   1|   0|    1|          0|
    |icmp_ln94_reg_602        |   1|   0|    1|          0|
    |indvar_flatten_reg_224   |   9|   0|    9|          0|
    |k_1_reg_212              |   7|   0|    7|          0|
    |k_2_reg_247              |   7|   0|    7|          0|
    |k_reg_190                |   7|   0|    7|          0|
    |mul_i_dup_reg_730        |  32|   0|   32|          0|
    |mul_reg_674              |  32|   0|   32|          0|
    |n_reg_201                |  32|   0|   32|          0|
    |reg_302                  |  32|   0|   32|          0|
    |select_ln101_1_reg_669   |  32|   0|   32|          0|
    |select_ln101_2_reg_632   |   3|   0|    3|          0|
    |select_ln101_reg_626     |   7|   0|    7|          0|
    |select_ln60_reg_740      |  32|   0|   32|          0|
    |sub4_i_dup_reg_725       |  32|   0|   32|          0|
    |tmp_3_dup_reg_720        |   1|   0|    1|          0|
    |y_reg_687                |  32|   0|   32|          0|
    |ys_reg_679               |  32|   0|   32|          0|
    |and_ln59_reg_697         |  64|  32|    1|          0|
    |icmp_ln101_reg_616       |  64|  32|    1|          0|
    |icmp_ln110_reg_620       |  64|  32|    1|          0|
    |icmp_ln60_1_reg_715      |  64|  32|    1|          0|
    |icmp_ln60_reg_710        |  64|  32|    1|          0|
    |tmp_3_dup_reg_720        |  64|  32|    1|          0|
    |ys_reg_679               |  64|  32|   32|          0|
    +-------------------------+----+----+-----+-----------+
    |Total                    |1087| 224|  677|          0|
    +-------------------------+----+----+-----+-----------+



================================================================
== Interface
================================================================
* Summary: 
+--------------+-----+-----+------------+---------------+--------------+
|   RTL Ports  | Dir | Bits|  Protocol  | Source Object |    C Type    |
+--------------+-----+-----+------------+---------------+--------------+
|ap_clk        |   in|    1|  ap_ctrl_hs|  fir_multiband|  return value|
|ap_rst        |   in|    1|  ap_ctrl_hs|  fir_multiband|  return value|
|ap_start      |   in|    1|  ap_ctrl_hs|  fir_multiband|  return value|
|ap_done       |  out|    1|  ap_ctrl_hs|  fir_multiband|  return value|
|ap_idle       |  out|    1|  ap_ctrl_hs|  fir_multiband|  return value|
|ap_ready      |  out|    1|  ap_ctrl_hs|  fir_multiband|  return value|
|in_r          |   in|   32|     ap_none|           in_r|       pointer|
|out_r         |  out|   32|      ap_vld|          out_r|       pointer|
|out_r_ap_vld  |  out|    1|      ap_vld|          out_r|       pointer|
|length_r      |   in|   32|     ap_none|       length_r|        scalar|
+--------------+-----+-----+------------+---------------+--------------+

