Copyright 1986-2020 Xilinx, Inc. All Rights Reserved.
------------------------------------------------------------------------------------------------------------------------------------------------------------------------------------------------
| Tool Version : Vivado v.2020.2 (win64) Build 3064766 Wed Nov 18 09:12:45 MST 2020
| Date         : Tue Sep 29 20:33:04 2026
| Host         : yu running 64-bit major release  (build 9200)
| Command      : report_timing -delay_type max -max_paths 5 -path_type full_clock_expanded -file D:/pynq-multiband-audio-accel/build/hls/reports/v4_ref_limit5_impl/timing_impl_worst_paths.rpt
| Design       : fir_multiband
| Device       : 7z020-clg400
| Speed File   : -1  PRODUCTION 1.12 2019-11-22
------------------------------------------------------------------------------------------------------------------------------------------------------------------------------------------------

Timing Report

Slack (MET) :             0.938ns  (required time - arrival time)
  Source:                 k_1_reg_1525_pp1_iter5_reg_reg[6]__0/C
                            (rising edge-triggered cell FDRE clocked by ap_clk  {rise@0.000ns fall@5.000ns period=10.000ns})
  Destination:            hist_2_U/fir_multiband_hist_1_ram_U/q0_reg[2]/D
                            (rising edge-triggered cell FDRE clocked by ap_clk  {rise@0.000ns fall@5.000ns period=10.000ns})
  Path Group:             ap_clk
  Path Type:              Setup (Max at Slow Process Corner)
  Requirement:            10.000ns  (ap_clk rise@10.000ns - ap_clk rise@0.000ns)
  Data Path Delay:        8.609ns  (logic 3.261ns (37.880%)  route 5.348ns (62.120%))
  Logic Levels:           8  (CARRY4=3 LUT2=1 LUT5=2 LUT6=1 RAMD32=1)
  Clock Path Skew:        -0.133ns (DCD - SCD + CPR)
    Destination Clock Delay (DCD):    4.593ns = ( 14.593 - 10.000 ) 
    Source Clock Delay      (SCD):    5.185ns
    Clock Pessimism Removal (CPR):    0.458ns
  Clock Uncertainty:      0.035ns  ((TSJ^2 + TIJ^2)^1/2 + DJ) / 2 + PE
    Total System Jitter     (TSJ):    0.071ns
    Total Input Jitter      (TIJ):    0.000ns
    Discrete Jitter          (DJ):    0.000ns
    Phase Error              (PE):    0.000ns

    Location             Delay type                Incr(ns)  Path(ns)    Netlist Resource(s)
  -------------------------------------------------------------------    -------------------
                         (clock ap_clk rise edge)     0.000     0.000 r  
    U14                                               0.000     0.000 r  ap_clk (IN)
                         net (fo=0)                   0.000     0.000    ap_clk
    U14                  IBUF (Prop_ibuf_I_O)         1.075     1.075 r  ap_clk_IBUF_inst/O
                         net (fo=1, routed)           2.205     3.280    ap_clk_IBUF
    BUFGCTRL_X0Y16       BUFG (Prop_bufg_I_O)         0.101     3.381 r  ap_clk_IBUF_BUFG_inst/O
                         net (fo=11721, routed)       1.804     5.185    ap_clk_IBUF_BUFG
    SLICE_X104Y2         FDRE                                         r  k_1_reg_1525_pp1_iter5_reg_reg[6]__0/C
  -------------------------------------------------------------------    -------------------
    SLICE_X104Y2         FDRE (Prop_fdre_C_Q)         0.478     5.663 r  k_1_reg_1525_pp1_iter5_reg_reg[6]__0/Q
                         net (fo=11, routed)          0.814     6.476    mul_7ns_9ns_15_1_1_U16/fir_multiband_mul_7ns_9ns_15_1_1_Multiplier_1_U/k_1_reg_1525_pp1_iter5_reg[6]
    SLICE_X96Y2          LUT2 (Prop_lut2_I0_O)        0.301     6.777 r  mul_7ns_9ns_15_1_1_U16/fir_multiband_mul_7ns_9ns_15_1_1_Multiplier_1_U/p_carry__0_i_3/O
                         net (fo=1, routed)           0.000     6.777    mul_7ns_9ns_15_1_1_U16/fir_multiband_mul_7ns_9ns_15_1_1_Multiplier_1_U/p_carry__0_i_3_n_0
    SLICE_X96Y2          CARRY4 (Prop_carry4_S[1]_O[3])
                                                      0.643     7.420 r  mul_7ns_9ns_15_1_1_U16/fir_multiband_mul_7ns_9ns_15_1_1_Multiplier_1_U/p_carry__0/O[3]
                         net (fo=3, routed)           0.584     8.004    mul_7ns_9ns_15_1_1_U16/fir_multiband_mul_7ns_9ns_15_1_1_Multiplier_1_U/p_carry__0_n_4
    SLICE_X95Y2          LUT5 (Prop_lut5_I4_O)        0.333     8.337 r  mul_7ns_9ns_15_1_1_U16/fir_multiband_mul_7ns_9ns_15_1_1_Multiplier_1_U/p__40_carry__0_i_3/O
                         net (fo=1, routed)           0.609     8.947    mul_7ns_9ns_15_1_1_U16/fir_multiband_mul_7ns_9ns_15_1_1_Multiplier_1_U/p__40_carry__0_i_3_n_0
    SLICE_X97Y2          CARRY4 (Prop_carry4_DI[1]_CO[3])
                                                      0.709     9.656 r  mul_7ns_9ns_15_1_1_U16/fir_multiband_mul_7ns_9ns_15_1_1_Multiplier_1_U/p__40_carry__0/CO[3]
                         net (fo=1, routed)           0.000     9.656    mul_7ns_9ns_15_1_1_U16/fir_multiband_mul_7ns_9ns_15_1_1_Multiplier_1_U/p__40_carry__0_n_0
    SLICE_X97Y3          CARRY4 (Prop_carry4_CI_O[0])
                                                      0.222     9.878 r  mul_7ns_9ns_15_1_1_U16/fir_multiband_mul_7ns_9ns_15_1_1_Multiplier_1_U/p__40_carry__1/O[0]
                         net (fo=1, routed)           0.333    10.211    mul_7ns_9ns_15_1_1_U16/fir_multiband_mul_7ns_9ns_15_1_1_Multiplier_1_U/mul_ln212_1_fu_2323_p2[11]
    SLICE_X98Y4          LUT6 (Prop_lut6_I0_O)        0.299    10.510 r  mul_7ns_9ns_15_1_1_U16/fir_multiband_mul_7ns_9ns_15_1_1_Multiplier_1_U/ram_reg_i_49/O
                         net (fo=2, routed)           0.587    11.097    mul_7ns_9ns_15_1_1_U16/fir_multiband_mul_7ns_9ns_15_1_1_Multiplier_1_U/hist_4_address0[1]
    SLICE_X96Y5          LUT5 (Prop_lut5_I2_O)        0.124    11.221 r  mul_7ns_9ns_15_1_1_U16/fir_multiband_mul_7ns_9ns_15_1_1_Multiplier_1_U/ram_reg_0_15_0_0_i_3__0/O
                         net (fo=384, routed)         1.803    13.023    hist_2_U/fir_multiband_hist_1_ram_U/ram_reg_0_15_2_2/A1
    SLICE_X82Y15         RAMD32 (Prop_ramd32_RADR1_O)
                                                      0.152    13.175 r  hist_2_U/fir_multiband_hist_1_ram_U/ram_reg_0_15_2_2/SP/O
                         net (fo=1, routed)           0.618    13.793    hist_2_U/fir_multiband_hist_1_ram_U/q00__1[2]
    SLICE_X83Y15         FDRE                                         r  hist_2_U/fir_multiband_hist_1_ram_U/q0_reg[2]/D
  -------------------------------------------------------------------    -------------------

                         (clock ap_clk rise edge)    10.000    10.000 r  
    U14                                               0.000    10.000 r  ap_clk (IN)
                         net (fo=0)                   0.000    10.000    ap_clk
    U14                  IBUF (Prop_ibuf_I_O)         0.940    10.940 r  ap_clk_IBUF_inst/O
                         net (fo=1, routed)           2.006    12.946    ap_clk_IBUF
    BUFGCTRL_X0Y16       BUFG (Prop_bufg_I_O)         0.091    13.037 r  ap_clk_IBUF_BUFG_inst/O
                         net (fo=11721, routed)       1.556    14.593    hist_2_U/fir_multiband_hist_1_ram_U/ap_clk_IBUF_BUFG
    SLICE_X83Y15         FDRE                                         r  hist_2_U/fir_multiband_hist_1_ram_U/q0_reg[2]/C
                         clock pessimism              0.458    15.052    
                         clock uncertainty           -0.035    15.016    
    SLICE_X83Y15         FDRE (Setup_fdre_C_D)       -0.285    14.731    hist_2_U/fir_multiband_hist_1_ram_U/q0_reg[2]
  -------------------------------------------------------------------
                         required time                         14.731    
                         arrival time                         -13.793    
  -------------------------------------------------------------------
                         slack                                  0.938    

Slack (MET) :             0.984ns  (required time - arrival time)
  Source:                 k_1_reg_1525_pp1_iter5_reg_reg[6]__0/C
                            (rising edge-triggered cell FDRE clocked by ap_clk  {rise@0.000ns fall@5.000ns period=10.000ns})
  Destination:            hist_2_U/fir_multiband_hist_1_ram_U/q0_reg[14]/D
                            (rising edge-triggered cell FDRE clocked by ap_clk  {rise@0.000ns fall@5.000ns period=10.000ns})
  Path Group:             ap_clk
  Path Type:              Setup (Max at Slow Process Corner)
  Requirement:            10.000ns  (ap_clk rise@10.000ns - ap_clk rise@0.000ns)
  Data Path Delay:        8.524ns  (logic 3.266ns (38.317%)  route 5.258ns (61.683%))
  Logic Levels:           8  (CARRY4=3 LUT2=1 LUT5=2 LUT6=1 RAMD32=1)
  Clock Path Skew:        -0.133ns (DCD - SCD + CPR)
    Destination Clock Delay (DCD):    4.593ns = ( 14.593 - 10.000 ) 
    Source Clock Delay      (SCD):    5.185ns
    Clock Pessimism Removal (CPR):    0.458ns
  Clock Uncertainty:      0.035ns  ((TSJ^2 + TIJ^2)^1/2 + DJ) / 2 + PE
    Total System Jitter     (TSJ):    0.071ns
    Total Input Jitter      (TIJ):    0.000ns
    Discrete Jitter          (DJ):    0.000ns
    Phase Error              (PE):    0.000ns

    Location             Delay type                Incr(ns)  Path(ns)    Netlist Resource(s)
  -------------------------------------------------------------------    -------------------
                         (clock ap_clk rise edge)     0.000     0.000 r  
    U14                                               0.000     0.000 r  ap_clk (IN)
                         net (fo=0)                   0.000     0.000    ap_clk
    U14                  IBUF (Prop_ibuf_I_O)         1.075     1.075 r  ap_clk_IBUF_inst/O
                         net (fo=1, routed)           2.205     3.280    ap_clk_IBUF
    BUFGCTRL_X0Y16       BUFG (Prop_bufg_I_O)         0.101     3.381 r  ap_clk_IBUF_BUFG_inst/O
                         net (fo=11721, routed)       1.804     5.185    ap_clk_IBUF_BUFG
    SLICE_X104Y2         FDRE                                         r  k_1_reg_1525_pp1_iter5_reg_reg[6]__0/C
  -------------------------------------------------------------------    -------------------
    SLICE_X104Y2         FDRE (Prop_fdre_C_Q)         0.478     5.663 r  k_1_reg_1525_pp1_iter5_reg_reg[6]__0/Q
                         net (fo=11, routed)          0.814     6.476    mul_7ns_9ns_15_1_1_U16/fir_multiband_mul_7ns_9ns_15_1_1_Multiplier_1_U/k_1_reg_1525_pp1_iter5_reg[6]
    SLICE_X96Y2          LUT2 (Prop_lut2_I0_O)        0.301     6.777 r  mul_7ns_9ns_15_1_1_U16/fir_multiband_mul_7ns_9ns_15_1_1_Multiplier_1_U/p_carry__0_i_3/O
                         net (fo=1, routed)           0.000     6.777    mul_7ns_9ns_15_1_1_U16/fir_multiband_mul_7ns_9ns_15_1_1_Multiplier_1_U/p_carry__0_i_3_n_0
    SLICE_X96Y2          CARRY4 (Prop_carry4_S[1]_O[3])
                                                      0.643     7.420 r  mul_7ns_9ns_15_1_1_U16/fir_multiband_mul_7ns_9ns_15_1_1_Multiplier_1_U/p_carry__0/O[3]
                         net (fo=3, routed)           0.584     8.004    mul_7ns_9ns_15_1_1_U16/fir_multiband_mul_7ns_9ns_15_1_1_Multiplier_1_U/p_carry__0_n_4
    SLICE_X95Y2          LUT5 (Prop_lut5_I4_O)        0.333     8.337 r  mul_7ns_9ns_15_1_1_U16/fir_multiband_mul_7ns_9ns_15_1_1_Multiplier_1_U/p__40_carry__0_i_3/O
                         net (fo=1, routed)           0.609     8.947    mul_7ns_9ns_15_1_1_U16/fir_multiband_mul_7ns_9ns_15_1_1_Multiplier_1_U/p__40_carry__0_i_3_n_0
    SLICE_X97Y2          CARRY4 (Prop_carry4_DI[1]_CO[3])
                                                      0.709     9.656 r  mul_7ns_9ns_15_1_1_U16/fir_multiband_mul_7ns_9ns_15_1_1_Multiplier_1_U/p__40_carry__0/CO[3]
                         net (fo=1, routed)           0.000     9.656    mul_7ns_9ns_15_1_1_U16/fir_multiband_mul_7ns_9ns_15_1_1_Multiplier_1_U/p__40_carry__0_n_0
    SLICE_X97Y3          CARRY4 (Prop_carry4_CI_O[0])
                                                      0.222     9.878 r  mul_7ns_9ns_15_1_1_U16/fir_multiband_mul_7ns_9ns_15_1_1_Multiplier_1_U/p__40_carry__1/O[0]
                         net (fo=1, routed)           0.333    10.211    mul_7ns_9ns_15_1_1_U16/fir_multiband_mul_7ns_9ns_15_1_1_Multiplier_1_U/mul_ln212_1_fu_2323_p2[11]
    SLICE_X98Y4          LUT6 (Prop_lut6_I0_O)        0.299    10.510 r  mul_7ns_9ns_15_1_1_U16/fir_multiband_mul_7ns_9ns_15_1_1_Multiplier_1_U/ram_reg_i_49/O
                         net (fo=2, routed)           0.587    11.097    mul_7ns_9ns_15_1_1_U16/fir_multiband_mul_7ns_9ns_15_1_1_Multiplier_1_U/hist_4_address0[1]
    SLICE_X96Y5          LUT5 (Prop_lut5_I2_O)        0.124    11.221 r  mul_7ns_9ns_15_1_1_U16/fir_multiband_mul_7ns_9ns_15_1_1_Multiplier_1_U/ram_reg_0_15_0_0_i_3__0/O
                         net (fo=384, routed)         1.753    12.973    hist_2_U/fir_multiband_hist_1_ram_U/ram_reg_0_15_14_14/A1
    SLICE_X86Y16         RAMD32 (Prop_ramd32_RADR1_O)
                                                      0.157    13.130 r  hist_2_U/fir_multiband_hist_1_ram_U/ram_reg_0_15_14_14/SP/O
                         net (fo=1, routed)           0.578    13.708    hist_2_U/fir_multiband_hist_1_ram_U/q00__1[14]
    SLICE_X87Y16         FDRE                                         r  hist_2_U/fir_multiband_hist_1_ram_U/q0_reg[14]/D
  -------------------------------------------------------------------    -------------------

                         (clock ap_clk rise edge)    10.000    10.000 r  
    U14                                               0.000    10.000 r  ap_clk (IN)
                         net (fo=0)                   0.000    10.000    ap_clk
    U14                  IBUF (Prop_ibuf_I_O)         0.940    10.940 r  ap_clk_IBUF_inst/O
                         net (fo=1, routed)           2.006    12.946    ap_clk_IBUF
    BUFGCTRL_X0Y16       BUFG (Prop_bufg_I_O)         0.091    13.037 r  ap_clk_IBUF_BUFG_inst/O
                         net (fo=11721, routed)       1.556    14.593    hist_2_U/fir_multiband_hist_1_ram_U/ap_clk_IBUF_BUFG
    SLICE_X87Y16         FDRE                                         r  hist_2_U/fir_multiband_hist_1_ram_U/q0_reg[14]/C
                         clock pessimism              0.458    15.052    
                         clock uncertainty           -0.035    15.016    
    SLICE_X87Y16         FDRE (Setup_fdre_C_D)       -0.324    14.692    hist_2_U/fir_multiband_hist_1_ram_U/q0_reg[14]
  -------------------------------------------------------------------
                         required time                         14.692    
                         arrival time                         -13.708    
  -------------------------------------------------------------------
                         slack                                  0.984    

Slack (MET) :             1.037ns  (required time - arrival time)
  Source:                 k_1_reg_1525_pp1_iter5_reg_reg[6]__0/C
                            (rising edge-triggered cell FDRE clocked by ap_clk  {rise@0.000ns fall@5.000ns period=10.000ns})
  Destination:            hist_2_U/fir_multiband_hist_1_ram_U/q0_reg[16]/D
                            (rising edge-triggered cell FDRE clocked by ap_clk  {rise@0.000ns fall@5.000ns period=10.000ns})
  Path Group:             ap_clk
  Path Type:              Setup (Max at Slow Process Corner)
  Requirement:            10.000ns  (ap_clk rise@10.000ns - ap_clk rise@0.000ns)
  Data Path Delay:        8.702ns  (logic 3.233ns (37.151%)  route 5.469ns (62.849%))
  Logic Levels:           8  (CARRY4=3 LUT2=1 LUT5=2 LUT6=1 RAMD32=1)
  Clock Path Skew:        -0.133ns (DCD - SCD + CPR)
    Destination Clock Delay (DCD):    4.593ns = ( 14.593 - 10.000 ) 
    Source Clock Delay      (SCD):    5.185ns
    Clock Pessimism Removal (CPR):    0.458ns
  Clock Uncertainty:      0.035ns  ((TSJ^2 + TIJ^2)^1/2 + DJ) / 2 + PE
    Total System Jitter     (TSJ):    0.071ns
    Total Input Jitter      (TIJ):    0.000ns
    Discrete Jitter          (DJ):    0.000ns
    Phase Error              (PE):    0.000ns

    Location             Delay type                Incr(ns)  Path(ns)    Netlist Resource(s)
  -------------------------------------------------------------------    -------------------
                         (clock ap_clk rise edge)     0.000     0.000 r  
    U14                                               0.000     0.000 r  ap_clk (IN)
                         net (fo=0)                   0.000     0.000    ap_clk
    U14                  IBUF (Prop_ibuf_I_O)         1.075     1.075 r  ap_clk_IBUF_inst/O
                         net (fo=1, routed)           2.205     3.280    ap_clk_IBUF
    BUFGCTRL_X0Y16       BUFG (Prop_bufg_I_O)         0.101     3.381 r  ap_clk_IBUF_BUFG_inst/O
                         net (fo=11721, routed)       1.804     5.185    ap_clk_IBUF_BUFG
    SLICE_X104Y2         FDRE                                         r  k_1_reg_1525_pp1_iter5_reg_reg[6]__0/C
  -------------------------------------------------------------------    -------------------
    SLICE_X104Y2         FDRE (Prop_fdre_C_Q)         0.478     5.663 r  k_1_reg_1525_pp1_iter5_reg_reg[6]__0/Q
                         net (fo=11, routed)          0.814     6.476    mul_7ns_9ns_15_1_1_U16/fir_multiband_mul_7ns_9ns_15_1_1_Multiplier_1_U/k_1_reg_1525_pp1_iter5_reg[6]
    SLICE_X96Y2          LUT2 (Prop_lut2_I0_O)        0.301     6.777 r  mul_7ns_9ns_15_1_1_U16/fir_multiband_mul_7ns_9ns_15_1_1_Multiplier_1_U/p_carry__0_i_3/O
                         net (fo=1, routed)           0.000     6.777    mul_7ns_9ns_15_1_1_U16/fir_multiband_mul_7ns_9ns_15_1_1_Multiplier_1_U/p_carry__0_i_3_n_0
    SLICE_X96Y2          CARRY4 (Prop_carry4_S[1]_O[3])
                                                      0.643     7.420 r  mul_7ns_9ns_15_1_1_U16/fir_multiband_mul_7ns_9ns_15_1_1_Multiplier_1_U/p_carry__0/O[3]
                         net (fo=3, routed)           0.584     8.004    mul_7ns_9ns_15_1_1_U16/fir_multiband_mul_7ns_9ns_15_1_1_Multiplier_1_U/p_carry__0_n_4
    SLICE_X95Y2          LUT5 (Prop_lut5_I4_O)        0.333     8.337 r  mul_7ns_9ns_15_1_1_U16/fir_multiband_mul_7ns_9ns_15_1_1_Multiplier_1_U/p__40_carry__0_i_3/O
                         net (fo=1, routed)           0.609     8.947    mul_7ns_9ns_15_1_1_U16/fir_multiband_mul_7ns_9ns_15_1_1_Multiplier_1_U/p__40_carry__0_i_3_n_0
    SLICE_X97Y2          CARRY4 (Prop_carry4_DI[1]_CO[3])
                                                      0.709     9.656 r  mul_7ns_9ns_15_1_1_U16/fir_multiband_mul_7ns_9ns_15_1_1_Multiplier_1_U/p__40_carry__0/CO[3]
                         net (fo=1, routed)           0.000     9.656    mul_7ns_9ns_15_1_1_U16/fir_multiband_mul_7ns_9ns_15_1_1_Multiplier_1_U/p__40_carry__0_n_0
    SLICE_X97Y3          CARRY4 (Prop_carry4_CI_O[0])
                                                      0.222     9.878 r  mul_7ns_9ns_15_1_1_U16/fir_multiband_mul_7ns_9ns_15_1_1_Multiplier_1_U/p__40_carry__1/O[0]
                         net (fo=1, routed)           0.333    10.211    mul_7ns_9ns_15_1_1_U16/fir_multiband_mul_7ns_9ns_15_1_1_Multiplier_1_U/mul_ln212_1_fu_2323_p2[11]
    SLICE_X98Y4          LUT6 (Prop_lut6_I0_O)        0.299    10.510 r  mul_7ns_9ns_15_1_1_U16/fir_multiband_mul_7ns_9ns_15_1_1_Multiplier_1_U/ram_reg_i_49/O
                         net (fo=2, routed)           0.587    11.097    mul_7ns_9ns_15_1_1_U16/fir_multiband_mul_7ns_9ns_15_1_1_Multiplier_1_U/hist_4_address0[1]
    SLICE_X96Y5          LUT5 (Prop_lut5_I2_O)        0.124    11.221 r  mul_7ns_9ns_15_1_1_U16/fir_multiband_mul_7ns_9ns_15_1_1_Multiplier_1_U/ram_reg_0_15_0_0_i_3__0/O
                         net (fo=384, routed)         1.957    13.178    hist_2_U/fir_multiband_hist_1_ram_U/ram_reg_0_15_16_16/A1
    SLICE_X86Y16         RAMD32 (Prop_ramd32_RADR1_O)
                                                      0.124    13.302 r  hist_2_U/fir_multiband_hist_1_ram_U/ram_reg_0_15_16_16/SP/O
                         net (fo=1, routed)           0.585    13.887    hist_2_U/fir_multiband_hist_1_ram_U/q00__1[16]
    SLICE_X87Y16         FDRE                                         r  hist_2_U/fir_multiband_hist_1_ram_U/q0_reg[16]/D
  -------------------------------------------------------------------    -------------------

                         (clock ap_clk rise edge)    10.000    10.000 r  
    U14                                               0.000    10.000 r  ap_clk (IN)
                         net (fo=0)                   0.000    10.000    ap_clk
    U14                  IBUF (Prop_ibuf_I_O)         0.940    10.940 r  ap_clk_IBUF_inst/O
                         net (fo=1, routed)           2.006    12.946    ap_clk_IBUF
    BUFGCTRL_X0Y16       BUFG (Prop_bufg_I_O)         0.091    13.037 r  ap_clk_IBUF_BUFG_inst/O
                         net (fo=11721, routed)       1.556    14.593    hist_2_U/fir_multiband_hist_1_ram_U/ap_clk_IBUF_BUFG
    SLICE_X87Y16         FDRE                                         r  hist_2_U/fir_multiband_hist_1_ram_U/q0_reg[16]/C
                         clock pessimism              0.458    15.052    
                         clock uncertainty           -0.035    15.016    
    SLICE_X87Y16         FDRE (Setup_fdre_C_D)       -0.092    14.924    hist_2_U/fir_multiband_hist_1_ram_U/q0_reg[16]
  -------------------------------------------------------------------
                         required time                         14.924    
                         arrival time                         -13.887    
  -------------------------------------------------------------------
                         slack                                  1.037    

Slack (MET) :             1.060ns  (required time - arrival time)
  Source:                 k_1_reg_1525_pp1_iter5_reg_reg[6]__0/C
                            (rising edge-triggered cell FDRE clocked by ap_clk  {rise@0.000ns fall@5.000ns period=10.000ns})
  Destination:            hist_2_U/fir_multiband_hist_1_ram_U/q0_reg[26]/D
                            (rising edge-triggered cell FDRE clocked by ap_clk  {rise@0.000ns fall@5.000ns period=10.000ns})
  Path Group:             ap_clk
  Path Type:              Setup (Max at Slow Process Corner)
  Requirement:            10.000ns  (ap_clk rise@10.000ns - ap_clk rise@0.000ns)
  Data Path Delay:        8.456ns  (logic 3.261ns (38.566%)  route 5.195ns (61.434%))
  Logic Levels:           8  (CARRY4=3 LUT2=1 LUT5=2 LUT6=1 RAMD32=1)
  Clock Path Skew:        -0.132ns (DCD - SCD + CPR)
    Destination Clock Delay (DCD):    4.594ns = ( 14.594 - 10.000 ) 
    Source Clock Delay      (SCD):    5.185ns
    Clock Pessimism Removal (CPR):    0.458ns
  Clock Uncertainty:      0.035ns  ((TSJ^2 + TIJ^2)^1/2 + DJ) / 2 + PE
    Total System Jitter     (TSJ):    0.071ns
    Total Input Jitter      (TIJ):    0.000ns
    Discrete Jitter          (DJ):    0.000ns
    Phase Error              (PE):    0.000ns

    Location             Delay type                Incr(ns)  Path(ns)    Netlist Resource(s)
  -------------------------------------------------------------------    -------------------
                         (clock ap_clk rise edge)     0.000     0.000 r  
    U14                                               0.000     0.000 r  ap_clk (IN)
                         net (fo=0)                   0.000     0.000    ap_clk
    U14                  IBUF (Prop_ibuf_I_O)         1.075     1.075 r  ap_clk_IBUF_inst/O
                         net (fo=1, routed)           2.205     3.280    ap_clk_IBUF
    BUFGCTRL_X0Y16       BUFG (Prop_bufg_I_O)         0.101     3.381 r  ap_clk_IBUF_BUFG_inst/O
                         net (fo=11721, routed)       1.804     5.185    ap_clk_IBUF_BUFG
    SLICE_X104Y2         FDRE                                         r  k_1_reg_1525_pp1_iter5_reg_reg[6]__0/C
  -------------------------------------------------------------------    -------------------
    SLICE_X104Y2         FDRE (Prop_fdre_C_Q)         0.478     5.663 r  k_1_reg_1525_pp1_iter5_reg_reg[6]__0/Q
                         net (fo=11, routed)          0.814     6.476    mul_7ns_9ns_15_1_1_U16/fir_multiband_mul_7ns_9ns_15_1_1_Multiplier_1_U/k_1_reg_1525_pp1_iter5_reg[6]
    SLICE_X96Y2          LUT2 (Prop_lut2_I0_O)        0.301     6.777 r  mul_7ns_9ns_15_1_1_U16/fir_multiband_mul_7ns_9ns_15_1_1_Multiplier_1_U/p_carry__0_i_3/O
                         net (fo=1, routed)           0.000     6.777    mul_7ns_9ns_15_1_1_U16/fir_multiband_mul_7ns_9ns_15_1_1_Multiplier_1_U/p_carry__0_i_3_n_0
    SLICE_X96Y2          CARRY4 (Prop_carry4_S[1]_O[3])
                                                      0.643     7.420 r  mul_7ns_9ns_15_1_1_U16/fir_multiband_mul_7ns_9ns_15_1_1_Multiplier_1_U/p_carry__0/O[3]
                         net (fo=3, routed)           0.584     8.004    mul_7ns_9ns_15_1_1_U16/fir_multiband_mul_7ns_9ns_15_1_1_Multiplier_1_U/p_carry__0_n_4
    SLICE_X95Y2          LUT5 (Prop_lut5_I4_O)        0.333     8.337 r  mul_7ns_9ns_15_1_1_U16/fir_multiband_mul_7ns_9ns_15_1_1_Multiplier_1_U/p__40_carry__0_i_3/O
                         net (fo=1, routed)           0.609     8.947    mul_7ns_9ns_15_1_1_U16/fir_multiband_mul_7ns_9ns_15_1_1_Multiplier_1_U/p__40_carry__0_i_3_n_0
    SLICE_X97Y2          CARRY4 (Prop_carry4_DI[1]_CO[3])
                                                      0.709     9.656 r  mul_7ns_9ns_15_1_1_U16/fir_multiband_mul_7ns_9ns_15_1_1_Multiplier_1_U/p__40_carry__0/CO[3]
                         net (fo=1, routed)           0.000     9.656    mul_7ns_9ns_15_1_1_U16/fir_multiband_mul_7ns_9ns_15_1_1_Multiplier_1_U/p__40_carry__0_n_0
    SLICE_X97Y3          CARRY4 (Prop_carry4_CI_O[0])
                                                      0.222     9.878 r  mul_7ns_9ns_15_1_1_U16/fir_multiband_mul_7ns_9ns_15_1_1_Multiplier_1_U/p__40_carry__1/O[0]
                         net (fo=1, routed)           0.333    10.211    mul_7ns_9ns_15_1_1_U16/fir_multiband_mul_7ns_9ns_15_1_1_Multiplier_1_U/mul_ln212_1_fu_2323_p2[11]
    SLICE_X98Y4          LUT6 (Prop_lut6_I0_O)        0.299    10.510 r  mul_7ns_9ns_15_1_1_U16/fir_multiband_mul_7ns_9ns_15_1_1_Multiplier_1_U/ram_reg_i_49/O
                         net (fo=2, routed)           0.587    11.097    mul_7ns_9ns_15_1_1_U16/fir_multiband_mul_7ns_9ns_15_1_1_Multiplier_1_U/hist_4_address0[1]
    SLICE_X96Y5          LUT5 (Prop_lut5_I2_O)        0.124    11.221 r  mul_7ns_9ns_15_1_1_U16/fir_multiband_mul_7ns_9ns_15_1_1_Multiplier_1_U/ram_reg_0_15_0_0_i_3__0/O
                         net (fo=384, routed)         1.784    13.005    hist_2_U/fir_multiband_hist_1_ram_U/ram_reg_0_15_26_26/A1
    SLICE_X86Y14         RAMD32 (Prop_ramd32_RADR1_O)
                                                      0.152    13.157 r  hist_2_U/fir_multiband_hist_1_ram_U/ram_reg_0_15_26_26/SP/O
                         net (fo=1, routed)           0.483    13.640    hist_2_U/fir_multiband_hist_1_ram_U/q00__1[26]
    SLICE_X87Y15         FDRE                                         r  hist_2_U/fir_multiband_hist_1_ram_U/q0_reg[26]/D
  -------------------------------------------------------------------    -------------------

                         (clock ap_clk rise edge)    10.000    10.000 r  
    U14                                               0.000    10.000 r  ap_clk (IN)
                         net (fo=0)                   0.000    10.000    ap_clk
    U14                  IBUF (Prop_ibuf_I_O)         0.940    10.940 r  ap_clk_IBUF_inst/O
                         net (fo=1, routed)           2.006    12.946    ap_clk_IBUF
    BUFGCTRL_X0Y16       BUFG (Prop_bufg_I_O)         0.091    13.037 r  ap_clk_IBUF_BUFG_inst/O
                         net (fo=11721, routed)       1.557    14.594    hist_2_U/fir_multiband_hist_1_ram_U/ap_clk_IBUF_BUFG
    SLICE_X87Y15         FDRE                                         r  hist_2_U/fir_multiband_hist_1_ram_U/q0_reg[26]/C
                         clock pessimism              0.458    15.053    
                         clock uncertainty           -0.035    15.017    
    SLICE_X87Y15         FDRE (Setup_fdre_C_D)       -0.317    14.700    hist_2_U/fir_multiband_hist_1_ram_U/q0_reg[26]
  -------------------------------------------------------------------
                         required time                         14.700    
                         arrival time                         -13.640    
  -------------------------------------------------------------------
                         slack                                  1.060    

Slack (MET) :             1.062ns  (required time - arrival time)
  Source:                 k_1_reg_1525_pp1_iter5_reg_reg[6]__0/C
                            (rising edge-triggered cell FDRE clocked by ap_clk  {rise@0.000ns fall@5.000ns period=10.000ns})
  Destination:            hist_4_U/fir_multiband_hist_1_ram_U/q0_reg[7]/D
                            (rising edge-triggered cell FDRE clocked by ap_clk  {rise@0.000ns fall@5.000ns period=10.000ns})
  Path Group:             ap_clk
  Path Type:              Setup (Max at Slow Process Corner)
  Requirement:            10.000ns  (ap_clk rise@10.000ns - ap_clk rise@0.000ns)
  Data Path Delay:        8.483ns  (logic 3.266ns (38.500%)  route 5.217ns (61.500%))
  Logic Levels:           8  (CARRY4=3 LUT2=1 LUT5=2 LUT6=1 RAMD32=1)
  Clock Path Skew:        -0.128ns (DCD - SCD + CPR)
    Destination Clock Delay (DCD):    4.598ns = ( 14.598 - 10.000 ) 
    Source Clock Delay      (SCD):    5.185ns
    Clock Pessimism Removal (CPR):    0.458ns
  Clock Uncertainty:      0.035ns  ((TSJ^2 + TIJ^2)^1/2 + DJ) / 2 + PE
    Total System Jitter     (TSJ):    0.071ns
    Total Input Jitter      (TIJ):    0.000ns
    Discrete Jitter          (DJ):    0.000ns
    Phase Error              (PE):    0.000ns

    Location             Delay type                Incr(ns)  Path(ns)    Netlist Resource(s)
  -------------------------------------------------------------------    -------------------
                         (clock ap_clk rise edge)     0.000     0.000 r  
    U14                                               0.000     0.000 r  ap_clk (IN)
                         net (fo=0)                   0.000     0.000    ap_clk
    U14                  IBUF (Prop_ibuf_I_O)         1.075     1.075 r  ap_clk_IBUF_inst/O
                         net (fo=1, routed)           2.205     3.280    ap_clk_IBUF
    BUFGCTRL_X0Y16       BUFG (Prop_bufg_I_O)         0.101     3.381 r  ap_clk_IBUF_BUFG_inst/O
                         net (fo=11721, routed)       1.804     5.185    ap_clk_IBUF_BUFG
    SLICE_X104Y2         FDRE                                         r  k_1_reg_1525_pp1_iter5_reg_reg[6]__0/C
  -------------------------------------------------------------------    -------------------
    SLICE_X104Y2         FDRE (Prop_fdre_C_Q)         0.478     5.663 r  k_1_reg_1525_pp1_iter5_reg_reg[6]__0/Q
                         net (fo=11, routed)          0.814     6.476    mul_7ns_9ns_15_1_1_U16/fir_multiband_mul_7ns_9ns_15_1_1_Multiplier_1_U/k_1_reg_1525_pp1_iter5_reg[6]
    SLICE_X96Y2          LUT2 (Prop_lut2_I0_O)        0.301     6.777 r  mul_7ns_9ns_15_1_1_U16/fir_multiband_mul_7ns_9ns_15_1_1_Multiplier_1_U/p_carry__0_i_3/O
                         net (fo=1, routed)           0.000     6.777    mul_7ns_9ns_15_1_1_U16/fir_multiband_mul_7ns_9ns_15_1_1_Multiplier_1_U/p_carry__0_i_3_n_0
    SLICE_X96Y2          CARRY4 (Prop_carry4_S[1]_O[3])
                                                      0.643     7.420 r  mul_7ns_9ns_15_1_1_U16/fir_multiband_mul_7ns_9ns_15_1_1_Multiplier_1_U/p_carry__0/O[3]
                         net (fo=3, routed)           0.584     8.004    mul_7ns_9ns_15_1_1_U16/fir_multiband_mul_7ns_9ns_15_1_1_Multiplier_1_U/p_carry__0_n_4
    SLICE_X95Y2          LUT5 (Prop_lut5_I4_O)        0.333     8.337 r  mul_7ns_9ns_15_1_1_U16/fir_multiband_mul_7ns_9ns_15_1_1_Multiplier_1_U/p__40_carry__0_i_3/O
                         net (fo=1, routed)           0.609     8.947    mul_7ns_9ns_15_1_1_U16/fir_multiband_mul_7ns_9ns_15_1_1_Multiplier_1_U/p__40_carry__0_i_3_n_0
    SLICE_X97Y2          CARRY4 (Prop_carry4_DI[1]_CO[3])
                                                      0.709     9.656 r  mul_7ns_9ns_15_1_1_U16/fir_multiband_mul_7ns_9ns_15_1_1_Multiplier_1_U/p__40_carry__0/CO[3]
                         net (fo=1, routed)           0.000     9.656    mul_7ns_9ns_15_1_1_U16/fir_multiband_mul_7ns_9ns_15_1_1_Multiplier_1_U/p__40_carry__0_n_0
    SLICE_X97Y3          CARRY4 (Prop_carry4_CI_O[0])
                                                      0.222     9.878 r  mul_7ns_9ns_15_1_1_U16/fir_multiband_mul_7ns_9ns_15_1_1_Multiplier_1_U/p__40_carry__1/O[0]
                         net (fo=1, routed)           0.333    10.211    mul_7ns_9ns_15_1_1_U16/fir_multiband_mul_7ns_9ns_15_1_1_Multiplier_1_U/mul_ln212_1_fu_2323_p2[11]
    SLICE_X98Y4          LUT6 (Prop_lut6_I0_O)        0.299    10.510 r  mul_7ns_9ns_15_1_1_U16/fir_multiband_mul_7ns_9ns_15_1_1_Multiplier_1_U/ram_reg_i_49/O
                         net (fo=2, routed)           0.587    11.097    mul_7ns_9ns_15_1_1_U16/fir_multiband_mul_7ns_9ns_15_1_1_Multiplier_1_U/hist_4_address0[1]
    SLICE_X96Y5          LUT5 (Prop_lut5_I2_O)        0.124    11.221 r  mul_7ns_9ns_15_1_1_U16/fir_multiband_mul_7ns_9ns_15_1_1_Multiplier_1_U/ram_reg_0_15_0_0_i_3__0/O
                         net (fo=384, routed)         1.673    12.894    hist_4_U/fir_multiband_hist_1_ram_U/ram_reg_0_15_7_7/A1
    SLICE_X82Y7          RAMD32 (Prop_ramd32_RADR1_O)
                                                      0.157    13.051 r  hist_4_U/fir_multiband_hist_1_ram_U/ram_reg_0_15_7_7/SP/O
                         net (fo=1, routed)           0.617    13.668    hist_4_U/fir_multiband_hist_1_ram_U/q00[7]
    SLICE_X83Y7          FDRE                                         r  hist_4_U/fir_multiband_hist_1_ram_U/q0_reg[7]/D
  -------------------------------------------------------------------    -------------------

                         (clock ap_clk rise edge)    10.000    10.000 r  
    U14                                               0.000    10.000 r  ap_clk (IN)
                         net (fo=0)                   0.000    10.000    ap_clk
    U14                  IBUF (Prop_ibuf_I_O)         0.940    10.940 r  ap_clk_IBUF_inst/O
                         net (fo=1, routed)           2.006    12.946    ap_clk_IBUF
    BUFGCTRL_X0Y16       BUFG (Prop_bufg_I_O)         0.091    13.037 r  ap_clk_IBUF_BUFG_inst/O
                         net (fo=11721, routed)       1.561    14.598    hist_4_U/fir_multiband_hist_1_ram_U/ap_clk_IBUF_BUFG
    SLICE_X83Y7          FDRE                                         r  hist_4_U/fir_multiband_hist_1_ram_U/q0_reg[7]/C
                         clock pessimism              0.458    15.057    
                         clock uncertainty           -0.035    15.021    
    SLICE_X83Y7          FDRE (Setup_fdre_C_D)       -0.292    14.729    hist_4_U/fir_multiband_hist_1_ram_U/q0_reg[7]
  -------------------------------------------------------------------
                         required time                         14.729    
                         arrival time                         -13.668    
  -------------------------------------------------------------------
                         slack                                  1.062    




