Copyright 1986-2020 Xilinx, Inc. All Rights Reserved.
-----------------------------------------------------------------------------------------------------------------------------------------------------------------------
| Tool Version : Vivado v.2020.2 (win64) Build 3064766 Wed Nov 18 09:12:45 MST 2020
| Date         : Tue Sep 29 20:44:16 2026
| Host         : yu running 64-bit major release  (build 9200)
| Command      : report_timing_summary -delay_type max -max_paths 10 -file D:/pynq-multiband-audio-accel/build/hls/reports/v4_ref_limit5_impl/timing_impl_io_1.5ns.rpt
| Design       : fir_multiband
| Device       : 7z020-clg400
| Speed File   : -1  PRODUCTION 1.12 2019-11-22
-----------------------------------------------------------------------------------------------------------------------------------------------------------------------

Timing Summary Report

------------------------------------------------------------------------------------------------
| Timer Settings
| --------------
------------------------------------------------------------------------------------------------

  Enable Multi Corner Analysis               :  Yes
  Enable Pessimism Removal                   :  Yes
  Pessimism Removal Resolution               :  Nearest Common Node
  Enable Input Delay Default Clock           :  No
  Enable Preset / Clear Arcs                 :  No
  Disable Flight Delays                      :  No
  Ignore I/O Paths                           :  No
  Timing Early Launch at Borrowing Latches   :  No
  Borrow Time for Max Delay Exceptions       :  Yes
  Merge Timing Exceptions                    :  Yes

  Corner  Analyze    Analyze    
  Name    Max Paths  Min Paths  
  ------  ---------  ---------  
  Slow    Yes        Yes        
  Fast    Yes        Yes        



check_timing report

Table of Contents
-----------------
1. checking no_clock (0)
2. checking constant_clock (0)
3. checking pulse_width_clock (0)
4. checking unconstrained_internal_endpoints (0)
5. checking no_input_delay (1)
6. checking no_output_delay (0)
7. checking multiple_clock (0)
8. checking generated_clocks (0)
9. checking loops (0)
10. checking partial_input_delay (0)
11. checking partial_output_delay (0)
12. checking latch_loops (0)

1. checking no_clock (0)
------------------------
 There are 0 register/latch pins with no clock.


2. checking constant_clock (0)
------------------------------
 There are 0 register/latch pins with constant_clock.


3. checking pulse_width_clock (0)
---------------------------------
 There are 0 register/latch pins which need pulse_width check


4. checking unconstrained_internal_endpoints (0)
------------------------------------------------
 There are 0 pins that are not constrained for maximum delay.

 There are 0 pins that are not constrained for maximum delay due to constant clock.


5. checking no_input_delay (1)
------------------------------
 There is 1 input port with no input delay specified. (HIGH)

 There are 0 input ports with no input delay but user has a false path constraint.


6. checking no_output_delay (0)
-------------------------------
 There are 0 ports with no output delay specified.

 There are 0 ports with no output delay but user has a false path constraint

 There are 0 ports with no output delay but with a timing clock defined on it or propagating through it


7. checking multiple_clock (0)
------------------------------
 There are 0 register/latch pins with multiple clocks.


8. checking generated_clocks (0)
--------------------------------
 There are 0 generated clocks that are not connected to a clock source.


9. checking loops (0)
---------------------
 There are 0 combinational loops in the design.


10. checking partial_input_delay (0)
------------------------------------
 There are 0 input ports with partial input delay specified.


11. checking partial_output_delay (0)
-------------------------------------
 There are 0 ports with partial output delay specified.


12. checking latch_loops (0)
----------------------------
 There are 0 combinational latch loops in the design through latch input



------------------------------------------------------------------------------------------------
| Design Timing Summary
| ---------------------
------------------------------------------------------------------------------------------------

    WNS(ns)      TNS(ns)  TNS Failing Endpoints  TNS Total Endpoints     WPWS(ns)     TPWS(ns)  TPWS Failing Endpoints  TPWS Total Endpoints  
    -------      -------  ---------------------  -------------------     --------     --------  ----------------------  --------------------  
     -8.750     -131.722                     36                23819        3.750        0.000                       0                 11706  


Timing constraints are not met.


------------------------------------------------------------------------------------------------
| Clock Summary
| -------------
------------------------------------------------------------------------------------------------

Clock   Waveform(ns)       Period(ns)      Frequency(MHz)
-----   ------------       ----------      --------------
ap_clk  {0.000 5.000}      10.000          100.000         


------------------------------------------------------------------------------------------------
| Intra Clock Table
| -----------------
------------------------------------------------------------------------------------------------

Clock             WNS(ns)      TNS(ns)  TNS Failing Endpoints  TNS Total Endpoints     WPWS(ns)     TPWS(ns)  TPWS Failing Endpoints  TPWS Total Endpoints  
-----             -------      -------  ---------------------  -------------------     --------     --------  ----------------------  --------------------  
ap_clk             -8.750     -131.722                     36                23819        3.750        0.000                       0                 11706  


------------------------------------------------------------------------------------------------
| Inter Clock Table
| -----------------
------------------------------------------------------------------------------------------------

From Clock    To Clock          WNS(ns)      TNS(ns)  TNS Failing Endpoints  TNS Total Endpoints  
----------    --------          -------      -------  ---------------------  -------------------  


------------------------------------------------------------------------------------------------
| Other Path Groups Table
| -----------------------
------------------------------------------------------------------------------------------------

Path Group    From Clock    To Clock          WNS(ns)      TNS(ns)  TNS Failing Endpoints  TNS Total Endpoints  
----------    ----------    --------          -------      -------  ---------------------  -------------------  


------------------------------------------------------------------------------------------------
| Timing Details
| --------------
------------------------------------------------------------------------------------------------


---------------------------------------------------------------------------------------------------
From Clock:  ap_clk
  To Clock:  ap_clk

Setup :           36  Failing Endpoints,  Worst Slack       -8.750ns,  Total Violation     -131.722ns
Hold  :           NA  Failing Endpoints,  Worst Slack           NA  ,  Total Violation           NA
PW    :            0  Failing Endpoints,  Worst Slack        3.750ns,  Total Violation        0.000ns
---------------------------------------------------------------------------------------------------


Max Delay Paths
--------------------------------------------------------------------------------------
Slack (VIOLATED) :        -8.750ns  (required time - arrival time)
  Source:                 n_reg_1514_reg[12]/C
                            (rising edge-triggered cell FDRE clocked by ap_clk  {rise@0.000ns fall@5.000ns period=10.000ns})
  Destination:            ap_ready
                            (output port clocked by ap_clk  {rise@0.000ns fall@5.000ns period=10.000ns})
  Path Group:             ap_clk
  Path Type:              Max at Slow Process Corner
  Requirement:            10.000ns  (ap_clk rise@10.000ns - ap_clk rise@0.000ns)
  Data Path Delay:        11.965ns  (logic 4.503ns (37.638%)  route 7.461ns (62.362%))
  Logic Levels:           5  (CARRY4=2 LUT2=1 LUT6=1 OBUF=1)
  Output Delay:           1.500ns
  Clock Path Skew:        -5.251ns (DCD - SCD + CPR)
    Destination Clock Delay (DCD):    0.000ns = ( 10.000 - 10.000 ) 
    Source Clock Delay      (SCD):    5.251ns
    Clock Pessimism Removal (CPR):    0.000ns
  Clock Uncertainty:      0.035ns  ((TSJ^2 + TIJ^2)^1/2 + DJ) / 2 + PE
    Total System Jitter     (TSJ):    0.071ns
    Total Input Jitter      (TIJ):    0.000ns
    Discrete Jitter          (DJ):    0.000ns
    Phase Error              (PE):    0.000ns

    Location             Delay type                Incr(ns)  Path(ns)    Netlist Resource(s)
  -------------------------------------------------------------------    -------------------
                         (clock ap_clk rise edge)     0.000     0.000 r  
    U14                                               0.000     0.000 r  ap_clk (IN)
                         net (fo=0)                   0.000     0.000    ap_clk
    U14                  IBUF (Prop_ibuf_I_O)         1.075     1.075 r  ap_clk_IBUF_inst/O
                         net (fo=1, routed)           2.205     3.280    ap_clk_IBUF
    BUFGCTRL_X0Y16       BUFG (Prop_bufg_I_O)         0.101     3.381 r  ap_clk_IBUF_BUFG_inst/O
                         net (fo=11721, routed)       1.870     5.251    ap_clk_IBUF_BUFG
    SLICE_X113Y19        FDRE                                         r  n_reg_1514_reg[12]/C
  -------------------------------------------------------------------    -------------------
    SLICE_X113Y19        FDRE (Prop_fdre_C_Q)         0.456     5.707 r  n_reg_1514_reg[12]/Q
                         net (fo=2, routed)           1.492     7.198    n_reg_1514[12]
    SLICE_X113Y25        LUT6 (Prop_lut6_I0_O)        0.124     7.322 r  ap_done_OBUF_inst_i_11/O
                         net (fo=1, routed)           0.000     7.322    ap_done_OBUF_inst_i_11_n_0
    SLICE_X113Y25        CARRY4 (Prop_carry4_S[0]_CO[3])
                                                      0.532     7.854 r  ap_done_OBUF_inst_i_3/CO[3]
                         net (fo=1, routed)           0.000     7.854    ap_done_OBUF_inst_i_3_n_0
    SLICE_X113Y26        CARRY4 (Prop_carry4_CI_CO[2])
                                                      0.228     8.082 r  ap_done_OBUF_inst_i_2/CO[2]
                         net (fo=6, routed)           2.054    10.136    icmp_ln204_fu_2230_p2
    SLICE_X105Y4         LUT2 (Prop_lut2_I0_O)        0.341    10.477 r  ap_done_OBUF_inst_i_1/O
                         net (fo=2, routed)           3.916    14.393    ap_ready_OBUF
    R18                  OBUF (Prop_obuf_I_O)         2.822    17.215 r  ap_ready_OBUF_inst/O
                         net (fo=0)                   0.000    17.215    ap_ready
    R18                                                               r  ap_ready (OUT)
  -------------------------------------------------------------------    -------------------

                         (clock ap_clk rise edge)    10.000    10.000 r  
                         clock pessimism              0.000    10.000    
                         clock uncertainty           -0.035     9.965    
                         output delay                -1.500     8.465    
  -------------------------------------------------------------------
                         required time                          8.465    
                         arrival time                         -17.215    
  -------------------------------------------------------------------
                         slack                                 -8.750    

Slack (VIOLATED) :        -8.638ns  (required time - arrival time)
  Source:                 n_reg_1514_reg[12]/C
                            (rising edge-triggered cell FDRE clocked by ap_clk  {rise@0.000ns fall@5.000ns period=10.000ns})
  Destination:            ap_done
                            (output port clocked by ap_clk  {rise@0.000ns fall@5.000ns period=10.000ns})
  Path Group:             ap_clk
  Path Type:              Max at Slow Process Corner
  Requirement:            10.000ns  (ap_clk rise@10.000ns - ap_clk rise@0.000ns)
  Data Path Delay:        11.852ns  (logic 4.534ns (38.255%)  route 7.318ns (61.745%))
  Logic Levels:           5  (CARRY4=2 LUT2=1 LUT6=1 OBUF=1)
  Output Delay:           1.500ns
  Clock Path Skew:        -5.251ns (DCD - SCD + CPR)
    Destination Clock Delay (DCD):    0.000ns = ( 10.000 - 10.000 ) 
    Source Clock Delay      (SCD):    5.251ns
    Clock Pessimism Removal (CPR):    0.000ns
  Clock Uncertainty:      0.035ns  ((TSJ^2 + TIJ^2)^1/2 + DJ) / 2 + PE
    Total System Jitter     (TSJ):    0.071ns
    Total Input Jitter      (TIJ):    0.000ns
    Discrete Jitter          (DJ):    0.000ns
    Phase Error              (PE):    0.000ns

    Location             Delay type                Incr(ns)  Path(ns)    Netlist Resource(s)
  -------------------------------------------------------------------    -------------------
                         (clock ap_clk rise edge)     0.000     0.000 r  
    U14                                               0.000     0.000 r  ap_clk (IN)
                         net (fo=0)                   0.000     0.000    ap_clk
    U14                  IBUF (Prop_ibuf_I_O)         1.075     1.075 r  ap_clk_IBUF_inst/O
                         net (fo=1, routed)           2.205     3.280    ap_clk_IBUF
    BUFGCTRL_X0Y16       BUFG (Prop_bufg_I_O)         0.101     3.381 r  ap_clk_IBUF_BUFG_inst/O
                         net (fo=11721, routed)       1.870     5.251    ap_clk_IBUF_BUFG
    SLICE_X113Y19        FDRE                                         r  n_reg_1514_reg[12]/C
  -------------------------------------------------------------------    -------------------
    SLICE_X113Y19        FDRE (Prop_fdre_C_Q)         0.456     5.707 r  n_reg_1514_reg[12]/Q
                         net (fo=2, routed)           1.492     7.198    n_reg_1514[12]
    SLICE_X113Y25        LUT6 (Prop_lut6_I0_O)        0.124     7.322 r  ap_done_OBUF_inst_i_11/O
                         net (fo=1, routed)           0.000     7.322    ap_done_OBUF_inst_i_11_n_0
    SLICE_X113Y25        CARRY4 (Prop_carry4_S[0]_CO[3])
                                                      0.532     7.854 r  ap_done_OBUF_inst_i_3/CO[3]
                         net (fo=1, routed)           0.000     7.854    ap_done_OBUF_inst_i_3_n_0
    SLICE_X113Y26        CARRY4 (Prop_carry4_CI_CO[2])
                                                      0.228     8.082 r  ap_done_OBUF_inst_i_2/CO[2]
                         net (fo=6, routed)           2.054    10.136    icmp_ln204_fu_2230_p2
    SLICE_X105Y4         LUT2 (Prop_lut2_I0_O)        0.341    10.477 r  ap_done_OBUF_inst_i_1/O
                         net (fo=2, routed)           3.773    14.250    ap_ready_OBUF
    V18                  OBUF (Prop_obuf_I_O)         2.853    17.103 r  ap_done_OBUF_inst/O
                         net (fo=0)                   0.000    17.103    ap_done
    V18                                                               r  ap_done (OUT)
  -------------------------------------------------------------------    -------------------

                         (clock ap_clk rise edge)    10.000    10.000 r  
                         clock pessimism              0.000    10.000    
                         clock uncertainty           -0.035     9.965    
                         output delay                -1.500     8.465    
  -------------------------------------------------------------------
                         required time                          8.465    
                         arrival time                         -17.103    
  -------------------------------------------------------------------
                         slack                                 -8.638    

Slack (VIOLATED) :        -4.074ns  (required time - arrival time)
  Source:                 ap_CS_fsm_reg[0]/C
                            (rising edge-triggered cell FDSE clocked by ap_clk  {rise@0.000ns fall@5.000ns period=10.000ns})
  Destination:            ap_idle
                            (output port clocked by ap_clk  {rise@0.000ns fall@5.000ns period=10.000ns})
  Path Group:             ap_clk
  Path Type:              Max at Slow Process Corner
  Requirement:            10.000ns  (ap_clk rise@10.000ns - ap_clk rise@0.000ns)
  Data Path Delay:        7.277ns  (logic 3.239ns (44.509%)  route 4.038ns (55.491%))
  Logic Levels:           2  (LUT2=1 OBUF=1)
  Output Delay:           1.500ns
  Clock Path Skew:        -5.262ns (DCD - SCD + CPR)
    Destination Clock Delay (DCD):    0.000ns = ( 10.000 - 10.000 ) 
    Source Clock Delay      (SCD):    5.262ns
    Clock Pessimism Removal (CPR):    0.000ns
  Clock Uncertainty:      0.035ns  ((TSJ^2 + TIJ^2)^1/2 + DJ) / 2 + PE
    Total System Jitter     (TSJ):    0.071ns
    Total Input Jitter      (TIJ):    0.000ns
    Discrete Jitter          (DJ):    0.000ns
    Phase Error              (PE):    0.000ns

    Location             Delay type                Incr(ns)  Path(ns)    Netlist Resource(s)
  -------------------------------------------------------------------    -------------------
                         (clock ap_clk rise edge)     0.000     0.000 r  
    U14                                               0.000     0.000 r  ap_clk (IN)
                         net (fo=0)                   0.000     0.000    ap_clk
    U14                  IBUF (Prop_ibuf_I_O)         1.075     1.075 r  ap_clk_IBUF_inst/O
                         net (fo=1, routed)           2.205     3.280    ap_clk_IBUF
    BUFGCTRL_X0Y16       BUFG (Prop_bufg_I_O)         0.101     3.381 r  ap_clk_IBUF_BUFG_inst/O
                         net (fo=11721, routed)       1.881     5.262    ap_clk_IBUF_BUFG
    SLICE_X106Y5         FDSE                                         r  ap_CS_fsm_reg[0]/C
  -------------------------------------------------------------------    -------------------
    SLICE_X106Y5         FDSE (Prop_fdse_C_Q)         0.456     5.718 r  ap_CS_fsm_reg[0]/Q
                         net (fo=5, routed)           0.525     6.242    ap_CS_fsm_reg_n_0_[0]
    SLICE_X106Y5         LUT2 (Prop_lut2_I0_O)        0.124     6.366 r  ap_idle_OBUF_inst_i_1/O
                         net (fo=1, routed)           3.513     9.880    ap_idle_OBUF
    V17                  OBUF (Prop_obuf_I_O)         2.659    12.538 r  ap_idle_OBUF_inst/O
                         net (fo=0)                   0.000    12.538    ap_idle
    V17                                                               r  ap_idle (OUT)
  -------------------------------------------------------------------    -------------------

                         (clock ap_clk rise edge)    10.000    10.000 r  
                         clock pessimism              0.000    10.000    
                         clock uncertainty           -0.035     9.965    
                         output delay                -1.500     8.465    
  -------------------------------------------------------------------
                         required time                          8.465    
                         arrival time                         -12.538    
  -------------------------------------------------------------------
                         slack                                 -4.074    

Slack (VIOLATED) :        -4.008ns  (required time - arrival time)
  Source:                 acc_reg_1548_reg[6]/C
                            (rising edge-triggered cell FDRE clocked by ap_clk  {rise@0.000ns fall@5.000ns period=10.000ns})
  Destination:            out_r[6]
                            (output port clocked by ap_clk  {rise@0.000ns fall@5.000ns period=10.000ns})
  Path Group:             ap_clk
  Path Type:              Max at Slow Process Corner
  Requirement:            10.000ns  (ap_clk rise@10.000ns - ap_clk rise@0.000ns)
  Data Path Delay:        7.425ns  (logic 3.094ns (41.672%)  route 4.331ns (58.328%))
  Logic Levels:           1  (OBUF=1)
  Output Delay:           1.500ns
  Clock Path Skew:        -5.048ns (DCD - SCD + CPR)
    Destination Clock Delay (DCD):    0.000ns = ( 10.000 - 10.000 ) 
    Source Clock Delay      (SCD):    5.048ns
    Clock Pessimism Removal (CPR):    0.000ns
  Clock Uncertainty:      0.035ns  ((TSJ^2 + TIJ^2)^1/2 + DJ) / 2 + PE
    Total System Jitter     (TSJ):    0.071ns
    Total Input Jitter      (TIJ):    0.000ns
    Discrete Jitter          (DJ):    0.000ns
    Phase Error              (PE):    0.000ns

    Location             Delay type                Incr(ns)  Path(ns)    Netlist Resource(s)
  -------------------------------------------------------------------    -------------------
                         (clock ap_clk rise edge)     0.000     0.000 r  
    U14                                               0.000     0.000 r  ap_clk (IN)
                         net (fo=0)                   0.000     0.000    ap_clk
    U14                  IBUF (Prop_ibuf_I_O)         1.075     1.075 r  ap_clk_IBUF_inst/O
                         net (fo=1, routed)           2.205     3.280    ap_clk_IBUF
    BUFGCTRL_X0Y16       BUFG (Prop_bufg_I_O)         0.101     3.381 r  ap_clk_IBUF_BUFG_inst/O
                         net (fo=11721, routed)       1.667     5.048    ap_clk_IBUF_BUFG
    SLICE_X41Y41         FDRE                                         r  acc_reg_1548_reg[6]/C
  -------------------------------------------------------------------    -------------------
    SLICE_X41Y41         FDRE (Prop_fdre_C_Q)         0.456     5.504 r  acc_reg_1548_reg[6]/Q
                         net (fo=1, routed)           4.331     9.834    out_r_OBUF[6]
    W18                  OBUF (Prop_obuf_I_O)         2.638    12.473 r  out_r_OBUF[6]_inst/O
                         net (fo=0)                   0.000    12.473    out_r[6]
    W18                                                               r  out_r[6] (OUT)
  -------------------------------------------------------------------    -------------------

                         (clock ap_clk rise edge)    10.000    10.000 r  
                         clock pessimism              0.000    10.000    
                         clock uncertainty           -0.035     9.965    
                         output delay                -1.500     8.465    
  -------------------------------------------------------------------
                         required time                          8.465    
                         arrival time                         -12.473    
  -------------------------------------------------------------------
                         slack                                 -4.008    

Slack (VIOLATED) :        -3.836ns  (required time - arrival time)
  Source:                 ap_CS_fsm_reg[28]_lopt_replica/C
                            (rising edge-triggered cell FDRE clocked by ap_clk  {rise@0.000ns fall@5.000ns period=10.000ns})
  Destination:            out_r_ap_vld
                            (output port clocked by ap_clk  {rise@0.000ns fall@5.000ns period=10.000ns})
  Path Group:             ap_clk
  Path Type:              Max at Slow Process Corner
  Requirement:            10.000ns  (ap_clk rise@10.000ns - ap_clk rise@0.000ns)
  Data Path Delay:        7.189ns  (logic 3.086ns (42.923%)  route 4.103ns (57.077%))
  Logic Levels:           1  (OBUF=1)
  Output Delay:           1.500ns
  Clock Path Skew:        -5.112ns (DCD - SCD + CPR)
    Destination Clock Delay (DCD):    0.000ns = ( 10.000 - 10.000 ) 
    Source Clock Delay      (SCD):    5.112ns
    Clock Pessimism Removal (CPR):    0.000ns
  Clock Uncertainty:      0.035ns  ((TSJ^2 + TIJ^2)^1/2 + DJ) / 2 + PE
    Total System Jitter     (TSJ):    0.071ns
    Total Input Jitter      (TIJ):    0.000ns
    Discrete Jitter          (DJ):    0.000ns
    Phase Error              (PE):    0.000ns

    Location             Delay type                Incr(ns)  Path(ns)    Netlist Resource(s)
  -------------------------------------------------------------------    -------------------
                         (clock ap_clk rise edge)     0.000     0.000 r  
    U14                                               0.000     0.000 r  ap_clk (IN)
                         net (fo=0)                   0.000     0.000    ap_clk
    U14                  IBUF (Prop_ibuf_I_O)         1.075     1.075 r  ap_clk_IBUF_inst/O
                         net (fo=1, routed)           2.205     3.280    ap_clk_IBUF
    BUFGCTRL_X0Y16       BUFG (Prop_bufg_I_O)         0.101     3.381 r  ap_clk_IBUF_BUFG_inst/O
                         net (fo=11721, routed)       1.731     5.112    ap_clk_IBUF_BUFG
    SLICE_X79Y12         FDRE                                         r  ap_CS_fsm_reg[28]_lopt_replica/C
  -------------------------------------------------------------------    -------------------
    SLICE_X79Y12         FDRE (Prop_fdre_C_Q)         0.456     5.568 r  ap_CS_fsm_reg[28]_lopt_replica/Q
                         net (fo=1, routed)           4.103     9.671    ap_CS_fsm_reg[28]_lopt_replica_1
    T17                  OBUF (Prop_obuf_I_O)         2.630    12.301 r  out_r_ap_vld_OBUF_inst/O
                         net (fo=0)                   0.000    12.301    out_r_ap_vld
    T17                                                               r  out_r_ap_vld (OUT)
  -------------------------------------------------------------------    -------------------

                         (clock ap_clk rise edge)    10.000    10.000 r  
                         clock pessimism              0.000    10.000    
                         clock uncertainty           -0.035     9.965    
                         output delay                -1.500     8.465    
  -------------------------------------------------------------------
                         required time                          8.465    
                         arrival time                         -12.301    
  -------------------------------------------------------------------
                         slack                                 -3.836    

Slack (VIOLATED) :        -3.822ns  (required time - arrival time)
  Source:                 acc_reg_1548_reg[4]/C
                            (rising edge-triggered cell FDRE clocked by ap_clk  {rise@0.000ns fall@5.000ns period=10.000ns})
  Destination:            out_r[4]
                            (output port clocked by ap_clk  {rise@0.000ns fall@5.000ns period=10.000ns})
  Path Group:             ap_clk
  Path Type:              Max at Slow Process Corner
  Requirement:            10.000ns  (ap_clk rise@10.000ns - ap_clk rise@0.000ns)
  Data Path Delay:        7.239ns  (logic 3.080ns (42.546%)  route 4.159ns (57.454%))
  Logic Levels:           1  (OBUF=1)
  Output Delay:           1.500ns
  Clock Path Skew:        -5.048ns (DCD - SCD + CPR)
    Destination Clock Delay (DCD):    0.000ns = ( 10.000 - 10.000 ) 
    Source Clock Delay      (SCD):    5.048ns
    Clock Pessimism Removal (CPR):    0.000ns
  Clock Uncertainty:      0.035ns  ((TSJ^2 + TIJ^2)^1/2 + DJ) / 2 + PE
    Total System Jitter     (TSJ):    0.071ns
    Total Input Jitter      (TIJ):    0.000ns
    Discrete Jitter          (DJ):    0.000ns
    Phase Error              (PE):    0.000ns

    Location             Delay type                Incr(ns)  Path(ns)    Netlist Resource(s)
  -------------------------------------------------------------------    -------------------
                         (clock ap_clk rise edge)     0.000     0.000 r  
    U14                                               0.000     0.000 r  ap_clk (IN)
                         net (fo=0)                   0.000     0.000    ap_clk
    U14                  IBUF (Prop_ibuf_I_O)         1.075     1.075 r  ap_clk_IBUF_inst/O
                         net (fo=1, routed)           2.205     3.280    ap_clk_IBUF
    BUFGCTRL_X0Y16       BUFG (Prop_bufg_I_O)         0.101     3.381 r  ap_clk_IBUF_BUFG_inst/O
                         net (fo=11721, routed)       1.667     5.048    ap_clk_IBUF_BUFG
    SLICE_X41Y41         FDRE                                         r  acc_reg_1548_reg[4]/C
  -------------------------------------------------------------------    -------------------
    SLICE_X41Y41         FDRE (Prop_fdre_C_Q)         0.456     5.504 r  acc_reg_1548_reg[4]/Q
                         net (fo=1, routed)           4.159     9.663    out_r_OBUF[4]
    N17                  OBUF (Prop_obuf_I_O)         2.624    12.287 r  out_r_OBUF[4]_inst/O
                         net (fo=0)                   0.000    12.287    out_r[4]
    N17                                                               r  out_r[4] (OUT)
  -------------------------------------------------------------------    -------------------

                         (clock ap_clk rise edge)    10.000    10.000 r  
                         clock pessimism              0.000    10.000    
                         clock uncertainty           -0.035     9.965    
                         output delay                -1.500     8.465    
  -------------------------------------------------------------------
                         required time                          8.465    
                         arrival time                         -12.287    
  -------------------------------------------------------------------
                         slack                                 -3.822    

Slack (VIOLATED) :        -3.822ns  (required time - arrival time)
  Source:                 acc_reg_1548_reg[2]/C
                            (rising edge-triggered cell FDRE clocked by ap_clk  {rise@0.000ns fall@5.000ns period=10.000ns})
  Destination:            out_r[2]
                            (output port clocked by ap_clk  {rise@0.000ns fall@5.000ns period=10.000ns})
  Path Group:             ap_clk
  Path Type:              Max at Slow Process Corner
  Requirement:            10.000ns  (ap_clk rise@10.000ns - ap_clk rise@0.000ns)
  Data Path Delay:        7.240ns  (logic 3.084ns (42.590%)  route 4.156ns (57.410%))
  Logic Levels:           1  (OBUF=1)
  Output Delay:           1.500ns
  Clock Path Skew:        -5.047ns (DCD - SCD + CPR)
    Destination Clock Delay (DCD):    0.000ns = ( 10.000 - 10.000 ) 
    Source Clock Delay      (SCD):    5.047ns
    Clock Pessimism Removal (CPR):    0.000ns
  Clock Uncertainty:      0.035ns  ((TSJ^2 + TIJ^2)^1/2 + DJ) / 2 + PE
    Total System Jitter     (TSJ):    0.071ns
    Total Input Jitter      (TIJ):    0.000ns
    Discrete Jitter          (DJ):    0.000ns
    Phase Error              (PE):    0.000ns

    Location             Delay type                Incr(ns)  Path(ns)    Netlist Resource(s)
  -------------------------------------------------------------------    -------------------
                         (clock ap_clk rise edge)     0.000     0.000 r  
    U14                                               0.000     0.000 r  ap_clk (IN)
                         net (fo=0)                   0.000     0.000    ap_clk
    U14                  IBUF (Prop_ibuf_I_O)         1.075     1.075 r  ap_clk_IBUF_inst/O
                         net (fo=1, routed)           2.205     3.280    ap_clk_IBUF
    BUFGCTRL_X0Y16       BUFG (Prop_bufg_I_O)         0.101     3.381 r  ap_clk_IBUF_BUFG_inst/O
                         net (fo=11721, routed)       1.666     5.047    ap_clk_IBUF_BUFG
    SLICE_X40Y40         FDRE                                         r  acc_reg_1548_reg[2]/C
  -------------------------------------------------------------------    -------------------
    SLICE_X40Y40         FDRE (Prop_fdre_C_Q)         0.456     5.503 r  acc_reg_1548_reg[2]/Q
                         net (fo=1, routed)           4.156     9.659    out_r_OBUF[2]
    P15                  OBUF (Prop_obuf_I_O)         2.628    12.287 r  out_r_OBUF[2]_inst/O
                         net (fo=0)                   0.000    12.287    out_r[2]
    P15                                                               r  out_r[2] (OUT)
  -------------------------------------------------------------------    -------------------

                         (clock ap_clk rise edge)    10.000    10.000 r  
                         clock pessimism              0.000    10.000    
                         clock uncertainty           -0.035     9.965    
                         output delay                -1.500     8.465    
  -------------------------------------------------------------------
                         required time                          8.465    
                         arrival time                         -12.287    
  -------------------------------------------------------------------
                         slack                                 -3.822    

Slack (VIOLATED) :        -3.822ns  (required time - arrival time)
  Source:                 acc_reg_1548_reg[5]/C
                            (rising edge-triggered cell FDRE clocked by ap_clk  {rise@0.000ns fall@5.000ns period=10.000ns})
  Destination:            out_r[5]
                            (output port clocked by ap_clk  {rise@0.000ns fall@5.000ns period=10.000ns})
  Path Group:             ap_clk
  Path Type:              Max at Slow Process Corner
  Requirement:            10.000ns  (ap_clk rise@10.000ns - ap_clk rise@0.000ns)
  Data Path Delay:        7.239ns  (logic 3.091ns (42.694%)  route 4.148ns (57.306%))
  Logic Levels:           1  (OBUF=1)
  Output Delay:           1.500ns
  Clock Path Skew:        -5.048ns (DCD - SCD + CPR)
    Destination Clock Delay (DCD):    0.000ns = ( 10.000 - 10.000 ) 
    Source Clock Delay      (SCD):    5.048ns
    Clock Pessimism Removal (CPR):    0.000ns
  Clock Uncertainty:      0.035ns  ((TSJ^2 + TIJ^2)^1/2 + DJ) / 2 + PE
    Total System Jitter     (TSJ):    0.071ns
    Total Input Jitter      (TIJ):    0.000ns
    Discrete Jitter          (DJ):    0.000ns
    Phase Error              (PE):    0.000ns

    Location             Delay type                Incr(ns)  Path(ns)    Netlist Resource(s)
  -------------------------------------------------------------------    -------------------
                         (clock ap_clk rise edge)     0.000     0.000 r  
    U14                                               0.000     0.000 r  ap_clk (IN)
                         net (fo=0)                   0.000     0.000    ap_clk
    U14                  IBUF (Prop_ibuf_I_O)         1.075     1.075 r  ap_clk_IBUF_inst/O
                         net (fo=1, routed)           2.205     3.280    ap_clk_IBUF
    BUFGCTRL_X0Y16       BUFG (Prop_bufg_I_O)         0.101     3.381 r  ap_clk_IBUF_BUFG_inst/O
                         net (fo=11721, routed)       1.667     5.048    ap_clk_IBUF_BUFG
    SLICE_X41Y41         FDRE                                         r  acc_reg_1548_reg[5]/C
  -------------------------------------------------------------------    -------------------
    SLICE_X41Y41         FDRE (Prop_fdre_C_Q)         0.456     5.504 r  acc_reg_1548_reg[5]/Q
                         net (fo=1, routed)           4.148     9.652    out_r_OBUF[5]
    W19                  OBUF (Prop_obuf_I_O)         2.635    12.286 r  out_r_OBUF[5]_inst/O
                         net (fo=0)                   0.000    12.286    out_r[5]
    W19                                                               r  out_r[5] (OUT)
  -------------------------------------------------------------------    -------------------

                         (clock ap_clk rise edge)    10.000    10.000 r  
                         clock pessimism              0.000    10.000    
                         clock uncertainty           -0.035     9.965    
                         output delay                -1.500     8.465    
  -------------------------------------------------------------------
                         required time                          8.465    
                         arrival time                         -12.286    
  -------------------------------------------------------------------
                         slack                                 -3.822    

Slack (VIOLATED) :        -3.736ns  (required time - arrival time)
  Source:                 acc_reg_1548_reg[0]/C
                            (rising edge-triggered cell FDRE clocked by ap_clk  {rise@0.000ns fall@5.000ns period=10.000ns})
  Destination:            out_r[0]
                            (output port clocked by ap_clk  {rise@0.000ns fall@5.000ns period=10.000ns})
  Path Group:             ap_clk
  Path Type:              Max at Slow Process Corner
  Requirement:            10.000ns  (ap_clk rise@10.000ns - ap_clk rise@0.000ns)
  Data Path Delay:        7.154ns  (logic 3.090ns (43.199%)  route 4.063ns (56.801%))
  Logic Levels:           1  (OBUF=1)
  Output Delay:           1.500ns
  Clock Path Skew:        -5.048ns (DCD - SCD + CPR)
    Destination Clock Delay (DCD):    0.000ns = ( 10.000 - 10.000 ) 
    Source Clock Delay      (SCD):    5.048ns
    Clock Pessimism Removal (CPR):    0.000ns
  Clock Uncertainty:      0.035ns  ((TSJ^2 + TIJ^2)^1/2 + DJ) / 2 + PE
    Total System Jitter     (TSJ):    0.071ns
    Total Input Jitter      (TIJ):    0.000ns
    Discrete Jitter          (DJ):    0.000ns
    Phase Error              (PE):    0.000ns

    Location             Delay type                Incr(ns)  Path(ns)    Netlist Resource(s)
  -------------------------------------------------------------------    -------------------
                         (clock ap_clk rise edge)     0.000     0.000 r  
    U14                                               0.000     0.000 r  ap_clk (IN)
                         net (fo=0)                   0.000     0.000    ap_clk
    U14                  IBUF (Prop_ibuf_I_O)         1.075     1.075 r  ap_clk_IBUF_inst/O
                         net (fo=1, routed)           2.205     3.280    ap_clk_IBUF
    BUFGCTRL_X0Y16       BUFG (Prop_bufg_I_O)         0.101     3.381 r  ap_clk_IBUF_BUFG_inst/O
                         net (fo=11721, routed)       1.667     5.048    ap_clk_IBUF_BUFG
    SLICE_X45Y41         FDRE                                         r  acc_reg_1548_reg[0]/C
  -------------------------------------------------------------------    -------------------
    SLICE_X45Y41         FDRE (Prop_fdre_C_Q)         0.456     5.504 r  acc_reg_1548_reg[0]/Q
                         net (fo=1, routed)           4.063     9.567    out_r_OBUF[0]
    T19                  OBUF (Prop_obuf_I_O)         2.634    12.201 r  out_r_OBUF[0]_inst/O
                         net (fo=0)                   0.000    12.201    out_r[0]
    T19                                                               r  out_r[0] (OUT)
  -------------------------------------------------------------------    -------------------

                         (clock ap_clk rise edge)    10.000    10.000 r  
                         clock pessimism              0.000    10.000    
                         clock uncertainty           -0.035     9.965    
                         output delay                -1.500     8.465    
  -------------------------------------------------------------------
                         required time                          8.465    
                         arrival time                         -12.201    
  -------------------------------------------------------------------
                         slack                                 -3.736    

Slack (VIOLATED) :        -3.650ns  (required time - arrival time)
  Source:                 acc_reg_1548_reg[8]/C
                            (rising edge-triggered cell FDRE clocked by ap_clk  {rise@0.000ns fall@5.000ns period=10.000ns})
  Destination:            out_r[8]
                            (output port clocked by ap_clk  {rise@0.000ns fall@5.000ns period=10.000ns})
  Path Group:             ap_clk
  Path Type:              Max at Slow Process Corner
  Requirement:            10.000ns  (ap_clk rise@10.000ns - ap_clk rise@0.000ns)
  Data Path Delay:        7.067ns  (logic 3.131ns (44.311%)  route 3.935ns (55.689%))
  Logic Levels:           1  (OBUF=1)
  Output Delay:           1.500ns
  Clock Path Skew:        -5.048ns (DCD - SCD + CPR)
    Destination Clock Delay (DCD):    0.000ns = ( 10.000 - 10.000 ) 
    Source Clock Delay      (SCD):    5.048ns
    Clock Pessimism Removal (CPR):    0.000ns
  Clock Uncertainty:      0.035ns  ((TSJ^2 + TIJ^2)^1/2 + DJ) / 2 + PE
    Total System Jitter     (TSJ):    0.071ns
    Total Input Jitter      (TIJ):    0.000ns
    Discrete Jitter          (DJ):    0.000ns
    Phase Error              (PE):    0.000ns

    Location             Delay type                Incr(ns)  Path(ns)    Netlist Resource(s)
  -------------------------------------------------------------------    -------------------
                         (clock ap_clk rise edge)     0.000     0.000 r  
    U14                                               0.000     0.000 r  ap_clk (IN)
                         net (fo=0)                   0.000     0.000    ap_clk
    U14                  IBUF (Prop_ibuf_I_O)         1.075     1.075 r  ap_clk_IBUF_inst/O
                         net (fo=1, routed)           2.205     3.280    ap_clk_IBUF
    BUFGCTRL_X0Y16       BUFG (Prop_bufg_I_O)         0.101     3.381 r  ap_clk_IBUF_BUFG_inst/O
                         net (fo=11721, routed)       1.667     5.048    ap_clk_IBUF_BUFG
    SLICE_X34Y39         FDRE                                         r  acc_reg_1548_reg[8]/C
  -------------------------------------------------------------------    -------------------
    SLICE_X34Y39         FDRE (Prop_fdre_C_Q)         0.518     5.566 r  acc_reg_1548_reg[8]/Q
                         net (fo=1, routed)           3.935     9.501    out_r_OBUF[8]
    V6                   OBUF (Prop_obuf_I_O)         2.613    12.114 r  out_r_OBUF[8]_inst/O
                         net (fo=0)                   0.000    12.114    out_r[8]
    V6                                                                r  out_r[8] (OUT)
  -------------------------------------------------------------------    -------------------

                         (clock ap_clk rise edge)    10.000    10.000 r  
                         clock pessimism              0.000    10.000    
                         clock uncertainty           -0.035     9.965    
                         output delay                -1.500     8.465    
  -------------------------------------------------------------------
                         required time                          8.465    
                         arrival time                         -12.114    
  -------------------------------------------------------------------
                         slack                                 -3.650    





Pulse Width Checks
--------------------------------------------------------------------------------------
Clock Name:         ap_clk
Waveform(ns):       { 0.000 5.000 }
Period(ns):         10.000
Sources:            { ap_clk }

Check Type        Corner  Lib Pin             Reference Pin  Required(ns)  Actual(ns)  Slack(ns)  Location      Pin
Min Period        n/a     RAMB36E1/CLKARDCLK  n/a            2.944         10.000      7.056      RAMB36_X4Y1   hist_0_U/fir_multiband_hist_0_ram_U/ram_reg/CLKARDCLK
Min Period        n/a     RAMB36E1/CLKBWRCLK  n/a            2.944         10.000      7.056      RAMB36_X4Y1   hist_0_U/fir_multiband_hist_0_ram_U/ram_reg/CLKBWRCLK
Min Period        n/a     RAMB18E1/CLKARDCLK  n/a            2.576         10.000      7.424      RAMB18_X3Y2   FIR_COEFFS_U/fir_multiband_FIR_COEFFS_rom_U/q0_reg/CLKARDCLK
Min Period        n/a     RAMB18E1/CLKBWRCLK  n/a            2.576         10.000      7.424      RAMB18_X3Y2   FIR_COEFFS_U/fir_multiband_FIR_COEFFS_rom_U/q0_reg/CLKBWRCLK
Min Period        n/a     RAMB18E1/CLKARDCLK  n/a            2.576         10.000      7.424      RAMB18_X3Y0   FIR_COEFFS_U/fir_multiband_FIR_COEFFS_rom_U/q1_reg/CLKARDCLK
Min Period        n/a     RAMB18E1/CLKBWRCLK  n/a            2.576         10.000      7.424      RAMB18_X3Y0   FIR_COEFFS_U/fir_multiband_FIR_COEFFS_rom_U/q1_reg/CLKBWRCLK
Min Period        n/a     RAMB18E1/CLKARDCLK  n/a            2.576         10.000      7.424      RAMB18_X2Y0   FIR_COEFFS_U/fir_multiband_FIR_COEFFS_rom_U/q2_reg/CLKARDCLK
Min Period        n/a     RAMB18E1/CLKBWRCLK  n/a            2.576         10.000      7.424      RAMB18_X2Y0   FIR_COEFFS_U/fir_multiband_FIR_COEFFS_rom_U/q2_reg/CLKBWRCLK
Min Period        n/a     RAMB18E1/CLKARDCLK  n/a            2.576         10.000      7.424      RAMB18_X3Y3   FIR_COEFFS_U/fir_multiband_FIR_COEFFS_rom_U/q3_reg/CLKARDCLK
Min Period        n/a     RAMB18E1/CLKBWRCLK  n/a            2.576         10.000      7.424      RAMB18_X3Y3   FIR_COEFFS_U/fir_multiband_FIR_COEFFS_rom_U/q3_reg/CLKBWRCLK
Low Pulse Width   Fast    RAMD32/CLK          n/a            1.250         5.000       3.750      SLICE_X96Y6   hist_1_U/fir_multiband_hist_1_ram_U/ram_reg_0_15_17_17/DP/CLK
Low Pulse Width   Fast    RAMD32/CLK          n/a            1.250         5.000       3.750      SLICE_X96Y6   hist_1_U/fir_multiband_hist_1_ram_U/ram_reg_0_15_17_17/SP/CLK
Low Pulse Width   Fast    RAMD32/CLK          n/a            1.250         5.000       3.750      SLICE_X96Y6   hist_1_U/fir_multiband_hist_1_ram_U/ram_reg_0_15_18_18/DP/CLK
Low Pulse Width   Fast    RAMD32/CLK          n/a            1.250         5.000       3.750      SLICE_X96Y6   hist_1_U/fir_multiband_hist_1_ram_U/ram_reg_0_15_18_18/SP/CLK
Low Pulse Width   Fast    RAMD32/CLK          n/a            1.250         5.000       3.750      SLICE_X96Y6   hist_1_U/fir_multiband_hist_1_ram_U/ram_reg_0_15_19_19/DP/CLK
Low Pulse Width   Fast    RAMD32/CLK          n/a            1.250         5.000       3.750      SLICE_X96Y6   hist_1_U/fir_multiband_hist_1_ram_U/ram_reg_0_15_19_19/SP/CLK
Low Pulse Width   Fast    RAMD32/CLK          n/a            1.250         5.000       3.750      SLICE_X96Y6   hist_1_U/fir_multiband_hist_1_ram_U/ram_reg_0_15_1_1/DP/CLK
Low Pulse Width   Fast    RAMD32/CLK          n/a            1.250         5.000       3.750      SLICE_X96Y6   hist_1_U/fir_multiband_hist_1_ram_U/ram_reg_0_15_1_1/SP/CLK
Low Pulse Width   Fast    RAMD32/CLK          n/a            1.250         5.000       3.750      SLICE_X92Y14  hist_1_U/fir_multiband_hist_1_ram_U/ram_reg_0_15_28_28/DP/CLK
Low Pulse Width   Fast    RAMD32/CLK          n/a            1.250         5.000       3.750      SLICE_X92Y14  hist_1_U/fir_multiband_hist_1_ram_U/ram_reg_0_15_28_28/SP/CLK
High Pulse Width  Slow    RAMD32/CLK          n/a            1.250         5.000       3.750      SLICE_X96Y16  hist_1_U/fir_multiband_hist_1_ram_U/ram_reg_0_15_24_24/DP/CLK
High Pulse Width  Slow    RAMD32/CLK          n/a            1.250         5.000       3.750      SLICE_X96Y16  hist_1_U/fir_multiband_hist_1_ram_U/ram_reg_0_15_24_24/SP/CLK
High Pulse Width  Slow    RAMD32/CLK          n/a            1.250         5.000       3.750      SLICE_X96Y16  hist_1_U/fir_multiband_hist_1_ram_U/ram_reg_0_15_25_25/DP/CLK
High Pulse Width  Slow    RAMD32/CLK          n/a            1.250         5.000       3.750      SLICE_X96Y16  hist_1_U/fir_multiband_hist_1_ram_U/ram_reg_0_15_25_25/SP/CLK
High Pulse Width  Slow    RAMD32/CLK          n/a            1.250         5.000       3.750      SLICE_X96Y16  hist_1_U/fir_multiband_hist_1_ram_U/ram_reg_0_15_26_26/DP/CLK
High Pulse Width  Slow    RAMD32/CLK          n/a            1.250         5.000       3.750      SLICE_X96Y16  hist_1_U/fir_multiband_hist_1_ram_U/ram_reg_0_15_26_26/SP/CLK
High Pulse Width  Slow    RAMD32/CLK          n/a            1.250         5.000       3.750      SLICE_X96Y16  hist_1_U/fir_multiband_hist_1_ram_U/ram_reg_0_15_27_27/DP/CLK
High Pulse Width  Slow    RAMD32/CLK          n/a            1.250         5.000       3.750      SLICE_X96Y16  hist_1_U/fir_multiband_hist_1_ram_U/ram_reg_0_15_27_27/SP/CLK
High Pulse Width  Slow    RAMD32/CLK          n/a            1.250         5.000       3.750      SLICE_X86Y14  hist_2_U/fir_multiband_hist_1_ram_U/ram_reg_0_15_24_24/DP/CLK
High Pulse Width  Slow    RAMD32/CLK          n/a            1.250         5.000       3.750      SLICE_X86Y14  hist_2_U/fir_multiband_hist_1_ram_U/ram_reg_0_15_24_24/SP/CLK



