Copyright 1986-2020 Xilinx, Inc. All Rights Reserved.
---------------------------------------------------------------------------------------------------------------------------------------------------------------
| Tool Version : Vivado v.2020.2 (win64) Build 3064766 Wed Nov 18 09:12:45 MST 2020
| Date         : Tue Sep 29 20:32:16 2026
| Host         : yu running 64-bit major release  (build 9200)
| Command      : report_timing_summary -delay_type max -max_paths 10 -file D:/pynq-multiband-audio-accel/build/hls/reports/v4_ref_limit5_impl/timing_synth.rpt
| Design       : fir_multiband
| Device       : 7z020-clg400
| Speed File   : -1  PRODUCTION 1.12 2019-11-22
---------------------------------------------------------------------------------------------------------------------------------------------------------------

Timing Summary Report

------------------------------------------------------------------------------------------------
| Timer Settings
| --------------
------------------------------------------------------------------------------------------------

  Enable Multi Corner Analysis               :  Yes
  Enable Pessimism Removal                   :  Yes
  Pessimism Removal Resolution               :  Nearest Common Node
  Enable Input Delay Default Clock           :  No
  Enable Preset / Clear Arcs                 :  No
  Disable Flight Delays                      :  No
  Ignore I/O Paths                           :  No
  Timing Early Launch at Borrowing Latches   :  No
  Borrow Time for Max Delay Exceptions       :  Yes
  Merge Timing Exceptions                    :  Yes

  Corner  Analyze    Analyze    
  Name    Max Paths  Min Paths  
  ------  ---------  ---------  
  Slow    Yes        Yes        
  Fast    Yes        Yes        



check_timing report

Table of Contents
-----------------
1. checking no_clock (0)
2. checking constant_clock (0)
3. checking pulse_width_clock (0)
4. checking unconstrained_internal_endpoints (0)
5. checking no_input_delay (66)
6. checking no_output_delay (36)
7. checking multiple_clock (0)
8. checking generated_clocks (0)
9. checking loops (0)
10. checking partial_input_delay (0)
11. checking partial_output_delay (0)
12. checking latch_loops (0)

1. checking no_clock (0)
------------------------
 There are 0 register/latch pins with no clock.


2. checking constant_clock (0)
------------------------------
 There are 0 register/latch pins with constant_clock.


3. checking pulse_width_clock (0)
---------------------------------
 There are 0 register/latch pins which need pulse_width check


4. checking unconstrained_internal_endpoints (0)
------------------------------------------------
 There are 0 pins that are not constrained for maximum delay.

 There are 0 pins that are not constrained for maximum delay due to constant clock.


5. checking no_input_delay (66)
-------------------------------
 There are 66 input ports with no input delay specified. (HIGH)

 There are 0 input ports with no input delay but user has a false path constraint.


6. checking no_output_delay (36)
--------------------------------
 There are 36 ports with no output delay specified. (HIGH)

 There are 0 ports with no output delay but user has a false path constraint

 There are 0 ports with no output delay but with a timing clock defined on it or propagating through it


7. checking multiple_clock (0)
------------------------------
 There are 0 register/latch pins with multiple clocks.


8. checking generated_clocks (0)
--------------------------------
 There are 0 generated clocks that are not connected to a clock source.


9. checking loops (0)
---------------------
 There are 0 combinational loops in the design.


10. checking partial_input_delay (0)
------------------------------------
 There are 0 input ports with partial input delay specified.


11. checking partial_output_delay (0)
-------------------------------------
 There are 0 ports with partial output delay specified.


12. checking latch_loops (0)
----------------------------
 There are 0 combinational latch loops in the design through latch input



------------------------------------------------------------------------------------------------
| Design Timing Summary
| ---------------------
------------------------------------------------------------------------------------------------

    WNS(ns)      TNS(ns)  TNS Failing Endpoints  TNS Total Endpoints     WPWS(ns)     TPWS(ns)  TPWS Failing Endpoints  TPWS Total Endpoints  
    -------      -------  ---------------------  -------------------     --------     --------  ----------------------  --------------------  
      1.668        0.000                      0                23765        3.750        0.000                       0                 11732  


All user specified timing constraints are met.


------------------------------------------------------------------------------------------------
| Clock Summary
| -------------
------------------------------------------------------------------------------------------------

Clock   Waveform(ns)       Period(ns)      Frequency(MHz)
-----   ------------       ----------      --------------
ap_clk  {0.000 5.000}      10.000          100.000         


------------------------------------------------------------------------------------------------
| Intra Clock Table
| -----------------
------------------------------------------------------------------------------------------------

Clock             WNS(ns)      TNS(ns)  TNS Failing Endpoints  TNS Total Endpoints     WPWS(ns)     TPWS(ns)  TPWS Failing Endpoints  TPWS Total Endpoints  
-----             -------      -------  ---------------------  -------------------     --------     --------  ----------------------  --------------------  
ap_clk              1.668        0.000                      0                23765        3.750        0.000                       0                 11732  


------------------------------------------------------------------------------------------------
| Inter Clock Table
| -----------------
------------------------------------------------------------------------------------------------

From Clock    To Clock          WNS(ns)      TNS(ns)  TNS Failing Endpoints  TNS Total Endpoints  
----------    --------          -------      -------  ---------------------  -------------------  


------------------------------------------------------------------------------------------------
| Other Path Groups Table
| -----------------------
------------------------------------------------------------------------------------------------

Path Group    From Clock    To Clock          WNS(ns)      TNS(ns)  TNS Failing Endpoints  TNS Total Endpoints  
----------    ----------    --------          -------      -------  ---------------------  -------------------  


------------------------------------------------------------------------------------------------
| Timing Details
| --------------
------------------------------------------------------------------------------------------------


---------------------------------------------------------------------------------------------------
From Clock:  ap_clk
  To Clock:  ap_clk

Setup :            0  Failing Endpoints,  Worst Slack        1.668ns,  Total Violation        0.000ns
Hold  :           NA  Failing Endpoints,  Worst Slack           NA  ,  Total Violation           NA
PW    :            0  Failing Endpoints,  Worst Slack        3.750ns,  Total Violation        0.000ns
---------------------------------------------------------------------------------------------------


Max Delay Paths
--------------------------------------------------------------------------------------
Slack (MET) :             1.668ns  (required time - arrival time)
  Source:                 fadd_32ns_32ns_32_5_full_dsp_1_U10/fir_multiband_ap_fadd_3_full_dsp_32_u/inst/i_synth/ADDSUB_OP.ADDSUB/DSP.OP/DSP48E1_BODY.EXP/BMA_EXP_DELAY/i_pipe/opt_has_pipe.first_q_reg[5]/C
                            (rising edge-triggered cell FDRE clocked by ap_clk  {rise@0.000ns fall@5.000ns period=10.000ns})
  Destination:            fadd_32ns_32ns_32_5_full_dsp_1_U10/fir_multiband_ap_fadd_3_full_dsp_32_u/inst/i_synth/ADDSUB_OP.ADDSUB/DSP.OP/DSP48E1_BODY.ALIGN_ADD/DSP2/i_no_versal_es1_workaround.DSP/INMODE[1]
                            (rising edge-triggered cell DSP48E1 clocked by ap_clk  {rise@0.000ns fall@5.000ns period=10.000ns})
  Path Group:             ap_clk
  Path Type:              Setup (Max at Slow Process Corner)
  Requirement:            10.000ns  (ap_clk rise@10.000ns - ap_clk rise@0.000ns)
  Data Path Delay:        2.595ns  (logic 0.773ns (29.791%)  route 1.822ns (70.209%))
  Logic Levels:           1  (LUT6=1)
  Clock Path Skew:        -0.145ns (DCD - SCD + CPR)
    Destination Clock Delay (DCD):    2.128ns = ( 12.128 - 10.000 ) 
    Source Clock Delay      (SCD):    2.456ns
    Clock Pessimism Removal (CPR):    0.184ns
  Clock Uncertainty:      0.035ns  ((TSJ^2 + TIJ^2)^1/2 + DJ) / 2 + PE
    Total System Jitter     (TSJ):    0.071ns
    Total Input Jitter      (TIJ):    0.000ns
    Discrete Jitter          (DJ):    0.000ns
    Phase Error              (PE):    0.000ns

    Location             Delay type                Incr(ns)  Path(ns)    Netlist Resource(s)
  -------------------------------------------------------------------    -------------------
                         (clock ap_clk rise edge)     0.000     0.000 r  
                                                      0.000     0.000 r  ap_clk (IN)
                         net (fo=0)                   0.000     0.000    ap_clk
                         IBUF (Prop_ibuf_I_O)         0.972     0.972 r  ap_clk_IBUF_inst/O
                         net (fo=1, unplaced)         0.800     1.771    ap_clk_IBUF
                         BUFG (Prop_bufg_I_O)         0.101     1.872 r  ap_clk_IBUF_BUFG_inst/O
                         net (fo=11747, unplaced)     0.584     2.456    fadd_32ns_32ns_32_5_full_dsp_1_U10/fir_multiband_ap_fadd_3_full_dsp_32_u/inst/i_synth/ADDSUB_OP.ADDSUB/DSP.OP/DSP48E1_BODY.EXP/BMA_EXP_DELAY/i_pipe/aclk
                         FDRE                                         r  fadd_32ns_32ns_32_5_full_dsp_1_U10/fir_multiband_ap_fadd_3_full_dsp_32_u/inst/i_synth/ADDSUB_OP.ADDSUB/DSP.OP/DSP48E1_BODY.EXP/BMA_EXP_DELAY/i_pipe/opt_has_pipe.first_q_reg[5]/C
  -------------------------------------------------------------------    -------------------
                         FDRE (Prop_fdre_C_Q)         0.478     2.934 r  fadd_32ns_32ns_32_5_full_dsp_1_U10/fir_multiband_ap_fadd_3_full_dsp_32_u/inst/i_synth/ADDSUB_OP.ADDSUB/DSP.OP/DSP48E1_BODY.EXP/BMA_EXP_DELAY/i_pipe/opt_has_pipe.first_q_reg[5]/Q
                         net (fo=18, unplaced)        1.022     3.956    fadd_32ns_32ns_32_5_full_dsp_1_U10/fir_multiband_ap_fadd_3_full_dsp_32_u/inst/i_synth/ADDSUB_OP.ADDSUB/DSP.OP/DSP48E1_BODY.EXP/BMA_EXP_DELAY/i_pipe/align_dist[5]
                         LUT6 (Prop_lut6_I0_O)        0.295     4.251 r  fadd_32ns_32ns_32_5_full_dsp_1_U10/fir_multiband_ap_fadd_3_full_dsp_32_u/inst/i_synth/ADDSUB_OP.ADDSUB/DSP.OP/DSP48E1_BODY.EXP/BMA_EXP_DELAY/i_pipe/i_no_versal_es1_workaround.DSP_i_64/O
                         net (fo=2, unplaced)         0.800     5.051    fadd_32ns_32ns_32_5_full_dsp_1_U10/fir_multiband_ap_fadd_3_full_dsp_32_u/inst/i_synth/ADDSUB_OP.ADDSUB/DSP.OP/DSP48E1_BODY.ALIGN_ADD/DSP2/INMODE[0]
                         DSP48E1                                      r  fadd_32ns_32ns_32_5_full_dsp_1_U10/fir_multiband_ap_fadd_3_full_dsp_32_u/inst/i_synth/ADDSUB_OP.ADDSUB/DSP.OP/DSP48E1_BODY.ALIGN_ADD/DSP2/i_no_versal_es1_workaround.DSP/INMODE[1]
  -------------------------------------------------------------------    -------------------

                         (clock ap_clk rise edge)    10.000    10.000 r  
                                                      0.000    10.000 r  ap_clk (IN)
                         net (fo=0)                   0.000    10.000    ap_clk
                         IBUF (Prop_ibuf_I_O)         0.838    10.838 r  ap_clk_IBUF_inst/O
                         net (fo=1, unplaced)         0.760    11.598    ap_clk_IBUF
                         BUFG (Prop_bufg_I_O)         0.091    11.689 r  ap_clk_IBUF_BUFG_inst/O
                         net (fo=11747, unplaced)     0.439    12.128    fadd_32ns_32ns_32_5_full_dsp_1_U10/fir_multiband_ap_fadd_3_full_dsp_32_u/inst/i_synth/ADDSUB_OP.ADDSUB/DSP.OP/DSP48E1_BODY.ALIGN_ADD/DSP2/aclk
                         DSP48E1                                      r  fadd_32ns_32ns_32_5_full_dsp_1_U10/fir_multiband_ap_fadd_3_full_dsp_32_u/inst/i_synth/ADDSUB_OP.ADDSUB/DSP.OP/DSP48E1_BODY.ALIGN_ADD/DSP2/i_no_versal_es1_workaround.DSP/CLK
                         clock pessimism              0.184    12.311    
                         clock uncertainty           -0.035    12.276    
                         DSP48E1 (Setup_dsp48e1_CLK_INMODE[1])
                                                     -5.557     6.719    fadd_32ns_32ns_32_5_full_dsp_1_U10/fir_multiband_ap_fadd_3_full_dsp_32_u/inst/i_synth/ADDSUB_OP.ADDSUB/DSP.OP/DSP48E1_BODY.ALIGN_ADD/DSP2/i_no_versal_es1_workaround.DSP
  -------------------------------------------------------------------
                         required time                          6.719    
                         arrival time                          -5.051    
  -------------------------------------------------------------------
                         slack                                  1.668    

Slack (MET) :             1.668ns  (required time - arrival time)
  Source:                 fadd_32ns_32ns_32_5_full_dsp_1_U10/fir_multiband_ap_fadd_3_full_dsp_32_u/inst/i_synth/ADDSUB_OP.ADDSUB/DSP.OP/DSP48E1_BODY.EXP/BMA_EXP_DELAY/i_pipe/opt_has_pipe.first_q_reg[5]/C
                            (rising edge-triggered cell FDRE clocked by ap_clk  {rise@0.000ns fall@5.000ns period=10.000ns})
  Destination:            fadd_32ns_32ns_32_5_full_dsp_1_U10/fir_multiband_ap_fadd_3_full_dsp_32_u/inst/i_synth/ADDSUB_OP.ADDSUB/DSP.OP/DSP48E1_BODY.ALIGN_ADD/DSP2/i_no_versal_es1_workaround.DSP/INMODE[2]
                            (rising edge-triggered cell DSP48E1 clocked by ap_clk  {rise@0.000ns fall@5.000ns period=10.000ns})
  Path Group:             ap_clk
  Path Type:              Setup (Max at Slow Process Corner)
  Requirement:            10.000ns  (ap_clk rise@10.000ns - ap_clk rise@0.000ns)
  Data Path Delay:        2.595ns  (logic 0.773ns (29.791%)  route 1.822ns (70.209%))
  Logic Levels:           1  (LUT6=1)
  Clock Path Skew:        -0.145ns (DCD - SCD + CPR)
    Destination Clock Delay (DCD):    2.128ns = ( 12.128 - 10.000 ) 
    Source Clock Delay      (SCD):    2.456ns
    Clock Pessimism Removal (CPR):    0.184ns
  Clock Uncertainty:      0.035ns  ((TSJ^2 + TIJ^2)^1/2 + DJ) / 2 + PE
    Total System Jitter     (TSJ):    0.071ns
    Total Input Jitter      (TIJ):    0.000ns
    Discrete Jitter          (DJ):    0.000ns
    Phase Error              (PE):    0.000ns

    Location             Delay type                Incr(ns)  Path(ns)    Netlist Resource(s)
  -------------------------------------------------------------------    -------------------
                         (clock ap_clk rise edge)     0.000     0.000 r  
                                                      0.000     0.000 r  ap_clk (IN)
                         net (fo=0)                   0.000     0.000    ap_clk
                         IBUF (Prop_ibuf_I_O)         0.972     0.972 r  ap_clk_IBUF_inst/O
                         net (fo=1, unplaced)         0.800     1.771    ap_clk_IBUF
                         BUFG (Prop_bufg_I_O)         0.101     1.872 r  ap_clk_IBUF_BUFG_inst/O
                         net (fo=11747, unplaced)     0.584     2.456    fadd_32ns_32ns_32_5_full_dsp_1_U10/fir_multiband_ap_fadd_3_full_dsp_32_u/inst/i_synth/ADDSUB_OP.ADDSUB/DSP.OP/DSP48E1_BODY.EXP/BMA_EXP_DELAY/i_pipe/aclk
                         FDRE                                         r  fadd_32ns_32ns_32_5_full_dsp_1_U10/fir_multiband_ap_fadd_3_full_dsp_32_u/inst/i_synth/ADDSUB_OP.ADDSUB/DSP.OP/DSP48E1_BODY.EXP/BMA_EXP_DELAY/i_pipe/opt_has_pipe.first_q_reg[5]/C
  -------------------------------------------------------------------    -------------------
                         FDRE (Prop_fdre_C_Q)         0.478     2.934 r  fadd_32ns_32ns_32_5_full_dsp_1_U10/fir_multiband_ap_fadd_3_full_dsp_32_u/inst/i_synth/ADDSUB_OP.ADDSUB/DSP.OP/DSP48E1_BODY.EXP/BMA_EXP_DELAY/i_pipe/opt_has_pipe.first_q_reg[5]/Q
                         net (fo=18, unplaced)        1.022     3.956    fadd_32ns_32ns_32_5_full_dsp_1_U10/fir_multiband_ap_fadd_3_full_dsp_32_u/inst/i_synth/ADDSUB_OP.ADDSUB/DSP.OP/DSP48E1_BODY.EXP/BMA_EXP_DELAY/i_pipe/align_dist[5]
                         LUT6 (Prop_lut6_I0_O)        0.295     4.251 r  fadd_32ns_32ns_32_5_full_dsp_1_U10/fir_multiband_ap_fadd_3_full_dsp_32_u/inst/i_synth/ADDSUB_OP.ADDSUB/DSP.OP/DSP48E1_BODY.EXP/BMA_EXP_DELAY/i_pipe/i_no_versal_es1_workaround.DSP_i_64/O
                         net (fo=2, unplaced)         0.800     5.051    fadd_32ns_32ns_32_5_full_dsp_1_U10/fir_multiband_ap_fadd_3_full_dsp_32_u/inst/i_synth/ADDSUB_OP.ADDSUB/DSP.OP/DSP48E1_BODY.ALIGN_ADD/DSP2/INMODE[0]
                         DSP48E1                                      r  fadd_32ns_32ns_32_5_full_dsp_1_U10/fir_multiband_ap_fadd_3_full_dsp_32_u/inst/i_synth/ADDSUB_OP.ADDSUB/DSP.OP/DSP48E1_BODY.ALIGN_ADD/DSP2/i_no_versal_es1_workaround.DSP/INMODE[2]
  -------------------------------------------------------------------    -------------------

                         (clock ap_clk rise edge)    10.000    10.000 r  
                                                      0.000    10.000 r  ap_clk (IN)
                         net (fo=0)                   0.000    10.000    ap_clk
                         IBUF (Prop_ibuf_I_O)         0.838    10.838 r  ap_clk_IBUF_inst/O
                         net (fo=1, unplaced)         0.760    11.598    ap_clk_IBUF
                         BUFG (Prop_bufg_I_O)         0.091    11.689 r  ap_clk_IBUF_BUFG_inst/O
                         net (fo=11747, unplaced)     0.439    12.128    fadd_32ns_32ns_32_5_full_dsp_1_U10/fir_multiband_ap_fadd_3_full_dsp_32_u/inst/i_synth/ADDSUB_OP.ADDSUB/DSP.OP/DSP48E1_BODY.ALIGN_ADD/DSP2/aclk
                         DSP48E1                                      r  fadd_32ns_32ns_32_5_full_dsp_1_U10/fir_multiband_ap_fadd_3_full_dsp_32_u/inst/i_synth/ADDSUB_OP.ADDSUB/DSP.OP/DSP48E1_BODY.ALIGN_ADD/DSP2/i_no_versal_es1_workaround.DSP/CLK
                         clock pessimism              0.184    12.311    
                         clock uncertainty           -0.035    12.276    
                         DSP48E1 (Setup_dsp48e1_CLK_INMODE[2])
                                                     -5.557     6.719    fadd_32ns_32ns_32_5_full_dsp_1_U10/fir_multiband_ap_fadd_3_full_dsp_32_u/inst/i_synth/ADDSUB_OP.ADDSUB/DSP.OP/DSP48E1_BODY.ALIGN_ADD/DSP2/i_no_versal_es1_workaround.DSP
  -------------------------------------------------------------------
                         required time                          6.719    
                         arrival time                          -5.051    
  -------------------------------------------------------------------
                         slack                                  1.668    

Slack (MET) :             1.668ns  (required time - arrival time)
  Source:                 fadd_32ns_32ns_32_5_full_dsp_1_U11/fir_multiband_ap_fadd_3_full_dsp_32_u/inst/i_synth/ADDSUB_OP.ADDSUB/DSP.OP/DSP48E1_BODY.EXP/BMA_EXP_DELAY/i_pipe/opt_has_pipe.first_q_reg[5]/C
                            (rising edge-triggered cell FDRE clocked by ap_clk  {rise@0.000ns fall@5.000ns period=10.000ns})
  Destination:            fadd_32ns_32ns_32_5_full_dsp_1_U11/fir_multiband_ap_fadd_3_full_dsp_32_u/inst/i_synth/ADDSUB_OP.ADDSUB/DSP.OP/DSP48E1_BODY.ALIGN_ADD/DSP2/i_no_versal_es1_workaround.DSP/INMODE[1]
                            (rising edge-triggered cell DSP48E1 clocked by ap_clk  {rise@0.000ns fall@5.000ns period=10.000ns})
  Path Group:             ap_clk
  Path Type:              Setup (Max at Slow Process Corner)
  Requirement:            10.000ns  (ap_clk rise@10.000ns - ap_clk rise@0.000ns)
  Data Path Delay:        2.595ns  (logic 0.773ns (29.791%)  route 1.822ns (70.209%))
  Logic Levels:           1  (LUT6=1)
  Clock Path Skew:        -0.145ns (DCD - SCD + CPR)
    Destination Clock Delay (DCD):    2.128ns = ( 12.128 - 10.000 ) 
    Source Clock Delay      (SCD):    2.456ns
    Clock Pessimism Removal (CPR):    0.184ns
  Clock Uncertainty:      0.035ns  ((TSJ^2 + TIJ^2)^1/2 + DJ) / 2 + PE
    Total System Jitter     (TSJ):    0.071ns
    Total Input Jitter      (TIJ):    0.000ns
    Discrete Jitter          (DJ):    0.000ns
    Phase Error              (PE):    0.000ns

    Location             Delay type                Incr(ns)  Path(ns)    Netlist Resource(s)
  -------------------------------------------------------------------    -------------------
                         (clock ap_clk rise edge)     0.000     0.000 r  
                                                      0.000     0.000 r  ap_clk (IN)
                         net (fo=0)                   0.000     0.000    ap_clk
                         IBUF (Prop_ibuf_I_O)         0.972     0.972 r  ap_clk_IBUF_inst/O
                         net (fo=1, unplaced)         0.800     1.771    ap_clk_IBUF
                         BUFG (Prop_bufg_I_O)         0.101     1.872 r  ap_clk_IBUF_BUFG_inst/O
                         net (fo=11747, unplaced)     0.584     2.456    fadd_32ns_32ns_32_5_full_dsp_1_U11/fir_multiband_ap_fadd_3_full_dsp_32_u/inst/i_synth/ADDSUB_OP.ADDSUB/DSP.OP/DSP48E1_BODY.EXP/BMA_EXP_DELAY/i_pipe/aclk
                         FDRE                                         r  fadd_32ns_32ns_32_5_full_dsp_1_U11/fir_multiband_ap_fadd_3_full_dsp_32_u/inst/i_synth/ADDSUB_OP.ADDSUB/DSP.OP/DSP48E1_BODY.EXP/BMA_EXP_DELAY/i_pipe/opt_has_pipe.first_q_reg[5]/C
  -------------------------------------------------------------------    -------------------
                         FDRE (Prop_fdre_C_Q)         0.478     2.934 r  fadd_32ns_32ns_32_5_full_dsp_1_U11/fir_multiband_ap_fadd_3_full_dsp_32_u/inst/i_synth/ADDSUB_OP.ADDSUB/DSP.OP/DSP48E1_BODY.EXP/BMA_EXP_DELAY/i_pipe/opt_has_pipe.first_q_reg[5]/Q
                         net (fo=18, unplaced)        1.022     3.956    fadd_32ns_32ns_32_5_full_dsp_1_U11/fir_multiband_ap_fadd_3_full_dsp_32_u/inst/i_synth/ADDSUB_OP.ADDSUB/DSP.OP/DSP48E1_BODY.EXP/BMA_EXP_DELAY/i_pipe/align_dist[5]
                         LUT6 (Prop_lut6_I0_O)        0.295     4.251 r  fadd_32ns_32ns_32_5_full_dsp_1_U11/fir_multiband_ap_fadd_3_full_dsp_32_u/inst/i_synth/ADDSUB_OP.ADDSUB/DSP.OP/DSP48E1_BODY.EXP/BMA_EXP_DELAY/i_pipe/i_no_versal_es1_workaround.DSP_i_64/O
                         net (fo=2, unplaced)         0.800     5.051    fadd_32ns_32ns_32_5_full_dsp_1_U11/fir_multiband_ap_fadd_3_full_dsp_32_u/inst/i_synth/ADDSUB_OP.ADDSUB/DSP.OP/DSP48E1_BODY.ALIGN_ADD/DSP2/INMODE[0]
                         DSP48E1                                      r  fadd_32ns_32ns_32_5_full_dsp_1_U11/fir_multiband_ap_fadd_3_full_dsp_32_u/inst/i_synth/ADDSUB_OP.ADDSUB/DSP.OP/DSP48E1_BODY.ALIGN_ADD/DSP2/i_no_versal_es1_workaround.DSP/INMODE[1]
  -------------------------------------------------------------------    -------------------

                         (clock ap_clk rise edge)    10.000    10.000 r  
                                                      0.000    10.000 r  ap_clk (IN)
                         net (fo=0)                   0.000    10.000    ap_clk
                         IBUF (Prop_ibuf_I_O)         0.838    10.838 r  ap_clk_IBUF_inst/O
                         net (fo=1, unplaced)         0.760    11.598    ap_clk_IBUF
                         BUFG (Prop_bufg_I_O)         0.091    11.689 r  ap_clk_IBUF_BUFG_inst/O
                         net (fo=11747, unplaced)     0.439    12.128    fadd_32ns_32ns_32_5_full_dsp_1_U11/fir_multiband_ap_fadd_3_full_dsp_32_u/inst/i_synth/ADDSUB_OP.ADDSUB/DSP.OP/DSP48E1_BODY.ALIGN_ADD/DSP2/aclk
                         DSP48E1                                      r  fadd_32ns_32ns_32_5_full_dsp_1_U11/fir_multiband_ap_fadd_3_full_dsp_32_u/inst/i_synth/ADDSUB_OP.ADDSUB/DSP.OP/DSP48E1_BODY.ALIGN_ADD/DSP2/i_no_versal_es1_workaround.DSP/CLK
                         clock pessimism              0.184    12.311    
                         clock uncertainty           -0.035    12.276    
                         DSP48E1 (Setup_dsp48e1_CLK_INMODE[1])
                                                     -5.557     6.719    fadd_32ns_32ns_32_5_full_dsp_1_U11/fir_multiband_ap_fadd_3_full_dsp_32_u/inst/i_synth/ADDSUB_OP.ADDSUB/DSP.OP/DSP48E1_BODY.ALIGN_ADD/DSP2/i_no_versal_es1_workaround.DSP
  -------------------------------------------------------------------
                         required time                          6.719    
                         arrival time                          -5.051    
  -------------------------------------------------------------------
                         slack                                  1.668    

Slack (MET) :             1.668ns  (required time - arrival time)
  Source:                 fadd_32ns_32ns_32_5_full_dsp_1_U11/fir_multiband_ap_fadd_3_full_dsp_32_u/inst/i_synth/ADDSUB_OP.ADDSUB/DSP.OP/DSP48E1_BODY.EXP/BMA_EXP_DELAY/i_pipe/opt_has_pipe.first_q_reg[5]/C
                            (rising edge-triggered cell FDRE clocked by ap_clk  {rise@0.000ns fall@5.000ns period=10.000ns})
  Destination:            fadd_32ns_32ns_32_5_full_dsp_1_U11/fir_multiband_ap_fadd_3_full_dsp_32_u/inst/i_synth/ADDSUB_OP.ADDSUB/DSP.OP/DSP48E1_BODY.ALIGN_ADD/DSP2/i_no_versal_es1_workaround.DSP/INMODE[2]
                            (rising edge-triggered cell DSP48E1 clocked by ap_clk  {rise@0.000ns fall@5.000ns period=10.000ns})
  Path Group:             ap_clk
  Path Type:              Setup (Max at Slow Process Corner)
  Requirement:            10.000ns  (ap_clk rise@10.000ns - ap_clk rise@0.000ns)
  Data Path Delay:        2.595ns  (logic 0.773ns (29.791%)  route 1.822ns (70.209%))
  Logic Levels:           1  (LUT6=1)
  Clock Path Skew:        -0.145ns (DCD - SCD + CPR)
    Destination Clock Delay (DCD):    2.128ns = ( 12.128 - 10.000 ) 
    Source Clock Delay      (SCD):    2.456ns
    Clock Pessimism Removal (CPR):    0.184ns
  Clock Uncertainty:      0.035ns  ((TSJ^2 + TIJ^2)^1/2 + DJ) / 2 + PE
    Total System Jitter     (TSJ):    0.071ns
    Total Input Jitter      (TIJ):    0.000ns
    Discrete Jitter          (DJ):    0.000ns
    Phase Error              (PE):    0.000ns

    Location             Delay type                Incr(ns)  Path(ns)    Netlist Resource(s)
  -------------------------------------------------------------------    -------------------
                         (clock ap_clk rise edge)     0.000     0.000 r  
                                                      0.000     0.000 r  ap_clk (IN)
                         net (fo=0)                   0.000     0.000    ap_clk
                         IBUF (Prop_ibuf_I_O)         0.972     0.972 r  ap_clk_IBUF_inst/O
                         net (fo=1, unplaced)         0.800     1.771    ap_clk_IBUF
                         BUFG (Prop_bufg_I_O)         0.101     1.872 r  ap_clk_IBUF_BUFG_inst/O
                         net (fo=11747, unplaced)     0.584     2.456    fadd_32ns_32ns_32_5_full_dsp_1_U11/fir_multiband_ap_fadd_3_full_dsp_32_u/inst/i_synth/ADDSUB_OP.ADDSUB/DSP.OP/DSP48E1_BODY.EXP/BMA_EXP_DELAY/i_pipe/aclk
                         FDRE                                         r  fadd_32ns_32ns_32_5_full_dsp_1_U11/fir_multiband_ap_fadd_3_full_dsp_32_u/inst/i_synth/ADDSUB_OP.ADDSUB/DSP.OP/DSP48E1_BODY.EXP/BMA_EXP_DELAY/i_pipe/opt_has_pipe.first_q_reg[5]/C
  -------------------------------------------------------------------    -------------------
                         FDRE (Prop_fdre_C_Q)         0.478     2.934 r  fadd_32ns_32ns_32_5_full_dsp_1_U11/fir_multiband_ap_fadd_3_full_dsp_32_u/inst/i_synth/ADDSUB_OP.ADDSUB/DSP.OP/DSP48E1_BODY.EXP/BMA_EXP_DELAY/i_pipe/opt_has_pipe.first_q_reg[5]/Q
                         net (fo=18, unplaced)        1.022     3.956    fadd_32ns_32ns_32_5_full_dsp_1_U11/fir_multiband_ap_fadd_3_full_dsp_32_u/inst/i_synth/ADDSUB_OP.ADDSUB/DSP.OP/DSP48E1_BODY.EXP/BMA_EXP_DELAY/i_pipe/align_dist[5]
                         LUT6 (Prop_lut6_I0_O)        0.295     4.251 r  fadd_32ns_32ns_32_5_full_dsp_1_U11/fir_multiband_ap_fadd_3_full_dsp_32_u/inst/i_synth/ADDSUB_OP.ADDSUB/DSP.OP/DSP48E1_BODY.EXP/BMA_EXP_DELAY/i_pipe/i_no_versal_es1_workaround.DSP_i_64/O
                         net (fo=2, unplaced)         0.800     5.051    fadd_32ns_32ns_32_5_full_dsp_1_U11/fir_multiband_ap_fadd_3_full_dsp_32_u/inst/i_synth/ADDSUB_OP.ADDSUB/DSP.OP/DSP48E1_BODY.ALIGN_ADD/DSP2/INMODE[0]
                         DSP48E1                                      r  fadd_32ns_32ns_32_5_full_dsp_1_U11/fir_multiband_ap_fadd_3_full_dsp_32_u/inst/i_synth/ADDSUB_OP.ADDSUB/DSP.OP/DSP48E1_BODY.ALIGN_ADD/DSP2/i_no_versal_es1_workaround.DSP/INMODE[2]
  -------------------------------------------------------------------    -------------------

                         (clock ap_clk rise edge)    10.000    10.000 r  
                                                      0.000    10.000 r  ap_clk (IN)
                         net (fo=0)                   0.000    10.000    ap_clk
                         IBUF (Prop_ibuf_I_O)         0.838    10.838 r  ap_clk_IBUF_inst/O
                         net (fo=1, unplaced)         0.760    11.598    ap_clk_IBUF
                         BUFG (Prop_bufg_I_O)         0.091    11.689 r  ap_clk_IBUF_BUFG_inst/O
                         net (fo=11747, unplaced)     0.439    12.128    fadd_32ns_32ns_32_5_full_dsp_1_U11/fir_multiband_ap_fadd_3_full_dsp_32_u/inst/i_synth/ADDSUB_OP.ADDSUB/DSP.OP/DSP48E1_BODY.ALIGN_ADD/DSP2/aclk
                         DSP48E1                                      r  fadd_32ns_32ns_32_5_full_dsp_1_U11/fir_multiband_ap_fadd_3_full_dsp_32_u/inst/i_synth/ADDSUB_OP.ADDSUB/DSP.OP/DSP48E1_BODY.ALIGN_ADD/DSP2/i_no_versal_es1_workaround.DSP/CLK
                         clock pessimism              0.184    12.311    
                         clock uncertainty           -0.035    12.276    
                         DSP48E1 (Setup_dsp48e1_CLK_INMODE[2])
                                                     -5.557     6.719    fadd_32ns_32ns_32_5_full_dsp_1_U11/fir_multiband_ap_fadd_3_full_dsp_32_u/inst/i_synth/ADDSUB_OP.ADDSUB/DSP.OP/DSP48E1_BODY.ALIGN_ADD/DSP2/i_no_versal_es1_workaround.DSP
  -------------------------------------------------------------------
                         required time                          6.719    
                         arrival time                          -5.051    
  -------------------------------------------------------------------
                         slack                                  1.668    

Slack (MET) :             1.668ns  (required time - arrival time)
  Source:                 fadd_32ns_32ns_32_5_full_dsp_1_U6/fir_multiband_ap_fadd_3_full_dsp_32_u/inst/i_synth/ADDSUB_OP.ADDSUB/DSP.OP/DSP48E1_BODY.EXP/BMA_EXP_DELAY/i_pipe/opt_has_pipe.first_q_reg[5]/C
                            (rising edge-triggered cell FDRE clocked by ap_clk  {rise@0.000ns fall@5.000ns period=10.000ns})
  Destination:            fadd_32ns_32ns_32_5_full_dsp_1_U6/fir_multiband_ap_fadd_3_full_dsp_32_u/inst/i_synth/ADDSUB_OP.ADDSUB/DSP.OP/DSP48E1_BODY.ALIGN_ADD/DSP2/i_no_versal_es1_workaround.DSP/INMODE[1]
                            (rising edge-triggered cell DSP48E1 clocked by ap_clk  {rise@0.000ns fall@5.000ns period=10.000ns})
  Path Group:             ap_clk
  Path Type:              Setup (Max at Slow Process Corner)
  Requirement:            10.000ns  (ap_clk rise@10.000ns - ap_clk rise@0.000ns)
  Data Path Delay:        2.595ns  (logic 0.773ns (29.791%)  route 1.822ns (70.209%))
  Logic Levels:           1  (LUT6=1)
  Clock Path Skew:        -0.145ns (DCD - SCD + CPR)
    Destination Clock Delay (DCD):    2.128ns = ( 12.128 - 10.000 ) 
    Source Clock Delay      (SCD):    2.456ns
    Clock Pessimism Removal (CPR):    0.184ns
  Clock Uncertainty:      0.035ns  ((TSJ^2 + TIJ^2)^1/2 + DJ) / 2 + PE
    Total System Jitter     (TSJ):    0.071ns
    Total Input Jitter      (TIJ):    0.000ns
    Discrete Jitter          (DJ):    0.000ns
    Phase Error              (PE):    0.000ns

    Location             Delay type                Incr(ns)  Path(ns)    Netlist Resource(s)
  -------------------------------------------------------------------    -------------------
                         (clock ap_clk rise edge)     0.000     0.000 r  
                                                      0.000     0.000 r  ap_clk (IN)
                         net (fo=0)                   0.000     0.000    ap_clk
                         IBUF (Prop_ibuf_I_O)         0.972     0.972 r  ap_clk_IBUF_inst/O
                         net (fo=1, unplaced)         0.800     1.771    ap_clk_IBUF
                         BUFG (Prop_bufg_I_O)         0.101     1.872 r  ap_clk_IBUF_BUFG_inst/O
                         net (fo=11747, unplaced)     0.584     2.456    fadd_32ns_32ns_32_5_full_dsp_1_U6/fir_multiband_ap_fadd_3_full_dsp_32_u/inst/i_synth/ADDSUB_OP.ADDSUB/DSP.OP/DSP48E1_BODY.EXP/BMA_EXP_DELAY/i_pipe/aclk
                         FDRE                                         r  fadd_32ns_32ns_32_5_full_dsp_1_U6/fir_multiband_ap_fadd_3_full_dsp_32_u/inst/i_synth/ADDSUB_OP.ADDSUB/DSP.OP/DSP48E1_BODY.EXP/BMA_EXP_DELAY/i_pipe/opt_has_pipe.first_q_reg[5]/C
  -------------------------------------------------------------------    -------------------
                         FDRE (Prop_fdre_C_Q)         0.478     2.934 r  fadd_32ns_32ns_32_5_full_dsp_1_U6/fir_multiband_ap_fadd_3_full_dsp_32_u/inst/i_synth/ADDSUB_OP.ADDSUB/DSP.OP/DSP48E1_BODY.EXP/BMA_EXP_DELAY/i_pipe/opt_has_pipe.first_q_reg[5]/Q
                         net (fo=18, unplaced)        1.022     3.956    fadd_32ns_32ns_32_5_full_dsp_1_U6/fir_multiband_ap_fadd_3_full_dsp_32_u/inst/i_synth/ADDSUB_OP.ADDSUB/DSP.OP/DSP48E1_BODY.EXP/BMA_EXP_DELAY/i_pipe/align_dist[5]
                         LUT6 (Prop_lut6_I0_O)        0.295     4.251 r  fadd_32ns_32ns_32_5_full_dsp_1_U6/fir_multiband_ap_fadd_3_full_dsp_32_u/inst/i_synth/ADDSUB_OP.ADDSUB/DSP.OP/DSP48E1_BODY.EXP/BMA_EXP_DELAY/i_pipe/i_no_versal_es1_workaround.DSP_i_64/O
                         net (fo=2, unplaced)         0.800     5.051    fadd_32ns_32ns_32_5_full_dsp_1_U6/fir_multiband_ap_fadd_3_full_dsp_32_u/inst/i_synth/ADDSUB_OP.ADDSUB/DSP.OP/DSP48E1_BODY.ALIGN_ADD/DSP2/INMODE[0]
                         DSP48E1                                      r  fadd_32ns_32ns_32_5_full_dsp_1_U6/fir_multiband_ap_fadd_3_full_dsp_32_u/inst/i_synth/ADDSUB_OP.ADDSUB/DSP.OP/DSP48E1_BODY.ALIGN_ADD/DSP2/i_no_versal_es1_workaround.DSP/INMODE[1]
  -------------------------------------------------------------------    -------------------

                         (clock ap_clk rise edge)    10.000    10.000 r  
                                                      0.000    10.000 r  ap_clk (IN)
                         net (fo=0)                   0.000    10.000    ap_clk
                         IBUF (Prop_ibuf_I_O)         0.838    10.838 r  ap_clk_IBUF_inst/O
                         net (fo=1, unplaced)         0.760    11.598    ap_clk_IBUF
                         BUFG (Prop_bufg_I_O)         0.091    11.689 r  ap_clk_IBUF_BUFG_inst/O
                         net (fo=11747, unplaced)     0.439    12.128    fadd_32ns_32ns_32_5_full_dsp_1_U6/fir_multiband_ap_fadd_3_full_dsp_32_u/inst/i_synth/ADDSUB_OP.ADDSUB/DSP.OP/DSP48E1_BODY.ALIGN_ADD/DSP2/aclk
                         DSP48E1                                      r  fadd_32ns_32ns_32_5_full_dsp_1_U6/fir_multiband_ap_fadd_3_full_dsp_32_u/inst/i_synth/ADDSUB_OP.ADDSUB/DSP.OP/DSP48E1_BODY.ALIGN_ADD/DSP2/i_no_versal_es1_workaround.DSP/CLK
                         clock pessimism              0.184    12.311    
                         clock uncertainty           -0.035    12.276    
                         DSP48E1 (Setup_dsp48e1_CLK_INMODE[1])
                                                     -5.557     6.719    fadd_32ns_32ns_32_5_full_dsp_1_U6/fir_multiband_ap_fadd_3_full_dsp_32_u/inst/i_synth/ADDSUB_OP.ADDSUB/DSP.OP/DSP48E1_BODY.ALIGN_ADD/DSP2/i_no_versal_es1_workaround.DSP
  -------------------------------------------------------------------
                         required time                          6.719    
                         arrival time                          -5.051    
  -------------------------------------------------------------------
                         slack                                  1.668    

Slack (MET) :             1.668ns  (required time - arrival time)
  Source:                 fadd_32ns_32ns_32_5_full_dsp_1_U6/fir_multiband_ap_fadd_3_full_dsp_32_u/inst/i_synth/ADDSUB_OP.ADDSUB/DSP.OP/DSP48E1_BODY.EXP/BMA_EXP_DELAY/i_pipe/opt_has_pipe.first_q_reg[5]/C
                            (rising edge-triggered cell FDRE clocked by ap_clk  {rise@0.000ns fall@5.000ns period=10.000ns})
  Destination:            fadd_32ns_32ns_32_5_full_dsp_1_U6/fir_multiband_ap_fadd_3_full_dsp_32_u/inst/i_synth/ADDSUB_OP.ADDSUB/DSP.OP/DSP48E1_BODY.ALIGN_ADD/DSP2/i_no_versal_es1_workaround.DSP/INMODE[2]
                            (rising edge-triggered cell DSP48E1 clocked by ap_clk  {rise@0.000ns fall@5.000ns period=10.000ns})
  Path Group:             ap_clk
  Path Type:              Setup (Max at Slow Process Corner)
  Requirement:            10.000ns  (ap_clk rise@10.000ns - ap_clk rise@0.000ns)
  Data Path Delay:        2.595ns  (logic 0.773ns (29.791%)  route 1.822ns (70.209%))
  Logic Levels:           1  (LUT6=1)
  Clock Path Skew:        -0.145ns (DCD - SCD + CPR)
    Destination Clock Delay (DCD):    2.128ns = ( 12.128 - 10.000 ) 
    Source Clock Delay      (SCD):    2.456ns
    Clock Pessimism Removal (CPR):    0.184ns
  Clock Uncertainty:      0.035ns  ((TSJ^2 + TIJ^2)^1/2 + DJ) / 2 + PE
    Total System Jitter     (TSJ):    0.071ns
    Total Input Jitter      (TIJ):    0.000ns
    Discrete Jitter          (DJ):    0.000ns
    Phase Error              (PE):    0.000ns

    Location             Delay type                Incr(ns)  Path(ns)    Netlist Resource(s)
  -------------------------------------------------------------------    -------------------
                         (clock ap_clk rise edge)     0.000     0.000 r  
                                                      0.000     0.000 r  ap_clk (IN)
                         net (fo=0)                   0.000     0.000    ap_clk
                         IBUF (Prop_ibuf_I_O)         0.972     0.972 r  ap_clk_IBUF_inst/O
                         net (fo=1, unplaced)         0.800     1.771    ap_clk_IBUF
                         BUFG (Prop_bufg_I_O)         0.101     1.872 r  ap_clk_IBUF_BUFG_inst/O
                         net (fo=11747, unplaced)     0.584     2.456    fadd_32ns_32ns_32_5_full_dsp_1_U6/fir_multiband_ap_fadd_3_full_dsp_32_u/inst/i_synth/ADDSUB_OP.ADDSUB/DSP.OP/DSP48E1_BODY.EXP/BMA_EXP_DELAY/i_pipe/aclk
                         FDRE                                         r  fadd_32ns_32ns_32_5_full_dsp_1_U6/fir_multiband_ap_fadd_3_full_dsp_32_u/inst/i_synth/ADDSUB_OP.ADDSUB/DSP.OP/DSP48E1_BODY.EXP/BMA_EXP_DELAY/i_pipe/opt_has_pipe.first_q_reg[5]/C
  -------------------------------------------------------------------    -------------------
                         FDRE (Prop_fdre_C_Q)         0.478     2.934 r  fadd_32ns_32ns_32_5_full_dsp_1_U6/fir_multiband_ap_fadd_3_full_dsp_32_u/inst/i_synth/ADDSUB_OP.ADDSUB/DSP.OP/DSP48E1_BODY.EXP/BMA_EXP_DELAY/i_pipe/opt_has_pipe.first_q_reg[5]/Q
                         net (fo=18, unplaced)        1.022     3.956    fadd_32ns_32ns_32_5_full_dsp_1_U6/fir_multiband_ap_fadd_3_full_dsp_32_u/inst/i_synth/ADDSUB_OP.ADDSUB/DSP.OP/DSP48E1_BODY.EXP/BMA_EXP_DELAY/i_pipe/align_dist[5]
                         LUT6 (Prop_lut6_I0_O)        0.295     4.251 r  fadd_32ns_32ns_32_5_full_dsp_1_U6/fir_multiband_ap_fadd_3_full_dsp_32_u/inst/i_synth/ADDSUB_OP.ADDSUB/DSP.OP/DSP48E1_BODY.EXP/BMA_EXP_DELAY/i_pipe/i_no_versal_es1_workaround.DSP_i_64/O
                         net (fo=2, unplaced)         0.800     5.051    fadd_32ns_32ns_32_5_full_dsp_1_U6/fir_multiband_ap_fadd_3_full_dsp_32_u/inst/i_synth/ADDSUB_OP.ADDSUB/DSP.OP/DSP48E1_BODY.ALIGN_ADD/DSP2/INMODE[0]
                         DSP48E1                                      r  fadd_32ns_32ns_32_5_full_dsp_1_U6/fir_multiband_ap_fadd_3_full_dsp_32_u/inst/i_synth/ADDSUB_OP.ADDSUB/DSP.OP/DSP48E1_BODY.ALIGN_ADD/DSP2/i_no_versal_es1_workaround.DSP/INMODE[2]
  -------------------------------------------------------------------    -------------------

                         (clock ap_clk rise edge)    10.000    10.000 r  
                                                      0.000    10.000 r  ap_clk (IN)
                         net (fo=0)                   0.000    10.000    ap_clk
                         IBUF (Prop_ibuf_I_O)         0.838    10.838 r  ap_clk_IBUF_inst/O
                         net (fo=1, unplaced)         0.760    11.598    ap_clk_IBUF
                         BUFG (Prop_bufg_I_O)         0.091    11.689 r  ap_clk_IBUF_BUFG_inst/O
                         net (fo=11747, unplaced)     0.439    12.128    fadd_32ns_32ns_32_5_full_dsp_1_U6/fir_multiband_ap_fadd_3_full_dsp_32_u/inst/i_synth/ADDSUB_OP.ADDSUB/DSP.OP/DSP48E1_BODY.ALIGN_ADD/DSP2/aclk
                         DSP48E1                                      r  fadd_32ns_32ns_32_5_full_dsp_1_U6/fir_multiband_ap_fadd_3_full_dsp_32_u/inst/i_synth/ADDSUB_OP.ADDSUB/DSP.OP/DSP48E1_BODY.ALIGN_ADD/DSP2/i_no_versal_es1_workaround.DSP/CLK
                         clock pessimism              0.184    12.311    
                         clock uncertainty           -0.035    12.276    
                         DSP48E1 (Setup_dsp48e1_CLK_INMODE[2])
                                                     -5.557     6.719    fadd_32ns_32ns_32_5_full_dsp_1_U6/fir_multiband_ap_fadd_3_full_dsp_32_u/inst/i_synth/ADDSUB_OP.ADDSUB/DSP.OP/DSP48E1_BODY.ALIGN_ADD/DSP2/i_no_versal_es1_workaround.DSP
  -------------------------------------------------------------------
                         required time                          6.719    
                         arrival time                          -5.051    
  -------------------------------------------------------------------
                         slack                                  1.668    

Slack (MET) :             1.668ns  (required time - arrival time)
  Source:                 fadd_32ns_32ns_32_5_full_dsp_1_U7/fir_multiband_ap_fadd_3_full_dsp_32_u/inst/i_synth/ADDSUB_OP.ADDSUB/DSP.OP/DSP48E1_BODY.EXP/BMA_EXP_DELAY/i_pipe/opt_has_pipe.first_q_reg[5]/C
                            (rising edge-triggered cell FDRE clocked by ap_clk  {rise@0.000ns fall@5.000ns period=10.000ns})
  Destination:            fadd_32ns_32ns_32_5_full_dsp_1_U7/fir_multiband_ap_fadd_3_full_dsp_32_u/inst/i_synth/ADDSUB_OP.ADDSUB/DSP.OP/DSP48E1_BODY.ALIGN_ADD/DSP2/i_no_versal_es1_workaround.DSP/INMODE[1]
                            (rising edge-triggered cell DSP48E1 clocked by ap_clk  {rise@0.000ns fall@5.000ns period=10.000ns})
  Path Group:             ap_clk
  Path Type:              Setup (Max at Slow Process Corner)
  Requirement:            10.000ns  (ap_clk rise@10.000ns - ap_clk rise@0.000ns)
  Data Path Delay:        2.595ns  (logic 0.773ns (29.791%)  route 1.822ns (70.209%))
  Logic Levels:           1  (LUT6=1)
  Clock Path Skew:        -0.145ns (DCD - SCD + CPR)
    Destination Clock Delay (DCD):    2.128ns = ( 12.128 - 10.000 ) 
    Source Clock Delay      (SCD):    2.456ns
    Clock Pessimism Removal (CPR):    0.184ns
  Clock Uncertainty:      0.035ns  ((TSJ^2 + TIJ^2)^1/2 + DJ) / 2 + PE
    Total System Jitter     (TSJ):    0.071ns
    Total Input Jitter      (TIJ):    0.000ns
    Discrete Jitter          (DJ):    0.000ns
    Phase Error              (PE):    0.000ns

    Location             Delay type                Incr(ns)  Path(ns)    Netlist Resource(s)
  -------------------------------------------------------------------    -------------------
                         (clock ap_clk rise edge)     0.000     0.000 r  
                                                      0.000     0.000 r  ap_clk (IN)
                         net (fo=0)                   0.000     0.000    ap_clk
                         IBUF (Prop_ibuf_I_O)         0.972     0.972 r  ap_clk_IBUF_inst/O
                         net (fo=1, unplaced)         0.800     1.771    ap_clk_IBUF
                         BUFG (Prop_bufg_I_O)         0.101     1.872 r  ap_clk_IBUF_BUFG_inst/O
                         net (fo=11747, unplaced)     0.584     2.456    fadd_32ns_32ns_32_5_full_dsp_1_U7/fir_multiband_ap_fadd_3_full_dsp_32_u/inst/i_synth/ADDSUB_OP.ADDSUB/DSP.OP/DSP48E1_BODY.EXP/BMA_EXP_DELAY/i_pipe/aclk
                         FDRE                                         r  fadd_32ns_32ns_32_5_full_dsp_1_U7/fir_multiband_ap_fadd_3_full_dsp_32_u/inst/i_synth/ADDSUB_OP.ADDSUB/DSP.OP/DSP48E1_BODY.EXP/BMA_EXP_DELAY/i_pipe/opt_has_pipe.first_q_reg[5]/C
  -------------------------------------------------------------------    -------------------
                         FDRE (Prop_fdre_C_Q)         0.478     2.934 r  fadd_32ns_32ns_32_5_full_dsp_1_U7/fir_multiband_ap_fadd_3_full_dsp_32_u/inst/i_synth/ADDSUB_OP.ADDSUB/DSP.OP/DSP48E1_BODY.EXP/BMA_EXP_DELAY/i_pipe/opt_has_pipe.first_q_reg[5]/Q
                         net (fo=18, unplaced)        1.022     3.956    fadd_32ns_32ns_32_5_full_dsp_1_U7/fir_multiband_ap_fadd_3_full_dsp_32_u/inst/i_synth/ADDSUB_OP.ADDSUB/DSP.OP/DSP48E1_BODY.EXP/BMA_EXP_DELAY/i_pipe/align_dist[5]
                         LUT6 (Prop_lut6_I0_O)        0.295     4.251 r  fadd_32ns_32ns_32_5_full_dsp_1_U7/fir_multiband_ap_fadd_3_full_dsp_32_u/inst/i_synth/ADDSUB_OP.ADDSUB/DSP.OP/DSP48E1_BODY.EXP/BMA_EXP_DELAY/i_pipe/i_no_versal_es1_workaround.DSP_i_64/O
                         net (fo=2, unplaced)         0.800     5.051    fadd_32ns_32ns_32_5_full_dsp_1_U7/fir_multiband_ap_fadd_3_full_dsp_32_u/inst/i_synth/ADDSUB_OP.ADDSUB/DSP.OP/DSP48E1_BODY.ALIGN_ADD/DSP2/INMODE[0]
                         DSP48E1                                      r  fadd_32ns_32ns_32_5_full_dsp_1_U7/fir_multiband_ap_fadd_3_full_dsp_32_u/inst/i_synth/ADDSUB_OP.ADDSUB/DSP.OP/DSP48E1_BODY.ALIGN_ADD/DSP2/i_no_versal_es1_workaround.DSP/INMODE[1]
  -------------------------------------------------------------------    -------------------

                         (clock ap_clk rise edge)    10.000    10.000 r  
                                                      0.000    10.000 r  ap_clk (IN)
                         net (fo=0)                   0.000    10.000    ap_clk
                         IBUF (Prop_ibuf_I_O)         0.838    10.838 r  ap_clk_IBUF_inst/O
                         net (fo=1, unplaced)         0.760    11.598    ap_clk_IBUF
                         BUFG (Prop_bufg_I_O)         0.091    11.689 r  ap_clk_IBUF_BUFG_inst/O
                         net (fo=11747, unplaced)     0.439    12.128    fadd_32ns_32ns_32_5_full_dsp_1_U7/fir_multiband_ap_fadd_3_full_dsp_32_u/inst/i_synth/ADDSUB_OP.ADDSUB/DSP.OP/DSP48E1_BODY.ALIGN_ADD/DSP2/aclk
                         DSP48E1                                      r  fadd_32ns_32ns_32_5_full_dsp_1_U7/fir_multiband_ap_fadd_3_full_dsp_32_u/inst/i_synth/ADDSUB_OP.ADDSUB/DSP.OP/DSP48E1_BODY.ALIGN_ADD/DSP2/i_no_versal_es1_workaround.DSP/CLK
                         clock pessimism              0.184    12.311    
                         clock uncertainty           -0.035    12.276    
                         DSP48E1 (Setup_dsp48e1_CLK_INMODE[1])
                                                     -5.557     6.719    fadd_32ns_32ns_32_5_full_dsp_1_U7/fir_multiband_ap_fadd_3_full_dsp_32_u/inst/i_synth/ADDSUB_OP.ADDSUB/DSP.OP/DSP48E1_BODY.ALIGN_ADD/DSP2/i_no_versal_es1_workaround.DSP
  -------------------------------------------------------------------
                         required time                          6.719    
                         arrival time                          -5.051    
  -------------------------------------------------------------------
                         slack                                  1.668    

Slack (MET) :             1.668ns  (required time - arrival time)
  Source:                 fadd_32ns_32ns_32_5_full_dsp_1_U7/fir_multiband_ap_fadd_3_full_dsp_32_u/inst/i_synth/ADDSUB_OP.ADDSUB/DSP.OP/DSP48E1_BODY.EXP/BMA_EXP_DELAY/i_pipe/opt_has_pipe.first_q_reg[5]/C
                            (rising edge-triggered cell FDRE clocked by ap_clk  {rise@0.000ns fall@5.000ns period=10.000ns})
  Destination:            fadd_32ns_32ns_32_5_full_dsp_1_U7/fir_multiband_ap_fadd_3_full_dsp_32_u/inst/i_synth/ADDSUB_OP.ADDSUB/DSP.OP/DSP48E1_BODY.ALIGN_ADD/DSP2/i_no_versal_es1_workaround.DSP/INMODE[2]
                            (rising edge-triggered cell DSP48E1 clocked by ap_clk  {rise@0.000ns fall@5.000ns period=10.000ns})
  Path Group:             ap_clk
  Path Type:              Setup (Max at Slow Process Corner)
  Requirement:            10.000ns  (ap_clk rise@10.000ns - ap_clk rise@0.000ns)
  Data Path Delay:        2.595ns  (logic 0.773ns (29.791%)  route 1.822ns (70.209%))
  Logic Levels:           1  (LUT6=1)
  Clock Path Skew:        -0.145ns (DCD - SCD + CPR)
    Destination Clock Delay (DCD):    2.128ns = ( 12.128 - 10.000 ) 
    Source Clock Delay      (SCD):    2.456ns
    Clock Pessimism Removal (CPR):    0.184ns
  Clock Uncertainty:      0.035ns  ((TSJ^2 + TIJ^2)^1/2 + DJ) / 2 + PE
    Total System Jitter     (TSJ):    0.071ns
    Total Input Jitter      (TIJ):    0.000ns
    Discrete Jitter          (DJ):    0.000ns
    Phase Error              (PE):    0.000ns

    Location             Delay type                Incr(ns)  Path(ns)    Netlist Resource(s)
  -------------------------------------------------------------------    -------------------
                         (clock ap_clk rise edge)     0.000     0.000 r  
                                                      0.000     0.000 r  ap_clk (IN)
                         net (fo=0)                   0.000     0.000    ap_clk
                         IBUF (Prop_ibuf_I_O)         0.972     0.972 r  ap_clk_IBUF_inst/O
                         net (fo=1, unplaced)         0.800     1.771    ap_clk_IBUF
                         BUFG (Prop_bufg_I_O)         0.101     1.872 r  ap_clk_IBUF_BUFG_inst/O
                         net (fo=11747, unplaced)     0.584     2.456    fadd_32ns_32ns_32_5_full_dsp_1_U7/fir_multiband_ap_fadd_3_full_dsp_32_u/inst/i_synth/ADDSUB_OP.ADDSUB/DSP.OP/DSP48E1_BODY.EXP/BMA_EXP_DELAY/i_pipe/aclk
                         FDRE                                         r  fadd_32ns_32ns_32_5_full_dsp_1_U7/fir_multiband_ap_fadd_3_full_dsp_32_u/inst/i_synth/ADDSUB_OP.ADDSUB/DSP.OP/DSP48E1_BODY.EXP/BMA_EXP_DELAY/i_pipe/opt_has_pipe.first_q_reg[5]/C
  -------------------------------------------------------------------    -------------------
                         FDRE (Prop_fdre_C_Q)         0.478     2.934 r  fadd_32ns_32ns_32_5_full_dsp_1_U7/fir_multiband_ap_fadd_3_full_dsp_32_u/inst/i_synth/ADDSUB_OP.ADDSUB/DSP.OP/DSP48E1_BODY.EXP/BMA_EXP_DELAY/i_pipe/opt_has_pipe.first_q_reg[5]/Q
                         net (fo=18, unplaced)        1.022     3.956    fadd_32ns_32ns_32_5_full_dsp_1_U7/fir_multiband_ap_fadd_3_full_dsp_32_u/inst/i_synth/ADDSUB_OP.ADDSUB/DSP.OP/DSP48E1_BODY.EXP/BMA_EXP_DELAY/i_pipe/align_dist[5]
                         LUT6 (Prop_lut6_I0_O)        0.295     4.251 r  fadd_32ns_32ns_32_5_full_dsp_1_U7/fir_multiband_ap_fadd_3_full_dsp_32_u/inst/i_synth/ADDSUB_OP.ADDSUB/DSP.OP/DSP48E1_BODY.EXP/BMA_EXP_DELAY/i_pipe/i_no_versal_es1_workaround.DSP_i_64/O
                         net (fo=2, unplaced)         0.800     5.051    fadd_32ns_32ns_32_5_full_dsp_1_U7/fir_multiband_ap_fadd_3_full_dsp_32_u/inst/i_synth/ADDSUB_OP.ADDSUB/DSP.OP/DSP48E1_BODY.ALIGN_ADD/DSP2/INMODE[0]
                         DSP48E1                                      r  fadd_32ns_32ns_32_5_full_dsp_1_U7/fir_multiband_ap_fadd_3_full_dsp_32_u/inst/i_synth/ADDSUB_OP.ADDSUB/DSP.OP/DSP48E1_BODY.ALIGN_ADD/DSP2/i_no_versal_es1_workaround.DSP/INMODE[2]
  -------------------------------------------------------------------    -------------------

                         (clock ap_clk rise edge)    10.000    10.000 r  
                                                      0.000    10.000 r  ap_clk (IN)
                         net (fo=0)                   0.000    10.000    ap_clk
                         IBUF (Prop_ibuf_I_O)         0.838    10.838 r  ap_clk_IBUF_inst/O
                         net (fo=1, unplaced)         0.760    11.598    ap_clk_IBUF
                         BUFG (Prop_bufg_I_O)         0.091    11.689 r  ap_clk_IBUF_BUFG_inst/O
                         net (fo=11747, unplaced)     0.439    12.128    fadd_32ns_32ns_32_5_full_dsp_1_U7/fir_multiband_ap_fadd_3_full_dsp_32_u/inst/i_synth/ADDSUB_OP.ADDSUB/DSP.OP/DSP48E1_BODY.ALIGN_ADD/DSP2/aclk
                         DSP48E1                                      r  fadd_32ns_32ns_32_5_full_dsp_1_U7/fir_multiband_ap_fadd_3_full_dsp_32_u/inst/i_synth/ADDSUB_OP.ADDSUB/DSP.OP/DSP48E1_BODY.ALIGN_ADD/DSP2/i_no_versal_es1_workaround.DSP/CLK
                         clock pessimism              0.184    12.311    
                         clock uncertainty           -0.035    12.276    
                         DSP48E1 (Setup_dsp48e1_CLK_INMODE[2])
                                                     -5.557     6.719    fadd_32ns_32ns_32_5_full_dsp_1_U7/fir_multiband_ap_fadd_3_full_dsp_32_u/inst/i_synth/ADDSUB_OP.ADDSUB/DSP.OP/DSP48E1_BODY.ALIGN_ADD/DSP2/i_no_versal_es1_workaround.DSP
  -------------------------------------------------------------------
                         required time                          6.719    
                         arrival time                          -5.051    
  -------------------------------------------------------------------
                         slack                                  1.668    

Slack (MET) :             1.668ns  (required time - arrival time)
  Source:                 fadd_32ns_32ns_32_5_full_dsp_1_U8/fir_multiband_ap_fadd_3_full_dsp_32_u/inst/i_synth/ADDSUB_OP.ADDSUB/DSP.OP/DSP48E1_BODY.EXP/BMA_EXP_DELAY/i_pipe/opt_has_pipe.first_q_reg[5]/C
                            (rising edge-triggered cell FDRE clocked by ap_clk  {rise@0.000ns fall@5.000ns period=10.000ns})
  Destination:            fadd_32ns_32ns_32_5_full_dsp_1_U8/fir_multiband_ap_fadd_3_full_dsp_32_u/inst/i_synth/ADDSUB_OP.ADDSUB/DSP.OP/DSP48E1_BODY.ALIGN_ADD/DSP2/i_no_versal_es1_workaround.DSP/INMODE[1]
                            (rising edge-triggered cell DSP48E1 clocked by ap_clk  {rise@0.000ns fall@5.000ns period=10.000ns})
  Path Group:             ap_clk
  Path Type:              Setup (Max at Slow Process Corner)
  Requirement:            10.000ns  (ap_clk rise@10.000ns - ap_clk rise@0.000ns)
  Data Path Delay:        2.595ns  (logic 0.773ns (29.791%)  route 1.822ns (70.209%))
  Logic Levels:           1  (LUT6=1)
  Clock Path Skew:        -0.145ns (DCD - SCD + CPR)
    Destination Clock Delay (DCD):    2.128ns = ( 12.128 - 10.000 ) 
    Source Clock Delay      (SCD):    2.456ns
    Clock Pessimism Removal (CPR):    0.184ns
  Clock Uncertainty:      0.035ns  ((TSJ^2 + TIJ^2)^1/2 + DJ) / 2 + PE
    Total System Jitter     (TSJ):    0.071ns
    Total Input Jitter      (TIJ):    0.000ns
    Discrete Jitter          (DJ):    0.000ns
    Phase Error              (PE):    0.000ns

    Location             Delay type                Incr(ns)  Path(ns)    Netlist Resource(s)
  -------------------------------------------------------------------    -------------------
                         (clock ap_clk rise edge)     0.000     0.000 r  
                                                      0.000     0.000 r  ap_clk (IN)
                         net (fo=0)                   0.000     0.000    ap_clk
                         IBUF (Prop_ibuf_I_O)         0.972     0.972 r  ap_clk_IBUF_inst/O
                         net (fo=1, unplaced)         0.800     1.771    ap_clk_IBUF
                         BUFG (Prop_bufg_I_O)         0.101     1.872 r  ap_clk_IBUF_BUFG_inst/O
                         net (fo=11747, unplaced)     0.584     2.456    fadd_32ns_32ns_32_5_full_dsp_1_U8/fir_multiband_ap_fadd_3_full_dsp_32_u/inst/i_synth/ADDSUB_OP.ADDSUB/DSP.OP/DSP48E1_BODY.EXP/BMA_EXP_DELAY/i_pipe/aclk
                         FDRE                                         r  fadd_32ns_32ns_32_5_full_dsp_1_U8/fir_multiband_ap_fadd_3_full_dsp_32_u/inst/i_synth/ADDSUB_OP.ADDSUB/DSP.OP/DSP48E1_BODY.EXP/BMA_EXP_DELAY/i_pipe/opt_has_pipe.first_q_reg[5]/C
  -------------------------------------------------------------------    -------------------
                         FDRE (Prop_fdre_C_Q)         0.478     2.934 r  fadd_32ns_32ns_32_5_full_dsp_1_U8/fir_multiband_ap_fadd_3_full_dsp_32_u/inst/i_synth/ADDSUB_OP.ADDSUB/DSP.OP/DSP48E1_BODY.EXP/BMA_EXP_DELAY/i_pipe/opt_has_pipe.first_q_reg[5]/Q
                         net (fo=18, unplaced)        1.022     3.956    fadd_32ns_32ns_32_5_full_dsp_1_U8/fir_multiband_ap_fadd_3_full_dsp_32_u/inst/i_synth/ADDSUB_OP.ADDSUB/DSP.OP/DSP48E1_BODY.EXP/BMA_EXP_DELAY/i_pipe/align_dist[5]
                         LUT6 (Prop_lut6_I0_O)        0.295     4.251 r  fadd_32ns_32ns_32_5_full_dsp_1_U8/fir_multiband_ap_fadd_3_full_dsp_32_u/inst/i_synth/ADDSUB_OP.ADDSUB/DSP.OP/DSP48E1_BODY.EXP/BMA_EXP_DELAY/i_pipe/i_no_versal_es1_workaround.DSP_i_64/O
                         net (fo=2, unplaced)         0.800     5.051    fadd_32ns_32ns_32_5_full_dsp_1_U8/fir_multiband_ap_fadd_3_full_dsp_32_u/inst/i_synth/ADDSUB_OP.ADDSUB/DSP.OP/DSP48E1_BODY.ALIGN_ADD/DSP2/INMODE[0]
                         DSP48E1                                      r  fadd_32ns_32ns_32_5_full_dsp_1_U8/fir_multiband_ap_fadd_3_full_dsp_32_u/inst/i_synth/ADDSUB_OP.ADDSUB/DSP.OP/DSP48E1_BODY.ALIGN_ADD/DSP2/i_no_versal_es1_workaround.DSP/INMODE[1]
  -------------------------------------------------------------------    -------------------

                         (clock ap_clk rise edge)    10.000    10.000 r  
                                                      0.000    10.000 r  ap_clk (IN)
                         net (fo=0)                   0.000    10.000    ap_clk
                         IBUF (Prop_ibuf_I_O)         0.838    10.838 r  ap_clk_IBUF_inst/O
                         net (fo=1, unplaced)         0.760    11.598    ap_clk_IBUF
                         BUFG (Prop_bufg_I_O)         0.091    11.689 r  ap_clk_IBUF_BUFG_inst/O
                         net (fo=11747, unplaced)     0.439    12.128    fadd_32ns_32ns_32_5_full_dsp_1_U8/fir_multiband_ap_fadd_3_full_dsp_32_u/inst/i_synth/ADDSUB_OP.ADDSUB/DSP.OP/DSP48E1_BODY.ALIGN_ADD/DSP2/aclk
                         DSP48E1                                      r  fadd_32ns_32ns_32_5_full_dsp_1_U8/fir_multiband_ap_fadd_3_full_dsp_32_u/inst/i_synth/ADDSUB_OP.ADDSUB/DSP.OP/DSP48E1_BODY.ALIGN_ADD/DSP2/i_no_versal_es1_workaround.DSP/CLK
                         clock pessimism              0.184    12.311    
                         clock uncertainty           -0.035    12.276    
                         DSP48E1 (Setup_dsp48e1_CLK_INMODE[1])
                                                     -5.557     6.719    fadd_32ns_32ns_32_5_full_dsp_1_U8/fir_multiband_ap_fadd_3_full_dsp_32_u/inst/i_synth/ADDSUB_OP.ADDSUB/DSP.OP/DSP48E1_BODY.ALIGN_ADD/DSP2/i_no_versal_es1_workaround.DSP
  -------------------------------------------------------------------
                         required time                          6.719    
                         arrival time                          -5.051    
  -------------------------------------------------------------------
                         slack                                  1.668    

Slack (MET) :             1.668ns  (required time - arrival time)
  Source:                 fadd_32ns_32ns_32_5_full_dsp_1_U8/fir_multiband_ap_fadd_3_full_dsp_32_u/inst/i_synth/ADDSUB_OP.ADDSUB/DSP.OP/DSP48E1_BODY.EXP/BMA_EXP_DELAY/i_pipe/opt_has_pipe.first_q_reg[5]/C
                            (rising edge-triggered cell FDRE clocked by ap_clk  {rise@0.000ns fall@5.000ns period=10.000ns})
  Destination:            fadd_32ns_32ns_32_5_full_dsp_1_U8/fir_multiband_ap_fadd_3_full_dsp_32_u/inst/i_synth/ADDSUB_OP.ADDSUB/DSP.OP/DSP48E1_BODY.ALIGN_ADD/DSP2/i_no_versal_es1_workaround.DSP/INMODE[2]
                            (rising edge-triggered cell DSP48E1 clocked by ap_clk  {rise@0.000ns fall@5.000ns period=10.000ns})
  Path Group:             ap_clk
  Path Type:              Setup (Max at Slow Process Corner)
  Requirement:            10.000ns  (ap_clk rise@10.000ns - ap_clk rise@0.000ns)
  Data Path Delay:        2.595ns  (logic 0.773ns (29.791%)  route 1.822ns (70.209%))
  Logic Levels:           1  (LUT6=1)
  Clock Path Skew:        -0.145ns (DCD - SCD + CPR)
    Destination Clock Delay (DCD):    2.128ns = ( 12.128 - 10.000 ) 
    Source Clock Delay      (SCD):    2.456ns
    Clock Pessimism Removal (CPR):    0.184ns
  Clock Uncertainty:      0.035ns  ((TSJ^2 + TIJ^2)^1/2 + DJ) / 2 + PE
    Total System Jitter     (TSJ):    0.071ns
    Total Input Jitter      (TIJ):    0.000ns
    Discrete Jitter          (DJ):    0.000ns
    Phase Error              (PE):    0.000ns

    Location             Delay type                Incr(ns)  Path(ns)    Netlist Resource(s)
  -------------------------------------------------------------------    -------------------
                         (clock ap_clk rise edge)     0.000     0.000 r  
                                                      0.000     0.000 r  ap_clk (IN)
                         net (fo=0)                   0.000     0.000    ap_clk
                         IBUF (Prop_ibuf_I_O)         0.972     0.972 r  ap_clk_IBUF_inst/O
                         net (fo=1, unplaced)         0.800     1.771    ap_clk_IBUF
                         BUFG (Prop_bufg_I_O)         0.101     1.872 r  ap_clk_IBUF_BUFG_inst/O
                         net (fo=11747, unplaced)     0.584     2.456    fadd_32ns_32ns_32_5_full_dsp_1_U8/fir_multiband_ap_fadd_3_full_dsp_32_u/inst/i_synth/ADDSUB_OP.ADDSUB/DSP.OP/DSP48E1_BODY.EXP/BMA_EXP_DELAY/i_pipe/aclk
                         FDRE                                         r  fadd_32ns_32ns_32_5_full_dsp_1_U8/fir_multiband_ap_fadd_3_full_dsp_32_u/inst/i_synth/ADDSUB_OP.ADDSUB/DSP.OP/DSP48E1_BODY.EXP/BMA_EXP_DELAY/i_pipe/opt_has_pipe.first_q_reg[5]/C
  -------------------------------------------------------------------    -------------------
                         FDRE (Prop_fdre_C_Q)         0.478     2.934 r  fadd_32ns_32ns_32_5_full_dsp_1_U8/fir_multiband_ap_fadd_3_full_dsp_32_u/inst/i_synth/ADDSUB_OP.ADDSUB/DSP.OP/DSP48E1_BODY.EXP/BMA_EXP_DELAY/i_pipe/opt_has_pipe.first_q_reg[5]/Q
                         net (fo=18, unplaced)        1.022     3.956    fadd_32ns_32ns_32_5_full_dsp_1_U8/fir_multiband_ap_fadd_3_full_dsp_32_u/inst/i_synth/ADDSUB_OP.ADDSUB/DSP.OP/DSP48E1_BODY.EXP/BMA_EXP_DELAY/i_pipe/align_dist[5]
                         LUT6 (Prop_lut6_I0_O)        0.295     4.251 r  fadd_32ns_32ns_32_5_full_dsp_1_U8/fir_multiband_ap_fadd_3_full_dsp_32_u/inst/i_synth/ADDSUB_OP.ADDSUB/DSP.OP/DSP48E1_BODY.EXP/BMA_EXP_DELAY/i_pipe/i_no_versal_es1_workaround.DSP_i_64/O
                         net (fo=2, unplaced)         0.800     5.051    fadd_32ns_32ns_32_5_full_dsp_1_U8/fir_multiband_ap_fadd_3_full_dsp_32_u/inst/i_synth/ADDSUB_OP.ADDSUB/DSP.OP/DSP48E1_BODY.ALIGN_ADD/DSP2/INMODE[0]
                         DSP48E1                                      r  fadd_32ns_32ns_32_5_full_dsp_1_U8/fir_multiband_ap_fadd_3_full_dsp_32_u/inst/i_synth/ADDSUB_OP.ADDSUB/DSP.OP/DSP48E1_BODY.ALIGN_ADD/DSP2/i_no_versal_es1_workaround.DSP/INMODE[2]
  -------------------------------------------------------------------    -------------------

                         (clock ap_clk rise edge)    10.000    10.000 r  
                                                      0.000    10.000 r  ap_clk (IN)
                         net (fo=0)                   0.000    10.000    ap_clk
                         IBUF (Prop_ibuf_I_O)         0.838    10.838 r  ap_clk_IBUF_inst/O
                         net (fo=1, unplaced)         0.760    11.598    ap_clk_IBUF
                         BUFG (Prop_bufg_I_O)         0.091    11.689 r  ap_clk_IBUF_BUFG_inst/O
                         net (fo=11747, unplaced)     0.439    12.128    fadd_32ns_32ns_32_5_full_dsp_1_U8/fir_multiband_ap_fadd_3_full_dsp_32_u/inst/i_synth/ADDSUB_OP.ADDSUB/DSP.OP/DSP48E1_BODY.ALIGN_ADD/DSP2/aclk
                         DSP48E1                                      r  fadd_32ns_32ns_32_5_full_dsp_1_U8/fir_multiband_ap_fadd_3_full_dsp_32_u/inst/i_synth/ADDSUB_OP.ADDSUB/DSP.OP/DSP48E1_BODY.ALIGN_ADD/DSP2/i_no_versal_es1_workaround.DSP/CLK
                         clock pessimism              0.184    12.311    
                         clock uncertainty           -0.035    12.276    
                         DSP48E1 (Setup_dsp48e1_CLK_INMODE[2])
                                                     -5.557     6.719    fadd_32ns_32ns_32_5_full_dsp_1_U8/fir_multiband_ap_fadd_3_full_dsp_32_u/inst/i_synth/ADDSUB_OP.ADDSUB/DSP.OP/DSP48E1_BODY.ALIGN_ADD/DSP2/i_no_versal_es1_workaround.DSP
  -------------------------------------------------------------------
                         required time                          6.719    
                         arrival time                          -5.051    
  -------------------------------------------------------------------
                         slack                                  1.668    





Pulse Width Checks
--------------------------------------------------------------------------------------
Clock Name:         ap_clk
Waveform(ns):       { 0.000 5.000 }
Period(ns):         10.000
Sources:            { ap_clk }

Check Type        Corner  Lib Pin             Reference Pin  Required(ns)  Actual(ns)  Slack(ns)  Location  Pin
Min Period        n/a     RAMB36E1/CLKARDCLK  n/a            2.944         10.000      7.056                hist_0_U/fir_multiband_hist_0_ram_U/ram_reg/CLKARDCLK
Min Period        n/a     RAMB36E1/CLKBWRCLK  n/a            2.944         10.000      7.056                hist_0_U/fir_multiband_hist_0_ram_U/ram_reg/CLKBWRCLK
Min Period        n/a     RAMB18E1/CLKARDCLK  n/a            2.576         10.000      7.424                FIR_COEFFS_U/fir_multiband_FIR_COEFFS_rom_U/q0_reg/CLKARDCLK
Min Period        n/a     RAMB18E1/CLKBWRCLK  n/a            2.576         10.000      7.424                FIR_COEFFS_U/fir_multiband_FIR_COEFFS_rom_U/q0_reg/CLKBWRCLK
Min Period        n/a     RAMB18E1/CLKARDCLK  n/a            2.576         10.000      7.424                FIR_COEFFS_U/fir_multiband_FIR_COEFFS_rom_U/q1_reg/CLKARDCLK
Min Period        n/a     RAMB18E1/CLKBWRCLK  n/a            2.576         10.000      7.424                FIR_COEFFS_U/fir_multiband_FIR_COEFFS_rom_U/q1_reg/CLKBWRCLK
Min Period        n/a     RAMB18E1/CLKARDCLK  n/a            2.576         10.000      7.424                FIR_COEFFS_U/fir_multiband_FIR_COEFFS_rom_U/q2_reg/CLKARDCLK
Min Period        n/a     RAMB18E1/CLKBWRCLK  n/a            2.576         10.000      7.424                FIR_COEFFS_U/fir_multiband_FIR_COEFFS_rom_U/q2_reg/CLKBWRCLK
Min Period        n/a     RAMB18E1/CLKARDCLK  n/a            2.576         10.000      7.424                FIR_COEFFS_U/fir_multiband_FIR_COEFFS_rom_U/q3_reg/CLKARDCLK
Min Period        n/a     RAMB18E1/CLKBWRCLK  n/a            2.576         10.000      7.424                FIR_COEFFS_U/fir_multiband_FIR_COEFFS_rom_U/q3_reg/CLKBWRCLK
Low Pulse Width   Slow    RAMD32/CLK          n/a            1.250         5.000       3.750                hist_1_U/fir_multiband_hist_1_ram_U/ram_reg_0_15_0_0/DP/CLK
Low Pulse Width   Slow    RAMD32/CLK          n/a            1.250         5.000       3.750                hist_1_U/fir_multiband_hist_1_ram_U/ram_reg_0_15_0_0/SP/CLK
Low Pulse Width   Slow    RAMD32/CLK          n/a            1.250         5.000       3.750                hist_1_U/fir_multiband_hist_1_ram_U/ram_reg_0_15_10_10/DP/CLK
Low Pulse Width   Slow    RAMD32/CLK          n/a            1.250         5.000       3.750                hist_1_U/fir_multiband_hist_1_ram_U/ram_reg_0_15_10_10/SP/CLK
Low Pulse Width   Slow    RAMD32/CLK          n/a            1.250         5.000       3.750                hist_1_U/fir_multiband_hist_1_ram_U/ram_reg_0_15_11_11/DP/CLK
Low Pulse Width   Slow    RAMD32/CLK          n/a            1.250         5.000       3.750                hist_1_U/fir_multiband_hist_1_ram_U/ram_reg_0_15_11_11/SP/CLK
Low Pulse Width   Slow    RAMD32/CLK          n/a            1.250         5.000       3.750                hist_1_U/fir_multiband_hist_1_ram_U/ram_reg_0_15_12_12/DP/CLK
Low Pulse Width   Slow    RAMD32/CLK          n/a            1.250         5.000       3.750                hist_1_U/fir_multiband_hist_1_ram_U/ram_reg_0_15_12_12/SP/CLK
Low Pulse Width   Slow    RAMD32/CLK          n/a            1.250         5.000       3.750                hist_1_U/fir_multiband_hist_1_ram_U/ram_reg_0_15_13_13/DP/CLK
Low Pulse Width   Slow    RAMD32/CLK          n/a            1.250         5.000       3.750                hist_1_U/fir_multiband_hist_1_ram_U/ram_reg_0_15_13_13/SP/CLK
High Pulse Width  Slow    RAMD32/CLK          n/a            1.250         5.000       3.750                hist_1_U/fir_multiband_hist_1_ram_U/ram_reg_0_15_0_0/DP/CLK
High Pulse Width  Fast    RAMD32/CLK          n/a            1.250         5.000       3.750                hist_1_U/fir_multiband_hist_1_ram_U/ram_reg_0_15_0_0/DP/CLK
High Pulse Width  Slow    RAMD32/CLK          n/a            1.250         5.000       3.750                hist_1_U/fir_multiband_hist_1_ram_U/ram_reg_0_15_0_0/SP/CLK
High Pulse Width  Fast    RAMD32/CLK          n/a            1.250         5.000       3.750                hist_1_U/fir_multiband_hist_1_ram_U/ram_reg_0_15_0_0/SP/CLK
High Pulse Width  Slow    RAMD32/CLK          n/a            1.250         5.000       3.750                hist_1_U/fir_multiband_hist_1_ram_U/ram_reg_0_15_10_10/DP/CLK
High Pulse Width  Fast    RAMD32/CLK          n/a            1.250         5.000       3.750                hist_1_U/fir_multiband_hist_1_ram_U/ram_reg_0_15_10_10/DP/CLK
High Pulse Width  Slow    RAMD32/CLK          n/a            1.250         5.000       3.750                hist_1_U/fir_multiband_hist_1_ram_U/ram_reg_0_15_10_10/SP/CLK
High Pulse Width  Fast    RAMD32/CLK          n/a            1.250         5.000       3.750                hist_1_U/fir_multiband_hist_1_ram_U/ram_reg_0_15_10_10/SP/CLK
High Pulse Width  Slow    RAMD32/CLK          n/a            1.250         5.000       3.750                hist_1_U/fir_multiband_hist_1_ram_U/ram_reg_0_15_11_11/DP/CLK
High Pulse Width  Fast    RAMD32/CLK          n/a            1.250         5.000       3.750                hist_1_U/fir_multiband_hist_1_ram_U/ram_reg_0_15_11_11/DP/CLK



