

================================================================
== Synthesis Summary Report of 'fir_multiband'
================================================================
+ General Information: 
    * Date:           Tue Sep 29 17:46:36 2026
    * Version:        2020.2 (Build 3064766 on Wed Nov 18 09:12:45 MST 2020)
    * Project:        synth_proj
    * Solution:       solution1 (Vivado IP Flow Target)
    * Product family: zynq
    * Target device:  xc7z020-clg400-1
    

+ Performance & Resource Estimates: 
    
    PS: '+' for module; 'o' for loop; '*' for dataflow
    +----------------------+------+-------+---------+-----------+----------+---------+------+----------+--------+--------+-----------+-------------+-----+
    |        Modules       | Issue|       | Latency |  Latency  | Iteration|         | Trip |          |        |        |           |             |     |
    |        & Loops       | Type | Slack | (cycles)|    (ns)   |  Latency | Interval| Count| Pipelined|  BRAM  |   DSP  |     FF    |     LUT     | URAM|
    +----------------------+------+-------+---------+-----------+----------+---------+------+----------+--------+--------+-----------+-------------+-----+
    |+ fir_multiband       |     -|  -0.06|        -|          -|         -|        -|     -|        no|  4 (1%)|  8 (3%)|  8310 (7%)|  19130 (35%)|    -|
    | o VITIS_LOOP_194_1   |     -|  -7.30|       65|    650.000|         1|        1|    65|       yes|       -|       -|          -|            -|    -|
    | o VITIS_LOOP_198_2   |     -|  -7.30|        -|          -|       253|        -|     -|        no|       -|       -|          -|            -|    -|
    |  o VITIS_LOOP_205_3  |    II|  -7.30|      137|  1.370e+03|        12|        2|    64|       yes|       -|       -|          -|            -|    -|
    |  o VITIS_LOOP_214_4  |    II|  -7.30|      100|  1.000e+03|        50|       14|     4|       yes|       -|       -|          -|            -|    -|
    +----------------------+------+-------+---------+-----------+----------+---------+------+----------+--------+--------+-----------+-------------+-----+

