

================================================================
== Vitis HLS Report for 'fir_multiband'
================================================================
* Date:           Tue Sep 29 19:21:36 2026

* Version:        2020.2 (Build 3064766 on Wed Nov 18 09:12:45 MST 2020)
* Project:        synth_proj
* Solution:       solution1 (Vivado IP Flow Target)
* Product family: zynq
* Target device:  xc7z020-clg400-1


================================================================
== Performance Estimates
================================================================
+ Timing: 
    * Summary: 
    +--------+----------+----------+------------+
    |  Clock |  Target  | Estimated| Uncertainty|
    +--------+----------+----------+------------+
    |ap_clk  |  10.00 ns|  7.261 ns|     2.70 ns|
    +--------+----------+----------+------------+

+ Latency: 
    * Summary: 
    +---------+---------+----------+----------+-----+-----+---------+
    |  Latency (cycles) |  Latency (absolute) |  Interval | Pipeline|
    |   min   |   max   |    min   |    max   | min | max |   Type  |
    +---------+---------+----------+----------+-----+-----+---------+
    |        ?|        ?|         ?|         ?|    ?|    ?|     none|
    +---------+---------+----------+----------+-----+-----+---------+

    + Detail: 
        * Instance: 
        N/A

        * Loop: 
        +---------------------+---------+---------+----------+-----------+-----------+------+----------+
        |                     |  Latency (cycles) | Iteration|  Initiation Interval  | Trip |          |
        |      Loop Name      |   min   |   max   |  Latency |  achieved |   target  | Count| Pipelined|
        +---------------------+---------+---------+----------+-----------+-----------+------+----------+
        |- VITIS_LOOP_200_1   |       65|       65|         1|          1|          1|    65|       yes|
        |- VITIS_LOOP_204_2   |        ?|        ?|       173|          -|          -|     ?|        no|
        | + VITIS_LOOP_211_3  |      137|      137|        12|          2|          1|    64|       yes|
        | + VITIS_LOOP_220_4  |       20|       20|        18|          1|          1|     4|       yes|
        +---------------------+---------+---------+----------+-----------+-----------+------+----------+



================================================================
== Utilization Estimates
================================================================
* Summary: 
+-----------------+---------+-----+--------+-------+-----+
|       Name      | BRAM_18K| DSP |   FF   |  LUT  | URAM|
+-----------------+---------+-----+--------+-------+-----+
|DSP              |        -|   65|       -|      -|    -|
|Expression       |        -|    -|       0|   5183|    -|
|FIFO             |        -|    -|       -|      -|    -|
|Instance         |        -|    2|     484|    346|    -|
|Memory           |       64|    -|     160|     20|    -|
|Multiplexer      |        -|    -|       -|    761|    -|
|Register         |        -|    -|    5427|    192|    -|
+-----------------+---------+-----+--------+-------+-----+
|Total            |       64|   67|    6071|   6502|    0|
+-----------------+---------+-----+--------+-------+-----+
|Available        |      280|  220|  106400|  53200|    0|
+-----------------+---------+-----+--------+-------+-----+
|Utilization (%)  |       22|   30|       5|     12|    0|
+-----------------+---------+-----+--------+-------+-----+

+ Detail: 
    * Instance: 
    +-----------------------------+--------------------------+---------+----+-----+-----+-----+
    |           Instance          |          Module          | BRAM_18K| DSP|  FF | LUT | URAM|
    +-----------------------------+--------------------------+---------+----+-----+-----+-----+
    |fpext_32ns_64_2_no_dsp_1_U1  |fpext_32ns_64_2_no_dsp_1  |        0|   0|    0|    0|    0|
    |mul_25ns_23ns_47_1_1_U6      |mul_25ns_23ns_47_1_1      |        0|   1|    0|   47|    0|
    |mul_47ns_24s_71_5_1_U7       |mul_47ns_24s_71_5_1       |        0|   1|  322|   80|    0|
    |mul_6ns_8ns_13_1_1_U3        |mul_6ns_8ns_13_1_1        |        0|   0|    0|   41|    0|
    |mul_7ns_9ns_15_1_1_U4        |mul_7ns_9ns_15_1_1        |        0|   0|    0|   51|    0|
    |mux_564_16_1_1_U5            |mux_564_16_1_1            |        0|   0|    0|   25|    0|
    |urem_7ns_4ns_7_11_1_U2       |urem_7ns_4ns_7_11_1       |        0|   0|  162|  102|    0|
    +-----------------------------+--------------------------+---------+----+-----+-----+-----+
    |Total                        |                          |        0|   2|  484|  346|    0|
    +-----------------------------+--------------------------+---------+----+-----+-----+-----+

    * DSP: 
    +-----------------------------------+-------------------------------+--------------+
    |              Instance             |             Module            |  Expression  |
    +-----------------------------------+-------------------------------+--------------+
    |mac_muladd_18s_16s_34s_34_4_1_U33  |mac_muladd_18s_16s_34s_34_4_1  |  i0 + i1 * i2|
    |mac_muladd_18s_16s_34s_34_4_1_U35  |mac_muladd_18s_16s_34s_34_4_1  |  i0 + i1 * i2|
    |mac_muladd_18s_16s_34s_34_4_1_U36  |mac_muladd_18s_16s_34s_34_4_1  |  i0 + i1 * i2|
    |mac_muladd_18s_16s_34s_34_4_1_U37  |mac_muladd_18s_16s_34s_34_4_1  |  i0 + i1 * i2|
    |mac_muladd_18s_16s_34s_34_4_1_U38  |mac_muladd_18s_16s_34s_34_4_1  |  i0 + i1 * i2|
    |mac_muladd_18s_16s_34s_34_4_1_U39  |mac_muladd_18s_16s_34s_34_4_1  |  i0 + i1 * i2|
    |mac_muladd_18s_16s_34s_34_4_1_U40  |mac_muladd_18s_16s_34s_34_4_1  |  i0 + i1 * i2|
    |mac_muladd_18s_16s_34s_34_4_1_U42  |mac_muladd_18s_16s_34s_34_4_1  |  i0 + i1 * i2|
    |mac_muladd_18s_16s_34s_34_4_1_U43  |mac_muladd_18s_16s_34s_34_4_1  |  i0 + i1 * i2|
    |mac_muladd_18s_16s_34s_34_4_1_U45  |mac_muladd_18s_16s_34s_34_4_1  |  i0 + i1 * i2|
    |mac_muladd_18s_16s_34s_34_4_1_U46  |mac_muladd_18s_16s_34s_34_4_1  |  i0 + i1 * i2|
    |mac_muladd_18s_16s_34s_34_4_1_U47  |mac_muladd_18s_16s_34s_34_4_1  |  i0 + i1 * i2|
    |mac_muladd_18s_16s_34s_34_4_1_U49  |mac_muladd_18s_16s_34s_34_4_1  |  i0 + i1 * i2|
    |mac_muladd_18s_16s_34s_34_4_1_U50  |mac_muladd_18s_16s_34s_34_4_1  |  i0 + i1 * i2|
    |mac_muladd_18s_16s_34s_34_4_1_U52  |mac_muladd_18s_16s_34s_34_4_1  |  i0 + i1 * i2|
    |mac_muladd_18s_16s_34s_34_4_1_U53  |mac_muladd_18s_16s_34s_34_4_1  |  i0 + i1 * i2|
    |mac_muladd_18s_16s_34s_34_4_1_U54  |mac_muladd_18s_16s_34s_34_4_1  |  i0 + i1 * i2|
    |mac_muladd_18s_16s_34s_34_4_1_U55  |mac_muladd_18s_16s_34s_34_4_1  |  i0 + i1 * i2|
    |mac_muladd_18s_16s_34s_34_4_1_U56  |mac_muladd_18s_16s_34s_34_4_1  |  i0 + i1 * i2|
    |mac_muladd_18s_16s_34s_34_4_1_U57  |mac_muladd_18s_16s_34s_34_4_1  |  i0 + i1 * i2|
    |mac_muladd_18s_16s_34s_34_4_1_U58  |mac_muladd_18s_16s_34s_34_4_1  |  i0 + i1 * i2|
    |mac_muladd_18s_16s_34s_34_4_1_U59  |mac_muladd_18s_16s_34s_34_4_1  |  i0 + i1 * i2|
    |mac_muladd_18s_16s_34s_34_4_1_U61  |mac_muladd_18s_16s_34s_34_4_1  |  i0 + i1 * i2|
    |mac_muladd_18s_16s_34s_34_4_1_U62  |mac_muladd_18s_16s_34s_34_4_1  |  i0 + i1 * i2|
    |mac_muladd_18s_16s_34s_34_4_1_U64  |mac_muladd_18s_16s_34s_34_4_1  |  i0 + i1 * i2|
    |mac_muladd_18s_16s_34s_34_4_1_U65  |mac_muladd_18s_16s_34s_34_4_1  |  i0 + i1 * i2|
    |mac_muladd_18s_16s_34s_34_4_1_U66  |mac_muladd_18s_16s_34s_34_4_1  |  i0 + i1 * i2|
    |mac_muladd_18s_16s_34s_34_4_1_U67  |mac_muladd_18s_16s_34s_34_4_1  |  i0 + i1 * i2|
    |mac_muladd_18s_16s_34s_34_4_1_U69  |mac_muladd_18s_16s_34s_34_4_1  |  i0 + i1 * i2|
    |mac_muladd_18s_16s_34s_34_4_1_U70  |mac_muladd_18s_16s_34s_34_4_1  |  i0 + i1 * i2|
    |mac_muladd_18s_16s_34s_34_4_1_U71  |mac_muladd_18s_16s_34s_34_4_1  |  i0 + i1 * i2|
    |mac_muladd_18s_16s_34s_34_4_1_U72  |mac_muladd_18s_16s_34s_34_4_1  |  i0 + i1 * i2|
    |mac_muladd_18s_16s_34s_35_4_1_U68  |mac_muladd_18s_16s_34s_35_4_1  |  i0 + i1 * i2|
    |mul_mul_18s_16s_34_4_1_U8          |mul_mul_18s_16s_34_4_1         |       i0 * i1|
    |mul_mul_18s_16s_34_4_1_U9          |mul_mul_18s_16s_34_4_1         |       i0 * i1|
    |mul_mul_18s_16s_34_4_1_U10         |mul_mul_18s_16s_34_4_1         |       i0 * i1|
    |mul_mul_18s_16s_34_4_1_U11         |mul_mul_18s_16s_34_4_1         |       i0 * i1|
    |mul_mul_18s_16s_34_4_1_U12         |mul_mul_18s_16s_34_4_1         |       i0 * i1|
    |mul_mul_18s_16s_34_4_1_U13         |mul_mul_18s_16s_34_4_1         |       i0 * i1|
    |mul_mul_18s_16s_34_4_1_U14         |mul_mul_18s_16s_34_4_1         |       i0 * i1|
    |mul_mul_18s_16s_34_4_1_U15         |mul_mul_18s_16s_34_4_1         |       i0 * i1|
    |mul_mul_18s_16s_34_4_1_U16         |mul_mul_18s_16s_34_4_1         |       i0 * i1|
    |mul_mul_18s_16s_34_4_1_U17         |mul_mul_18s_16s_34_4_1         |       i0 * i1|
    |mul_mul_18s_16s_34_4_1_U18         |mul_mul_18s_16s_34_4_1         |       i0 * i1|
    |mul_mul_18s_16s_34_4_1_U19         |mul_mul_18s_16s_34_4_1         |       i0 * i1|
    |mul_mul_18s_16s_34_4_1_U20         |mul_mul_18s_16s_34_4_1         |       i0 * i1|
    |mul_mul_18s_16s_34_4_1_U21         |mul_mul_18s_16s_34_4_1         |       i0 * i1|
    |mul_mul_18s_16s_34_4_1_U22         |mul_mul_18s_16s_34_4_1         |       i0 * i1|
    |mul_mul_18s_16s_34_4_1_U23         |mul_mul_18s_16s_34_4_1         |       i0 * i1|
    |mul_mul_18s_16s_34_4_1_U24         |mul_mul_18s_16s_34_4_1         |       i0 * i1|
    |mul_mul_18s_16s_34_4_1_U25         |mul_mul_18s_16s_34_4_1         |       i0 * i1|
    |mul_mul_18s_16s_34_4_1_U26         |mul_mul_18s_16s_34_4_1         |       i0 * i1|
    |mul_mul_18s_16s_34_4_1_U27         |mul_mul_18s_16s_34_4_1         |       i0 * i1|
    |mul_mul_18s_16s_34_4_1_U28         |mul_mul_18s_16s_34_4_1         |       i0 * i1|
    |mul_mul_18s_16s_34_4_1_U29         |mul_mul_18s_16s_34_4_1         |       i0 * i1|
    |mul_mul_18s_16s_34_4_1_U30         |mul_mul_18s_16s_34_4_1         |       i0 * i1|
    |mul_mul_18s_16s_34_4_1_U31         |mul_mul_18s_16s_34_4_1         |       i0 * i1|
    |mul_mul_18s_16s_34_4_1_U32         |mul_mul_18s_16s_34_4_1         |       i0 * i1|
    |mul_mul_18s_16s_34_4_1_U34         |mul_mul_18s_16s_34_4_1         |       i0 * i1|
    |mul_mul_18s_16s_34_4_1_U41         |mul_mul_18s_16s_34_4_1         |       i0 * i1|
    |mul_mul_18s_16s_34_4_1_U44         |mul_mul_18s_16s_34_4_1         |       i0 * i1|
    |mul_mul_18s_16s_34_4_1_U48         |mul_mul_18s_16s_34_4_1         |       i0 * i1|
    |mul_mul_18s_16s_34_4_1_U51         |mul_mul_18s_16s_34_4_1         |       i0 * i1|
    |mul_mul_18s_16s_34_4_1_U60         |mul_mul_18s_16s_34_4_1         |       i0 * i1|
    |mul_mul_18s_16s_34_4_1_U63         |mul_mul_18s_16s_34_4_1         |       i0 * i1|
    +-----------------------------------+-------------------------------+--------------+

    * Memory: 
    +----------------+--------------+---------+----+----+-----+------+-----+------+-------------+
    |     Memory     |    Module    | BRAM_18K| FF | LUT| URAM| Words| Bits| Banks| W*Bits*Banks|
    +----------------+--------------+---------+----+----+-----+------+-----+------+-------------+
    |FIR_COEFFS_V_U  |FIR_COEFFS_V  |       64|   0|   0|    0|   260|   18|     1|         4680|
    |hist_V_0_U      |hist_V_0      |        0|  32|   4|    0|    13|   16|     1|          208|
    |hist_V_1_U      |hist_V_1      |        0|  32|   4|    0|    13|   16|     1|          208|
    |hist_V_2_U      |hist_V_1      |        0|  32|   4|    0|    13|   16|     1|          208|
    |hist_V_3_U      |hist_V_1      |        0|  32|   4|    0|    13|   16|     1|          208|
    |hist_V_4_U      |hist_V_1      |        0|  32|   4|    0|    13|   16|     1|          208|
    +----------------+--------------+---------+----+----+-----+------+-----+------+-------------+
    |Total           |              |       64| 160|  20|    0|   325|   98|     6|         5720|
    +----------------+--------------+---------+----+----+-----+------+-----+------+-------------+

    * FIFO: 
    N/A

    * Expression: 
    +------------------------------+----------+----+---+-----+------------+------------+
    |         Variable Name        | Operation| DSP| FF| LUT | Bitwidth P0| Bitwidth P1|
    +------------------------------+----------+----+---+-----+------------+------------+
    |acc_V_1_fu_4667_p2            |         +|   0|  0|   43|          36|          36|
    |add_ln1118_10_fu_3293_p2      |         +|   0|  0|   14|           9|           4|
    |add_ln1118_11_fu_3303_p2      |         +|   0|  0|   14|           9|           4|
    |add_ln1118_12_fu_3653_p2      |         +|   0|  0|   14|           9|           4|
    |add_ln1118_13_fu_2976_p2      |         +|   0|  0|   14|           9|           4|
    |add_ln1118_14_fu_2987_p2      |         +|   0|  0|   14|           9|           4|
    |add_ln1118_15_fu_2998_p2      |         +|   0|  0|   14|           9|           4|
    |add_ln1118_16_fu_3663_p2      |         +|   0|  0|   14|           9|           5|
    |add_ln1118_17_fu_3673_p2      |         +|   0|  0|   14|           9|           5|
    |add_ln1118_18_fu_3009_p2      |         +|   0|  0|   14|           9|           5|
    |add_ln1118_19_fu_3020_p2      |         +|   0|  0|   14|           9|           5|
    |add_ln1118_1_fu_3233_p2       |         +|   0|  0|   14|           9|           1|
    |add_ln1118_20_fu_3313_p2      |         +|   0|  0|   14|           9|           5|
    |add_ln1118_21_fu_3031_p2      |         +|   0|  0|   14|           9|           5|
    |add_ln1118_22_fu_3683_p2      |         +|   0|  0|   14|           9|           5|
    |add_ln1118_23_fu_3042_p2      |         +|   0|  0|   14|           9|           5|
    |add_ln1118_24_fu_3053_p2      |         +|   0|  0|   14|           9|           5|
    |add_ln1118_25_fu_3064_p2      |         +|   0|  0|   14|           9|           5|
    |add_ln1118_26_fu_3323_p2      |         +|   0|  0|   14|           9|           5|
    |add_ln1118_27_fu_3333_p2      |         +|   0|  0|   14|           9|           5|
    |add_ln1118_28_fu_3343_p2      |         +|   0|  0|   14|           9|           5|
    |add_ln1118_29_fu_3353_p2      |         +|   0|  0|   14|           9|           5|
    |add_ln1118_2_fu_2954_p2       |         +|   0|  0|   14|           9|           2|
    |add_ln1118_30_fu_3075_p2      |         +|   0|  0|   14|           9|           5|
    |add_ln1118_31_fu_3363_p2      |         +|   0|  0|   14|           9|           5|
    |add_ln1118_32_fu_3373_p2      |         +|   0|  0|   14|           9|           6|
    |add_ln1118_33_fu_3383_p2      |         +|   0|  0|   14|           9|           6|
    |add_ln1118_34_fu_3086_p2      |         +|   0|  0|   14|           9|           6|
    |add_ln1118_35_fu_3097_p2      |         +|   0|  0|   14|           9|           6|
    |add_ln1118_36_fu_3393_p2      |         +|   0|  0|   14|           9|           6|
    |add_ln1118_37_fu_3403_p2      |         +|   0|  0|   14|           9|           6|
    |add_ln1118_38_fu_3413_p2      |         +|   0|  0|   14|           9|           6|
    |add_ln1118_39_fu_3108_p2      |         +|   0|  0|   14|           9|           6|
    |add_ln1118_3_fu_3243_p2       |         +|   0|  0|   14|           9|           2|
    |add_ln1118_40_fu_3423_p2      |         +|   0|  0|   14|           9|           6|
    |add_ln1118_41_fu_3119_p2      |         +|   0|  0|   14|           9|           6|
    |add_ln1118_42_fu_3693_p2      |         +|   0|  0|   14|           9|           6|
    |add_ln1118_43_fu_3130_p2      |         +|   0|  0|   14|           9|           6|
    |add_ln1118_44_fu_3433_p2      |         +|   0|  0|   14|           9|           6|
    |add_ln1118_45_fu_3443_p2      |         +|   0|  0|   14|           9|           6|
    |add_ln1118_46_fu_3141_p2      |         +|   0|  0|   14|           9|           6|
    |add_ln1118_47_fu_3703_p2      |         +|   0|  0|   14|           9|           6|
    |add_ln1118_48_fu_3453_p2      |         +|   0|  0|   14|           9|           6|
    |add_ln1118_49_fu_3463_p2      |         +|   0|  0|   14|           9|           6|
    |add_ln1118_4_fu_3253_p2       |         +|   0|  0|   14|           9|           3|
    |add_ln1118_50_fu_3473_p2      |         +|   0|  0|   14|           9|           6|
    |add_ln1118_51_fu_3152_p2      |         +|   0|  0|   14|           9|           6|
    |add_ln1118_52_fu_3713_p2      |         +|   0|  0|   14|           9|           6|
    |add_ln1118_53_fu_3163_p2      |         +|   0|  0|   14|           9|           6|
    |add_ln1118_54_fu_3174_p2      |         +|   0|  0|   14|           9|           6|
    |add_ln1118_55_fu_3185_p2      |         +|   0|  0|   14|           9|           6|
    |add_ln1118_56_fu_3483_p2      |         +|   0|  0|   14|           9|           6|
    |add_ln1118_57_fu_3493_p2      |         +|   0|  0|   14|           9|           6|
    |add_ln1118_58_fu_3503_p2      |         +|   0|  0|   14|           9|           6|
    |add_ln1118_59_fu_3196_p2      |         +|   0|  0|   14|           9|           6|
    |add_ln1118_5_fu_2965_p2       |         +|   0|  0|   14|           9|           3|
    |add_ln1118_60_fu_3207_p2      |         +|   0|  0|   14|           9|           6|
    |add_ln1118_61_fu_3513_p2      |         +|   0|  0|   14|           9|           6|
    |add_ln1118_62_fu_3523_p2      |         +|   0|  0|   14|           9|           6|
    |add_ln1118_63_fu_3218_p2      |         +|   0|  0|   14|           9|           6|
    |add_ln1118_64_fu_3533_p2      |         +|   0|  0|   14|           9|           7|
    |add_ln1118_6_fu_3643_p2       |         +|   0|  0|   14|           9|           3|
    |add_ln1118_7_fu_3263_p2       |         +|   0|  0|   14|           9|           3|
    |add_ln1118_8_fu_3273_p2       |         +|   0|  0|   14|           9|           4|
    |add_ln1118_9_fu_3283_p2       |         +|   0|  0|   14|           9|           4|
    |add_ln1118_fu_2948_p2         |         +|   0|  0|   14|           9|           9|
    |add_ln200_fu_1955_p2          |         +|   0|  0|   14|           7|           1|
    |add_ln201_fu_1971_p2          |         +|   0|  0|   17|          14|           8|
    |add_ln204_fu_2068_p2          |         +|   0|  0|   39|          32|           1|
    |add_ln211_fu_2091_p2          |         +|   0|  0|   14|           7|           2|
    |add_ln212_fu_2101_p2          |         +|   0|  0|   14|           6|           2|
    |add_ln220_fu_2924_p2          |         +|   0|  0|   11|           3|           1|
    |add_ln581_fu_2255_p2          |         +|   0|  0|   12|          12|           5|
    |add_ln612_fu_2301_p2          |         +|   0|  0|   12|          12|          11|
    |add_ln700_fu_4291_p2          |         +|   0|  0|    8|          34|          34|
    |add_ln703_12_fu_3925_p2       |         +|   0|  0|   42|          35|          35|
    |add_ln703_13_fu_4052_p2       |         +|   0|  0|   43|          36|          36|
    |add_ln703_14_fu_4068_p2       |         +|   0|  0|   44|          37|          37|
    |add_ln703_17_fu_3937_p2       |         +|   0|  0|   42|          35|          35|
    |add_ln703_20_fu_3949_p2       |         +|   0|  0|   42|          35|          35|
    |add_ln703_21_fu_4084_p2       |         +|   0|  0|   43|          36|          36|
    |add_ln703_24_fu_3961_p2       |         +|   0|  0|   42|          35|          35|
    |add_ln703_27_fu_3973_p2       |         +|   0|  0|   42|          35|          35|
    |add_ln703_28_fu_4100_p2       |         +|   0|  0|   43|          36|          36|
    |add_ln703_29_fu_4116_p2       |         +|   0|  0|   44|          37|          37|
    |add_ln703_2_fu_3889_p2        |         +|   0|  0|   42|          35|          35|
    |add_ln703_30_fu_4218_p2       |         +|   0|  0|   45|          38|          38|
    |add_ln703_33_fu_3985_p2       |         +|   0|  0|   42|          35|          35|
    |add_ln703_36_fu_3997_p2       |         +|   0|  0|   42|          35|          35|
    |add_ln703_37_fu_4132_p2       |         +|   0|  0|   43|          36|          36|
    |add_ln703_40_fu_4009_p2       |         +|   0|  0|   42|          35|          35|
    |add_ln703_43_fu_4021_p2       |         +|   0|  0|   42|          35|          35|
    |add_ln703_44_fu_4148_p2       |         +|   0|  0|   43|          36|          36|
    |add_ln703_45_fu_4158_p2       |         +|   0|  0|   44|          37|          37|
    |add_ln703_48_fu_4170_p2       |         +|   0|  0|   42|          35|          35|
    |add_ln703_51_fu_4182_p2       |         +|   0|  0|   42|          35|          35|
    |add_ln703_52_fu_4233_p2       |         +|   0|  0|   43|          36|          36|
    |add_ln703_55_fu_4194_p2       |         +|   0|  0|   42|          35|          35|
    |add_ln703_59_fu_4206_p2       |         +|   0|  0|   43|          36|          36|
    |add_ln703_5_fu_3901_p2        |         +|   0|  0|   42|          35|          35|
    |add_ln703_60_fu_4249_p2       |         +|   0|  0|   44|          37|          37|
    |add_ln703_61_fu_4259_p2       |         +|   0|  0|    8|          38|          38|
    |add_ln703_62_fu_4265_p2       |         +|   0|  0|    8|          38|          38|
    |add_ln703_63_fu_4285_p2       |         +|   0|  0|   46|          39|          39|
    |add_ln703_64_fu_4275_p2       |         +|   0|  0|    8|          34|          34|
    |add_ln703_65_fu_4062_p2       |         +|   0|  0|   43|          36|          36|
    |add_ln703_66_fu_4110_p2       |         +|   0|  0|   43|          36|          36|
    |add_ln703_6_fu_4036_p2        |         +|   0|  0|   43|          36|          36|
    |add_ln703_9_fu_3913_p2        |         +|   0|  0|   42|          35|          35|
    |add_ln954_fu_4868_p2          |         +|   0|  0|   39|          32|           6|
    |add_ln964_fu_4941_p2          |         +|   0|  0|    8|           8|           8|
    |lsb_index_fu_4738_p2          |         +|   0|  0|   39|          32|           6|
    |m_1_fu_4896_p2                |         +|   0|  0|   48|          41|          41|
    |next_urem_fu_1996_p2          |         +|   0|  0|   14|           7|           1|
    |pos1_fu_2313_p2               |         +|   0|  0|   12|          12|           1|
    |pos2_fu_2413_p2               |         +|   0|  0|   12|          12|           2|
    |ret_V_2_fu_4481_p2            |         +|   0|  0|   31|          24|          20|
    |ret_V_fu_4500_p2              |         +|   0|  0|   54|          47|          41|
    |F2_fu_2233_p2                 |         -|   0|  0|   12|          11|          12|
    |man_V_2_fu_2220_p2            |         -|   0|  0|   61|           1|          54|
    |p_Val2_4_fu_4429_p2           |         -|   0|  0|   31|           1|          24|
    |sub_ln581_fu_2261_p2          |         -|   0|  0|   12|           4|          12|
    |sub_ln944_fu_4732_p2          |         -|   0|  0|   39|           6|          32|
    |sub_ln947_fu_4775_p2          |         -|   0|  0|   14|           1|           6|
    |sub_ln955_fu_4854_p2          |         -|   0|  0|   39|           5|          32|
    |sub_ln964_fu_4936_p2          |         -|   0|  0|    8|           4|           8|
    |tmp_V_fu_4685_p2              |         -|   0|  0|   44|           1|          37|
    |Range1_all_ones_2_fu_2351_p2  |       and|   0|  0|    2|           1|           1|
    |Range1_all_ones_fu_2521_p2    |       and|   0|  0|    2|           1|           1|
    |and_ln340_1_fu_2688_p2        |       and|   0|  0|    2|           1|           1|
    |and_ln340_fu_2683_p2          |       and|   0|  0|    2|           1|           1|
    |and_ln581_fu_2389_p2          |       and|   0|  0|    2|           1|           1|
    |and_ln585_1_fu_2455_p2        |       and|   0|  0|    2|           1|           1|
    |and_ln585_fu_2394_p2          |       and|   0|  0|    2|           1|           1|
    |and_ln603_fu_2439_p2          |       and|   0|  0|    2|           1|           1|
    |and_ln639_1_fu_2578_p2        |       and|   0|  0|    2|           1|           1|
    |and_ln639_fu_2573_p2          |       and|   0|  0|    2|           1|           1|
    |and_ln641_fu_2536_p2          |       and|   0|  0|    2|           1|           1|
    |and_ln659_fu_2633_p2          |       and|   0|  0|    2|           1|           1|
    |and_ln949_1_fu_4834_p2        |       and|   0|  0|    2|           1|           1|
    |and_ln949_fu_4805_p2          |       and|   0|  0|   40|          40|          40|
    |neg_src_1_fu_2611_p2          |       and|   0|  0|    2|           1|           1|
    |overflow_1_fu_4350_p2         |       and|   0|  0|    2|           1|           1|
    |overflow_3_fu_4588_p2         |       and|   0|  0|    2|           1|           1|
    |overflow_fu_2628_p2           |       and|   0|  0|    2|           1|           1|
    |underflow_1_fu_4374_p2        |       and|   0|  0|    2|           1|           1|
    |underflow_2_fu_4604_p2        |       and|   0|  0|    2|           1|           1|
    |underflow_fu_2643_p2          |       and|   0|  0|    2|           1|           1|
    |ashr_ln586_fu_2369_p2         |      ashr|   0|  0|  161|          54|          54|
    |Range2_all_ones_fu_2495_p2    |      icmp|   0|  0|   25|          54|          54|
    |empty_35_fu_2002_p2           |      icmp|   0|  0|   10|           7|           3|
    |icmp_ln1497_fu_4463_p2        |      icmp|   0|  0|   15|          23|          19|
    |icmp_ln200_fu_1961_p2         |      icmp|   0|  0|   10|           7|           7|
    |icmp_ln204_fu_2074_p2         |      icmp|   0|  0|   18|          32|          32|
    |icmp_ln211_fu_2079_p2         |      icmp|   0|  0|   10|           7|           1|
    |icmp_ln220_fu_2930_p2         |      icmp|   0|  0|    9|           3|           4|
    |icmp_ln571_fu_2045_p2         |      icmp|   0|  0|   28|          63|           1|
    |icmp_ln581_1_fu_2408_p2       |      icmp|   0|  0|   12|          12|           4|
    |icmp_ln581_fu_2249_p2         |      icmp|   0|  0|   11|           8|           1|
    |icmp_ln582_fu_2275_p2         |      icmp|   0|  0|   12|          12|           4|
    |icmp_ln585_fu_2360_p2         |      icmp|   0|  0|   12|          12|           6|
    |icmp_ln603_fu_2295_p2         |      icmp|   0|  0|   11|           8|           1|
    |icmp_ln611_fu_2307_p2         |      icmp|   0|  0|   12|          12|           1|
    |icmp_ln621_1_fu_2337_p2       |      icmp|   0|  0|   12|          12|           6|
    |icmp_ln621_fu_2323_p2         |      icmp|   0|  0|   12|          12|           6|
    |icmp_ln631_1_fu_2485_p2       |      icmp|   0|  0|   12|          12|           6|
    |icmp_ln631_fu_2480_p2         |      icmp|   0|  0|   12|          12|           6|
    |icmp_ln641_fu_2531_p2         |      icmp|   0|  0|   25|          54|           1|
    |icmp_ln642_fu_2542_p2         |      icmp|   0|  0|   12|          12|           6|
    |icmp_ln768_1_fu_4567_p2       |      icmp|   0|  0|    8|           3|           1|
    |icmp_ln768_fu_4332_p2         |      icmp|   0|  0|    9|           5|           1|
    |icmp_ln786_1_fu_4573_p2       |      icmp|   0|  0|    8|           3|           2|
    |icmp_ln786_fu_4362_p2         |      icmp|   0|  0|    9|           5|           2|
    |icmp_ln935_fu_4920_p2         |      icmp|   0|  0|   19|          36|           1|
    |icmp_ln946_fu_4770_p2         |      icmp|   0|  0|   17|          31|           1|
    |icmp_ln949_fu_4810_p2         |      icmp|   0|  0|   21|          40|           1|
    |icmp_ln954_fu_4829_p2         |      icmp|   0|  0|   18|          32|           1|
    |Range2_V_1_fu_2426_p2         |      lshr|   0|  0|  161|          54|          54|
    |lshr_ln947_fu_4784_p2         |      lshr|   0|  0|  133|           2|          40|
    |lshr_ln954_fu_4877_p2         |      lshr|   0|  0|  133|          40|          40|
    |r_fu_2490_p2                  |      lshr|   0|  0|  161|           2|          54|
    |or_ln340_1_fu_2663_p2         |        or|   0|  0|    2|           1|           1|
    |or_ln340_2_fu_4380_p2         |        or|   0|  0|    2|           1|           1|
    |or_ln340_3_fu_4399_p2         |        or|   0|  0|    2|           1|           1|
    |or_ln340_4_fu_4609_p2         |        or|   0|  0|    2|           1|           1|
    |or_ln340_5_fu_4621_p2         |        or|   0|  0|    2|           1|           1|
    |or_ln340_6_fu_2658_p2         |        or|   0|  0|    2|           1|           1|
    |or_ln340_fu_2648_p2           |        or|   0|  0|    2|           1|           1|
    |or_ln611_fu_2701_p2           |        or|   0|  0|    2|           1|           1|
    |or_ln621_1_fu_2592_p2         |        or|   0|  0|    2|           1|           1|
    |or_ln621_fu_2567_p2           |        or|   0|  0|    2|           1|           1|
    |or_ln639_fu_2606_p2           |        or|   0|  0|    2|           1|           1|
    |or_ln658_fu_2622_p2           |        or|   0|  0|    2|           1|           1|
    |or_ln785_1_fu_4579_p2         |        or|   0|  0|    2|           1|           1|
    |or_ln785_fu_4338_p2           |        or|   0|  0|    2|           1|           1|
    |or_ln786_1_fu_4599_p2         |        or|   0|  0|    2|           1|           1|
    |or_ln786_fu_4368_p2           |        or|   0|  0|    2|           1|           1|
    |or_ln949_1_fu_4799_p2         |        or|   0|  0|   40|          40|          40|
    |sign_V_fu_4512_p2             |        or|   0|  0|   24|          23|          24|
    |Range2_all_ones_2_fu_2513_p3  |    select|   0|  0|    2|           1|           1|
    |a_V_fu_4455_p3                |    select|   0|  0|   23|           1|          23|
    |deleted_ones_fu_2598_p3       |    select|   0|  0|    2|           1|           1|
    |deleted_zeros_fu_2584_p3      |    select|   0|  0|    2|           1|           1|
    |idx_urem_fu_2008_p3           |    select|   0|  0|    7|           1|           7|
    |m_fu_4882_p3                  |    select|   0|  0|   40|           1|          40|
    |man_V_fu_2226_p3              |    select|   0|  0|   54|           1|          54|
    |out_r                         |    select|   0|  0|   32|           1|           1|
    |p_Val2_1_fu_2460_p3           |    select|   0|  0|   16|           1|          16|
    |select_ln1497_fu_4649_p3      |    select|   0|  0|   24|           1|          24|
    |select_ln340_1_fu_4386_p3     |    select|   0|  0|   24|           1|          23|
    |select_ln340_2_fu_2693_p3     |    select|   0|  0|   16|           1|          16|
    |select_ln340_4_fu_4447_p3     |    select|   0|  0|   23|           1|           2|
    |select_ln340_5_fu_4627_p3     |    select|   0|  0|   24|           1|          23|
    |select_ln340_6_fu_4641_p3     |    select|   0|  0|   24|           1|          24|
    |select_ln340_fu_2669_p3       |    select|   0|  0|   16|           1|          15|
    |select_ln388_1_fu_4404_p3     |    select|   0|  0|   25|           1|          25|
    |select_ln388_2_fu_4634_p3     |    select|   0|  0|   25|           1|          25|
    |select_ln388_fu_2676_p3       |    select|   0|  0|   17|           1|          17|
    |select_ln571_fu_2712_p3       |    select|   0|  0|   16|           1|           1|
    |select_ln582_fu_2378_p3       |    select|   0|  0|   16|           1|          16|
    |select_ln585_fu_2400_p3       |    select|   0|  0|   16|           1|          16|
    |select_ln588_fu_2056_p3       |    select|   0|  0|    2|           1|           2|
    |select_ln603_fu_2443_p3       |    select|   0|  0|   16|           1|          16|
    |select_ln611_fu_2705_p3       |    select|   0|  0|   16|           1|          16|
    |select_ln642_1_fu_2555_p3     |    select|   0|  0|    2|           1|           1|
    |select_ln642_fu_2547_p3       |    select|   0|  0|    2|           1|           1|
    |select_ln943_fu_4929_p3       |    select|   0|  0|    7|           1|           7|
    |select_ln946_fu_4839_p3       |    select|   0|  0|    2|           1|           1|
    |select_ln954_fu_4846_p3       |    select|   0|  0|    2|           1|           1|
    |sh_amt_fu_2267_p3             |    select|   0|  0|   12|           1|          12|
    |tmp_V_2_fu_4691_p3            |    select|   0|  0|   37|           1|          37|
    |x_V_fu_4410_p3                |    select|   0|  0|   24|           1|          24|
    |shl_ln604_fu_2434_p2          |       shl|   0|  0|   35|          16|          16|
    |shl_ln949_fu_4793_p2          |       shl|   0|  0|  133|           1|          40|
    |shl_ln955_fu_4863_p2          |       shl|   0|  0|  133|          40|          40|
    |Range1_all_zeros_fu_2526_p2   |       xor|   0|  0|    2|           2|           1|
    |Range2_all_ones_1_fu_2507_p2  |       xor|   0|  0|    2|           1|           2|
    |ap_enable_pp1                 |       xor|   0|  0|    2|           1|           2|
    |ap_enable_pp2                 |       xor|   0|  0|    2|           1|           2|
    |xor_ln340_1_fu_4394_p2        |       xor|   0|  0|    2|           1|           2|
    |xor_ln340_2_fu_4615_p2        |       xor|   0|  0|    2|           1|           2|
    |xor_ln340_fu_2653_p2          |       xor|   0|  0|    2|           1|           2|
    |xor_ln571_fu_2063_p2          |       xor|   0|  0|    2|           1|           2|
    |xor_ln582_fu_2384_p2          |       xor|   0|  0|    2|           1|           2|
    |xor_ln585_fu_2450_p2          |       xor|   0|  0|    2|           1|           2|
    |xor_ln621_1_fu_2475_p2        |       xor|   0|  0|    2|           1|           2|
    |xor_ln621_fu_2562_p2          |       xor|   0|  0|    2|           1|           2|
    |xor_ln658_1_fu_2051_p2        |       xor|   0|  0|    2|           1|           2|
    |xor_ln658_fu_2616_p2          |       xor|   0|  0|    2|           1|           2|
    |xor_ln659_fu_2637_p2          |       xor|   0|  0|    2|           2|           1|
    |xor_ln785_1_fu_4583_p2        |       xor|   0|  0|    2|           1|           2|
    |xor_ln785_fu_4344_p2          |       xor|   0|  0|    2|           1|           2|
    |xor_ln786_1_fu_4594_p2        |       xor|   0|  0|    2|           1|           2|
    |xor_ln786_fu_4356_p2          |       xor|   0|  0|    2|           1|           2|
    |xor_ln949_fu_4823_p2          |       xor|   0|  0|    2|           1|           2|
    +------------------------------+----------+----+---+-----+------------+------------+
    |Total                         |          |   0|  0| 5183|        3149|        3185|
    +------------------------------+----------+----+---+-----+------------+------------+

    * Multiplexer: 
    +-------------------------------+-----+-----------+-----+-----------+
    |              Name             | LUT | Input Size| Bits| Total Bits|
    +-------------------------------+-----+-----------+-----+-----------+
    |acc_V_reg_1940                 |    9|          2|   36|         72|
    |ap_NS_fsm                      |  113|         23|    1|         23|
    |ap_enable_reg_pp1_iter5        |    9|          2|    1|          2|
    |ap_enable_reg_pp2_iter13       |    9|          2|    1|          2|
    |ap_enable_reg_pp2_iter17       |    9|          2|    1|          2|
    |ap_phi_mux_k_1_phi_fu_1921_p4  |    9|          2|    7|         14|
    |b_reg_1929                     |    9|          2|    3|          6|
    |hist_V_0_address0              |   53|         10|    4|         40|
    |hist_V_0_address1              |   42|          8|    4|         32|
    |hist_V_0_d0                    |   14|          3|   16|         48|
    |hist_V_1_address0              |   59|         11|    4|         44|
    |hist_V_1_address1              |   37|          7|    4|         28|
    |hist_V_1_d0                    |   14|          3|   16|         48|
    |hist_V_2_address0              |   59|         11|    4|         44|
    |hist_V_2_address1              |   37|          7|    4|         28|
    |hist_V_2_d0                    |   14|          3|   16|         48|
    |hist_V_3_address0              |   59|         11|    4|         44|
    |hist_V_3_address1              |   37|          7|    4|         28|
    |hist_V_3_d0                    |   14|          3|   16|         48|
    |hist_V_4_address0              |   59|         11|    4|         44|
    |hist_V_4_address1              |   37|          7|    4|         28|
    |hist_V_4_d0                    |   14|          3|   16|         48|
    |k_1_reg_1917                   |    9|          2|    7|         14|
    |k_reg_1873                     |    9|          2|    7|         14|
    |n_reg_1906                     |    9|          2|   32|         64|
    |phi_mul_reg_1884               |    9|          2|   14|         28|
    |phi_urem_reg_1895              |    9|          2|    7|         14|
    +-------------------------------+-----+-----------+-----+-----------+
    |Total                          |  761|        150|  237|        855|
    +-------------------------------+-----+-----------+-----+-----------+

    * Register: 
    +--------------------------------------+----+----+-----+-----------+
    |                 Name                 | FF | LUT| Bits| Const Bits|
    +--------------------------------------+----+----+-----+-----------+
    |F2_reg_5862                           |  12|   0|   12|          0|
    |Range1_all_ones_2_reg_5914            |   1|   0|    1|          0|
    |Range2_V_1_reg_5959                   |  54|   0|   54|          0|
    |acc_V_reg_1940                        |  36|   0|   36|          0|
    |add_ln1118_reg_6604                   |   9|   0|    9|          0|
    |add_ln1118_reg_6604_pp2_iter1_reg     |   9|   0|    9|          0|
    |add_ln204_reg_5799                    |  32|   0|   32|          0|
    |add_ln211_reg_5812                    |   7|   0|    7|          0|
    |add_ln212_reg_5817                    |   6|   0|    6|          0|
    |add_ln703_12_reg_7473                 |  35|   0|   35|          0|
    |add_ln703_14_reg_7523                 |  37|   0|   37|          0|
    |add_ln703_17_reg_7478                 |  35|   0|   35|          0|
    |add_ln703_20_reg_7483                 |  35|   0|   35|          0|
    |add_ln703_24_reg_7488                 |  35|   0|   35|          0|
    |add_ln703_27_reg_7493                 |  35|   0|   35|          0|
    |add_ln703_29_reg_7533                 |  37|   0|   37|          0|
    |add_ln703_2_reg_7458                  |  35|   0|   35|          0|
    |add_ln703_30_reg_7568                 |  38|   0|   38|          0|
    |add_ln703_33_reg_7498                 |  35|   0|   35|          0|
    |add_ln703_36_reg_7503                 |  35|   0|   35|          0|
    |add_ln703_40_reg_7508                 |  35|   0|   35|          0|
    |add_ln703_43_reg_7513                 |  35|   0|   35|          0|
    |add_ln703_45_reg_7543                 |  37|   0|   37|          0|
    |add_ln703_48_reg_7548                 |  35|   0|   35|          0|
    |add_ln703_51_reg_7553                 |  35|   0|   35|          0|
    |add_ln703_55_reg_7558                 |  35|   0|   35|          0|
    |add_ln703_59_reg_7563                 |  36|   0|   36|          0|
    |add_ln703_5_reg_7463                  |  35|   0|   35|          0|
    |add_ln703_62_reg_7573                 |  38|   0|   38|          0|
    |add_ln703_9_reg_7468                  |  35|   0|   35|          0|
    |and_ln581_reg_5931                    |   1|   0|    1|          0|
    |ap_CS_fsm                             |  22|   0|   22|          0|
    |ap_enable_reg_pp1_iter0               |   1|   0|    1|          0|
    |ap_enable_reg_pp1_iter1               |   1|   0|    1|          0|
    |ap_enable_reg_pp1_iter2               |   1|   0|    1|          0|
    |ap_enable_reg_pp1_iter3               |   1|   0|    1|          0|
    |ap_enable_reg_pp1_iter4               |   1|   0|    1|          0|
    |ap_enable_reg_pp1_iter5               |   1|   0|    1|          0|
    |ap_enable_reg_pp2_iter0               |   1|   0|    1|          0|
    |ap_enable_reg_pp2_iter1               |   1|   0|    1|          0|
    |ap_enable_reg_pp2_iter10              |   1|   0|    1|          0|
    |ap_enable_reg_pp2_iter11              |   1|   0|    1|          0|
    |ap_enable_reg_pp2_iter12              |   1|   0|    1|          0|
    |ap_enable_reg_pp2_iter13              |   1|   0|    1|          0|
    |ap_enable_reg_pp2_iter14              |   1|   0|    1|          0|
    |ap_enable_reg_pp2_iter15              |   1|   0|    1|          0|
    |ap_enable_reg_pp2_iter16              |   1|   0|    1|          0|
    |ap_enable_reg_pp2_iter17              |   1|   0|    1|          0|
    |ap_enable_reg_pp2_iter2               |   1|   0|    1|          0|
    |ap_enable_reg_pp2_iter3               |   1|   0|    1|          0|
    |ap_enable_reg_pp2_iter4               |   1|   0|    1|          0|
    |ap_enable_reg_pp2_iter5               |   1|   0|    1|          0|
    |ap_enable_reg_pp2_iter6               |   1|   0|    1|          0|
    |ap_enable_reg_pp2_iter7               |   1|   0|    1|          0|
    |ap_enable_reg_pp2_iter8               |   1|   0|    1|          0|
    |ap_enable_reg_pp2_iter9               |   1|   0|    1|          0|
    |b_reg_1929                            |   3|   0|    3|          0|
    |deleted_ones_reg_5997                 |   1|   0|    1|          0|
    |hist_V_0_load_1_reg_6039              |  16|   0|   16|          0|
    |hist_V_0_load_2_reg_6070              |  16|   0|   16|          0|
    |hist_V_0_load_3_reg_6095              |  16|   0|   16|          0|
    |hist_V_0_load_4_reg_6120              |  16|   0|   16|          0|
    |hist_V_0_load_5_reg_6145              |  16|   0|   16|          0|
    |hist_V_0_load_6_reg_6170              |  16|   0|   16|          0|
    |hist_V_0_load_7_reg_6195              |  16|   0|   16|          0|
    |hist_V_0_load_8_reg_6220              |  16|   0|   16|          0|
    |hist_V_0_load_9_reg_6245              |  16|   0|   16|          0|
    |hist_V_0_load_reg_6014                |  16|   0|   16|          0|
    |hist_V_1_load_10_reg_6250             |  16|   0|   16|          0|
    |hist_V_1_load_1_reg_6019              |  16|   0|   16|          0|
    |hist_V_1_load_2_reg_6044              |  16|   0|   16|          0|
    |hist_V_1_load_3_reg_6075              |  16|   0|   16|          0|
    |hist_V_1_load_4_reg_6100              |  16|   0|   16|          0|
    |hist_V_1_load_5_reg_6125              |  16|   0|   16|          0|
    |hist_V_1_load_6_reg_6150              |  16|   0|   16|          0|
    |hist_V_1_load_7_reg_6175              |  16|   0|   16|          0|
    |hist_V_1_load_8_reg_6200              |  16|   0|   16|          0|
    |hist_V_1_load_9_reg_6225              |  16|   0|   16|          0|
    |hist_V_1_load_reg_5965                |  16|   0|   16|          0|
    |hist_V_2_load_10_reg_6255             |  16|   0|   16|          0|
    |hist_V_2_load_1_reg_6024              |  16|   0|   16|          0|
    |hist_V_2_load_2_reg_6049              |  16|   0|   16|          0|
    |hist_V_2_load_3_reg_6080              |  16|   0|   16|          0|
    |hist_V_2_load_4_reg_6105              |  16|   0|   16|          0|
    |hist_V_2_load_5_reg_6130              |  16|   0|   16|          0|
    |hist_V_2_load_6_reg_6155              |  16|   0|   16|          0|
    |hist_V_2_load_7_reg_6180              |  16|   0|   16|          0|
    |hist_V_2_load_8_reg_6205              |  16|   0|   16|          0|
    |hist_V_2_load_9_reg_6230              |  16|   0|   16|          0|
    |hist_V_2_load_reg_5970                |  16|   0|   16|          0|
    |hist_V_3_load_10_reg_6260             |  16|   0|   16|          0|
    |hist_V_3_load_1_reg_6029              |  16|   0|   16|          0|
    |hist_V_3_load_2_reg_6054              |  16|   0|   16|          0|
    |hist_V_3_load_3_reg_6085              |  16|   0|   16|          0|
    |hist_V_3_load_4_reg_6110              |  16|   0|   16|          0|
    |hist_V_3_load_5_reg_6135              |  16|   0|   16|          0|
    |hist_V_3_load_6_reg_6160              |  16|   0|   16|          0|
    |hist_V_3_load_7_reg_6185              |  16|   0|   16|          0|
    |hist_V_3_load_8_reg_6210              |  16|   0|   16|          0|
    |hist_V_3_load_9_reg_6235              |  16|   0|   16|          0|
    |hist_V_3_load_reg_5975                |  16|   0|   16|          0|
    |hist_V_4_load_10_reg_6265             |  16|   0|   16|          0|
    |hist_V_4_load_1_reg_6034              |  16|   0|   16|          0|
    |hist_V_4_load_2_reg_6059              |  16|   0|   16|          0|
    |hist_V_4_load_3_reg_6090              |  16|   0|   16|          0|
    |hist_V_4_load_4_reg_6115              |  16|   0|   16|          0|
    |hist_V_4_load_5_reg_6140              |  16|   0|   16|          0|
    |hist_V_4_load_6_reg_6165              |  16|   0|   16|          0|
    |hist_V_4_load_7_reg_6190              |  16|   0|   16|          0|
    |hist_V_4_load_8_reg_6215              |  16|   0|   16|          0|
    |hist_V_4_load_9_reg_6240              |  16|   0|   16|          0|
    |hist_V_4_load_reg_5980                |  16|   0|   16|          0|
    |icmp_ln1497_reg_7609                  |   1|   0|    1|          0|
    |icmp_ln211_reg_5808                   |   1|   0|    1|          0|
    |icmp_ln220_reg_6600                   |   1|   0|    1|          0|
    |icmp_ln571_reg_5457                   |   1|   0|    1|          0|
    |icmp_ln581_1_reg_5941                 |   1|   0|    1|          0|
    |icmp_ln581_reg_5868                   |   1|   0|    1|          0|
    |icmp_ln582_reg_5879                   |   1|   0|    1|          0|
    |icmp_ln585_reg_5926                   |   1|   0|    1|          0|
    |icmp_ln603_reg_5891                   |   1|   0|    1|          0|
    |icmp_ln611_reg_5896                   |   1|   0|    1|          0|
    |icmp_ln621_reg_5902                   |   1|   0|    1|          0|
    |icmp_ln768_1_reg_7662                 |   1|   0|    1|          0|
    |icmp_ln786_1_reg_7667                 |   1|   0|    1|          0|
    |icmp_ln954_reg_7728                   |   1|   0|    1|          0|
    |ireg_reg_5444                         |  64|   0|   64|          0|
    |k_1_reg_1917                          |   7|   0|    7|          0|
    |k_reg_1873                            |   7|   0|    7|          0|
    |lsb_index_reg_7700                    |  32|   0|   32|          0|
    |m_4_reg_7738                          |  40|   0|   40|          0|
    |man_V_reg_5856                        |  54|   0|   54|          0|
    |n_reg_1906                            |  32|   0|   32|          0|
    |neg_src_1_reg_6002                    |   1|   0|    1|          0|
    |overflow_1_reg_7588                   |   1|   0|    1|          0|
    |overflow_reg_6008                     |   1|   0|    1|          0|
    |p_Result_14_reg_5450                  |   1|   0|    1|          0|
    |p_Result_16_reg_5992                  |   1|   0|    1|          0|
    |p_Result_20_reg_7644                  |   1|   0|    1|          0|
    |p_Result_21_reg_7656                  |   1|   0|    1|          0|
    |p_Result_22_reg_7677                  |   1|   0|    1|          0|
    |p_Result_24_reg_7717                  |   1|   0|    1|          0|
    |p_Result_7_reg_7743                   |   1|   0|    1|          0|
    |p_Val2_1_reg_5985                     |  16|   0|   16|          0|
    |p_Val2_3_reg_7583                     |  24|   0|   24|          0|
    |p_Val2_6_reg_7650                     |  24|   0|   24|          0|
    |phi_mul_reg_1884                      |  14|   0|   14|          0|
    |phi_urem_reg_1895                     |   7|   0|    7|          0|
    |pos2_reg_5946                         |  12|   0|   12|          0|
    |r_V_reg_7624                          |  47|   0|   47|          0|
    |ret_V_2_reg_7619                      |  24|   0|   24|          0|
    |ret_V_reg_7629                        |  47|   0|   47|          0|
    |select_ln340_1_reg_7599               |  24|   0|   24|          0|
    |select_ln571_reg_6064                 |  16|   0|   16|          0|
    |select_ln585_reg_5936                 |  16|   0|   16|          0|
    |select_ln588_reg_5789                 |  16|   0|   16|          0|
    |select_ln954_reg_7733                 |   1|   0|    1|          0|
    |sext_ln1116_10_reg_6320               |  34|   0|   34|          0|
    |sext_ln1116_11_reg_6325               |  34|   0|   34|          0|
    |sext_ln1116_12_reg_6330               |  34|   0|   34|          0|
    |sext_ln1116_13_reg_6335               |  34|   0|   34|          0|
    |sext_ln1116_14_reg_6340               |  34|   0|   34|          0|
    |sext_ln1116_15_reg_6345               |  34|   0|   34|          0|
    |sext_ln1116_16_reg_6350               |  34|   0|   34|          0|
    |sext_ln1116_17_reg_6355               |  34|   0|   34|          0|
    |sext_ln1116_18_reg_6360               |  34|   0|   34|          0|
    |sext_ln1116_19_reg_6365               |  34|   0|   34|          0|
    |sext_ln1116_1_reg_6275                |  34|   0|   34|          0|
    |sext_ln1116_20_reg_6370               |  34|   0|   34|          0|
    |sext_ln1116_21_reg_6375               |  34|   0|   34|          0|
    |sext_ln1116_22_reg_6380               |  34|   0|   34|          0|
    |sext_ln1116_23_reg_6385               |  34|   0|   34|          0|
    |sext_ln1116_24_reg_6390               |  34|   0|   34|          0|
    |sext_ln1116_25_reg_6395               |  34|   0|   34|          0|
    |sext_ln1116_26_reg_6400               |  34|   0|   34|          0|
    |sext_ln1116_27_reg_6405               |  34|   0|   34|          0|
    |sext_ln1116_28_reg_6410               |  34|   0|   34|          0|
    |sext_ln1116_29_reg_6415               |  34|   0|   34|          0|
    |sext_ln1116_2_reg_6280                |  34|   0|   34|          0|
    |sext_ln1116_30_reg_6420               |  34|   0|   34|          0|
    |sext_ln1116_31_reg_6425               |  34|   0|   34|          0|
    |sext_ln1116_32_reg_6430               |  34|   0|   34|          0|
    |sext_ln1116_33_reg_6435               |  34|   0|   34|          0|
    |sext_ln1116_34_reg_6440               |  34|   0|   34|          0|
    |sext_ln1116_35_reg_6445               |  34|   0|   34|          0|
    |sext_ln1116_36_reg_6450               |  34|   0|   34|          0|
    |sext_ln1116_37_reg_6455               |  34|   0|   34|          0|
    |sext_ln1116_38_reg_6460               |  34|   0|   34|          0|
    |sext_ln1116_39_reg_6465               |  34|   0|   34|          0|
    |sext_ln1116_3_reg_6285                |  34|   0|   34|          0|
    |sext_ln1116_40_reg_6470               |  34|   0|   34|          0|
    |sext_ln1116_41_reg_6475               |  34|   0|   34|          0|
    |sext_ln1116_42_reg_6480               |  34|   0|   34|          0|
    |sext_ln1116_43_reg_6485               |  34|   0|   34|          0|
    |sext_ln1116_44_reg_6490               |  34|   0|   34|          0|
    |sext_ln1116_45_reg_6495               |  34|   0|   34|          0|
    |sext_ln1116_46_reg_6500               |  34|   0|   34|          0|
    |sext_ln1116_47_reg_6505               |  34|   0|   34|          0|
    |sext_ln1116_48_reg_6510               |  34|   0|   34|          0|
    |sext_ln1116_49_reg_6515               |  34|   0|   34|          0|
    |sext_ln1116_4_reg_6290                |  34|   0|   34|          0|
    |sext_ln1116_50_reg_6520               |  34|   0|   34|          0|
    |sext_ln1116_51_reg_6525               |  34|   0|   34|          0|
    |sext_ln1116_52_reg_6530               |  34|   0|   34|          0|
    |sext_ln1116_53_reg_6535               |  34|   0|   34|          0|
    |sext_ln1116_54_reg_6540               |  34|   0|   34|          0|
    |sext_ln1116_55_reg_6545               |  34|   0|   34|          0|
    |sext_ln1116_56_reg_6550               |  34|   0|   34|          0|
    |sext_ln1116_57_reg_6555               |  34|   0|   34|          0|
    |sext_ln1116_58_reg_6560               |  34|   0|   34|          0|
    |sext_ln1116_59_reg_6565               |  34|   0|   34|          0|
    |sext_ln1116_5_reg_6295                |  34|   0|   34|          0|
    |sext_ln1116_60_reg_6570               |  34|   0|   34|          0|
    |sext_ln1116_61_reg_6575               |  34|   0|   34|          0|
    |sext_ln1116_62_reg_6580               |  34|   0|   34|          0|
    |sext_ln1116_63_reg_6585               |  34|   0|   34|          0|
    |sext_ln1116_64_reg_6590               |  34|   0|   34|          0|
    |sext_ln1116_6_reg_6300                |  34|   0|   34|          0|
    |sext_ln1116_7_reg_6305                |  34|   0|   34|          0|
    |sext_ln1116_8_reg_6310                |  34|   0|   34|          0|
    |sext_ln1116_9_reg_6315                |  34|   0|   34|          0|
    |sext_ln1116_reg_6270                  |  34|   0|   34|          0|
    |sext_ln581_reg_5921                   |  32|   0|   32|          0|
    |sext_ln937_reg_7687                   |  40|   0|   40|          0|
    |sh_amt_reg_5873                       |  12|   0|   12|          0|
    |sub_ln944_reg_7694                    |  32|   0|   32|          0|
    |tmp_12_reg_5909                       |   1|   0|    1|          0|
    |tmp_17_reg_7707                       |  31|   0|   31|          0|
    |tmp_24_reg_7614                       |   1|   0|    1|          0|
    |tmp_7_reg_5439                        |   1|   0|    1|          0|
    |tmp_V_2_reg_7682                      |  37|   0|   37|          0|
    |trunc_ln212_reg_5827                  |   3|   0|    3|          0|
    |trunc_ln583_reg_5885                  |  16|   0|   16|          0|
    |trunc_ln703_1_reg_7538                |  34|   0|   34|          0|
    |trunc_ln703_1_reg_7538_pp2_iter7_reg  |  34|   0|   34|          0|
    |trunc_ln703_2_reg_7578                |  34|   0|   34|          0|
    |trunc_ln703_reg_7528                  |  34|   0|   34|          0|
    |trunc_ln703_reg_7528_pp2_iter7_reg    |  34|   0|   34|          0|
    |trunc_ln943_reg_7723                  |   8|   0|    8|          0|
    |trunc_ln947_reg_7712                  |   6|   0|    6|          0|
    |underflow_1_reg_7593                  |   1|   0|    1|          0|
    |urem_ln212_reg_5822                   |   7|   0|    7|          0|
    |x_V_reg_7604                          |  24|   0|   24|          0|
    |xor_ln571_reg_5794                    |   1|   0|    1|          0|
    |xor_ln658_1_reg_5784                  |   1|   0|    1|          0|
    |zext_ln635_reg_5954                   |  32|   0|   54|         22|
    |icmp_ln1497_reg_7609                  |  64|  32|    1|          0|
    |icmp_ln211_reg_5808                   |  64|  32|    1|          0|
    |icmp_ln220_reg_6600                   |  64|  32|    1|          0|
    |k_1_reg_1917                          |  64|  32|    7|          0|
    |tmp_24_reg_7614                       |  64|  32|    1|          0|
    |x_V_reg_7604                          |  64|  32|   24|          0|
    +--------------------------------------+----+----+-----+-----------+
    |Total                                 |5427| 192| 5100|         22|
    +--------------------------------------+----+----+-----+-----------+



================================================================
== Interface
================================================================
* Summary: 
+--------------+-----+-----+------------+---------------+--------------+
|   RTL Ports  | Dir | Bits|  Protocol  | Source Object |    C Type    |
+--------------+-----+-----+------------+---------------+--------------+
|ap_clk        |   in|    1|  ap_ctrl_hs|  fir_multiband|  return value|
|ap_rst        |   in|    1|  ap_ctrl_hs|  fir_multiband|  return value|
|ap_start      |   in|    1|  ap_ctrl_hs|  fir_multiband|  return value|
|ap_done       |  out|    1|  ap_ctrl_hs|  fir_multiband|  return value|
|ap_idle       |  out|    1|  ap_ctrl_hs|  fir_multiband|  return value|
|ap_ready      |  out|    1|  ap_ctrl_hs|  fir_multiband|  return value|
|in_r          |   in|   32|     ap_none|           in_r|       pointer|
|out_r         |  out|   32|      ap_vld|          out_r|       pointer|
|out_r_ap_vld  |  out|    1|      ap_vld|          out_r|       pointer|
|length_r      |   in|   32|     ap_none|       length_r|        scalar|
+--------------+-----+-----+------------+---------------+--------------+

