

================================================================
== Vitis HLS Report for 'fir_multiband'
================================================================
* Date:           Tue Sep 29 16:50:00 2026

* Version:        2020.2 (Build 3064766 on Wed Nov 18 09:12:45 MST 2020)
* Project:        synth_proj
* Solution:       solution1 (Vivado IP Flow Target)
* Product family: zynq
* Target device:  xc7z020-clg400-1


================================================================
== Performance Estimates
================================================================
+ Timing: 
    * Summary: 
    +--------+----------+----------+------------+
    |  Clock |  Target  | Estimated| Uncertainty|
    +--------+----------+----------+------------+
    |ap_clk  |  10.00 ns|  8.352 ns|     2.70 ns|
    +--------+----------+----------+------------+

+ Latency: 
    * Summary: 
    +---------+---------+----------+----------+-----+-----+---------+
    |  Latency (cycles) |  Latency (absolute) |  Interval | Pipeline|
    |   min   |   max   |    min   |    max   | min | max |   Type  |
    +---------+---------+----------+----------+-----+-----+---------+
    |        ?|        ?|         ?|         ?|    ?|    ?|     none|
    +---------+---------+----------+----------+-----+-----+---------+

    + Detail: 
        * Instance: 
        N/A

        * Loop: 
        +-----------------------+---------+---------+----------+-----------+-----------+------+----------+
        |                       |  Latency (cycles) | Iteration|  Initiation Interval  | Trip |          |
        |       Loop Name       |   min   |   max   |  Latency |  achieved |   target  | Count| Pipelined|
        +-----------------------+---------+---------+----------+-----------+-----------+------+----------+
        |- VITIS_LOOP_126_1     |       65|       65|         1|          1|          1|    65|       yes|
        |- VITIS_LOOP_130_2     |        ?|        ?|      1307|          -|          -|     ?|        no|
        | + VITIS_LOOP_137_3    |      832|      832|        13|          -|          -|    64|        no|
        | + VITIS_LOOP_144_4    |      464|      464|       116|          -|          -|     4|        no|
        |  ++ VITIS_LOOP_148_5  |        5|        5|         1|          -|          -|     5|        no|
        |  ++ VITIS_LOOP_188_7  |       40|       40|         8|          -|          -|     5|        no|
        +-----------------------+---------+---------+----------+-----------+-----------+------+----------+



================================================================
== Utilization Estimates
================================================================
* Summary: 
+-----------------+---------+-----+--------+-------+-----+
|       Name      | BRAM_18K| DSP |   FF   |  LUT  | URAM|
+-----------------+---------+-----+--------+-------+-----+
|DSP              |        -|    -|       -|      -|    -|
|Expression       |        -|    -|       0|    893|    -|
|FIFO             |        -|    -|       -|      -|    -|
|Instance         |        -|   41|    4098|   8312|    -|
|Memory           |        8|    -|     896|     42|    -|
|Multiplexer      |        -|    -|       -|   2842|    -|
|Register         |        -|    -|    5602|      -|    -|
+-----------------+---------+-----+--------+-------+-----+
|Total            |        8|   41|   10596|  12089|    0|
+-----------------+---------+-----+--------+-------+-----+
|Available        |      280|  220|  106400|  53200|    0|
+-----------------+---------+-----+--------+-------+-----+
|Utilization (%)  |        2|   18|       9|     22|    0|
+-----------------+---------+-----+--------+-------+-----+

+ Detail: 
    * Instance: 
    +--------------------------------------+----------------------------------+---------+----+-----+-----+-----+
    |               Instance               |              Module              | BRAM_18K| DSP|  FF | LUT | URAM|
    +--------------------------------------+----------------------------------+---------+----+-----+-----+-----+
    |facc_32ns_32ns_1ns_32_6_no_dsp_1_U24  |facc_32ns_32ns_1ns_32_6_no_dsp_1  |        0|   0|  312|  721|    0|
    |facc_32ns_32ns_1ns_32_6_no_dsp_1_U25  |facc_32ns_32ns_1ns_32_6_no_dsp_1  |        0|   0|  312|  721|    0|
    |fadd_32ns_32ns_32_5_full_dsp_1_U6     |fadd_32ns_32ns_32_5_full_dsp_1    |        0|   2|  205|  390|    0|
    |fadd_32ns_32ns_32_5_full_dsp_1_U7     |fadd_32ns_32ns_32_5_full_dsp_1    |        0|   2|  205|  390|    0|
    |fadd_32ns_32ns_32_5_full_dsp_1_U8     |fadd_32ns_32ns_32_5_full_dsp_1    |        0|   2|  205|  390|    0|
    |fadd_32ns_32ns_32_5_full_dsp_1_U9     |fadd_32ns_32ns_32_5_full_dsp_1    |        0|   2|  205|  390|    0|
    |fadd_32ns_32ns_32_5_full_dsp_1_U10    |fadd_32ns_32ns_32_5_full_dsp_1    |        0|   2|  205|  390|    0|
    |fadd_32ns_32ns_32_5_full_dsp_1_U11    |fadd_32ns_32ns_32_5_full_dsp_1    |        0|   2|  205|  390|    0|
    |fadd_32ns_32ns_32_5_full_dsp_1_U12    |fadd_32ns_32ns_32_5_full_dsp_1    |        0|   2|  205|  390|    0|
    |fadd_32ns_32ns_32_5_full_dsp_1_U13    |fadd_32ns_32ns_32_5_full_dsp_1    |        0|   2|  205|  390|    0|
    |fadd_32ns_32ns_32_5_full_dsp_1_U14    |fadd_32ns_32ns_32_5_full_dsp_1    |        0|   2|  205|  390|    0|
    |fadd_32ns_32ns_32_5_full_dsp_1_U15    |fadd_32ns_32ns_32_5_full_dsp_1    |        0|   2|  205|  390|    0|
    |fadd_32ns_32ns_32_5_full_dsp_1_U16    |fadd_32ns_32ns_32_5_full_dsp_1    |        0|   2|  205|  390|    0|
    |fadd_32ns_32ns_32_5_full_dsp_1_U17    |fadd_32ns_32ns_32_5_full_dsp_1    |        0|   2|  205|  390|    0|
    |fadd_32ns_32ns_32_5_full_dsp_1_U18    |fadd_32ns_32ns_32_5_full_dsp_1    |        0|   2|  205|  390|    0|
    |fcmp_32ns_32ns_1_2_no_dsp_1_U19       |fcmp_32ns_32ns_1_2_no_dsp_1       |        0|   0|    0|    0|    0|
    |fmul_32ns_32ns_32_4_max_dsp_1_U1      |fmul_32ns_32ns_32_4_max_dsp_1     |        0|   3|  143|  321|    0|
    |fmul_32ns_32ns_32_4_max_dsp_1_U2      |fmul_32ns_32ns_32_4_max_dsp_1     |        0|   3|  143|  321|    0|
    |fmul_32ns_32ns_32_4_max_dsp_1_U3      |fmul_32ns_32ns_32_4_max_dsp_1     |        0|   3|  143|  321|    0|
    |fmul_32ns_32ns_32_4_max_dsp_1_U4      |fmul_32ns_32ns_32_4_max_dsp_1     |        0|   3|  143|  321|    0|
    |fmul_32ns_32ns_32_4_max_dsp_1_U5      |fmul_32ns_32ns_32_4_max_dsp_1     |        0|   3|  143|  321|    0|
    |mul_6ns_8ns_13_1_1_U21                |mul_6ns_8ns_13_1_1                |        0|   0|    0|   41|    0|
    |mul_7ns_9ns_15_1_1_U22                |mul_7ns_9ns_15_1_1                |        0|   0|    0|   51|    0|
    |mux_1364_32_1_1_U23                   |mux_1364_32_1_1                   |        0|   0|    0|   65|    0|
    |urem_7ns_5ns_7_11_seq_1_U20           |urem_7ns_5ns_7_11_seq_1           |        0|   0|   94|   38|    0|
    +--------------------------------------+----------------------------------+---------+----+-----+-----+-----+
    |Total                                 |                                  |        0|  41| 4098| 8312|    0|
    +--------------------------------------+----------------------------------+---------+----+-----+-----+-----+

    * DSP: 
    N/A

    * Memory: 
    +--------------+------------+---------+----+----+-----+------+-----+------+-------------+
    |    Memory    |   Module   | BRAM_18K| FF | LUT| URAM| Words| Bits| Banks| W*Bits*Banks|
    +--------------+------------+---------+----+----+-----+------+-----+------+-------------+
    |FIR_COEFFS_U  |FIR_COEFFS  |        8|   0|   0|    0|   260|   32|     1|         8320|
    |hist_0_U      |hist_0      |        0|  64|   3|    0|     5|   32|     1|          160|
    |y_U           |hist_0      |        0|  64|   3|    0|     5|   32|     1|          160|
    |hist_1_U      |hist_1      |        0|  64|   3|    0|     5|   32|     1|          160|
    |hist_2_U      |hist_1      |        0|  64|   3|    0|     5|   32|     1|          160|
    |hist_3_U      |hist_1      |        0|  64|   3|    0|     5|   32|     1|          160|
    |hist_4_U      |hist_1      |        0|  64|   3|    0|     5|   32|     1|          160|
    |hist_5_U      |hist_1      |        0|  64|   3|    0|     5|   32|     1|          160|
    |hist_6_U      |hist_1      |        0|  64|   3|    0|     5|   32|     1|          160|
    |hist_7_U      |hist_1      |        0|  64|   3|    0|     5|   32|     1|          160|
    |hist_8_U      |hist_1      |        0|  64|   3|    0|     5|   32|     1|          160|
    |hist_9_U      |hist_1      |        0|  64|   3|    0|     5|   32|     1|          160|
    |hist_10_U     |hist_1      |        0|  64|   3|    0|     5|   32|     1|          160|
    |hist_11_U     |hist_1      |        0|  64|   3|    0|     5|   32|     1|          160|
    |hist_12_U     |hist_1      |        0|  64|   3|    0|     5|   32|     1|          160|
    +--------------+------------+---------+----+----+-----+------+-----+------+-------------+
    |Total         |            |        8| 896|  42|    0|   330|  480|    15|        10560|
    +--------------+------------+---------+----+----+-----+------+-----+------+-------------+

    * FIFO: 
    N/A

    * Expression: 
    +-------------------------+----------+----+---+----+------------+------------+
    |      Variable Name      | Operation| DSP| FF| LUT| Bitwidth P0| Bitwidth P1|
    +-------------------------+----------+----+---+----+------------+------------+
    |add_ln126_fu_2002_p2     |         +|   0|  0|  14|           7|           1|
    |add_ln127_fu_2018_p2     |         +|   0|  0|  17|          14|           8|
    |add_ln130_fu_2075_p2     |         +|   0|  0|  39|          32|           1|
    |add_ln137_fu_2092_p2     |         +|   0|  0|  14|           7|           2|
    |add_ln138_fu_2108_p2     |         +|   0|  0|  14|           6|           2|
    |add_ln144_fu_2238_p2     |         +|   0|  0|  11|           3|           1|
    |add_ln148_fu_2630_p2     |         +|   0|  0|  11|           3|           1|
    |add_ln168_10_fu_2366_p2  |         +|   0|  0|  14|           9|           4|
    |add_ln168_11_fu_2377_p2  |         +|   0|  0|  14|           9|           4|
    |add_ln168_12_fu_2388_p2  |         +|   0|  0|  14|           9|           4|
    |add_ln168_13_fu_2399_p2  |         +|   0|  0|  14|           9|           4|
    |add_ln168_14_fu_2410_p2  |         +|   0|  0|  14|           9|           4|
    |add_ln168_15_fu_2421_p2  |         +|   0|  0|  14|           9|           4|
    |add_ln168_16_fu_2432_p2  |         +|   0|  0|  14|           9|           5|
    |add_ln168_17_fu_2443_p2  |         +|   0|  0|  14|           9|           5|
    |add_ln168_18_fu_2454_p2  |         +|   0|  0|  14|           9|           5|
    |add_ln168_19_fu_2465_p2  |         +|   0|  0|  14|           9|           5|
    |add_ln168_1_fu_2267_p2   |         +|   0|  0|  14|           9|           1|
    |add_ln168_20_fu_2476_p2  |         +|   0|  0|  14|           9|           5|
    |add_ln168_21_fu_2487_p2  |         +|   0|  0|  14|           9|           5|
    |add_ln168_22_fu_2498_p2  |         +|   0|  0|  14|           9|           5|
    |add_ln168_23_fu_2509_p2  |         +|   0|  0|  14|           9|           5|
    |add_ln168_24_fu_2520_p2  |         +|   0|  0|  14|           9|           5|
    |add_ln168_25_fu_2531_p2  |         +|   0|  0|  14|           9|           5|
    |add_ln168_26_fu_2542_p2  |         +|   0|  0|  14|           9|           5|
    |add_ln168_27_fu_2553_p2  |         +|   0|  0|  14|           9|           5|
    |add_ln168_28_fu_2564_p2  |         +|   0|  0|  14|           9|           5|
    |add_ln168_29_fu_2575_p2  |         +|   0|  0|  14|           9|           5|
    |add_ln168_2_fu_2278_p2   |         +|   0|  0|  14|           9|           2|
    |add_ln168_30_fu_2586_p2  |         +|   0|  0|  14|           9|           5|
    |add_ln168_31_fu_2597_p2  |         +|   0|  0|  14|           9|           5|
    |add_ln168_32_fu_2608_p2  |         +|   0|  0|  14|           9|           6|
    |add_ln168_3_fu_2289_p2   |         +|   0|  0|  14|           9|           2|
    |add_ln168_4_fu_2300_p2   |         +|   0|  0|  14|           9|           3|
    |add_ln168_5_fu_2311_p2   |         +|   0|  0|  14|           9|           3|
    |add_ln168_6_fu_2322_p2   |         +|   0|  0|  14|           9|           3|
    |add_ln168_7_fu_2333_p2   |         +|   0|  0|  14|           9|           3|
    |add_ln168_8_fu_2344_p2   |         +|   0|  0|  14|           9|           4|
    |add_ln168_9_fu_2355_p2   |         +|   0|  0|  14|           9|           4|
    |add_ln168_fu_2256_p2     |         +|   0|  0|  14|           9|           9|
    |add_ln188_fu_2647_p2     |         +|   0|  0|  11|           3|           1|
    |next_urem_fu_2051_p2     |         +|   0|  0|  14|           7|           1|
    |and_ln93_fu_2718_p2      |       and|   0|  0|   2|           1|           1|
    |and_ln94_fu_2782_p2      |       and|   0|  0|   2|           1|           1|
    |empty_20_fu_2057_p2      |      icmp|   0|  0|  10|           7|           4|
    |icmp_ln126_fu_2008_p2    |      icmp|   0|  0|  10|           7|           7|
    |icmp_ln130_fu_2081_p2    |      icmp|   0|  0|  18|          32|          32|
    |icmp_ln137_fu_2086_p2    |      icmp|   0|  0|  10|           7|           1|
    |icmp_ln144_fu_2619_p2    |      icmp|   0|  0|   9|           3|           4|
    |icmp_ln148_fu_2641_p2    |      icmp|   0|  0|   8|           3|           3|
    |icmp_ln188_fu_2658_p2    |      icmp|   0|  0|   8|           3|           3|
    |icmp_ln189_fu_2664_p2    |      icmp|   0|  0|   8|           3|           3|
    |icmp_ln192_fu_2670_p2    |      icmp|   0|  0|   9|           3|           4|
    |icmp_ln93_1_fu_2706_p2   |      icmp|   0|  0|  15|          23|           1|
    |icmp_ln93_fu_2700_p2     |      icmp|   0|  0|  11|           8|           2|
    |icmp_ln94_1_fu_2764_p2   |      icmp|   0|  0|  15|          23|           1|
    |icmp_ln94_fu_2758_p2     |      icmp|   0|  0|  11|           8|           2|
    |or_ln93_fu_2712_p2       |        or|   0|  0|   2|           1|           1|
    |or_ln94_fu_2778_p2       |        or|   0|  0|   2|           1|           1|
    |a_fu_2733_p3             |    select|   0|  0|  32|           1|          32|
    |idx_urem_fu_2063_p3      |    select|   0|  0|   7|           1|           7|
    |select_ln94_fu_2787_p3   |    select|   0|  0|  32|           1|          32|
    |sign_fu_2770_p3          |    select|   0|  0|  32|           1|          32|
    |xor_ln93_fu_2723_p2      |       xor|   0|  0|  33|          32|          33|
    +-------------------------+----------+----+---+----+------------+------------+
    |Total                    |          |   0|  0| 893|         549|         369|
    +-------------------------+----------+----+---+----+------------+------------+

    * Multiplexer: 
    +---------------------+-----+-----------+-----+-----------+
    |         Name        | LUT | Input Size| Bits| Total Bits|
    +---------------------+-----+-----------+-----+-----------+
    |FIR_COEFFS_address0  |   42|          8|    9|         72|
    |FIR_COEFFS_address1  |   42|          8|    9|         72|
    |FIR_COEFFS_address2  |   42|          8|    9|         72|
    |FIR_COEFFS_address3  |   37|          7|    9|         63|
    |FIR_COEFFS_address4  |   37|          7|    9|         63|
    |acc_reg_1550         |    9|          2|   32|         64|
    |ap_NS_fsm            |  517|        104|    1|        104|
    |b_reg_1539           |    9|          2|    3|          6|
    |grp_fu_1595_p0       |   42|          8|   32|        256|
    |grp_fu_1595_p1       |   31|          6|   32|        192|
    |grp_fu_1596_p0       |   42|          8|   32|        256|
    |grp_fu_1596_p1       |   25|          5|   32|        160|
    |grp_fu_1597_p0       |   42|          8|   32|        256|
    |grp_fu_1597_p1       |   31|          6|   32|        192|
    |grp_fu_1598_p0       |   42|          8|   32|        256|
    |grp_fu_1598_p1       |   25|          5|   32|        160|
    |grp_fu_1599_p0       |   42|          8|   32|        256|
    |grp_fu_1599_p1       |   31|          6|   32|        192|
    |grp_fu_1802_p0       |   42|          8|   32|        256|
    |grp_fu_1802_p1       |   65|         12|   32|        384|
    |grp_fu_1806_p0       |   31|          6|   32|        192|
    |grp_fu_1806_p1       |   53|         10|   32|        320|
    |grp_fu_1810_p0       |   31|          6|   32|        192|
    |grp_fu_1810_p1       |   53|         10|   32|        320|
    |grp_fu_1814_p0       |   31|          6|   32|        192|
    |grp_fu_1814_p1       |   48|          9|   32|        288|
    |grp_fu_1818_p0       |   31|          6|   32|        192|
    |grp_fu_1818_p1       |   48|          9|   32|        288|
    |grp_fu_1822_p0       |   20|          4|   32|        128|
    |grp_fu_1822_p1       |   20|          4|   32|        128|
    |grp_fu_1826_p0       |   14|          3|   32|         96|
    |grp_fu_1826_p1       |   14|          3|   32|         96|
    |grp_fu_1830_p0       |   14|          3|   32|         96|
    |grp_fu_1830_p1       |   14|          3|   32|         96|
    |grp_fu_1834_p0       |   14|          3|   32|         96|
    |grp_fu_1834_p1       |   14|          3|   32|         96|
    |grp_fu_1838_p0       |   14|          3|   32|         96|
    |grp_fu_1838_p1       |   14|          3|   32|         96|
    |grp_fu_1842_p0       |   14|          3|   32|         96|
    |grp_fu_1842_p1       |   14|          3|   32|         96|
    |grp_fu_1846_p0       |   14|          3|   32|         96|
    |grp_fu_1846_p1       |   14|          3|   32|         96|
    |grp_fu_1850_p0       |   14|          3|   32|         96|
    |grp_fu_1850_p1       |   14|          3|   32|         96|
    |grp_fu_1856_opcode   |   14|          3|    5|         15|
    |grp_fu_1856_p0       |   14|          3|   32|         96|
    |grp_fu_1856_p1       |   14|          3|   32|         96|
    |hist_0_address0      |   31|          6|    3|         18|
    |hist_0_address1      |   20|          4|    3|         12|
    |hist_0_d0            |   14|          3|   32|         96|
    |hist_10_address0     |   37|          7|    3|         21|
    |hist_10_address1     |   14|          3|    3|          9|
    |hist_10_d0           |   14|          3|   32|         96|
    |hist_11_address0     |   37|          7|    3|         21|
    |hist_11_address1     |   14|          3|    3|          9|
    |hist_11_d0           |   14|          3|   32|         96|
    |hist_12_address0     |   37|          7|    3|         21|
    |hist_12_address1     |   14|          3|    3|          9|
    |hist_12_d0           |   14|          3|   32|         96|
    |hist_1_address0      |   37|          7|    3|         21|
    |hist_1_address1      |   14|          3|    3|          9|
    |hist_1_d0            |   14|          3|   32|         96|
    |hist_2_address0      |   37|          7|    3|         21|
    |hist_2_address1      |   14|          3|    3|          9|
    |hist_2_d0            |   14|          3|   32|         96|
    |hist_3_address0      |   37|          7|    3|         21|
    |hist_3_address1      |   14|          3|    3|          9|
    |hist_3_d0            |   14|          3|   32|         96|
    |hist_4_address0      |   37|          7|    3|         21|
    |hist_4_address1      |   14|          3|    3|          9|
    |hist_4_d0            |   14|          3|   32|         96|
    |hist_5_address0      |   37|          7|    3|         21|
    |hist_5_address1      |   14|          3|    3|          9|
    |hist_5_d0            |   14|          3|   32|         96|
    |hist_6_address0      |   31|          6|    3|         18|
    |hist_6_address1      |   20|          4|    3|         12|
    |hist_6_d0            |   14|          3|   32|         96|
    |hist_7_address0      |   37|          7|    3|         21|
    |hist_7_address1      |   14|          3|    3|          9|
    |hist_7_d0            |   14|          3|   32|         96|
    |hist_8_address0      |   37|          7|    3|         21|
    |hist_8_address1      |   14|          3|    3|          9|
    |hist_8_d0            |   14|          3|   32|         96|
    |hist_9_address0      |   37|          7|    3|         21|
    |hist_9_address1      |   14|          3|    3|          9|
    |hist_9_d0            |   14|          3|   32|         96|
    |k_1_reg_1527         |    9|          2|    7|         14|
    |k_reg_1483           |    9|          2|    7|         14|
    |n_reg_1516           |    9|          2|   32|         64|
    |p_1_reg_1572         |    9|          2|    3|          6|
    |p_reg_1561           |    9|          2|    3|          6|
    |phi_mul_reg_1494     |    9|          2|   14|         28|
    |phi_urem_reg_1505    |    9|          2|    7|         14|
    |reg_1919             |    9|          2|   32|         64|
    |reg_1925             |    9|          2|   32|         64|
    |reg_1931             |    9|          2|   32|         64|
    |reg_1938             |    9|          2|   32|         64|
    |y_address0           |   25|          5|    3|         15|
    |y_address1           |   25|          5|    3|         15|
    |y_d0                 |   20|          4|   32|        128|
    |y_d1                 |   20|          4|   32|        128|
    |ys_reg_1583          |    9|          2|   32|         64|
    +---------------------+-----+-----------+-----+-----------+
    |Total                | 2842|        566| 2099|       9513|
    +---------------------+-----+-----------+-----+-----------+

    * Register: 
    +-----------------------------+-----+----+-----+-----------+
    |             Name            |  FF | LUT| Bits| Const Bits|
    +-----------------------------+-----+----+-----+-----------+
    |FIR_COEFFS_addr_10_reg_3810  |    9|   0|    9|          0|
    |FIR_COEFFS_addr_11_reg_3815  |    9|   0|    9|          0|
    |FIR_COEFFS_addr_12_reg_3820  |    9|   0|    9|          0|
    |FIR_COEFFS_addr_13_reg_3825  |    9|   0|    9|          0|
    |FIR_COEFFS_addr_14_reg_3830  |    9|   0|    9|          0|
    |FIR_COEFFS_addr_15_reg_3835  |    9|   0|    9|          0|
    |FIR_COEFFS_addr_16_reg_3840  |    9|   0|    9|          0|
    |FIR_COEFFS_addr_17_reg_3845  |    9|   0|    9|          0|
    |FIR_COEFFS_addr_18_reg_3850  |    9|   0|    9|          0|
    |FIR_COEFFS_addr_19_reg_3855  |    9|   0|    9|          0|
    |FIR_COEFFS_addr_1_reg_3765   |    9|   0|    9|          0|
    |FIR_COEFFS_addr_20_reg_3860  |    9|   0|    9|          0|
    |FIR_COEFFS_addr_21_reg_3865  |    9|   0|    9|          0|
    |FIR_COEFFS_addr_22_reg_3870  |    9|   0|    9|          0|
    |FIR_COEFFS_addr_23_reg_3875  |    9|   0|    9|          0|
    |FIR_COEFFS_addr_24_reg_3880  |    9|   0|    9|          0|
    |FIR_COEFFS_addr_25_reg_3885  |    9|   0|    9|          0|
    |FIR_COEFFS_addr_26_reg_3890  |    9|   0|    9|          0|
    |FIR_COEFFS_addr_27_reg_3895  |    9|   0|    9|          0|
    |FIR_COEFFS_addr_28_reg_3900  |    9|   0|    9|          0|
    |FIR_COEFFS_addr_29_reg_3905  |    9|   0|    9|          0|
    |FIR_COEFFS_addr_2_reg_3770   |    9|   0|    9|          0|
    |FIR_COEFFS_addr_30_reg_3910  |    9|   0|    9|          0|
    |FIR_COEFFS_addr_31_reg_3915  |    9|   0|    9|          0|
    |FIR_COEFFS_addr_32_reg_3920  |    9|   0|    9|          0|
    |FIR_COEFFS_addr_3_reg_3775   |    9|   0|    9|          0|
    |FIR_COEFFS_addr_4_reg_3780   |    9|   0|    9|          0|
    |FIR_COEFFS_addr_5_reg_3785   |    9|   0|    9|          0|
    |FIR_COEFFS_addr_6_reg_3790   |    9|   0|    9|          0|
    |FIR_COEFFS_addr_7_reg_3795   |    9|   0|    9|          0|
    |FIR_COEFFS_addr_8_reg_3800   |    9|   0|    9|          0|
    |FIR_COEFFS_addr_9_reg_3805   |    9|   0|    9|          0|
    |FIR_COEFFS_addr_reg_3760     |    9|   0|    9|          0|
    |FIR_COEFFS_load_13_reg_3936  |   32|   0|   32|          0|
    |FIR_COEFFS_load_14_reg_3941  |   32|   0|   32|          0|
    |FIR_COEFFS_load_15_reg_3956  |   32|   0|   32|          0|
    |FIR_COEFFS_load_16_reg_3961  |   32|   0|   32|          0|
    |FIR_COEFFS_load_17_reg_3966  |   32|   0|   32|          0|
    |FIR_COEFFS_load_18_reg_3971  |   32|   0|   32|          0|
    |FIR_COEFFS_load_19_reg_3976  |   32|   0|   32|          0|
    |a_reg_4144                   |   32|   0|   32|          0|
    |acc_reg_1550                 |   32|   0|   32|          0|
    |add_ln130_reg_3184           |   32|   0|   32|          0|
    |add_ln137_reg_3195           |    7|   0|    7|          0|
    |add_ln144_reg_3754           |    3|   0|    3|          0|
    |add_ln188_reg_4106           |    3|   0|    3|          0|
    |and_ln93_reg_4139            |    1|   0|    1|          0|
    |ap_CS_fsm                    |  103|   0|  103|          0|
    |b_reg_1539                   |    3|   0|    3|          0|
    |f_10_reg_3644                |   32|   0|   32|          0|
    |f_11_reg_3649                |   32|   0|   32|          0|
    |f_12_reg_3654                |   32|   0|   32|          0|
    |f_13_reg_3659                |   32|   0|   32|          0|
    |f_14_reg_3664                |   32|   0|   32|          0|
    |f_15_reg_3669                |   32|   0|   32|          0|
    |f_16_reg_3674                |   32|   0|   32|          0|
    |f_17_reg_3679                |   32|   0|   32|          0|
    |f_18_reg_3684                |   32|   0|   32|          0|
    |f_19_reg_3689                |   32|   0|   32|          0|
    |f_1_reg_3594                 |   32|   0|   32|          0|
    |f_20_reg_3694                |   32|   0|   32|          0|
    |f_21_reg_3699                |   32|   0|   32|          0|
    |f_22_reg_3704                |   32|   0|   32|          0|
    |f_23_reg_3709                |   32|   0|   32|          0|
    |f_24_reg_3714                |   32|   0|   32|          0|
    |f_25_reg_3719                |   32|   0|   32|          0|
    |f_26_reg_3724                |   32|   0|   32|          0|
    |f_27_reg_3729                |   32|   0|   32|          0|
    |f_28_reg_3734                |   32|   0|   32|          0|
    |f_29_reg_3739                |   32|   0|   32|          0|
    |f_2_reg_3624                 |   32|   0|   32|          0|
    |f_30_reg_3744                |   32|   0|   32|          0|
    |f_31_reg_3749                |   32|   0|   32|          0|
    |f_32_reg_3289                |   32|   0|   32|          0|
    |f_33_reg_3299                |   32|   0|   32|          0|
    |f_34_reg_3309                |   32|   0|   32|          0|
    |f_35_reg_3319                |   32|   0|   32|          0|
    |f_36_reg_3329                |   32|   0|   32|          0|
    |f_37_reg_3619                |   32|   0|   32|          0|
    |f_39_reg_3344                |   32|   0|   32|          0|
    |f_3_reg_3599                 |   32|   0|   32|          0|
    |f_40_reg_3354                |   32|   0|   32|          0|
    |f_41_reg_3364                |   32|   0|   32|          0|
    |f_42_reg_3374                |   32|   0|   32|          0|
    |f_43_reg_3384                |   32|   0|   32|          0|
    |f_44_reg_3394                |   32|   0|   32|          0|
    |f_45_reg_3404                |   32|   0|   32|          0|
    |f_46_reg_3414                |   32|   0|   32|          0|
    |f_47_reg_3424                |   32|   0|   32|          0|
    |f_48_reg_3434                |   32|   0|   32|          0|
    |f_49_reg_3444                |   32|   0|   32|          0|
    |f_4_reg_3629                 |   32|   0|   32|          0|
    |f_50_reg_3454                |   32|   0|   32|          0|
    |f_51_reg_3464                |   32|   0|   32|          0|
    |f_52_reg_3474                |   32|   0|   32|          0|
    |f_53_reg_3484                |   32|   0|   32|          0|
    |f_54_reg_3494                |   32|   0|   32|          0|
    |f_55_reg_3504                |   32|   0|   32|          0|
    |f_56_reg_3514                |   32|   0|   32|          0|
    |f_57_reg_3524                |   32|   0|   32|          0|
    |f_58_reg_3534                |   32|   0|   32|          0|
    |f_59_reg_3544                |   32|   0|   32|          0|
    |f_5_reg_3604                 |   32|   0|   32|          0|
    |f_60_reg_3554                |   32|   0|   32|          0|
    |f_61_reg_3564                |   32|   0|   32|          0|
    |f_62_reg_3574                |   32|   0|   32|          0|
    |f_63_reg_3584                |   32|   0|   32|          0|
    |f_6_reg_3634                 |   32|   0|   32|          0|
    |f_7_reg_3609                 |   32|   0|   32|          0|
    |f_8_reg_3639                 |   32|   0|   32|          0|
    |f_9_reg_3614                 |   32|   0|   32|          0|
    |f_reg_3178                   |   32|   0|   32|          0|
    |hist_0_load_2_reg_3529       |   32|   0|   32|          0|
    |hist_0_load_reg_3399         |   32|   0|   32|          0|
    |hist_10_load_2_reg_3429      |   32|   0|   32|          0|
    |hist_10_load_4_reg_3559      |   32|   0|   32|          0|
    |hist_10_load_reg_3304        |   32|   0|   32|          0|
    |hist_11_load_2_reg_3419      |   32|   0|   32|          0|
    |hist_11_load_4_reg_3549      |   32|   0|   32|          0|
    |hist_11_load_reg_3294        |   32|   0|   32|          0|
    |hist_12_load_2_reg_3409      |   32|   0|   32|          0|
    |hist_12_load_4_reg_3539      |   32|   0|   32|          0|
    |hist_12_load_reg_3284        |   32|   0|   32|          0|
    |hist_1_load_1_reg_3389       |   32|   0|   32|          0|
    |hist_1_load_3_reg_3519       |   32|   0|   32|          0|
    |hist_2_load_1_reg_3379       |   32|   0|   32|          0|
    |hist_2_load_3_reg_3509       |   32|   0|   32|          0|
    |hist_3_load_1_reg_3369       |   32|   0|   32|          0|
    |hist_3_load_3_reg_3499       |   32|   0|   32|          0|
    |hist_4_load_1_reg_3359       |   32|   0|   32|          0|
    |hist_4_load_3_reg_3489       |   32|   0|   32|          0|
    |hist_5_load_1_reg_3349       |   32|   0|   32|          0|
    |hist_5_load_3_reg_3479       |   32|   0|   32|          0|
    |hist_6_load_1_reg_3339       |   32|   0|   32|          0|
    |hist_6_load_3_reg_3469       |   32|   0|   32|          0|
    |hist_7_load_2_reg_3459       |   32|   0|   32|          0|
    |hist_7_load_4_reg_3589       |   32|   0|   32|          0|
    |hist_7_load_reg_3334         |   32|   0|   32|          0|
    |hist_8_load_2_reg_3449       |   32|   0|   32|          0|
    |hist_8_load_4_reg_3579       |   32|   0|   32|          0|
    |hist_8_load_reg_3324         |   32|   0|   32|          0|
    |hist_9_load_2_reg_3439       |   32|   0|   32|          0|
    |hist_9_load_4_reg_3569       |   32|   0|   32|          0|
    |hist_9_load_reg_3314         |   32|   0|   32|          0|
    |icmp_ln189_reg_4119          |    1|   0|    1|          0|
    |icmp_ln192_reg_4124          |    1|   0|    1|          0|
    |icmp_ln94_1_reg_4156         |    1|   0|    1|          0|
    |icmp_ln94_reg_4151           |    1|   0|    1|          0|
    |k_1_reg_1527                 |    7|   0|    7|          0|
    |k_reg_1483                   |    7|   0|    7|          0|
    |mul_10_reg_4021              |   32|   0|   32|          0|
    |mul_11_reg_4026              |   32|   0|   32|          0|
    |mul_12_reg_4031              |   32|   0|   32|          0|
    |mul_13_reg_4036              |   32|   0|   32|          0|
    |mul_14_reg_4041              |   32|   0|   32|          0|
    |mul_15_reg_4046              |   32|   0|   32|          0|
    |mul_16_reg_4051              |   32|   0|   32|          0|
    |mul_17_reg_4056              |   32|   0|   32|          0|
    |mul_18_reg_4061              |   32|   0|   32|          0|
    |mul_19_reg_4066              |   32|   0|   32|          0|
    |mul_20_reg_4071              |   32|   0|   32|          0|
    |mul_21_reg_4076              |   32|   0|   32|          0|
    |mul_22_reg_4081              |   32|   0|   32|          0|
    |mul_23_reg_4086              |   32|   0|   32|          0|
    |mul_29_reg_4091              |   32|   0|   32|          0|
    |mul_30_reg_4096              |   32|   0|   32|          0|
    |mul_31_reg_4101              |   32|   0|   32|          0|
    |mul_5_reg_3991               |   32|   0|   32|          0|
    |mul_6_reg_3996               |   32|   0|   32|          0|
    |mul_7_reg_4001               |   32|   0|   32|          0|
    |mul_8_reg_4006               |   32|   0|   32|          0|
    |mul_9_reg_4011               |   32|   0|   32|          0|
    |mul_s_reg_4016               |   32|   0|   32|          0|
    |n_reg_1516                   |   32|   0|   32|          0|
    |p_1_reg_1572                 |    3|   0|    3|          0|
    |p_reg_1561                   |    3|   0|    3|          0|
    |phi_mul_reg_1494             |   14|   0|   14|          0|
    |phi_urem_reg_1505            |    7|   0|    7|          0|
    |reg_1863                     |   32|   0|   32|          0|
    |reg_1869                     |   32|   0|   32|          0|
    |reg_1874                     |   32|   0|   32|          0|
    |reg_1879                     |   32|   0|   32|          0|
    |reg_1884                     |   32|   0|   32|          0|
    |reg_1889                     |   32|   0|   32|          0|
    |reg_1894                     |   32|   0|   32|          0|
    |reg_1899                     |   32|   0|   32|          0|
    |reg_1904                     |   32|   0|   32|          0|
    |reg_1909                     |   32|   0|   32|          0|
    |reg_1914                     |   32|   0|   32|          0|
    |reg_1919                     |   32|   0|   32|          0|
    |reg_1925                     |   32|   0|   32|          0|
    |reg_1931                     |   32|   0|   32|          0|
    |reg_1938                     |   32|   0|   32|          0|
    |reg_1944                     |   32|   0|   32|          0|
    |reg_1949                     |   32|   0|   32|          0|
    |reg_1954                     |   32|   0|   32|          0|
    |reg_1959                     |   32|   0|   32|          0|
    |reg_1965                     |   32|   0|   32|          0|
    |reg_1970                     |   32|   0|   32|          0|
    |reg_1978                     |   32|   0|   32|          0|
    |reg_1984                     |   32|   0|   32|          0|
    |reg_1990                     |   32|   0|   32|          0|
    |reg_1996                     |   32|   0|   32|          0|
    |select_ln94_reg_4171         |   32|   0|   32|          0|
    |tmp_2_reg_4134               |    1|   0|    1|          0|
    |tmp_4_reg_4161               |    1|   0|    1|          0|
    |tmp_7_reg_3200               |    3|   0|    3|          0|
    |tmp_8_reg_3205               |    4|   0|    4|          0|
    |trunc_ln138_reg_3215         |    4|   0|    4|          0|
    |urem_ln138_reg_3210          |    7|   0|    7|          0|
    |y_load_1_reg_3946            |   32|   0|   32|          0|
    |y_load_2_reg_3951            |   32|   0|   32|          0|
    |y_load_3_reg_3981            |   32|   0|   32|          0|
    |y_load_4_reg_3986            |   32|   0|   32|          0|
    |ys_reg_1583                  |   32|   0|   32|          0|
    +-----------------------------+-----+----+-----+-----------+
    |Total                        | 5602|   0| 5602|          0|
    +-----------------------------+-----+----+-----+-----------+



================================================================
== Interface
================================================================
* Summary: 
+--------------+-----+-----+------------+---------------+--------------+
|   RTL Ports  | Dir | Bits|  Protocol  | Source Object |    C Type    |
+--------------+-----+-----+------------+---------------+--------------+
|ap_clk        |   in|    1|  ap_ctrl_hs|  fir_multiband|  return value|
|ap_rst        |   in|    1|  ap_ctrl_hs|  fir_multiband|  return value|
|ap_start      |   in|    1|  ap_ctrl_hs|  fir_multiband|  return value|
|ap_done       |  out|    1|  ap_ctrl_hs|  fir_multiband|  return value|
|ap_idle       |  out|    1|  ap_ctrl_hs|  fir_multiband|  return value|
|ap_ready      |  out|    1|  ap_ctrl_hs|  fir_multiband|  return value|
|in_r          |   in|   32|     ap_none|           in_r|       pointer|
|out_r         |  out|   32|      ap_vld|          out_r|       pointer|
|out_r_ap_vld  |  out|    1|      ap_vld|          out_r|       pointer|
|length_r      |   in|   32|     ap_none|       length_r|        scalar|
+--------------+-----+-----+------------+---------------+--------------+

