

================================================================
== Vitis HLS Report for 'fir_multiband'
================================================================
* Date:           Tue Sep 29 15:31:05 2026

* Version:        2020.2 (Build 3064766 on Wed Nov 18 09:12:45 MST 2020)
* Project:        synth_proj
* Solution:       solution1 (Vivado IP Flow Target)
* Product family: zynq
* Target device:  xc7z020-clg400-1


================================================================
== Performance Estimates
================================================================
+ Timing: 
    * Summary: 
    +--------+----------+----------+------------+
    |  Clock |  Target  | Estimated| Uncertainty|
    +--------+----------+----------+------------+
    |ap_clk  |  10.00 ns|  7.256 ns|     2.70 ns|
    +--------+----------+----------+------------+

+ Latency: 
    * Summary: 
    +---------+---------+----------+----------+-----+-----+---------+
    |  Latency (cycles) |  Latency (absolute) |  Interval | Pipeline|
    |   min   |   max   |    min   |    max   | min | max |   Type  |
    +---------+---------+----------+----------+-----+-----+---------+
    |        ?|        ?|         ?|         ?|    ?|    ?|     none|
    +---------+---------+----------+----------+-----+-----+---------+

    + Detail: 
        * Instance: 
        N/A

        * Loop: 
        +--------------------------------------+---------+---------+----------+-----------+-----------+------+----------+
        |                                      |  Latency (cycles) | Iteration|  Initiation Interval  | Trip |          |
        |               Loop Name              |   min   |   max   |  Latency |  achieved |   target  | Count| Pipelined|
        +--------------------------------------+---------+---------+----------+-----------+-----------+------+----------+
        |- VITIS_LOOP_73_1                     |       65|       65|         1|          1|          1|    65|       yes|
        |- VITIS_LOOP_77_2                     |        ?|        ?|      1844|          -|          -|     ?|        no|
        | + VITIS_LOOP_79_3                    |       64|       64|         2|          1|          1|    64|       yes|
        | + VITIS_LOOP_86_4                    |     1776|     1776|       444|          -|          -|     4|        no|
        |  ++ VITIS_LOOP_90_5                  |        5|        5|         1|          1|          1|     5|       yes|
        |  ++ VITIS_LOOP_95_6_VITIS_LOOP_96_7  |      396|      396|        13|          6|          1|    65|       yes|
        |  ++ VITIS_LOOP_103_8                 |       10|       10|         7|          1|          1|     5|       yes|
        +--------------------------------------+---------+---------+----------+-----------+-----------+------+----------+



================================================================
== Utilization Estimates
================================================================
* Summary: 
+-----------------+---------+-----+--------+-------+-----+
|       Name      | BRAM_18K| DSP |   FF   |  LUT  | URAM|
+-----------------+---------+-----+--------+-------+-----+
|DSP              |        -|    -|       -|      -|    -|
|Expression       |        -|    -|       0|    488|    -|
|FIFO             |        -|    -|       -|      -|    -|
|Instance         |        -|    5|     972|   2203|    -|
|Memory           |        3|    -|       0|      0|    -|
|Multiplexer      |        -|    -|       -|    841|    -|
|Register         |        -|    -|    1112|     32|    -|
+-----------------+---------+-----+--------+-------+-----+
|Total            |        3|    5|    2084|   3564|    0|
+-----------------+---------+-----+--------+-------+-----+
|Available        |      280|  220|  106400|  53200|    0|
+-----------------+---------+-----+--------+-------+-----+
|Utilization (%)  |        1|    2|       1|      6|    0|
+-----------------+---------+-----+--------+-------+-----+

+ Detail: 
    * Instance: 
    +-------------------------------------+----------------------------------+---------+----+-----+-----+-----+
    |               Instance              |              Module              | BRAM_18K| DSP|  FF | LUT | URAM|
    +-------------------------------------+----------------------------------+---------+----+-----+-----+-----+
    |facc_32ns_32ns_1ns_32_6_no_dsp_1_U6  |facc_32ns_32ns_1ns_32_6_no_dsp_1  |        0|   0|  312|  721|    0|
    |facc_32ns_32ns_1ns_32_6_no_dsp_1_U7  |facc_32ns_32ns_1ns_32_6_no_dsp_1  |        0|   0|  312|  721|    0|
    |fadd_32ns_32ns_32_5_full_dsp_1_U1    |fadd_32ns_32ns_32_5_full_dsp_1    |        0|   2|  205|  390|    0|
    |fcmp_32ns_32ns_1_2_no_dsp_1_U3       |fcmp_32ns_32ns_1_2_no_dsp_1       |        0|   0|    0|    0|    0|
    |fmul_32ns_32ns_32_4_max_dsp_1_U2     |fmul_32ns_32ns_32_4_max_dsp_1     |        0|   3|  143|  321|    0|
    |mux_53_32_1_1_U4                     |mux_53_32_1_1                     |        0|   0|    0|   25|    0|
    |mux_53_32_1_1_U5                     |mux_53_32_1_1                     |        0|   0|    0|   25|    0|
    +-------------------------------------+----------------------------------+---------+----+-----+-----+-----+
    |Total                                |                                  |        0|   5|  972| 2203|    0|
    +-------------------------------------+----------------------------------+---------+----+-----+-----+-----+

    * DSP: 
    N/A

    * Memory: 
    +--------------+------------+---------+---+----+-----+------+-----+------+-------------+
    |    Memory    |   Module   | BRAM_18K| FF| LUT| URAM| Words| Bits| Banks| W*Bits*Banks|
    +--------------+------------+---------+---+----+-----+------+-----+------+-------------+
    |FIR_COEFFS_U  |FIR_COEFFS  |        1|  0|   0|    0|   260|   32|     1|         8320|
    |hist_U        |hist        |        2|  0|   0|    0|    65|   32|     1|         2080|
    +--------------+------------+---------+---+----+-----+------+-----+------+-------------+
    |Total         |            |        3|  0|   0|    0|   325|   64|     2|        10400|
    +--------------+------------+---------+---+----+-----+------+-----+------+-------------+

    * FIFO: 
    N/A

    * Expression: 
    +-------------------------+----------+----+---+----+------------+------------+
    |      Variable Name      | Operation| DSP| FF| LUT| Bitwidth P0| Bitwidth P1|
    +-------------------------+----------+----+---+----+------------+------------+
    |add_ln103_fu_908_p2      |         +|   0|  0|  11|           3|           1|
    |add_ln73_fu_705_p2       |         +|   0|  0|  14|           7|           1|
    |add_ln77_fu_726_p2       |         +|   0|  0|  39|          32|           1|
    |add_ln79_fu_743_p2       |         +|   0|  0|  14|           7|           2|
    |add_ln86_fu_759_p2       |         +|   0|  0|  11|           3|           1|
    |add_ln90_fu_809_p2       |         +|   0|  0|  11|           3|           1|
    |add_ln95_1_fu_882_p2     |         +|   0|  0|  14|           7|           1|
    |add_ln95_fu_827_p2       |         +|   0|  0|  14|           7|           3|
    |add_ln96_fu_888_p2       |         +|   0|  0|  11|           3|           1|
    |add_ln97_1_fu_798_p2     |         +|   0|  0|  14|           9|           9|
    |add_ln97_2_fu_872_p2     |         +|   0|  0|  14|           9|           9|
    |add_ln97_fu_858_p2       |         +|   0|  0|  14|           7|           7|
    |and_ln59_fu_1014_p2      |       and|   0|  0|   2|           1|           1|
    |and_ln60_fu_1078_p2      |       and|   0|  0|   2|           1|           1|
    |icmp_ln103_fu_914_p2     |      icmp|   0|  0|   8|           3|           3|
    |icmp_ln104_fu_936_p2     |      icmp|   0|  0|   8|           3|           3|
    |icmp_ln107_fu_948_p2     |      icmp|   0|  0|   9|           3|           4|
    |icmp_ln59_1_fu_1002_p2   |      icmp|   0|  0|  15|          23|           1|
    |icmp_ln59_fu_996_p2      |      icmp|   0|  0|  11|           8|           2|
    |icmp_ln60_1_fu_1060_p2   |      icmp|   0|  0|  15|          23|           1|
    |icmp_ln60_fu_1054_p2     |      icmp|   0|  0|  11|           8|           2|
    |icmp_ln73_fu_711_p2      |      icmp|   0|  0|  10|           7|           7|
    |icmp_ln77_fu_732_p2      |      icmp|   0|  0|  18|          32|          32|
    |icmp_ln79_fu_737_p2      |      icmp|   0|  0|  10|           7|           1|
    |icmp_ln86_fu_780_p2      |      icmp|   0|  0|   9|           3|           4|
    |icmp_ln90_fu_815_p2      |      icmp|   0|  0|   8|           3|           3|
    |icmp_ln95_fu_821_p2      |      icmp|   0|  0|  10|           7|           7|
    |icmp_ln96_fu_833_p2      |      icmp|   0|  0|   8|           3|           3|
    |or_ln59_fu_1008_p2       |        or|   0|  0|   2|           1|           1|
    |or_ln60_fu_1074_p2       |        or|   0|  0|   2|           1|           1|
    |a_fu_1029_p3             |    select|   0|  0|  32|           1|          32|
    |select_ln60_fu_1083_p3   |    select|   0|  0|  32|           1|          32|
    |select_ln95_1_fu_847_p3  |    select|   0|  0|   7|           1|           7|
    |select_ln95_fu_839_p3    |    select|   0|  0|   3|           1|           1|
    |sign_fu_1066_p3          |    select|   0|  0|  32|           1|          32|
    |ap_enable_pp1            |       xor|   0|  0|   2|           1|           2|
    |ap_enable_pp3            |       xor|   0|  0|   2|           1|           2|
    |ap_enable_pp4            |       xor|   0|  0|   2|           1|           2|
    |ap_enable_reg_pp1_iter1  |       xor|   0|  0|   2|           2|           1|
    |ap_enable_reg_pp4_iter1  |       xor|   0|  0|   2|           2|           1|
    |xor_ln59_fu_1019_p2      |       xor|   0|  0|  33|          32|          33|
    +-------------------------+----------+----+---+----+------------+------------+
    |Total                    |          |   0|  0| 488|         278|         259|
    +-------------------------+----------+----+---+----+------------+------------+

    * Multiplexer: 
    +-----------------------------------------+-----+-----------+-----+-----------+
    |                   Name                  | LUT | Input Size| Bits| Total Bits|
    +-----------------------------------------+-----+-----------+-----+-----------+
    |acc_reg_271                              |    9|          2|   32|         64|
    |ap_NS_fsm                                |  197|         45|    1|         45|
    |ap_enable_reg_pp1_iter1                  |   14|          3|    1|          3|
    |ap_enable_reg_pp3_iter1                  |    9|          2|    1|          2|
    |ap_enable_reg_pp3_iter2                  |   14|          3|    1|          3|
    |ap_enable_reg_pp4_iter1                  |    9|          2|    1|          2|
    |ap_enable_reg_pp4_iter6                  |    9|          2|    1|          2|
    |ap_phi_mux_indvar_flatten_phi_fu_457_p4  |    9|          2|    7|         14|
    |ap_phi_mux_k_1_phi_fu_252_p4             |    9|          2|    7|         14|
    |ap_phi_mux_k_2_phi_fu_469_p4             |    9|          2|    7|         14|
    |ap_phi_mux_p_1_phi_fu_480_p4             |    9|          2|    3|          6|
    |ap_phi_mux_p_2_phi_fu_651_p4             |    9|          2|    3|          6|
    |ap_phi_mux_y_0_3_phi_fu_435_p10          |   14|          3|   32|         96|
    |ap_phi_mux_y_0_5_phi_fu_534_p4           |    9|          2|   32|         64|
    |ap_phi_mux_y_0_6_phi_fu_630_p10          |   14|          3|   32|         96|
    |ap_phi_mux_y_1_3_phi_fu_413_p10          |   14|          3|   32|         96|
    |ap_phi_mux_y_1_5_phi_fu_523_p4           |    9|          2|   32|         64|
    |ap_phi_mux_y_1_6_phi_fu_609_p10          |   14|          3|   32|         96|
    |ap_phi_mux_y_2_3_phi_fu_391_p10          |   14|          3|   32|         96|
    |ap_phi_mux_y_2_5_phi_fu_512_p4           |    9|          2|   32|         64|
    |ap_phi_mux_y_2_6_phi_fu_588_p10          |   14|          3|   32|         96|
    |ap_phi_mux_y_3_3_phi_fu_369_p10          |   14|          3|   32|         96|
    |ap_phi_mux_y_3_5_phi_fu_501_p4           |    9|          2|   32|         64|
    |ap_phi_mux_y_3_6_phi_fu_567_p10          |   14|          3|   32|         96|
    |ap_phi_mux_y_4_3_phi_fu_347_p10          |   14|          3|   32|         96|
    |ap_phi_mux_y_4_5_phi_fu_490_p4           |    9|          2|   32|         64|
    |ap_phi_mux_y_4_6_phi_fu_546_p10          |   14|          3|   32|         96|
    |b_reg_260                                |    9|          2|    3|          6|
    |grp_fu_670_p0                            |   20|          4|   32|        128|
    |grp_fu_670_p1                            |   20|          4|   32|        128|
    |grp_fu_676_p0                            |   20|          4|   32|        128|
    |grp_fu_676_p1                            |   20|          4|   32|        128|
    |grp_fu_681_opcode                        |   14|          3|    5|         15|
    |grp_fu_681_p0                            |   14|          3|   32|         96|
    |grp_fu_681_p1                            |   14|          3|   32|         96|
    |hist_address0                            |   20|          4|    7|         28|
    |hist_address1                            |   14|          3|    7|         21|
    |hist_d0                                  |   14|          3|   32|         96|
    |indvar_flatten_reg_453                   |    9|          2|    7|         14|
    |k_1_reg_248                              |    9|          2|    7|         14|
    |k_2_reg_465                              |    9|          2|    7|         14|
    |k_reg_226                                |    9|          2|    7|         14|
    |n_reg_237                                |    9|          2|   32|         64|
    |p_1_reg_476                              |    9|          2|    3|          6|
    |p_2_reg_647                              |    9|          2|    3|          6|
    |p_reg_332                                |    9|          2|    3|          6|
    |y_0_21_reg_322                           |    9|          2|   32|         64|
    |y_0_5_reg_531                            |    9|          2|   32|         64|
    |y_1_2_reg_312                            |    9|          2|   32|         64|
    |y_1_5_reg_520                            |    9|          2|   32|         64|
    |y_2_2_reg_302                            |    9|          2|   32|         64|
    |y_2_5_reg_509                            |    9|          2|   32|         64|
    |y_3_2_reg_292                            |    9|          2|   32|         64|
    |y_3_5_reg_498                            |    9|          2|   32|         64|
    |y_4_2_reg_282                            |    9|          2|   32|         64|
    |y_4_5_reg_487                            |    9|          2|   32|         64|
    |ys_reg_658                               |    9|          2|   32|         64|
    +-----------------------------------------+-----+-----------+-----+-----------+
    |Total                                    |  841|        184| 1212|       3167|
    +-----------------------------------------+-----+-----------+-----+-----------+

    * Register: 
    +------------------------------------+----+----+-----+-----------+
    |                Name                | FF | LUT| Bits| Const Bits|
    +------------------------------------+----+----+-----+-----------+
    |FIR_COEFFS_load_reg_1253            |  32|   0|   32|          0|
    |a_reg_1312                          |  32|   0|   32|          0|
    |acc_reg_271                         |  32|   0|   32|          0|
    |add_ln103_reg_1273                  |   3|   0|    3|          0|
    |add_ln77_reg_1150                   |  32|   0|   32|          0|
    |add_ln79_reg_1163                   |   7|   0|    7|          0|
    |add_ln86_reg_1173                   |   3|   0|    3|          0|
    |add_ln95_1_reg_1258                 |   7|   0|    7|          0|
    |add_ln96_reg_1263                   |   3|   0|    3|          0|
    |add_ln97_1_reg_1208                 |   9|   0|    9|          0|
    |and_ln59_reg_1307                   |   1|   0|    1|          0|
    |ap_CS_fsm                           |  44|   0|   44|          0|
    |ap_enable_reg_pp1_iter0             |   1|   0|    1|          0|
    |ap_enable_reg_pp1_iter1             |   1|   0|    1|          0|
    |ap_enable_reg_pp3_iter0             |   1|   0|    1|          0|
    |ap_enable_reg_pp3_iter1             |   1|   0|    1|          0|
    |ap_enable_reg_pp3_iter2             |   1|   0|    1|          0|
    |ap_enable_reg_pp4_iter0             |   1|   0|    1|          0|
    |ap_enable_reg_pp4_iter1             |   1|   0|    1|          0|
    |ap_enable_reg_pp4_iter2             |   1|   0|    1|          0|
    |ap_enable_reg_pp4_iter3             |   1|   0|    1|          0|
    |ap_enable_reg_pp4_iter4             |   1|   0|    1|          0|
    |ap_enable_reg_pp4_iter5             |   1|   0|    1|          0|
    |ap_enable_reg_pp4_iter6             |   1|   0|    1|          0|
    |b_reg_260                           |   3|   0|    3|          0|
    |bitcast_ln82_reg_1145               |  32|   0|   32|          0|
    |hist_load_1_reg_1248                |  32|   0|   32|          0|
    |icmp_ln103_reg_1278                 |   1|   0|    1|          0|
    |icmp_ln104_reg_1287                 |   1|   0|    1|          0|
    |icmp_ln107_reg_1297                 |   1|   0|    1|          0|
    |icmp_ln60_1_reg_1324                |   1|   0|    1|          0|
    |icmp_ln60_reg_1319                  |   1|   0|    1|          0|
    |icmp_ln79_reg_1159                  |   1|   0|    1|          0|
    |icmp_ln95_reg_1221                  |   1|   0|    1|          0|
    |icmp_ln95_reg_1221_pp3_iter1_reg    |   1|   0|    1|          0|
    |indvar_flatten_reg_453              |   7|   0|    7|          0|
    |k_1_reg_248                         |   7|   0|    7|          0|
    |k_2_reg_465                         |   7|   0|    7|          0|
    |k_reg_226                           |   7|   0|    7|          0|
    |n_reg_237                           |  32|   0|   32|          0|
    |p_1_reg_476                         |   3|   0|    3|          0|
    |p_2_reg_647                         |   3|   0|    3|          0|
    |p_reg_332                           |   3|   0|    3|          0|
    |reg_688                             |  32|   0|   32|          0|
    |reg_694                             |  32|   0|   32|          0|
    |select_ln60_reg_1339                |  32|   0|   32|          0|
    |select_ln95_1_reg_1232              |   7|   0|    7|          0|
    |select_ln95_reg_1225                |   3|   0|    3|          0|
    |select_ln95_reg_1225_pp3_iter1_reg  |   3|   0|    3|          0|
    |tmp_2_reg_1302                      |   1|   0|    1|          0|
    |tmp_4_reg_1329                      |   1|   0|    1|          0|
    |tmp_5_reg_1282                      |  32|   0|   32|          0|
    |tmp_reg_1268                        |  32|   0|   32|          0|
    |y_0_21_reg_322                      |  32|   0|   32|          0|
    |y_0_5_reg_531                       |  32|   0|   32|          0|
    |y_1_2_reg_312                       |  32|   0|   32|          0|
    |y_1_5_reg_520                       |  32|   0|   32|          0|
    |y_2_2_reg_302                       |  32|   0|   32|          0|
    |y_2_5_reg_509                       |  32|   0|   32|          0|
    |y_3_2_reg_292                       |  32|   0|   32|          0|
    |y_3_5_reg_498                       |  32|   0|   32|          0|
    |y_4_1_fu_132                        |  32|   0|   32|          0|
    |y_4_2_reg_282                       |  32|   0|   32|          0|
    |y_4_4_fu_136                        |  32|   0|   32|          0|
    |y_4_5_reg_487                       |  32|   0|   32|          0|
    |y_4_7_fu_140                        |  32|   0|   32|          0|
    |y_4_8_fu_144                        |  32|   0|   32|          0|
    |y_4_fu_128                          |  32|   0|   32|          0|
    |ys_reg_658                          |  32|   0|   32|          0|
    |icmp_ln103_reg_1278                 |  64|  32|    1|          0|
    +------------------------------------+----+----+-----+-----------+
    |Total                               |1112|  32| 1049|          0|
    +------------------------------------+----+----+-----+-----------+



================================================================
== Interface
================================================================
* Summary: 
+--------------+-----+-----+------------+---------------+--------------+
|   RTL Ports  | Dir | Bits|  Protocol  | Source Object |    C Type    |
+--------------+-----+-----+------------+---------------+--------------+
|ap_clk        |   in|    1|  ap_ctrl_hs|  fir_multiband|  return value|
|ap_rst        |   in|    1|  ap_ctrl_hs|  fir_multiband|  return value|
|ap_start      |   in|    1|  ap_ctrl_hs|  fir_multiband|  return value|
|ap_done       |  out|    1|  ap_ctrl_hs|  fir_multiband|  return value|
|ap_idle       |  out|    1|  ap_ctrl_hs|  fir_multiband|  return value|
|ap_ready      |  out|    1|  ap_ctrl_hs|  fir_multiband|  return value|
|in_r          |   in|   32|     ap_none|           in_r|       pointer|
|out_r         |  out|   32|      ap_vld|          out_r|       pointer|
|out_r_ap_vld  |  out|    1|      ap_vld|          out_r|       pointer|
|length_r      |   in|   32|     ap_none|       length_r|        scalar|
+--------------+-----+-----+------------+---------------+--------------+

