Copyright 1986-2020 Xilinx, Inc. All Rights Reserved.
-----------------------------------------------------------------------------------------------------------------------------------------------------------------------------------------------
| Tool Version : Vivado v.2020.2 (win64) Build 3064766 Wed Nov 18 09:12:45 MST 2020
| Date         : Wed Sep 30 17:58:35 2026
| Host         : yu running 64-bit major release  (build 9200)
| Command      : report_timing -delay_type max -max_paths 5 -path_type full_clock_expanded -file D:/pynq-multiband-audio-accel/build/hls/reports/v13_sub_n193_impl/timing_impl_worst_paths.rpt
| Design       : fir_multiband
| Device       : 7z020-clg400
| Speed File   : -1  PRODUCTION 1.12 2019-11-22
-----------------------------------------------------------------------------------------------------------------------------------------------------------------------------------------------

Timing Report

Slack (MET) :             1.624ns  (required time - arrival time)
  Source:                 underflow_1_reg_15730_reg[0]/C
                            (rising edge-triggered cell FDRE clocked by ap_clk  {rise@0.000ns fall@5.000ns period=10.000ns})
  Destination:            mul_25s_24s_49_1_1_U8/fir_multiband_mul_25s_24s_49_1_1_Multiplier_1_U/p/A[28]
                            (rising edge-triggered cell DSP48E1 clocked by ap_clk  {rise@0.000ns fall@5.000ns period=10.000ns})
  Path Group:             ap_clk
  Path Type:              Setup (Max at Slow Process Corner)
  Requirement:            10.000ns  (ap_clk rise@10.000ns - ap_clk rise@0.000ns)
  Data Path Delay:        7.755ns  (logic 3.594ns (46.342%)  route 4.161ns (53.658%))
  Logic Levels:           15  (CARRY4=13 LUT3=1 LUT6=1)
  Clock Path Skew:        -0.049ns (DCD - SCD + CPR)
    Destination Clock Delay (DCD):    0.924ns = ( 10.924 - 10.000 ) 
    Source Clock Delay      (SCD):    0.973ns
    Clock Pessimism Removal (CPR):    0.000ns
  Clock Uncertainty:      0.035ns  ((TSJ^2 + TIJ^2)^1/2 + DJ) / 2 + PE
    Total System Jitter     (TSJ):    0.071ns
    Total Input Jitter      (TIJ):    0.000ns
    Discrete Jitter          (DJ):    0.000ns
    Phase Error              (PE):    0.000ns

    Location             Delay type                Incr(ns)  Path(ns)    Netlist Resource(s)
  -------------------------------------------------------------------    -------------------
                         (clock ap_clk rise edge)     0.000     0.000 r  
                                                      0.000     0.000 r  ap_clk (IN)
                         net (fo=6007, unset)         0.973     0.973    ap_clk
    SLICE_X28Y51         FDRE                                         r  underflow_1_reg_15730_reg[0]/C
  -------------------------------------------------------------------    -------------------
    SLICE_X28Y51         FDRE (Prop_fdre_C_Q)         0.419     1.392 r  underflow_1_reg_15730_reg[0]/Q
                         net (fo=81, routed)          1.405     2.797    mul_25s_24s_49_1_1_U8/fir_multiband_mul_25s_24s_49_1_1_Multiplier_1_U/underflow_1_reg_15730
    SLICE_X15Y43         LUT3 (Prop_lut3_I0_O)        0.299     3.096 r  mul_25s_24s_49_1_1_U8/fir_multiband_mul_25s_24s_49_1_1_Multiplier_1_U/p_i_82/O
                         net (fo=1, routed)           0.330     3.426    mul_25s_24s_49_1_1_U8/fir_multiband_mul_25s_24s_49_1_1_Multiplier_1_U/p_i_82_n_0
    SLICE_X15Y44         CARRY4 (Prop_carry4_CYINIT_CO[3])
                                                      0.580     4.006 r  mul_25s_24s_49_1_1_U8/fir_multiband_mul_25s_24s_49_1_1_Multiplier_1_U/p_i_69/CO[3]
                         net (fo=1, routed)           0.000     4.006    mul_25s_24s_49_1_1_U8/fir_multiband_mul_25s_24s_49_1_1_Multiplier_1_U/p_i_69_n_0
    SLICE_X15Y45         CARRY4 (Prop_carry4_CI_CO[3])
                                                      0.114     4.120 r  mul_25s_24s_49_1_1_U8/fir_multiband_mul_25s_24s_49_1_1_Multiplier_1_U/p_i_68/CO[3]
                         net (fo=1, routed)           0.000     4.120    mul_25s_24s_49_1_1_U8/fir_multiband_mul_25s_24s_49_1_1_Multiplier_1_U/p_i_68_n_0
    SLICE_X15Y46         CARRY4 (Prop_carry4_CI_CO[3])
                                                      0.114     4.234 r  mul_25s_24s_49_1_1_U8/fir_multiband_mul_25s_24s_49_1_1_Multiplier_1_U/p_i_67/CO[3]
                         net (fo=1, routed)           0.000     4.234    mul_25s_24s_49_1_1_U8/fir_multiband_mul_25s_24s_49_1_1_Multiplier_1_U/p_i_67_n_0
    SLICE_X15Y47         CARRY4 (Prop_carry4_CI_CO[3])
                                                      0.114     4.348 r  mul_25s_24s_49_1_1_U8/fir_multiband_mul_25s_24s_49_1_1_Multiplier_1_U/p_i_65/CO[3]
                         net (fo=1, routed)           0.000     4.348    mul_25s_24s_49_1_1_U8/fir_multiband_mul_25s_24s_49_1_1_Multiplier_1_U/p_i_65_n_0
    SLICE_X15Y48         CARRY4 (Prop_carry4_CI_CO[3])
                                                      0.114     4.462 r  mul_25s_24s_49_1_1_U8/fir_multiband_mul_25s_24s_49_1_1_Multiplier_1_U/icmp_ln1497_reg_15756_reg[0]_i_24/CO[3]
                         net (fo=1, routed)           0.000     4.462    mul_25s_24s_49_1_1_U8/fir_multiband_mul_25s_24s_49_1_1_Multiplier_1_U/icmp_ln1497_reg_15756_reg[0]_i_24_n_0
    SLICE_X15Y49         CARRY4 (Prop_carry4_CI_O[2])
                                                      0.239     4.701 r  mul_25s_24s_49_1_1_U8/fir_multiband_mul_25s_24s_49_1_1_Multiplier_1_U/icmp_ln1497_reg_15756_reg[0]_i_22/O[2]
                         net (fo=70, routed)          1.025     5.726    mul_25s_24s_49_1_1_U8/fir_multiband_mul_25s_24s_49_1_1_Multiplier_1_U/p_Val2_10_fu_8914_p2[22]
    SLICE_X14Y43         LUT6 (Prop_lut6_I4_O)        0.302     6.028 r  mul_25s_24s_49_1_1_U8/fir_multiband_mul_25s_24s_49_1_1_Multiplier_1_U/p_i_59/O
                         net (fo=1, routed)           0.513     6.542    mul_25s_24s_49_1_1_U8/fir_multiband_mul_25s_24s_49_1_1_Multiplier_1_U/p_0_in1_in[1]
    SLICE_X13Y43         CARRY4 (Prop_carry4_DI[1]_CO[3])
                                                      0.507     7.049 r  mul_25s_24s_49_1_1_U8/fir_multiband_mul_25s_24s_49_1_1_Multiplier_1_U/p_i_17/CO[3]
                         net (fo=1, routed)           0.000     7.049    mux_42_24_1_1_U6/p__0_1[0]
    SLICE_X13Y44         CARRY4 (Prop_carry4_CI_CO[3])
                                                      0.114     7.163 r  mux_42_24_1_1_U6/p_i_16/CO[3]
                         net (fo=1, routed)           0.000     7.163    mux_42_24_1_1_U6/p_i_16_n_0
    SLICE_X13Y45         CARRY4 (Prop_carry4_CI_CO[3])
                                                      0.114     7.277 r  mux_42_24_1_1_U6/p_i_15/CO[3]
                         net (fo=1, routed)           0.000     7.277    mux_42_24_1_1_U6/p_i_15_n_0
    SLICE_X13Y46         CARRY4 (Prop_carry4_CI_CO[3])
                                                      0.114     7.391 r  mux_42_24_1_1_U6/p_i_14/CO[3]
                         net (fo=1, routed)           0.000     7.391    mux_42_24_1_1_U6/p_i_14_n_0
    SLICE_X13Y47         CARRY4 (Prop_carry4_CI_CO[3])
                                                      0.114     7.505 r  mux_42_24_1_1_U6/p_i_13/CO[3]
                         net (fo=1, routed)           0.000     7.505    mux_42_24_1_1_U6/p_i_13_n_0
    SLICE_X13Y48         CARRY4 (Prop_carry4_CI_CO[3])
                                                      0.114     7.619 r  mux_42_24_1_1_U6/p_i_12/CO[3]
                         net (fo=1, routed)           0.000     7.619    mux_42_24_1_1_U6/p_i_12_n_0
    SLICE_X13Y49         CARRY4 (Prop_carry4_CI_O[0])
                                                      0.222     7.841 r  mux_42_24_1_1_U6/p_i_11/O[0]
                         net (fo=12, routed)          0.888     8.728    mul_25s_24s_49_1_1_U8/fir_multiband_mul_25s_24s_49_1_1_Multiplier_1_U/A[20]
    DSP48_X0Y16          DSP48E1                                      r  mul_25s_24s_49_1_1_U8/fir_multiband_mul_25s_24s_49_1_1_Multiplier_1_U/p/A[28]
  -------------------------------------------------------------------    -------------------

                         (clock ap_clk rise edge)    10.000    10.000 r  
                                                      0.000    10.000 r  ap_clk (IN)
                         net (fo=6007, unset)         0.924    10.924    mul_25s_24s_49_1_1_U8/fir_multiband_mul_25s_24s_49_1_1_Multiplier_1_U/ap_clk
    DSP48_X0Y16          DSP48E1                                      r  mul_25s_24s_49_1_1_U8/fir_multiband_mul_25s_24s_49_1_1_Multiplier_1_U/p/CLK
                         clock pessimism              0.000    10.924    
                         clock uncertainty           -0.035    10.889    
    DSP48_X0Y16          DSP48E1 (Setup_dsp48e1_CLK_A[28])
                                                     -0.537    10.352    mul_25s_24s_49_1_1_U8/fir_multiband_mul_25s_24s_49_1_1_Multiplier_1_U/p
  -------------------------------------------------------------------
                         required time                         10.352    
                         arrival time                          -8.728    
  -------------------------------------------------------------------
                         slack                                  1.624    

Slack (MET) :             1.624ns  (required time - arrival time)
  Source:                 underflow_1_reg_15730_reg[0]/C
                            (rising edge-triggered cell FDRE clocked by ap_clk  {rise@0.000ns fall@5.000ns period=10.000ns})
  Destination:            mul_25s_24s_49_1_1_U8/fir_multiband_mul_25s_24s_49_1_1_Multiplier_1_U/p/A[29]
                            (rising edge-triggered cell DSP48E1 clocked by ap_clk  {rise@0.000ns fall@5.000ns period=10.000ns})
  Path Group:             ap_clk
  Path Type:              Setup (Max at Slow Process Corner)
  Requirement:            10.000ns  (ap_clk rise@10.000ns - ap_clk rise@0.000ns)
  Data Path Delay:        7.755ns  (logic 3.594ns (46.342%)  route 4.161ns (53.658%))
  Logic Levels:           15  (CARRY4=13 LUT3=1 LUT6=1)
  Clock Path Skew:        -0.049ns (DCD - SCD + CPR)
    Destination Clock Delay (DCD):    0.924ns = ( 10.924 - 10.000 ) 
    Source Clock Delay      (SCD):    0.973ns
    Clock Pessimism Removal (CPR):    0.000ns
  Clock Uncertainty:      0.035ns  ((TSJ^2 + TIJ^2)^1/2 + DJ) / 2 + PE
    Total System Jitter     (TSJ):    0.071ns
    Total Input Jitter      (TIJ):    0.000ns
    Discrete Jitter          (DJ):    0.000ns
    Phase Error              (PE):    0.000ns

    Location             Delay type                Incr(ns)  Path(ns)    Netlist Resource(s)
  -------------------------------------------------------------------    -------------------
                         (clock ap_clk rise edge)     0.000     0.000 r  
                                                      0.000     0.000 r  ap_clk (IN)
                         net (fo=6007, unset)         0.973     0.973    ap_clk
    SLICE_X28Y51         FDRE                                         r  underflow_1_reg_15730_reg[0]/C
  -------------------------------------------------------------------    -------------------
    SLICE_X28Y51         FDRE (Prop_fdre_C_Q)         0.419     1.392 r  underflow_1_reg_15730_reg[0]/Q
                         net (fo=81, routed)          1.405     2.797    mul_25s_24s_49_1_1_U8/fir_multiband_mul_25s_24s_49_1_1_Multiplier_1_U/underflow_1_reg_15730
    SLICE_X15Y43         LUT3 (Prop_lut3_I0_O)        0.299     3.096 r  mul_25s_24s_49_1_1_U8/fir_multiband_mul_25s_24s_49_1_1_Multiplier_1_U/p_i_82/O
                         net (fo=1, routed)           0.330     3.426    mul_25s_24s_49_1_1_U8/fir_multiband_mul_25s_24s_49_1_1_Multiplier_1_U/p_i_82_n_0
    SLICE_X15Y44         CARRY4 (Prop_carry4_CYINIT_CO[3])
                                                      0.580     4.006 r  mul_25s_24s_49_1_1_U8/fir_multiband_mul_25s_24s_49_1_1_Multiplier_1_U/p_i_69/CO[3]
                         net (fo=1, routed)           0.000     4.006    mul_25s_24s_49_1_1_U8/fir_multiband_mul_25s_24s_49_1_1_Multiplier_1_U/p_i_69_n_0
    SLICE_X15Y45         CARRY4 (Prop_carry4_CI_CO[3])
                                                      0.114     4.120 r  mul_25s_24s_49_1_1_U8/fir_multiband_mul_25s_24s_49_1_1_Multiplier_1_U/p_i_68/CO[3]
                         net (fo=1, routed)           0.000     4.120    mul_25s_24s_49_1_1_U8/fir_multiband_mul_25s_24s_49_1_1_Multiplier_1_U/p_i_68_n_0
    SLICE_X15Y46         CARRY4 (Prop_carry4_CI_CO[3])
                                                      0.114     4.234 r  mul_25s_24s_49_1_1_U8/fir_multiband_mul_25s_24s_49_1_1_Multiplier_1_U/p_i_67/CO[3]
                         net (fo=1, routed)           0.000     4.234    mul_25s_24s_49_1_1_U8/fir_multiband_mul_25s_24s_49_1_1_Multiplier_1_U/p_i_67_n_0
    SLICE_X15Y47         CARRY4 (Prop_carry4_CI_CO[3])
                                                      0.114     4.348 r  mul_25s_24s_49_1_1_U8/fir_multiband_mul_25s_24s_49_1_1_Multiplier_1_U/p_i_65/CO[3]
                         net (fo=1, routed)           0.000     4.348    mul_25s_24s_49_1_1_U8/fir_multiband_mul_25s_24s_49_1_1_Multiplier_1_U/p_i_65_n_0
    SLICE_X15Y48         CARRY4 (Prop_carry4_CI_CO[3])
                                                      0.114     4.462 r  mul_25s_24s_49_1_1_U8/fir_multiband_mul_25s_24s_49_1_1_Multiplier_1_U/icmp_ln1497_reg_15756_reg[0]_i_24/CO[3]
                         net (fo=1, routed)           0.000     4.462    mul_25s_24s_49_1_1_U8/fir_multiband_mul_25s_24s_49_1_1_Multiplier_1_U/icmp_ln1497_reg_15756_reg[0]_i_24_n_0
    SLICE_X15Y49         CARRY4 (Prop_carry4_CI_O[2])
                                                      0.239     4.701 r  mul_25s_24s_49_1_1_U8/fir_multiband_mul_25s_24s_49_1_1_Multiplier_1_U/icmp_ln1497_reg_15756_reg[0]_i_22/O[2]
                         net (fo=70, routed)          1.025     5.726    mul_25s_24s_49_1_1_U8/fir_multiband_mul_25s_24s_49_1_1_Multiplier_1_U/p_Val2_10_fu_8914_p2[22]
    SLICE_X14Y43         LUT6 (Prop_lut6_I4_O)        0.302     6.028 r  mul_25s_24s_49_1_1_U8/fir_multiband_mul_25s_24s_49_1_1_Multiplier_1_U/p_i_59/O
                         net (fo=1, routed)           0.513     6.542    mul_25s_24s_49_1_1_U8/fir_multiband_mul_25s_24s_49_1_1_Multiplier_1_U/p_0_in1_in[1]
    SLICE_X13Y43         CARRY4 (Prop_carry4_DI[1]_CO[3])
                                                      0.507     7.049 r  mul_25s_24s_49_1_1_U8/fir_multiband_mul_25s_24s_49_1_1_Multiplier_1_U/p_i_17/CO[3]
                         net (fo=1, routed)           0.000     7.049    mux_42_24_1_1_U6/p__0_1[0]
    SLICE_X13Y44         CARRY4 (Prop_carry4_CI_CO[3])
                                                      0.114     7.163 r  mux_42_24_1_1_U6/p_i_16/CO[3]
                         net (fo=1, routed)           0.000     7.163    mux_42_24_1_1_U6/p_i_16_n_0
    SLICE_X13Y45         CARRY4 (Prop_carry4_CI_CO[3])
                                                      0.114     7.277 r  mux_42_24_1_1_U6/p_i_15/CO[3]
                         net (fo=1, routed)           0.000     7.277    mux_42_24_1_1_U6/p_i_15_n_0
    SLICE_X13Y46         CARRY4 (Prop_carry4_CI_CO[3])
                                                      0.114     7.391 r  mux_42_24_1_1_U6/p_i_14/CO[3]
                         net (fo=1, routed)           0.000     7.391    mux_42_24_1_1_U6/p_i_14_n_0
    SLICE_X13Y47         CARRY4 (Prop_carry4_CI_CO[3])
                                                      0.114     7.505 r  mux_42_24_1_1_U6/p_i_13/CO[3]
                         net (fo=1, routed)           0.000     7.505    mux_42_24_1_1_U6/p_i_13_n_0
    SLICE_X13Y48         CARRY4 (Prop_carry4_CI_CO[3])
                                                      0.114     7.619 r  mux_42_24_1_1_U6/p_i_12/CO[3]
                         net (fo=1, routed)           0.000     7.619    mux_42_24_1_1_U6/p_i_12_n_0
    SLICE_X13Y49         CARRY4 (Prop_carry4_CI_O[0])
                                                      0.222     7.841 r  mux_42_24_1_1_U6/p_i_11/O[0]
                         net (fo=12, routed)          0.888     8.728    mul_25s_24s_49_1_1_U8/fir_multiband_mul_25s_24s_49_1_1_Multiplier_1_U/A[20]
    DSP48_X0Y16          DSP48E1                                      r  mul_25s_24s_49_1_1_U8/fir_multiband_mul_25s_24s_49_1_1_Multiplier_1_U/p/A[29]
  -------------------------------------------------------------------    -------------------

                         (clock ap_clk rise edge)    10.000    10.000 r  
                                                      0.000    10.000 r  ap_clk (IN)
                         net (fo=6007, unset)         0.924    10.924    mul_25s_24s_49_1_1_U8/fir_multiband_mul_25s_24s_49_1_1_Multiplier_1_U/ap_clk
    DSP48_X0Y16          DSP48E1                                      r  mul_25s_24s_49_1_1_U8/fir_multiband_mul_25s_24s_49_1_1_Multiplier_1_U/p/CLK
                         clock pessimism              0.000    10.924    
                         clock uncertainty           -0.035    10.889    
    DSP48_X0Y16          DSP48E1 (Setup_dsp48e1_CLK_A[29])
                                                     -0.537    10.352    mul_25s_24s_49_1_1_U8/fir_multiband_mul_25s_24s_49_1_1_Multiplier_1_U/p
  -------------------------------------------------------------------
                         required time                         10.352    
                         arrival time                          -8.728    
  -------------------------------------------------------------------
                         slack                                  1.624    

Slack (MET) :             1.688ns  (required time - arrival time)
  Source:                 underflow_1_reg_15730_reg[0]/C
                            (rising edge-triggered cell FDRE clocked by ap_clk  {rise@0.000ns fall@5.000ns period=10.000ns})
  Destination:            mul_25s_24s_49_1_1_U8/fir_multiband_mul_25s_24s_49_1_1_Multiplier_1_U/p__0/A[24]
                            (rising edge-triggered cell DSP48E1 clocked by ap_clk  {rise@0.000ns fall@5.000ns period=10.000ns})
  Path Group:             ap_clk
  Path Type:              Setup (Max at Slow Process Corner)
  Requirement:            10.000ns  (ap_clk rise@10.000ns - ap_clk rise@0.000ns)
  Data Path Delay:        7.691ns  (logic 3.594ns (46.730%)  route 4.097ns (53.270%))
  Logic Levels:           15  (CARRY4=13 LUT3=1 LUT6=1)
  Clock Path Skew:        -0.049ns (DCD - SCD + CPR)
    Destination Clock Delay (DCD):    0.924ns = ( 10.924 - 10.000 ) 
    Source Clock Delay      (SCD):    0.973ns
    Clock Pessimism Removal (CPR):    0.000ns
  Clock Uncertainty:      0.035ns  ((TSJ^2 + TIJ^2)^1/2 + DJ) / 2 + PE
    Total System Jitter     (TSJ):    0.071ns
    Total Input Jitter      (TIJ):    0.000ns
    Discrete Jitter          (DJ):    0.000ns
    Phase Error              (PE):    0.000ns

    Location             Delay type                Incr(ns)  Path(ns)    Netlist Resource(s)
  -------------------------------------------------------------------    -------------------
                         (clock ap_clk rise edge)     0.000     0.000 r  
                                                      0.000     0.000 r  ap_clk (IN)
                         net (fo=6007, unset)         0.973     0.973    ap_clk
    SLICE_X28Y51         FDRE                                         r  underflow_1_reg_15730_reg[0]/C
  -------------------------------------------------------------------    -------------------
    SLICE_X28Y51         FDRE (Prop_fdre_C_Q)         0.419     1.392 r  underflow_1_reg_15730_reg[0]/Q
                         net (fo=81, routed)          1.405     2.797    mul_25s_24s_49_1_1_U8/fir_multiband_mul_25s_24s_49_1_1_Multiplier_1_U/underflow_1_reg_15730
    SLICE_X15Y43         LUT3 (Prop_lut3_I0_O)        0.299     3.096 r  mul_25s_24s_49_1_1_U8/fir_multiband_mul_25s_24s_49_1_1_Multiplier_1_U/p_i_82/O
                         net (fo=1, routed)           0.330     3.426    mul_25s_24s_49_1_1_U8/fir_multiband_mul_25s_24s_49_1_1_Multiplier_1_U/p_i_82_n_0
    SLICE_X15Y44         CARRY4 (Prop_carry4_CYINIT_CO[3])
                                                      0.580     4.006 r  mul_25s_24s_49_1_1_U8/fir_multiband_mul_25s_24s_49_1_1_Multiplier_1_U/p_i_69/CO[3]
                         net (fo=1, routed)           0.000     4.006    mul_25s_24s_49_1_1_U8/fir_multiband_mul_25s_24s_49_1_1_Multiplier_1_U/p_i_69_n_0
    SLICE_X15Y45         CARRY4 (Prop_carry4_CI_CO[3])
                                                      0.114     4.120 r  mul_25s_24s_49_1_1_U8/fir_multiband_mul_25s_24s_49_1_1_Multiplier_1_U/p_i_68/CO[3]
                         net (fo=1, routed)           0.000     4.120    mul_25s_24s_49_1_1_U8/fir_multiband_mul_25s_24s_49_1_1_Multiplier_1_U/p_i_68_n_0
    SLICE_X15Y46         CARRY4 (Prop_carry4_CI_CO[3])
                                                      0.114     4.234 r  mul_25s_24s_49_1_1_U8/fir_multiband_mul_25s_24s_49_1_1_Multiplier_1_U/p_i_67/CO[3]
                         net (fo=1, routed)           0.000     4.234    mul_25s_24s_49_1_1_U8/fir_multiband_mul_25s_24s_49_1_1_Multiplier_1_U/p_i_67_n_0
    SLICE_X15Y47         CARRY4 (Prop_carry4_CI_CO[3])
                                                      0.114     4.348 r  mul_25s_24s_49_1_1_U8/fir_multiband_mul_25s_24s_49_1_1_Multiplier_1_U/p_i_65/CO[3]
                         net (fo=1, routed)           0.000     4.348    mul_25s_24s_49_1_1_U8/fir_multiband_mul_25s_24s_49_1_1_Multiplier_1_U/p_i_65_n_0
    SLICE_X15Y48         CARRY4 (Prop_carry4_CI_CO[3])
                                                      0.114     4.462 r  mul_25s_24s_49_1_1_U8/fir_multiband_mul_25s_24s_49_1_1_Multiplier_1_U/icmp_ln1497_reg_15756_reg[0]_i_24/CO[3]
                         net (fo=1, routed)           0.000     4.462    mul_25s_24s_49_1_1_U8/fir_multiband_mul_25s_24s_49_1_1_Multiplier_1_U/icmp_ln1497_reg_15756_reg[0]_i_24_n_0
    SLICE_X15Y49         CARRY4 (Prop_carry4_CI_O[2])
                                                      0.239     4.701 r  mul_25s_24s_49_1_1_U8/fir_multiband_mul_25s_24s_49_1_1_Multiplier_1_U/icmp_ln1497_reg_15756_reg[0]_i_22/O[2]
                         net (fo=70, routed)          1.025     5.726    mul_25s_24s_49_1_1_U8/fir_multiband_mul_25s_24s_49_1_1_Multiplier_1_U/p_Val2_10_fu_8914_p2[22]
    SLICE_X14Y43         LUT6 (Prop_lut6_I4_O)        0.302     6.028 r  mul_25s_24s_49_1_1_U8/fir_multiband_mul_25s_24s_49_1_1_Multiplier_1_U/p_i_59/O
                         net (fo=1, routed)           0.513     6.542    mul_25s_24s_49_1_1_U8/fir_multiband_mul_25s_24s_49_1_1_Multiplier_1_U/p_0_in1_in[1]
    SLICE_X13Y43         CARRY4 (Prop_carry4_DI[1]_CO[3])
                                                      0.507     7.049 r  mul_25s_24s_49_1_1_U8/fir_multiband_mul_25s_24s_49_1_1_Multiplier_1_U/p_i_17/CO[3]
                         net (fo=1, routed)           0.000     7.049    mux_42_24_1_1_U6/p__0_1[0]
    SLICE_X13Y44         CARRY4 (Prop_carry4_CI_CO[3])
                                                      0.114     7.163 r  mux_42_24_1_1_U6/p_i_16/CO[3]
                         net (fo=1, routed)           0.000     7.163    mux_42_24_1_1_U6/p_i_16_n_0
    SLICE_X13Y45         CARRY4 (Prop_carry4_CI_CO[3])
                                                      0.114     7.277 r  mux_42_24_1_1_U6/p_i_15/CO[3]
                         net (fo=1, routed)           0.000     7.277    mux_42_24_1_1_U6/p_i_15_n_0
    SLICE_X13Y46         CARRY4 (Prop_carry4_CI_CO[3])
                                                      0.114     7.391 r  mux_42_24_1_1_U6/p_i_14/CO[3]
                         net (fo=1, routed)           0.000     7.391    mux_42_24_1_1_U6/p_i_14_n_0
    SLICE_X13Y47         CARRY4 (Prop_carry4_CI_CO[3])
                                                      0.114     7.505 r  mux_42_24_1_1_U6/p_i_13/CO[3]
                         net (fo=1, routed)           0.000     7.505    mux_42_24_1_1_U6/p_i_13_n_0
    SLICE_X13Y48         CARRY4 (Prop_carry4_CI_CO[3])
                                                      0.114     7.619 r  mux_42_24_1_1_U6/p_i_12/CO[3]
                         net (fo=1, routed)           0.000     7.619    mux_42_24_1_1_U6/p_i_12_n_0
    SLICE_X13Y49         CARRY4 (Prop_carry4_CI_O[0])
                                                      0.222     7.841 r  mux_42_24_1_1_U6/p_i_11/O[0]
                         net (fo=12, routed)          0.824     8.664    mul_25s_24s_49_1_1_U8/fir_multiband_mul_25s_24s_49_1_1_Multiplier_1_U/A[20]
    DSP48_X0Y17          DSP48E1                                      r  mul_25s_24s_49_1_1_U8/fir_multiband_mul_25s_24s_49_1_1_Multiplier_1_U/p__0/A[24]
  -------------------------------------------------------------------    -------------------

                         (clock ap_clk rise edge)    10.000    10.000 r  
                                                      0.000    10.000 r  ap_clk (IN)
                         net (fo=6007, unset)         0.924    10.924    mul_25s_24s_49_1_1_U8/fir_multiband_mul_25s_24s_49_1_1_Multiplier_1_U/ap_clk
    DSP48_X0Y17          DSP48E1                                      r  mul_25s_24s_49_1_1_U8/fir_multiband_mul_25s_24s_49_1_1_Multiplier_1_U/p__0/CLK
                         clock pessimism              0.000    10.924    
                         clock uncertainty           -0.035    10.889    
    DSP48_X0Y17          DSP48E1 (Setup_dsp48e1_CLK_A[24])
                                                     -0.537    10.352    mul_25s_24s_49_1_1_U8/fir_multiband_mul_25s_24s_49_1_1_Multiplier_1_U/p__0
  -------------------------------------------------------------------
                         required time                         10.352    
                         arrival time                          -8.664    
  -------------------------------------------------------------------
                         slack                                  1.688    

Slack (MET) :             1.688ns  (required time - arrival time)
  Source:                 underflow_1_reg_15730_reg[0]/C
                            (rising edge-triggered cell FDRE clocked by ap_clk  {rise@0.000ns fall@5.000ns period=10.000ns})
  Destination:            mul_25s_24s_49_1_1_U8/fir_multiband_mul_25s_24s_49_1_1_Multiplier_1_U/p__0/A[25]
                            (rising edge-triggered cell DSP48E1 clocked by ap_clk  {rise@0.000ns fall@5.000ns period=10.000ns})
  Path Group:             ap_clk
  Path Type:              Setup (Max at Slow Process Corner)
  Requirement:            10.000ns  (ap_clk rise@10.000ns - ap_clk rise@0.000ns)
  Data Path Delay:        7.691ns  (logic 3.594ns (46.730%)  route 4.097ns (53.270%))
  Logic Levels:           15  (CARRY4=13 LUT3=1 LUT6=1)
  Clock Path Skew:        -0.049ns (DCD - SCD + CPR)
    Destination Clock Delay (DCD):    0.924ns = ( 10.924 - 10.000 ) 
    Source Clock Delay      (SCD):    0.973ns
    Clock Pessimism Removal (CPR):    0.000ns
  Clock Uncertainty:      0.035ns  ((TSJ^2 + TIJ^2)^1/2 + DJ) / 2 + PE
    Total System Jitter     (TSJ):    0.071ns
    Total Input Jitter      (TIJ):    0.000ns
    Discrete Jitter          (DJ):    0.000ns
    Phase Error              (PE):    0.000ns

    Location             Delay type                Incr(ns)  Path(ns)    Netlist Resource(s)
  -------------------------------------------------------------------    -------------------
                         (clock ap_clk rise edge)     0.000     0.000 r  
                                                      0.000     0.000 r  ap_clk (IN)
                         net (fo=6007, unset)         0.973     0.973    ap_clk
    SLICE_X28Y51         FDRE                                         r  underflow_1_reg_15730_reg[0]/C
  -------------------------------------------------------------------    -------------------
    SLICE_X28Y51         FDRE (Prop_fdre_C_Q)         0.419     1.392 r  underflow_1_reg_15730_reg[0]/Q
                         net (fo=81, routed)          1.405     2.797    mul_25s_24s_49_1_1_U8/fir_multiband_mul_25s_24s_49_1_1_Multiplier_1_U/underflow_1_reg_15730
    SLICE_X15Y43         LUT3 (Prop_lut3_I0_O)        0.299     3.096 r  mul_25s_24s_49_1_1_U8/fir_multiband_mul_25s_24s_49_1_1_Multiplier_1_U/p_i_82/O
                         net (fo=1, routed)           0.330     3.426    mul_25s_24s_49_1_1_U8/fir_multiband_mul_25s_24s_49_1_1_Multiplier_1_U/p_i_82_n_0
    SLICE_X15Y44         CARRY4 (Prop_carry4_CYINIT_CO[3])
                                                      0.580     4.006 r  mul_25s_24s_49_1_1_U8/fir_multiband_mul_25s_24s_49_1_1_Multiplier_1_U/p_i_69/CO[3]
                         net (fo=1, routed)           0.000     4.006    mul_25s_24s_49_1_1_U8/fir_multiband_mul_25s_24s_49_1_1_Multiplier_1_U/p_i_69_n_0
    SLICE_X15Y45         CARRY4 (Prop_carry4_CI_CO[3])
                                                      0.114     4.120 r  mul_25s_24s_49_1_1_U8/fir_multiband_mul_25s_24s_49_1_1_Multiplier_1_U/p_i_68/CO[3]
                         net (fo=1, routed)           0.000     4.120    mul_25s_24s_49_1_1_U8/fir_multiband_mul_25s_24s_49_1_1_Multiplier_1_U/p_i_68_n_0
    SLICE_X15Y46         CARRY4 (Prop_carry4_CI_CO[3])
                                                      0.114     4.234 r  mul_25s_24s_49_1_1_U8/fir_multiband_mul_25s_24s_49_1_1_Multiplier_1_U/p_i_67/CO[3]
                         net (fo=1, routed)           0.000     4.234    mul_25s_24s_49_1_1_U8/fir_multiband_mul_25s_24s_49_1_1_Multiplier_1_U/p_i_67_n_0
    SLICE_X15Y47         CARRY4 (Prop_carry4_CI_CO[3])
                                                      0.114     4.348 r  mul_25s_24s_49_1_1_U8/fir_multiband_mul_25s_24s_49_1_1_Multiplier_1_U/p_i_65/CO[3]
                         net (fo=1, routed)           0.000     4.348    mul_25s_24s_49_1_1_U8/fir_multiband_mul_25s_24s_49_1_1_Multiplier_1_U/p_i_65_n_0
    SLICE_X15Y48         CARRY4 (Prop_carry4_CI_CO[3])
                                                      0.114     4.462 r  mul_25s_24s_49_1_1_U8/fir_multiband_mul_25s_24s_49_1_1_Multiplier_1_U/icmp_ln1497_reg_15756_reg[0]_i_24/CO[3]
                         net (fo=1, routed)           0.000     4.462    mul_25s_24s_49_1_1_U8/fir_multiband_mul_25s_24s_49_1_1_Multiplier_1_U/icmp_ln1497_reg_15756_reg[0]_i_24_n_0
    SLICE_X15Y49         CARRY4 (Prop_carry4_CI_O[2])
                                                      0.239     4.701 r  mul_25s_24s_49_1_1_U8/fir_multiband_mul_25s_24s_49_1_1_Multiplier_1_U/icmp_ln1497_reg_15756_reg[0]_i_22/O[2]
                         net (fo=70, routed)          1.025     5.726    mul_25s_24s_49_1_1_U8/fir_multiband_mul_25s_24s_49_1_1_Multiplier_1_U/p_Val2_10_fu_8914_p2[22]
    SLICE_X14Y43         LUT6 (Prop_lut6_I4_O)        0.302     6.028 r  mul_25s_24s_49_1_1_U8/fir_multiband_mul_25s_24s_49_1_1_Multiplier_1_U/p_i_59/O
                         net (fo=1, routed)           0.513     6.542    mul_25s_24s_49_1_1_U8/fir_multiband_mul_25s_24s_49_1_1_Multiplier_1_U/p_0_in1_in[1]
    SLICE_X13Y43         CARRY4 (Prop_carry4_DI[1]_CO[3])
                                                      0.507     7.049 r  mul_25s_24s_49_1_1_U8/fir_multiband_mul_25s_24s_49_1_1_Multiplier_1_U/p_i_17/CO[3]
                         net (fo=1, routed)           0.000     7.049    mux_42_24_1_1_U6/p__0_1[0]
    SLICE_X13Y44         CARRY4 (Prop_carry4_CI_CO[3])
                                                      0.114     7.163 r  mux_42_24_1_1_U6/p_i_16/CO[3]
                         net (fo=1, routed)           0.000     7.163    mux_42_24_1_1_U6/p_i_16_n_0
    SLICE_X13Y45         CARRY4 (Prop_carry4_CI_CO[3])
                                                      0.114     7.277 r  mux_42_24_1_1_U6/p_i_15/CO[3]
                         net (fo=1, routed)           0.000     7.277    mux_42_24_1_1_U6/p_i_15_n_0
    SLICE_X13Y46         CARRY4 (Prop_carry4_CI_CO[3])
                                                      0.114     7.391 r  mux_42_24_1_1_U6/p_i_14/CO[3]
                         net (fo=1, routed)           0.000     7.391    mux_42_24_1_1_U6/p_i_14_n_0
    SLICE_X13Y47         CARRY4 (Prop_carry4_CI_CO[3])
                                                      0.114     7.505 r  mux_42_24_1_1_U6/p_i_13/CO[3]
                         net (fo=1, routed)           0.000     7.505    mux_42_24_1_1_U6/p_i_13_n_0
    SLICE_X13Y48         CARRY4 (Prop_carry4_CI_CO[3])
                                                      0.114     7.619 r  mux_42_24_1_1_U6/p_i_12/CO[3]
                         net (fo=1, routed)           0.000     7.619    mux_42_24_1_1_U6/p_i_12_n_0
    SLICE_X13Y49         CARRY4 (Prop_carry4_CI_O[0])
                                                      0.222     7.841 r  mux_42_24_1_1_U6/p_i_11/O[0]
                         net (fo=12, routed)          0.824     8.664    mul_25s_24s_49_1_1_U8/fir_multiband_mul_25s_24s_49_1_1_Multiplier_1_U/A[20]
    DSP48_X0Y17          DSP48E1                                      r  mul_25s_24s_49_1_1_U8/fir_multiband_mul_25s_24s_49_1_1_Multiplier_1_U/p__0/A[25]
  -------------------------------------------------------------------    -------------------

                         (clock ap_clk rise edge)    10.000    10.000 r  
                                                      0.000    10.000 r  ap_clk (IN)
                         net (fo=6007, unset)         0.924    10.924    mul_25s_24s_49_1_1_U8/fir_multiband_mul_25s_24s_49_1_1_Multiplier_1_U/ap_clk
    DSP48_X0Y17          DSP48E1                                      r  mul_25s_24s_49_1_1_U8/fir_multiband_mul_25s_24s_49_1_1_Multiplier_1_U/p__0/CLK
                         clock pessimism              0.000    10.924    
                         clock uncertainty           -0.035    10.889    
    DSP48_X0Y17          DSP48E1 (Setup_dsp48e1_CLK_A[25])
                                                     -0.537    10.352    mul_25s_24s_49_1_1_U8/fir_multiband_mul_25s_24s_49_1_1_Multiplier_1_U/p__0
  -------------------------------------------------------------------
                         required time                         10.352    
                         arrival time                          -8.664    
  -------------------------------------------------------------------
                         slack                                  1.688    

Slack (MET) :             1.688ns  (required time - arrival time)
  Source:                 underflow_1_reg_15730_reg[0]/C
                            (rising edge-triggered cell FDRE clocked by ap_clk  {rise@0.000ns fall@5.000ns period=10.000ns})
  Destination:            mul_25s_24s_49_1_1_U8/fir_multiband_mul_25s_24s_49_1_1_Multiplier_1_U/p__0/A[26]
                            (rising edge-triggered cell DSP48E1 clocked by ap_clk  {rise@0.000ns fall@5.000ns period=10.000ns})
  Path Group:             ap_clk
  Path Type:              Setup (Max at Slow Process Corner)
  Requirement:            10.000ns  (ap_clk rise@10.000ns - ap_clk rise@0.000ns)
  Data Path Delay:        7.691ns  (logic 3.594ns (46.730%)  route 4.097ns (53.270%))
  Logic Levels:           15  (CARRY4=13 LUT3=1 LUT6=1)
  Clock Path Skew:        -0.049ns (DCD - SCD + CPR)
    Destination Clock Delay (DCD):    0.924ns = ( 10.924 - 10.000 ) 
    Source Clock Delay      (SCD):    0.973ns
    Clock Pessimism Removal (CPR):    0.000ns
  Clock Uncertainty:      0.035ns  ((TSJ^2 + TIJ^2)^1/2 + DJ) / 2 + PE
    Total System Jitter     (TSJ):    0.071ns
    Total Input Jitter      (TIJ):    0.000ns
    Discrete Jitter          (DJ):    0.000ns
    Phase Error              (PE):    0.000ns

    Location             Delay type                Incr(ns)  Path(ns)    Netlist Resource(s)
  -------------------------------------------------------------------    -------------------
                         (clock ap_clk rise edge)     0.000     0.000 r  
                                                      0.000     0.000 r  ap_clk (IN)
                         net (fo=6007, unset)         0.973     0.973    ap_clk
    SLICE_X28Y51         FDRE                                         r  underflow_1_reg_15730_reg[0]/C
  -------------------------------------------------------------------    -------------------
    SLICE_X28Y51         FDRE (Prop_fdre_C_Q)         0.419     1.392 r  underflow_1_reg_15730_reg[0]/Q
                         net (fo=81, routed)          1.405     2.797    mul_25s_24s_49_1_1_U8/fir_multiband_mul_25s_24s_49_1_1_Multiplier_1_U/underflow_1_reg_15730
    SLICE_X15Y43         LUT3 (Prop_lut3_I0_O)        0.299     3.096 r  mul_25s_24s_49_1_1_U8/fir_multiband_mul_25s_24s_49_1_1_Multiplier_1_U/p_i_82/O
                         net (fo=1, routed)           0.330     3.426    mul_25s_24s_49_1_1_U8/fir_multiband_mul_25s_24s_49_1_1_Multiplier_1_U/p_i_82_n_0
    SLICE_X15Y44         CARRY4 (Prop_carry4_CYINIT_CO[3])
                                                      0.580     4.006 r  mul_25s_24s_49_1_1_U8/fir_multiband_mul_25s_24s_49_1_1_Multiplier_1_U/p_i_69/CO[3]
                         net (fo=1, routed)           0.000     4.006    mul_25s_24s_49_1_1_U8/fir_multiband_mul_25s_24s_49_1_1_Multiplier_1_U/p_i_69_n_0
    SLICE_X15Y45         CARRY4 (Prop_carry4_CI_CO[3])
                                                      0.114     4.120 r  mul_25s_24s_49_1_1_U8/fir_multiband_mul_25s_24s_49_1_1_Multiplier_1_U/p_i_68/CO[3]
                         net (fo=1, routed)           0.000     4.120    mul_25s_24s_49_1_1_U8/fir_multiband_mul_25s_24s_49_1_1_Multiplier_1_U/p_i_68_n_0
    SLICE_X15Y46         CARRY4 (Prop_carry4_CI_CO[3])
                                                      0.114     4.234 r  mul_25s_24s_49_1_1_U8/fir_multiband_mul_25s_24s_49_1_1_Multiplier_1_U/p_i_67/CO[3]
                         net (fo=1, routed)           0.000     4.234    mul_25s_24s_49_1_1_U8/fir_multiband_mul_25s_24s_49_1_1_Multiplier_1_U/p_i_67_n_0
    SLICE_X15Y47         CARRY4 (Prop_carry4_CI_CO[3])
                                                      0.114     4.348 r  mul_25s_24s_49_1_1_U8/fir_multiband_mul_25s_24s_49_1_1_Multiplier_1_U/p_i_65/CO[3]
                         net (fo=1, routed)           0.000     4.348    mul_25s_24s_49_1_1_U8/fir_multiband_mul_25s_24s_49_1_1_Multiplier_1_U/p_i_65_n_0
    SLICE_X15Y48         CARRY4 (Prop_carry4_CI_CO[3])
                                                      0.114     4.462 r  mul_25s_24s_49_1_1_U8/fir_multiband_mul_25s_24s_49_1_1_Multiplier_1_U/icmp_ln1497_reg_15756_reg[0]_i_24/CO[3]
                         net (fo=1, routed)           0.000     4.462    mul_25s_24s_49_1_1_U8/fir_multiband_mul_25s_24s_49_1_1_Multiplier_1_U/icmp_ln1497_reg_15756_reg[0]_i_24_n_0
    SLICE_X15Y49         CARRY4 (Prop_carry4_CI_O[2])
                                                      0.239     4.701 r  mul_25s_24s_49_1_1_U8/fir_multiband_mul_25s_24s_49_1_1_Multiplier_1_U/icmp_ln1497_reg_15756_reg[0]_i_22/O[2]
                         net (fo=70, routed)          1.025     5.726    mul_25s_24s_49_1_1_U8/fir_multiband_mul_25s_24s_49_1_1_Multiplier_1_U/p_Val2_10_fu_8914_p2[22]
    SLICE_X14Y43         LUT6 (Prop_lut6_I4_O)        0.302     6.028 r  mul_25s_24s_49_1_1_U8/fir_multiband_mul_25s_24s_49_1_1_Multiplier_1_U/p_i_59/O
                         net (fo=1, routed)           0.513     6.542    mul_25s_24s_49_1_1_U8/fir_multiband_mul_25s_24s_49_1_1_Multiplier_1_U/p_0_in1_in[1]
    SLICE_X13Y43         CARRY4 (Prop_carry4_DI[1]_CO[3])
                                                      0.507     7.049 r  mul_25s_24s_49_1_1_U8/fir_multiband_mul_25s_24s_49_1_1_Multiplier_1_U/p_i_17/CO[3]
                         net (fo=1, routed)           0.000     7.049    mux_42_24_1_1_U6/p__0_1[0]
    SLICE_X13Y44         CARRY4 (Prop_carry4_CI_CO[3])
                                                      0.114     7.163 r  mux_42_24_1_1_U6/p_i_16/CO[3]
                         net (fo=1, routed)           0.000     7.163    mux_42_24_1_1_U6/p_i_16_n_0
    SLICE_X13Y45         CARRY4 (Prop_carry4_CI_CO[3])
                                                      0.114     7.277 r  mux_42_24_1_1_U6/p_i_15/CO[3]
                         net (fo=1, routed)           0.000     7.277    mux_42_24_1_1_U6/p_i_15_n_0
    SLICE_X13Y46         CARRY4 (Prop_carry4_CI_CO[3])
                                                      0.114     7.391 r  mux_42_24_1_1_U6/p_i_14/CO[3]
                         net (fo=1, routed)           0.000     7.391    mux_42_24_1_1_U6/p_i_14_n_0
    SLICE_X13Y47         CARRY4 (Prop_carry4_CI_CO[3])
                                                      0.114     7.505 r  mux_42_24_1_1_U6/p_i_13/CO[3]
                         net (fo=1, routed)           0.000     7.505    mux_42_24_1_1_U6/p_i_13_n_0
    SLICE_X13Y48         CARRY4 (Prop_carry4_CI_CO[3])
                                                      0.114     7.619 r  mux_42_24_1_1_U6/p_i_12/CO[3]
                         net (fo=1, routed)           0.000     7.619    mux_42_24_1_1_U6/p_i_12_n_0
    SLICE_X13Y49         CARRY4 (Prop_carry4_CI_O[0])
                                                      0.222     7.841 r  mux_42_24_1_1_U6/p_i_11/O[0]
                         net (fo=12, routed)          0.824     8.664    mul_25s_24s_49_1_1_U8/fir_multiband_mul_25s_24s_49_1_1_Multiplier_1_U/A[20]
    DSP48_X0Y17          DSP48E1                                      r  mul_25s_24s_49_1_1_U8/fir_multiband_mul_25s_24s_49_1_1_Multiplier_1_U/p__0/A[26]
  -------------------------------------------------------------------    -------------------

                         (clock ap_clk rise edge)    10.000    10.000 r  
                                                      0.000    10.000 r  ap_clk (IN)
                         net (fo=6007, unset)         0.924    10.924    mul_25s_24s_49_1_1_U8/fir_multiband_mul_25s_24s_49_1_1_Multiplier_1_U/ap_clk
    DSP48_X0Y17          DSP48E1                                      r  mul_25s_24s_49_1_1_U8/fir_multiband_mul_25s_24s_49_1_1_Multiplier_1_U/p__0/CLK
                         clock pessimism              0.000    10.924    
                         clock uncertainty           -0.035    10.889    
    DSP48_X0Y17          DSP48E1 (Setup_dsp48e1_CLK_A[26])
                                                     -0.537    10.352    mul_25s_24s_49_1_1_U8/fir_multiband_mul_25s_24s_49_1_1_Multiplier_1_U/p__0
  -------------------------------------------------------------------
                         required time                         10.352    
                         arrival time                          -8.664    
  -------------------------------------------------------------------
                         slack                                  1.688    




