

================================================================
== Vitis HLS Report for 'fir_multiband'
================================================================
* Date:           Tue Sep 29 15:34:10 2026

* Version:        2020.2 (Build 3064766 on Wed Nov 18 09:12:45 MST 2020)
* Project:        synth_proj
* Solution:       solution1 (Vivado IP Flow Target)
* Product family: zynq
* Target device:  xc7z020-clg400-1


================================================================
== Performance Estimates
================================================================
+ Timing: 
    * Summary: 
    +--------+----------+----------+------------+
    |  Clock |  Target  | Estimated| Uncertainty|
    +--------+----------+----------+------------+
    |ap_clk  |  10.00 ns|  8.495 ns|     2.70 ns|
    +--------+----------+----------+------------+

+ Latency: 
    * Summary: 
    +---------+---------+----------+----------+-----+-----+---------+
    |  Latency (cycles) |  Latency (absolute) |  Interval | Pipeline|
    |   min   |   max   |    min   |    max   | min | max |   Type  |
    +---------+---------+----------+----------+-----+-----+---------+
    |        ?|        ?|         ?|         ?|    ?|    ?|     none|
    +---------+---------+----------+----------+-----+-----+---------+

    + Detail: 
        * Instance: 
        N/A

        * Loop: 
        +---------------------+---------+---------+----------+-----------+-----------+------+----------+
        |                     |  Latency (cycles) | Iteration|  Initiation Interval  | Trip |          |
        |      Loop Name      |   min   |   max   |  Latency |  achieved |   target  | Count| Pipelined|
        +---------------------+---------+---------+----------+-----------+-----------+------+----------+
        |- VITIS_LOOP_91_1    |       65|       65|         1|          1|          1|    65|       yes|
        |- VITIS_LOOP_95_2    |        ?|        ?|       327|          -|          -|     ?|        no|
        | + VITIS_LOOP_102_3  |      137|      137|        12|          2|          1|    64|       yes|
        | + VITIS_LOOP_109_4  |      178|      178|       137|         14|          1|     4|       yes|
        +---------------------+---------+---------+----------+-----------+-----------+------+----------+



================================================================
== Utilization Estimates
================================================================
* Summary: 
+-----------------+---------+-----+--------+-------+-----+
|       Name      | BRAM_18K| DSP |   FF   |  LUT  | URAM|
+-----------------+---------+-----+--------+-------+-----+
|DSP              |        -|    -|       -|      -|    -|
|Expression       |        -|    -|       0|   1303|    -|
|FIFO             |        -|    -|       -|      -|    -|
|Instance         |        -|   27|    2419|   4885|    -|
|Memory           |        8|    -|     320|     35|    -|
|Multiplexer      |        -|    -|       -|   2305|    -|
|Register         |        -|    -|    9888|   1408|    -|
+-----------------+---------+-----+--------+-------+-----+
|Total            |        8|   27|   12627|   9936|    0|
+-----------------+---------+-----+--------+-------+-----+
|Available        |      280|  220|  106400|  53200|    0|
+-----------------+---------+-----+--------+-------+-----+
|Utilization (%)  |        2|   12|      11|     18|    0|
+-----------------+---------+-----+--------+-------+-----+

+ Detail: 
    * Instance: 
    +--------------------------------------+----------------------------------+---------+----+-----+-----+-----+
    |               Instance               |              Module              | BRAM_18K| DSP|  FF | LUT | URAM|
    +--------------------------------------+----------------------------------+---------+----+-----+-----+-----+
    |facc_32ns_32ns_1ns_32_6_no_dsp_1_U17  |facc_32ns_32ns_1ns_32_6_no_dsp_1  |        0|   0|  312|  721|    0|
    |fadd_32ns_32ns_32_5_full_dsp_1_U6     |fadd_32ns_32ns_32_5_full_dsp_1    |        0|   2|  205|  390|    0|
    |fadd_32ns_32ns_32_5_full_dsp_1_U7     |fadd_32ns_32ns_32_5_full_dsp_1    |        0|   2|  205|  390|    0|
    |fadd_32ns_32ns_32_5_full_dsp_1_U8     |fadd_32ns_32ns_32_5_full_dsp_1    |        0|   2|  205|  390|    0|
    |fadd_32ns_32ns_32_5_full_dsp_1_U9     |fadd_32ns_32ns_32_5_full_dsp_1    |        0|   2|  205|  390|    0|
    |fadd_32ns_32ns_32_5_full_dsp_1_U10    |fadd_32ns_32ns_32_5_full_dsp_1    |        0|   2|  205|  390|    0|
    |fadd_32ns_32ns_32_5_full_dsp_1_U11    |fadd_32ns_32ns_32_5_full_dsp_1    |        0|   2|  205|  390|    0|
    |fcmp_32ns_32ns_1_2_no_dsp_1_U12       |fcmp_32ns_32ns_1_2_no_dsp_1       |        0|   0|    0|    0|    0|
    |fmul_32ns_32ns_32_4_max_dsp_1_U1      |fmul_32ns_32ns_32_4_max_dsp_1     |        0|   3|  143|  321|    0|
    |fmul_32ns_32ns_32_4_max_dsp_1_U2      |fmul_32ns_32ns_32_4_max_dsp_1     |        0|   3|  143|  321|    0|
    |fmul_32ns_32ns_32_4_max_dsp_1_U3      |fmul_32ns_32ns_32_4_max_dsp_1     |        0|   3|  143|  321|    0|
    |fmul_32ns_32ns_32_4_max_dsp_1_U4      |fmul_32ns_32ns_32_4_max_dsp_1     |        0|   3|  143|  321|    0|
    |fmul_32ns_32ns_32_4_max_dsp_1_U5      |fmul_32ns_32ns_32_4_max_dsp_1     |        0|   3|  143|  321|    0|
    |mul_6ns_8ns_13_1_1_U14                |mul_6ns_8ns_13_1_1                |        0|   0|    0|   41|    0|
    |mul_7ns_9ns_15_1_1_U16                |mul_7ns_9ns_15_1_1                |        0|   0|    0|   51|    0|
    |mux_564_32_1_1_U15                    |mux_564_32_1_1                    |        0|   0|    0|   25|    0|
    |urem_7ns_4ns_7_11_1_U13               |urem_7ns_4ns_7_11_1               |        0|   0|  162|  102|    0|
    +--------------------------------------+----------------------------------+---------+----+-----+-----+-----+
    |Total                                 |                                  |        0|  27| 2419| 4885|    0|
    +--------------------------------------+----------------------------------+---------+----+-----+-----+-----+

    * DSP: 
    N/A

    * Memory: 
    +--------------+------------+---------+----+----+-----+------+-----+------+-------------+
    |    Memory    |   Module   | BRAM_18K| FF | LUT| URAM| Words| Bits| Banks| W*Bits*Banks|
    +--------------+------------+---------+----+----+-----+------+-----+------+-------------+
    |FIR_COEFFS_U  |FIR_COEFFS  |        8|   0|   0|    0|   260|   32|     1|         8320|
    |hist_0_U      |hist_0      |        0|  64|   7|    0|    13|   32|     1|          416|
    |hist_1_U      |hist_1      |        0|  64|   7|    0|    13|   32|     1|          416|
    |hist_2_U      |hist_1      |        0|  64|   7|    0|    13|   32|     1|          416|
    |hist_3_U      |hist_1      |        0|  64|   7|    0|    13|   32|     1|          416|
    |hist_4_U      |hist_1      |        0|  64|   7|    0|    13|   32|     1|          416|
    +--------------+------------+---------+----+----+-----+------+-----+------+-------------+
    |Total         |            |        8| 320|  35|    0|   325|  192|     6|        10400|
    +--------------+------------+---------+----+----+-----+------+-----+------+-------------+

    * FIFO: 
    N/A

    * Expression: 
    +-------------------------+----------+----+---+----+------------+------------+
    |      Variable Name      | Operation| DSP| FF| LUT| Bitwidth P0| Bitwidth P1|
    +-------------------------+----------+----+---+----+------------+------------+
    |add_ln102_fu_2247_p2     |         +|   0|  0|  14|           7|           2|
    |add_ln103_fu_2257_p2     |         +|   0|  0|  14|           6|           2|
    |add_ln109_fu_2348_p2     |         +|   0|  0|  11|           3|           1|
    |add_ln127_10_fu_2447_p2  |         +|   0|  0|  14|           9|           4|
    |add_ln127_11_fu_2457_p2  |         +|   0|  0|  14|           9|           4|
    |add_ln127_12_fu_2497_p2  |         +|   0|  0|  14|           9|           4|
    |add_ln127_13_fu_2537_p2  |         +|   0|  0|  14|           9|           4|
    |add_ln127_14_fu_2577_p2  |         +|   0|  0|  14|           9|           4|
    |add_ln127_15_fu_2467_p2  |         +|   0|  0|  14|           9|           4|
    |add_ln127_16_fu_2507_p2  |         +|   0|  0|  14|           9|           5|
    |add_ln127_17_fu_2547_p2  |         +|   0|  0|  14|           9|           5|
    |add_ln127_18_fu_2587_p2  |         +|   0|  0|  14|           9|           5|
    |add_ln127_19_fu_2627_p2  |         +|   0|  0|  14|           9|           5|
    |add_ln127_1_fu_2383_p2   |         +|   0|  0|  14|           9|           1|
    |add_ln127_20_fu_2517_p2  |         +|   0|  0|  14|           9|           5|
    |add_ln127_21_fu_2557_p2  |         +|   0|  0|  14|           9|           5|
    |add_ln127_22_fu_2597_p2  |         +|   0|  0|  14|           9|           5|
    |add_ln127_23_fu_2637_p2  |         +|   0|  0|  14|           9|           5|
    |add_ln127_24_fu_2677_p2  |         +|   0|  0|  14|           9|           5|
    |add_ln127_25_fu_2567_p2  |         +|   0|  0|  14|           9|           5|
    |add_ln127_26_fu_2607_p2  |         +|   0|  0|  14|           9|           5|
    |add_ln127_27_fu_2647_p2  |         +|   0|  0|  14|           9|           5|
    |add_ln127_28_fu_2687_p2  |         +|   0|  0|  14|           9|           5|
    |add_ln127_29_fu_2727_p2  |         +|   0|  0|  14|           9|           5|
    |add_ln127_2_fu_2394_p2   |         +|   0|  0|  14|           9|           2|
    |add_ln127_30_fu_2617_p2  |         +|   0|  0|  14|           9|           5|
    |add_ln127_31_fu_2657_p2  |         +|   0|  0|  14|           9|           5|
    |add_ln127_32_fu_2697_p2  |         +|   0|  0|  14|           9|           6|
    |add_ln127_33_fu_2737_p2  |         +|   0|  0|  14|           9|           6|
    |add_ln127_34_fu_2777_p2  |         +|   0|  0|  14|           9|           6|
    |add_ln127_35_fu_2667_p2  |         +|   0|  0|  14|           9|           6|
    |add_ln127_36_fu_2707_p2  |         +|   0|  0|  14|           9|           6|
    |add_ln127_37_fu_2747_p2  |         +|   0|  0|  14|           9|           6|
    |add_ln127_38_fu_2787_p2  |         +|   0|  0|  14|           9|           6|
    |add_ln127_39_fu_2827_p2  |         +|   0|  0|  14|           9|           6|
    |add_ln127_3_fu_2427_p2   |         +|   0|  0|  14|           9|           2|
    |add_ln127_40_fu_2717_p2  |         +|   0|  0|  14|           9|           6|
    |add_ln127_41_fu_2757_p2  |         +|   0|  0|  14|           9|           6|
    |add_ln127_42_fu_2797_p2  |         +|   0|  0|  14|           9|           6|
    |add_ln127_43_fu_2837_p2  |         +|   0|  0|  14|           9|           6|
    |add_ln127_44_fu_2877_p2  |         +|   0|  0|  14|           9|           6|
    |add_ln127_45_fu_2767_p2  |         +|   0|  0|  14|           9|           6|
    |add_ln127_46_fu_2807_p2  |         +|   0|  0|  14|           9|           6|
    |add_ln127_47_fu_2847_p2  |         +|   0|  0|  14|           9|           6|
    |add_ln127_48_fu_2887_p2  |         +|   0|  0|  14|           9|           6|
    |add_ln127_49_fu_2927_p2  |         +|   0|  0|  14|           9|           6|
    |add_ln127_4_fu_2477_p2   |         +|   0|  0|  14|           9|           3|
    |add_ln127_50_fu_2817_p2  |         +|   0|  0|  14|           9|           6|
    |add_ln127_51_fu_2857_p2  |         +|   0|  0|  14|           9|           6|
    |add_ln127_52_fu_2897_p2  |         +|   0|  0|  14|           9|           6|
    |add_ln127_53_fu_2937_p2  |         +|   0|  0|  14|           9|           6|
    |add_ln127_54_fu_2947_p2  |         +|   0|  0|  14|           9|           6|
    |add_ln127_55_fu_2867_p2  |         +|   0|  0|  14|           9|           6|
    |add_ln127_56_fu_2907_p2  |         +|   0|  0|  14|           9|           6|
    |add_ln127_57_fu_2957_p2  |         +|   0|  0|  14|           9|           6|
    |add_ln127_58_fu_2977_p2  |         +|   0|  0|  14|           9|           6|
    |add_ln127_59_fu_2987_p2  |         +|   0|  0|  14|           9|           6|
    |add_ln127_5_fu_2405_p2   |         +|   0|  0|  14|           9|           3|
    |add_ln127_60_fu_2917_p2  |         +|   0|  0|  14|           9|           6|
    |add_ln127_61_fu_2967_p2  |         +|   0|  0|  14|           9|           6|
    |add_ln127_62_fu_2997_p2  |         +|   0|  0|  14|           9|           6|
    |add_ln127_63_fu_3007_p2  |         +|   0|  0|  14|           9|           6|
    |add_ln127_64_fu_3017_p2  |         +|   0|  0|  14|           9|           7|
    |add_ln127_6_fu_2416_p2   |         +|   0|  0|  14|           9|           3|
    |add_ln127_7_fu_2437_p2   |         +|   0|  0|  14|           9|           3|
    |add_ln127_8_fu_2487_p2   |         +|   0|  0|  14|           9|           4|
    |add_ln127_9_fu_2527_p2   |         +|   0|  0|  14|           9|           4|
    |add_ln127_fu_2372_p2     |         +|   0|  0|  14|           9|           9|
    |add_ln91_fu_2159_p2      |         +|   0|  0|  14|           7|           1|
    |add_ln92_fu_2175_p2      |         +|   0|  0|  17|          14|           8|
    |add_ln95_fu_2224_p2      |         +|   0|  0|  39|          32|           1|
    |next_urem_fu_2200_p2     |         +|   0|  0|  14|           7|           1|
    |and_ln67_fu_3067_p2      |       and|   0|  0|   2|           1|           1|
    |and_ln68_fu_3130_p2      |       and|   0|  0|   2|           1|           1|
    |ap_condition_2486        |       and|   0|  0|   2|           1|           1|
    |ap_condition_2492        |       and|   0|  0|   2|           1|           1|
    |empty_18_fu_2206_p2      |      icmp|   0|  0|  10|           7|           3|
    |icmp_ln102_fu_2235_p2    |      icmp|   0|  0|  10|           7|           1|
    |icmp_ln109_fu_2354_p2    |      icmp|   0|  0|   9|           3|           4|
    |icmp_ln137_fu_3027_p2    |      icmp|   0|  0|   9|           3|           4|
    |icmp_ln67_1_fu_3055_p2   |      icmp|   0|  0|  15|          23|           1|
    |icmp_ln67_fu_3049_p2     |      icmp|   0|  0|  11|           8|           2|
    |icmp_ln68_1_fu_3112_p2   |      icmp|   0|  0|  15|          23|           1|
    |icmp_ln68_fu_3106_p2     |      icmp|   0|  0|  11|           8|           2|
    |icmp_ln91_fu_2165_p2     |      icmp|   0|  0|  10|           7|           7|
    |icmp_ln95_fu_2230_p2     |      icmp|   0|  0|  18|          32|          32|
    |or_ln67_fu_3061_p2       |        or|   0|  0|   2|           1|           1|
    |or_ln68_fu_3126_p2       |        or|   0|  0|   2|           1|           1|
    |a_fu_3082_p3             |    select|   0|  0|  32|           1|          32|
    |idx_urem_fu_2212_p3      |    select|   0|  0|   7|           1|           7|
    |select_ln68_fu_3135_p3   |    select|   0|  0|  32|           1|          32|
    |sign_fu_3118_p3          |    select|   0|  0|  32|           1|          32|
    |ap_enable_pp1            |       xor|   0|  0|   2|           1|           2|
    |ap_enable_pp2            |       xor|   0|  0|   2|           1|           2|
    |xor_ln67_fu_3073_p2      |       xor|   0|  0|  33|          32|          33|
    +-------------------------+----------+----+---+----+------------+------------+
    |Total                    |          |   0|  0|1303|         826|         556|
    +-------------------------+----------+----+---+----+------------+------------+

    * Multiplexer: 
    +-------------------------------+-----+-----------+-----+-----------+
    |              Name             | LUT | Input Size| Bits| Total Bits|
    +-------------------------------+-----+-----------+-----+-----------+
    |FIR_COEFFS_address0            |   65|         14|    9|        126|
    |FIR_COEFFS_address1            |   65|         14|    9|        126|
    |FIR_COEFFS_address2            |   65|         14|    9|        126|
    |FIR_COEFFS_address3            |   65|         14|    9|        126|
    |FIR_COEFFS_address4            |   65|         14|    9|        126|
    |acc_reg_1548                   |    9|          2|   32|         64|
    |ap_NS_fsm                      |  134|         30|    1|         30|
    |ap_enable_reg_pp1_iter5        |    9|          2|    1|          2|
    |ap_enable_reg_pp2_iter9        |    9|          2|    1|          2|
    |ap_phi_mux_b_phi_fu_1541_p4    |    9|          2|    3|          6|
    |ap_phi_mux_k_1_phi_fu_1529_p4  |    9|          2|    7|         14|
    |b_reg_1537                     |    9|          2|    3|          6|
    |grp_fu_1560_p0                 |   65|         14|   32|        448|
    |grp_fu_1560_p1                 |   31|          6|   32|        192|
    |grp_fu_1561_p0                 |   65|         15|   32|        480|
    |grp_fu_1561_p1                 |   37|          7|   32|        224|
    |grp_fu_1562_p0                 |   65|         14|   32|        448|
    |grp_fu_1562_p1                 |   31|          6|   32|        192|
    |grp_fu_1563_p0                 |   65|         15|   32|        480|
    |grp_fu_1563_p1                 |   37|          7|   32|        224|
    |grp_fu_1564_p0                 |   65|         14|   32|        448|
    |grp_fu_1564_p1                 |   31|          6|   32|        192|
    |grp_fu_1863_p0                 |   59|         11|   32|        352|
    |grp_fu_1863_p1                 |   65|         13|   32|        416|
    |grp_fu_1868_p0                 |   59|         11|   32|        352|
    |grp_fu_1868_p1                 |   65|         15|   32|        480|
    |grp_fu_1873_p0                 |   59|         11|   32|        352|
    |grp_fu_1873_p1                 |   65|         14|   32|        448|
    |grp_fu_1878_p0                 |   59|         11|   32|        352|
    |grp_fu_1878_p1                 |   65|         15|   32|        480|
    |grp_fu_1882_p0                 |   53|         10|   32|        320|
    |grp_fu_1882_p1                 |   65|         13|   32|        416|
    |grp_fu_1886_p0                 |   25|          5|   32|        160|
    |grp_fu_1886_p1                 |   25|          5|   32|        160|
    |grp_fu_1892_opcode             |   14|          3|    5|         15|
    |grp_fu_1892_p0                 |   14|          3|   32|         96|
    |grp_fu_1892_p1                 |   14|          3|   32|         96|
    |hist_0_address0                |   53|         10|    4|         40|
    |hist_0_address1                |   42|          8|    4|         32|
    |hist_0_d0                      |   14|          3|   32|         96|
    |hist_1_address0                |   59|         11|    4|         44|
    |hist_1_address1                |   37|          7|    4|         28|
    |hist_1_d0                      |   14|          3|   32|         96|
    |hist_2_address0                |   59|         11|    4|         44|
    |hist_2_address1                |   37|          7|    4|         28|
    |hist_2_d0                      |   14|          3|   32|         96|
    |hist_3_address0                |   59|         11|    4|         44|
    |hist_3_address1                |   37|          7|    4|         28|
    |hist_3_d0                      |   14|          3|   32|         96|
    |hist_4_address0                |   59|         11|    4|         44|
    |hist_4_address1                |   37|          7|    4|         28|
    |hist_4_d0                      |   14|          3|   32|         96|
    |k_1_reg_1525                   |    9|          2|    7|         14|
    |k_reg_1481                     |    9|          2|    7|         14|
    |n_reg_1514                     |    9|          2|   32|         64|
    |phi_mul_reg_1492               |    9|          2|   14|         28|
    |phi_urem_reg_1503              |    9|          2|    7|         14|
    +-------------------------------+-----+-----------+-----+-----------+
    |Total                          | 2305|        474| 1133|       9551|
    +-------------------------------+-----+-----------+-----+-----------+

    * Register: 
    +-----------------------------------+----+----+-----+-----------+
    |                Name               | FF | LUT| Bits| Const Bits|
    +-----------------------------------+----+----+-----+-----------+
    |FIR_COEFFS_load_58_reg_4511        |  32|   0|   32|          0|
    |FIR_COEFFS_load_59_reg_4516        |  32|   0|   32|          0|
    |FIR_COEFFS_load_62_reg_4521        |  32|   0|   32|          0|
    |FIR_COEFFS_load_63_reg_4526        |  32|   0|   32|          0|
    |FIR_COEFFS_load_64_reg_4531        |  32|   0|   32|          0|
    |a_reg_4705                         |  32|   0|   32|          0|
    |acc_reg_1548                       |  32|   0|   32|          0|
    |add29_10_1_reg_4656                |  32|   0|   32|          0|
    |add29_10_3_reg_4661                |  32|   0|   32|          0|
    |add29_11_1_reg_4666                |  32|   0|   32|          0|
    |add29_11_2_reg_4671                |  32|   0|   32|          0|
    |add29_11_3_reg_4676                |  32|   0|   32|          0|
    |add29_11_3_reg_4676_pp2_iter6_reg  |  32|   0|   32|          0|
    |add29_11_4_reg_4681                |  32|   0|   32|          0|
    |add29_11_4_reg_4681_pp2_iter6_reg  |  32|   0|   32|          0|
    |add29_2_4_reg_4636                 |  32|   0|   32|          0|
    |add29_4_28_reg_4651                |  32|   0|   32|          0|
    |add29_7_4_reg_4646                 |  32|   0|   32|          0|
    |add_i_reg_4737                     |  32|   0|   32|          0|
    |add_ln102_reg_3523                 |   7|   0|    7|          0|
    |add_ln103_reg_3528                 |   6|   0|    6|          0|
    |add_ln109_reg_3887                 |   3|   0|    3|          0|
    |add_ln109_reg_3887_pp2_iter1_reg   |   3|   0|    3|          0|
    |add_ln127_reg_3897                 |   9|   0|    9|          0|
    |add_ln95_reg_3510                  |  32|   0|   32|          0|
    |and_ln67_reg_4699                  |   1|   0|    1|          0|
    |ap_CS_fsm                          |  29|   0|   29|          0|
    |ap_enable_reg_pp1_iter0            |   1|   0|    1|          0|
    |ap_enable_reg_pp1_iter1            |   1|   0|    1|          0|
    |ap_enable_reg_pp1_iter2            |   1|   0|    1|          0|
    |ap_enable_reg_pp1_iter3            |   1|   0|    1|          0|
    |ap_enable_reg_pp1_iter4            |   1|   0|    1|          0|
    |ap_enable_reg_pp1_iter5            |   1|   0|    1|          0|
    |ap_enable_reg_pp2_iter0            |   1|   0|    1|          0|
    |ap_enable_reg_pp2_iter1            |   1|   0|    1|          0|
    |ap_enable_reg_pp2_iter2            |   1|   0|    1|          0|
    |ap_enable_reg_pp2_iter3            |   1|   0|    1|          0|
    |ap_enable_reg_pp2_iter4            |   1|   0|    1|          0|
    |ap_enable_reg_pp2_iter5            |   1|   0|    1|          0|
    |ap_enable_reg_pp2_iter6            |   1|   0|    1|          0|
    |ap_enable_reg_pp2_iter7            |   1|   0|    1|          0|
    |ap_enable_reg_pp2_iter8            |   1|   0|    1|          0|
    |ap_enable_reg_pp2_iter9            |   1|   0|    1|          0|
    |b_reg_1537                         |   3|   0|    3|          0|
    |bitcast_ln105_reg_3184             |  32|   0|   32|          0|
    |bitcast_ln67_reg_4694              |  32|   0|   32|          0|
    |hist_0_load_10_reg_3837            |  32|   0|   32|          0|
    |hist_0_load_11_reg_3862            |  32|   0|   32|          0|
    |hist_0_load_1_reg_3612             |  32|   0|   32|          0|
    |hist_0_load_2_reg_3637             |  32|   0|   32|          0|
    |hist_0_load_3_reg_3662             |  32|   0|   32|          0|
    |hist_0_load_4_reg_3687             |  32|   0|   32|          0|
    |hist_0_load_5_reg_3712             |  32|   0|   32|          0|
    |hist_0_load_6_reg_3737             |  32|   0|   32|          0|
    |hist_0_load_7_reg_3762             |  32|   0|   32|          0|
    |hist_0_load_8_reg_3787             |  32|   0|   32|          0|
    |hist_0_load_9_reg_3812             |  32|   0|   32|          0|
    |hist_0_load_reg_3587               |  32|   0|   32|          0|
    |hist_1_load_10_reg_3817            |  32|   0|   32|          0|
    |hist_1_load_11_reg_3842            |  32|   0|   32|          0|
    |hist_1_load_12_reg_3867            |  32|   0|   32|          0|
    |hist_1_load_1_reg_3592             |  32|   0|   32|          0|
    |hist_1_load_2_reg_3617             |  32|   0|   32|          0|
    |hist_1_load_3_reg_3642             |  32|   0|   32|          0|
    |hist_1_load_4_reg_3667             |  32|   0|   32|          0|
    |hist_1_load_5_reg_3692             |  32|   0|   32|          0|
    |hist_1_load_6_reg_3717             |  32|   0|   32|          0|
    |hist_1_load_7_reg_3742             |  32|   0|   32|          0|
    |hist_1_load_8_reg_3767             |  32|   0|   32|          0|
    |hist_1_load_9_reg_3792             |  32|   0|   32|          0|
    |hist_1_load_reg_3567               |  32|   0|   32|          0|
    |hist_2_load_10_reg_3822            |  32|   0|   32|          0|
    |hist_2_load_11_reg_3847            |  32|   0|   32|          0|
    |hist_2_load_12_reg_3872            |  32|   0|   32|          0|
    |hist_2_load_1_reg_3597             |  32|   0|   32|          0|
    |hist_2_load_2_reg_3622             |  32|   0|   32|          0|
    |hist_2_load_3_reg_3647             |  32|   0|   32|          0|
    |hist_2_load_4_reg_3672             |  32|   0|   32|          0|
    |hist_2_load_5_reg_3697             |  32|   0|   32|          0|
    |hist_2_load_6_reg_3722             |  32|   0|   32|          0|
    |hist_2_load_7_reg_3747             |  32|   0|   32|          0|
    |hist_2_load_8_reg_3772             |  32|   0|   32|          0|
    |hist_2_load_9_reg_3797             |  32|   0|   32|          0|
    |hist_2_load_reg_3572               |  32|   0|   32|          0|
    |hist_3_load_10_reg_3827            |  32|   0|   32|          0|
    |hist_3_load_11_reg_3852            |  32|   0|   32|          0|
    |hist_3_load_12_reg_3877            |  32|   0|   32|          0|
    |hist_3_load_1_reg_3602             |  32|   0|   32|          0|
    |hist_3_load_2_reg_3627             |  32|   0|   32|          0|
    |hist_3_load_3_reg_3652             |  32|   0|   32|          0|
    |hist_3_load_4_reg_3677             |  32|   0|   32|          0|
    |hist_3_load_5_reg_3702             |  32|   0|   32|          0|
    |hist_3_load_6_reg_3727             |  32|   0|   32|          0|
    |hist_3_load_7_reg_3752             |  32|   0|   32|          0|
    |hist_3_load_8_reg_3777             |  32|   0|   32|          0|
    |hist_3_load_9_reg_3802             |  32|   0|   32|          0|
    |hist_3_load_reg_3577               |  32|   0|   32|          0|
    |hist_4_load_10_reg_3832            |  32|   0|   32|          0|
    |hist_4_load_11_reg_3857            |  32|   0|   32|          0|
    |hist_4_load_12_reg_3882            |  32|   0|   32|          0|
    |hist_4_load_1_reg_3607             |  32|   0|   32|          0|
    |hist_4_load_2_reg_3632             |  32|   0|   32|          0|
    |hist_4_load_3_reg_3657             |  32|   0|   32|          0|
    |hist_4_load_4_reg_3682             |  32|   0|   32|          0|
    |hist_4_load_5_reg_3707             |  32|   0|   32|          0|
    |hist_4_load_6_reg_3732             |  32|   0|   32|          0|
    |hist_4_load_7_reg_3757             |  32|   0|   32|          0|
    |hist_4_load_8_reg_3782             |  32|   0|   32|          0|
    |hist_4_load_9_reg_3807             |  32|   0|   32|          0|
    |hist_4_load_reg_3582               |  32|   0|   32|          0|
    |icmp_ln102_reg_3519                |   1|   0|    1|          0|
    |icmp_ln109_reg_3893                |   1|   0|    1|          0|
    |icmp_ln137_reg_4641                |   1|   0|    1|          0|
    |icmp_ln68_1_reg_4717               |   1|   0|    1|          0|
    |icmp_ln68_reg_4712                 |   1|   0|    1|          0|
    |k_1_reg_1525                       |   7|   0|    7|          0|
    |k_reg_1481                         |   7|   0|    7|          0|
    |mul_10_1_reg_4576                  |  32|   0|   32|          0|
    |mul_10_2_reg_4601                  |  32|   0|   32|          0|
    |mul_10_3_reg_4611                  |  32|   0|   32|          0|
    |mul_10_4_reg_4616                  |  32|   0|   32|          0|
    |mul_10_reg_4506                    |  32|   0|   32|          0|
    |mul_11_1_reg_4606                  |  32|   0|   32|          0|
    |mul_11_2_reg_4621                  |  32|   0|   32|          0|
    |mul_11_3_reg_4626                  |  32|   0|   32|          0|
    |mul_11_4_reg_4631                  |  32|   0|   32|          0|
    |mul_11_reg_4126                    |  32|   0|   32|          0|
    |mul_12_reg_4171                    |  32|   0|   32|          0|
    |mul_13_reg_4181                    |  32|   0|   32|          0|
    |mul_13_reg_4181_pp2_iter1_reg      |  32|   0|   32|          0|
    |mul_14_reg_4556                    |  32|   0|   32|          0|
    |mul_15_reg_4581                    |  32|   0|   32|          0|
    |mul_1_1_reg_4131                   |  32|   0|   32|          0|
    |mul_1_21_reg_4551                  |  32|   0|   32|          0|
    |mul_1_2_reg_4166                   |  32|   0|   32|          0|
    |mul_1_3_reg_4216                   |  32|   0|   32|          0|
    |mul_1_4_reg_4261                   |  32|   0|   32|          0|
    |mul_1_reg_4121                     |  32|   0|   32|          0|
    |mul_2_1_reg_4176                   |  32|   0|   32|          0|
    |mul_2_23_reg_4571                  |  32|   0|   32|          0|
    |mul_2_2_reg_4221                   |  32|   0|   32|          0|
    |mul_2_3_reg_4266                   |  32|   0|   32|          0|
    |mul_2_4_reg_4311                   |  32|   0|   32|          0|
    |mul_2_reg_4161                     |  32|   0|   32|          0|
    |mul_3_1_reg_4226                   |  32|   0|   32|          0|
    |mul_3_25_reg_4591                  |  32|   0|   32|          0|
    |mul_3_2_reg_4271                   |  32|   0|   32|          0|
    |mul_3_3_reg_4316                   |  32|   0|   32|          0|
    |mul_3_4_reg_4361                   |  32|   0|   32|          0|
    |mul_3_reg_4211                     |  32|   0|   32|          0|
    |mul_4_1_reg_4276                   |  32|   0|   32|          0|
    |mul_4_1_reg_4276_pp2_iter1_reg     |  32|   0|   32|          0|
    |mul_4_27_reg_4596                  |  32|   0|   32|          0|
    |mul_4_2_reg_4321                   |  32|   0|   32|          0|
    |mul_4_2_reg_4321_pp2_iter1_reg     |  32|   0|   32|          0|
    |mul_4_3_reg_4366                   |  32|   0|   32|          0|
    |mul_4_3_reg_4366_pp2_iter1_reg     |  32|   0|   32|          0|
    |mul_4_4_reg_4411                   |  32|   0|   32|          0|
    |mul_4_4_reg_4411_pp2_iter1_reg     |  32|   0|   32|          0|
    |mul_4_reg_4231                     |  32|   0|   32|          0|
    |mul_4_reg_4231_pp2_iter1_reg       |  32|   0|   32|          0|
    |mul_5_1_reg_4326                   |  32|   0|   32|          0|
    |mul_5_1_reg_4326_pp2_iter1_reg     |  32|   0|   32|          0|
    |mul_5_2_reg_4371                   |  32|   0|   32|          0|
    |mul_5_2_reg_4371_pp2_iter1_reg     |  32|   0|   32|          0|
    |mul_5_3_reg_4416                   |  32|   0|   32|          0|
    |mul_5_3_reg_4416_pp2_iter1_reg     |  32|   0|   32|          0|
    |mul_5_4_reg_4461                   |  32|   0|   32|          0|
    |mul_5_4_reg_4461_pp2_iter1_reg     |  32|   0|   32|          0|
    |mul_5_reg_4281                     |  32|   0|   32|          0|
    |mul_5_reg_4281_pp2_iter1_reg       |  32|   0|   32|          0|
    |mul_6_1_reg_4376                   |  32|   0|   32|          0|
    |mul_6_2_reg_4421                   |  32|   0|   32|          0|
    |mul_6_3_reg_4466                   |  32|   0|   32|          0|
    |mul_6_4_reg_4486                   |  32|   0|   32|          0|
    |mul_6_reg_4331                     |  32|   0|   32|          0|
    |mul_7_1_reg_4426                   |  32|   0|   32|          0|
    |mul_7_2_reg_4471                   |  32|   0|   32|          0|
    |mul_7_3_reg_4491                   |  32|   0|   32|          0|
    |mul_7_4_reg_4536                   |  32|   0|   32|          0|
    |mul_7_reg_4381                     |  32|   0|   32|          0|
    |mul_8_1_reg_4476                   |  32|   0|   32|          0|
    |mul_8_2_reg_4496                   |  32|   0|   32|          0|
    |mul_8_3_reg_4541                   |  32|   0|   32|          0|
    |mul_8_4_reg_4561                   |  32|   0|   32|          0|
    |mul_8_reg_4431                     |  32|   0|   32|          0|
    |mul_9_1_reg_4501                   |  32|   0|   32|          0|
    |mul_9_2_reg_4546                   |  32|   0|   32|          0|
    |mul_9_3_reg_4566                   |  32|   0|   32|          0|
    |mul_9_4_reg_4586                   |  32|   0|   32|          0|
    |mul_9_reg_4481                     |  32|   0|   32|          0|
    |mul_i_reg_4732                     |  32|   0|   32|          0|
    |mul_reg_4111                       |  32|   0|   32|          0|
    |mul_s_reg_4116                     |  32|   0|   32|          0|
    |n_reg_1514                         |  32|   0|   32|          0|
    |phi_mul_reg_1492                   |  14|   0|   14|          0|
    |phi_urem_reg_1503                  |   7|   0|    7|          0|
    |reg_1898                           |  32|   0|   32|          0|
    |reg_1903                           |  32|   0|   32|          0|
    |reg_1908                           |  32|   0|   32|          0|
    |reg_1913                           |  32|   0|   32|          0|
    |reg_1918                           |  32|   0|   32|          0|
    |reg_1923                           |  32|   0|   32|          0|
    |reg_1928                           |  32|   0|   32|          0|
    |reg_1933                           |  32|   0|   32|          0|
    |reg_1938                           |  32|   0|   32|          0|
    |reg_1943                           |  32|   0|   32|          0|
    |reg_1948                           |  32|   0|   32|          0|
    |reg_1953                           |  32|   0|   32|          0|
    |reg_1958                           |  32|   0|   32|          0|
    |reg_1963                           |  32|   0|   32|          0|
    |reg_1968                           |  32|   0|   32|          0|
    |reg_1973                           |  32|   0|   32|          0|
    |reg_1978                           |  32|   0|   32|          0|
    |reg_1983                           |  32|   0|   32|          0|
    |reg_1988                           |  32|   0|   32|          0|
    |reg_1993                           |  32|   0|   32|          0|
    |reg_1998                           |  32|   0|   32|          0|
    |reg_2003                           |  32|   0|   32|          0|
    |reg_2008                           |  32|   0|   32|          0|
    |reg_2013                           |  32|   0|   32|          0|
    |reg_2018                           |  32|   0|   32|          0|
    |reg_2023                           |  32|   0|   32|          0|
    |reg_2029                           |  32|   0|   32|          0|
    |reg_2035                           |  32|   0|   32|          0|
    |reg_2041                           |  32|   0|   32|          0|
    |reg_2047                           |  32|   0|   32|          0|
    |reg_2052                           |  32|   0|   32|          0|
    |reg_2057                           |  32|   0|   32|          0|
    |reg_2063                           |  32|   0|   32|          0|
    |reg_2069                           |  32|   0|   32|          0|
    |reg_2074                           |  32|   0|   32|          0|
    |reg_2080                           |  32|   0|   32|          0|
    |reg_2085                           |  32|   0|   32|          0|
    |reg_2090                           |  32|   0|   32|          0|
    |reg_2095                           |  32|   0|   32|          0|
    |reg_2100                           |  32|   0|   32|          0|
    |reg_2105                           |  32|   0|   32|          0|
    |reg_2110                           |  32|   0|   32|          0|
    |reg_2115                           |  32|   0|   32|          0|
    |reg_2120                           |  32|   0|   32|          0|
    |reg_2125                           |  32|   0|   32|          0|
    |reg_2131                           |  32|   0|   32|          0|
    |reg_2136                           |  32|   0|   32|          0|
    |reg_2141                           |  32|   0|   32|          0|
    |reg_2147                           |  32|   0|   32|          0|
    |reg_2153                           |  32|   0|   32|          0|
    |select_ln68_reg_4747               |  32|   0|   32|          0|
    |sub4_i_reg_4727                    |  32|   0|   32|          0|
    |tmp_4_reg_4722                     |   1|   0|    1|          0|
    |trunc_ln103_reg_3538               |   3|   0|    3|          0|
    |urem_ln103_reg_3533                |   7|   0|    7|          0|
    |ys_1_4_reg_4686                    |  32|   0|   32|          0|
    |and_ln67_reg_4699                  |  64|  32|    1|          0|
    |icmp_ln102_reg_3519                |  64|  32|    1|          0|
    |icmp_ln109_reg_3893                |  64|  32|    1|          0|
    |icmp_ln137_reg_4641                |  64|  32|    1|          0|
    |icmp_ln68_1_reg_4717               |  64|  32|    1|          0|
    |icmp_ln68_reg_4712                 |  64|  32|    1|          0|
    |k_1_reg_1525                       |  64|  32|    7|          0|
    |mul_10_1_reg_4576                  |  64|  32|   32|          0|
    |mul_10_2_reg_4601                  |  64|  32|   32|          0|
    |mul_10_3_reg_4611                  |  64|  32|   32|          0|
    |mul_10_4_reg_4616                  |  64|  32|   32|          0|
    |mul_10_reg_4506                    |  64|  32|   32|          0|
    |mul_11_1_reg_4606                  |  64|  32|   32|          0|
    |mul_11_2_reg_4621                  |  64|  32|   32|          0|
    |mul_11_3_reg_4626                  |  64|  32|   32|          0|
    |mul_11_4_reg_4631                  |  64|  32|   32|          0|
    |mul_14_reg_4556                    |  64|  32|   32|          0|
    |mul_15_reg_4581                    |  64|  32|   32|          0|
    |mul_1_21_reg_4551                  |  64|  32|   32|          0|
    |mul_2_23_reg_4571                  |  64|  32|   32|          0|
    |mul_3_25_reg_4591                  |  64|  32|   32|          0|
    |mul_4_27_reg_4596                  |  64|  32|   32|          0|
    |mul_6_1_reg_4376                   |  64|  32|   32|          0|
    |mul_6_2_reg_4421                   |  64|  32|   32|          0|
    |mul_6_3_reg_4466                   |  64|  32|   32|          0|
    |mul_6_4_reg_4486                   |  64|  32|   32|          0|
    |mul_6_reg_4331                     |  64|  32|   32|          0|
    |mul_7_1_reg_4426                   |  64|  32|   32|          0|
    |mul_7_2_reg_4471                   |  64|  32|   32|          0|
    |mul_7_3_reg_4491                   |  64|  32|   32|          0|
    |mul_7_4_reg_4536                   |  64|  32|   32|          0|
    |mul_7_reg_4381                     |  64|  32|   32|          0|
    |mul_8_1_reg_4476                   |  64|  32|   32|          0|
    |mul_8_2_reg_4496                   |  64|  32|   32|          0|
    |mul_8_3_reg_4541                   |  64|  32|   32|          0|
    |mul_8_4_reg_4561                   |  64|  32|   32|          0|
    |mul_8_reg_4431                     |  64|  32|   32|          0|
    |mul_9_1_reg_4501                   |  64|  32|   32|          0|
    |mul_9_2_reg_4546                   |  64|  32|   32|          0|
    |mul_9_3_reg_4566                   |  64|  32|   32|          0|
    |mul_9_4_reg_4586                   |  64|  32|   32|          0|
    |mul_9_reg_4481                     |  64|  32|   32|          0|
    |tmp_4_reg_4722                     |  64|  32|    1|          0|
    |ys_1_4_reg_4686                    |  64|  32|   32|          0|
    +-----------------------------------+----+----+-----+-----------+
    |Total                              |9888|1408| 8238|          0|
    +-----------------------------------+----+----+-----+-----------+



================================================================
== Interface
================================================================
* Summary: 
+--------------+-----+-----+------------+---------------+--------------+
|   RTL Ports  | Dir | Bits|  Protocol  | Source Object |    C Type    |
+--------------+-----+-----+------------+---------------+--------------+
|ap_clk        |   in|    1|  ap_ctrl_hs|  fir_multiband|  return value|
|ap_rst        |   in|    1|  ap_ctrl_hs|  fir_multiband|  return value|
|ap_start      |   in|    1|  ap_ctrl_hs|  fir_multiband|  return value|
|ap_done       |  out|    1|  ap_ctrl_hs|  fir_multiband|  return value|
|ap_idle       |  out|    1|  ap_ctrl_hs|  fir_multiband|  return value|
|ap_ready      |  out|    1|  ap_ctrl_hs|  fir_multiband|  return value|
|in_r          |   in|   32|     ap_none|           in_r|       pointer|
|out_r         |  out|   32|      ap_vld|          out_r|       pointer|
|out_r_ap_vld  |  out|    1|      ap_vld|          out_r|       pointer|
|length_r      |   in|   32|     ap_none|       length_r|        scalar|
+--------------+-----+-----+------------+---------------+--------------+

