

================================================================
== Synthesis Summary Report of 'fir_multiband'
================================================================
+ General Information: 
    * Date:           Tue Sep 29 16:47:56 2026
    * Version:        2020.2 (Build 3064766 on Wed Nov 18 09:12:45 MST 2020)
    * Project:        synth_proj
    * Solution:       solution1 (Vivado IP Flow Target)
    * Product family: zynq
    * Target device:  xc7z020-clg400-1
    

+ Performance & Resource Estimates: 
    
    PS: '+' for module; 'o' for loop; '*' for dataflow
    +----------------------+--------+-------+---------+-----------+----------+---------+------+----------+--------+----------+-------------+------------+-----+
    |        Modules       |  Issue |       | Latency |  Latency  | Iteration|         | Trip |          |        |          |             |            |     |
    |        & Loops       |  Type  | Slack | (cycles)|    (ns)   |  Latency | Interval| Count| Pipelined|  BRAM  |    DSP   |      FF     |     LUT    | URAM|
    +----------------------+--------+-------+---------+-----------+----------+---------+------+----------+--------+----------+-------------+------------+-----+
    |+ fir_multiband       |  Timing|   1.20|        -|          -|         -|        -|     -|        no|  8 (2%)|  27 (12%)|  12627 (11%)|  9936 (18%)|    -|
    | o VITIS_LOOP_117_1   |       -|  -7.30|       65|    650.000|         1|        1|    65|       yes|       -|         -|            -|           -|    -|
    | o VITIS_LOOP_121_2   |       -|  -7.30|        -|          -|       327|        -|     -|        no|       -|         -|            -|           -|    -|
    |  o VITIS_LOOP_128_3  |      II|  -7.30|      137|  1.370e+03|        12|        2|    64|       yes|       -|         -|            -|           -|    -|
    |  o VITIS_LOOP_135_4  |      II|  -7.30|      178|  1.780e+03|       137|       14|     4|       yes|       -|         -|            -|           -|    -|
    +----------------------+--------+-------+---------+-----------+----------+---------+------+----------+--------+----------+-------------+------------+-----+

