

================================================================
== Vitis HLS Report for 'fir_multiband'
================================================================
* Date:           Wed Oct  7 19:22:50 2026

* Version:        2020.2 (Build 3064766 on Wed Nov 18 09:12:45 MST 2020)
* Project:        synth_proj
* Solution:       solution1 (Vivado IP Flow Target)
* Product family: zynq
* Target device:  xc7z020-clg400-1


================================================================
== Performance Estimates
================================================================
+ Timing: 
    * Summary: 
    +--------+----------+----------+------------+
    |  Clock |  Target  | Estimated| Uncertainty|
    +--------+----------+----------+------------+
    |ap_clk  |  10.00 ns|  7.246 ns|     2.70 ns|
    +--------+----------+----------+------------+

+ Latency: 
    * Summary: 
    +---------+---------+----------+----------+-----+-----+---------+
    |  Latency (cycles) |  Latency (absolute) |  Interval | Pipeline|
    |   min   |   max   |    min   |    max   | min | max |   Type  |
    +---------+---------+----------+----------+-----+-----+---------+
    |        ?|        ?|         ?|         ?|    ?|    ?|     none|
    +---------+---------+----------+----------+-----+-----+---------+

    + Detail: 
        * Instance: 
        N/A

        * Loop: 
        +----------------------+---------+---------+----------+-----------+-----------+------+----------+
        |                      |  Latency (cycles) | Iteration|  Initiation Interval  | Trip |          |
        |       Loop Name      |   min   |   max   |  Latency |  achieved |   target  | Count| Pipelined|
        +----------------------+---------+---------+----------+-----------+-----------+------+----------+
        |- VITIS_LOOP_263_3    |        ?|        ?|       437|          -|          -|     ?|        no|
        | + VITIS_LOOP_280_4   |      398|      398|        13|          2|          1|   194|       yes|
        | + VITIS_LOOP_291_5   |       11|       11|        10|          1|          1|     3|       yes|
        | + VITIS_LOOP_366_10  |       12|       12|        10|          1|          1|     4|       yes|
        +----------------------+---------+---------+----------+-----------+-----------+------+----------+



================================================================
== Utilization Estimates
================================================================
* Summary: 
+-----------------+---------+-----+--------+-------+-----+
|       Name      | BRAM_18K| DSP |   FF   |  LUT  | URAM|
+-----------------+---------+-----+--------+-------+-----+
|DSP              |        -|  195|       -|      -|    -|
|Expression       |        -|    -|       0|   6278|    -|
|FIFO             |        -|    -|       -|      -|    -|
|Instance         |        -|    2|     529|    508|    -|
|Memory           |      194|    -|     416|     52|    -|
|Multiplexer      |        -|    -|       -|   2166|    -|
|Register         |        -|    -|   11946|    320|    -|
+-----------------+---------+-----+--------+-------+-----+
|Total            |      194|  197|   12891|   9324|    0|
+-----------------+---------+-----+--------+-------+-----+
|Available        |      280|  220|  106400|  53200|    0|
+-----------------+---------+-----+--------+-------+-----+
|Utilization (%)  |       69|   89|      12|     17|    0|
+-----------------+---------+-----+--------+-------+-----+

+ Detail: 
    * Instance: 
    +------------------------+---------------------+---------+----+-----+-----+-----+
    |        Instance        |        Module       | BRAM_18K| DSP|  FF | LUT | URAM|
    +------------------------+---------------------+---------+----+-----+-----+-----+
    |mul_25s_24s_49_1_1_U8   |mul_25s_24s_49_1_1   |        0|   1|    0|   47|    0|
    |mul_49s_24s_72_5_1_U9   |mul_49s_24s_72_5_1   |        0|   1|  334|   84|    0|
    |mul_8ns_10ns_17_1_1_U2  |mul_8ns_10ns_17_1_1  |        0|   0|    0|   63|    0|
    |mul_8ns_10ns_17_1_1_U3  |mul_8ns_10ns_17_1_1  |        0|   0|    0|   63|    0|
    |mux_1364_16_1_1_U4      |mux_1364_16_1_1      |        0|   0|    0|   65|    0|
    |mux_42_24_1_1_U6        |mux_42_24_1_1        |        0|   0|    0|   20|    0|
    |mux_42_24_1_1_U7        |mux_42_24_1_1        |        0|   0|    0|   20|    0|
    |mux_42_40_1_1_U5        |mux_42_40_1_1        |        0|   0|    0|   20|    0|
    |urem_8ns_5ns_8_12_1_U1  |urem_8ns_5ns_8_12_1  |        0|   0|  195|  126|    0|
    +------------------------+---------------------+---------+----+-----+-----+-----+
    |Total                   |                     |        0|   2|  529|  508|    0|
    +------------------------+---------------------+---------+----+-----+-----+-----+

    * DSP: 
    +------------------------------------+-------------------------------+--------------+
    |              Instance              |             Module            |  Expression  |
    +------------------------------------+-------------------------------+--------------+
    |mac_muladd_15s_16s_31s_31_4_1_U77   |mac_muladd_15s_16s_31s_31_4_1  |  i0 + i1 * i2|
    |mac_muladd_15s_16s_31s_31_4_1_U78   |mac_muladd_15s_16s_31s_31_4_1  |  i0 + i1 * i2|
    |mac_muladd_15s_16s_31s_31_4_1_U79   |mac_muladd_15s_16s_31s_31_4_1  |  i0 + i1 * i2|
    |mac_muladd_15s_16s_31s_31_4_1_U80   |mac_muladd_15s_16s_31s_31_4_1  |  i0 + i1 * i2|
    |mac_muladd_15s_16s_31s_31_4_1_U81   |mac_muladd_15s_16s_31s_31_4_1  |  i0 + i1 * i2|
    |mac_muladd_15s_16s_31s_31_4_1_U82   |mac_muladd_15s_16s_31s_31_4_1  |  i0 + i1 * i2|
    |mac_muladd_15s_16s_31s_31_4_1_U83   |mac_muladd_15s_16s_31s_31_4_1  |  i0 + i1 * i2|
    |mac_muladd_15s_16s_31s_31_4_1_U84   |mac_muladd_15s_16s_31s_31_4_1  |  i0 + i1 * i2|
    |mac_muladd_15s_16s_31s_31_4_1_U85   |mac_muladd_15s_16s_31s_31_4_1  |  i0 + i1 * i2|
    |mac_muladd_15s_16s_31s_31_4_1_U86   |mac_muladd_15s_16s_31s_31_4_1  |  i0 + i1 * i2|
    |mac_muladd_15s_16s_31s_31_4_1_U87   |mac_muladd_15s_16s_31s_31_4_1  |  i0 + i1 * i2|
    |mac_muladd_15s_16s_31s_31_4_1_U88   |mac_muladd_15s_16s_31s_31_4_1  |  i0 + i1 * i2|
    |mac_muladd_15s_16s_31s_31_4_1_U89   |mac_muladd_15s_16s_31s_31_4_1  |  i0 + i1 * i2|
    |mac_muladd_15s_16s_31s_31_4_1_U90   |mac_muladd_15s_16s_31s_31_4_1  |  i0 + i1 * i2|
    |mac_muladd_15s_16s_31s_31_4_1_U91   |mac_muladd_15s_16s_31s_31_4_1  |  i0 + i1 * i2|
    |mac_muladd_15s_16s_31s_31_4_1_U92   |mac_muladd_15s_16s_31s_31_4_1  |  i0 + i1 * i2|
    |mac_muladd_15s_16s_31s_31_4_1_U93   |mac_muladd_15s_16s_31s_31_4_1  |  i0 + i1 * i2|
    |mac_muladd_15s_16s_31s_31_4_1_U94   |mac_muladd_15s_16s_31s_31_4_1  |  i0 + i1 * i2|
    |mac_muladd_15s_16s_31s_31_4_1_U95   |mac_muladd_15s_16s_31s_31_4_1  |  i0 + i1 * i2|
    |mac_muladd_15s_16s_31s_31_4_1_U96   |mac_muladd_15s_16s_31s_31_4_1  |  i0 + i1 * i2|
    |mac_muladd_15s_16s_31s_31_4_1_U97   |mac_muladd_15s_16s_31s_31_4_1  |  i0 + i1 * i2|
    |mac_muladd_15s_16s_31s_31_4_1_U98   |mac_muladd_15s_16s_31s_31_4_1  |  i0 + i1 * i2|
    |mac_muladd_15s_16s_31s_31_4_1_U99   |mac_muladd_15s_16s_31s_31_4_1  |  i0 + i1 * i2|
    |mac_muladd_15s_16s_31s_31_4_1_U100  |mac_muladd_15s_16s_31s_31_4_1  |  i0 + i1 * i2|
    |mac_muladd_15s_16s_31s_31_4_1_U101  |mac_muladd_15s_16s_31s_31_4_1  |  i0 + i1 * i2|
    |mac_muladd_15s_16s_31s_31_4_1_U102  |mac_muladd_15s_16s_31s_31_4_1  |  i0 + i1 * i2|
    |mac_muladd_15s_16s_31s_31_4_1_U103  |mac_muladd_15s_16s_31s_31_4_1  |  i0 + i1 * i2|
    |mac_muladd_15s_16s_31s_31_4_1_U104  |mac_muladd_15s_16s_31s_31_4_1  |  i0 + i1 * i2|
    |mac_muladd_15s_16s_31s_31_4_1_U105  |mac_muladd_15s_16s_31s_31_4_1  |  i0 + i1 * i2|
    |mac_muladd_15s_16s_31s_31_4_1_U106  |mac_muladd_15s_16s_31s_31_4_1  |  i0 + i1 * i2|
    |mac_muladd_15s_16s_31s_31_4_1_U107  |mac_muladd_15s_16s_31s_31_4_1  |  i0 + i1 * i2|
    |mac_muladd_15s_16s_31s_31_4_1_U108  |mac_muladd_15s_16s_31s_31_4_1  |  i0 + i1 * i2|
    |mac_muladd_15s_16s_31s_31_4_1_U109  |mac_muladd_15s_16s_31s_31_4_1  |  i0 + i1 * i2|
    |mac_muladd_15s_16s_31s_31_4_1_U110  |mac_muladd_15s_16s_31s_31_4_1  |  i0 + i1 * i2|
    |mac_muladd_15s_16s_31s_31_4_1_U111  |mac_muladd_15s_16s_31s_31_4_1  |  i0 + i1 * i2|
    |mac_muladd_15s_16s_31s_31_4_1_U112  |mac_muladd_15s_16s_31s_31_4_1  |  i0 + i1 * i2|
    |mac_muladd_15s_16s_31s_31_4_1_U113  |mac_muladd_15s_16s_31s_31_4_1  |  i0 + i1 * i2|
    |mac_muladd_15s_16s_31s_31_4_1_U114  |mac_muladd_15s_16s_31s_31_4_1  |  i0 + i1 * i2|
    |mac_muladd_15s_16s_31s_31_4_1_U115  |mac_muladd_15s_16s_31s_31_4_1  |  i0 + i1 * i2|
    |mac_muladd_15s_16s_31s_31_4_1_U116  |mac_muladd_15s_16s_31s_31_4_1  |  i0 + i1 * i2|
    |mac_muladd_15s_16s_31s_31_4_1_U117  |mac_muladd_15s_16s_31s_31_4_1  |  i0 + i1 * i2|
    |mac_muladd_15s_16s_31s_31_4_1_U118  |mac_muladd_15s_16s_31s_31_4_1  |  i0 + i1 * i2|
    |mac_muladd_15s_16s_31s_31_4_1_U119  |mac_muladd_15s_16s_31s_31_4_1  |  i0 + i1 * i2|
    |mac_muladd_15s_16s_31s_31_4_1_U120  |mac_muladd_15s_16s_31s_31_4_1  |  i0 + i1 * i2|
    |mac_muladd_15s_16s_31s_31_4_1_U121  |mac_muladd_15s_16s_31s_31_4_1  |  i0 + i1 * i2|
    |mac_muladd_15s_16s_31s_31_4_1_U122  |mac_muladd_15s_16s_31s_31_4_1  |  i0 + i1 * i2|
    |mac_muladd_15s_16s_31s_31_4_1_U123  |mac_muladd_15s_16s_31s_31_4_1  |  i0 + i1 * i2|
    |mac_muladd_15s_16s_31s_31_4_1_U124  |mac_muladd_15s_16s_31s_31_4_1  |  i0 + i1 * i2|
    |mac_muladd_15s_16s_31s_31_4_1_U125  |mac_muladd_15s_16s_31s_31_4_1  |  i0 + i1 * i2|
    |mac_muladd_15s_16s_31s_31_4_1_U126  |mac_muladd_15s_16s_31s_31_4_1  |  i0 + i1 * i2|
    |mac_muladd_15s_16s_31s_31_4_1_U127  |mac_muladd_15s_16s_31s_31_4_1  |  i0 + i1 * i2|
    |mac_muladd_15s_16s_31s_31_4_1_U128  |mac_muladd_15s_16s_31s_31_4_1  |  i0 + i1 * i2|
    |mac_muladd_15s_16s_31s_31_4_1_U129  |mac_muladd_15s_16s_31s_31_4_1  |  i0 + i1 * i2|
    |mac_muladd_15s_16s_31s_31_4_1_U130  |mac_muladd_15s_16s_31s_31_4_1  |  i0 + i1 * i2|
    |mac_muladd_15s_16s_31s_31_4_1_U131  |mac_muladd_15s_16s_31s_31_4_1  |  i0 + i1 * i2|
    |mac_muladd_15s_16s_31s_31_4_1_U132  |mac_muladd_15s_16s_31s_31_4_1  |  i0 + i1 * i2|
    |mac_muladd_15s_16s_31s_31_4_1_U133  |mac_muladd_15s_16s_31s_31_4_1  |  i0 + i1 * i2|
    |mac_muladd_15s_16s_31s_31_4_1_U134  |mac_muladd_15s_16s_31s_31_4_1  |  i0 + i1 * i2|
    |mac_muladd_15s_16s_31s_31_4_1_U135  |mac_muladd_15s_16s_31s_31_4_1  |  i0 + i1 * i2|
    |mac_muladd_15s_16s_31s_31_4_1_U136  |mac_muladd_15s_16s_31s_31_4_1  |  i0 + i1 * i2|
    |mac_muladd_15s_16s_31s_31_4_1_U137  |mac_muladd_15s_16s_31s_31_4_1  |  i0 + i1 * i2|
    |mac_muladd_15s_16s_31s_31_4_1_U138  |mac_muladd_15s_16s_31s_31_4_1  |  i0 + i1 * i2|
    |mac_muladd_15s_16s_31s_31_4_1_U139  |mac_muladd_15s_16s_31s_31_4_1  |  i0 + i1 * i2|
    |mac_muladd_15s_16s_31s_31_4_1_U140  |mac_muladd_15s_16s_31s_31_4_1  |  i0 + i1 * i2|
    |mac_muladd_15s_16s_31s_31_4_1_U141  |mac_muladd_15s_16s_31s_31_4_1  |  i0 + i1 * i2|
    |mac_muladd_15s_16s_31s_31_4_1_U142  |mac_muladd_15s_16s_31s_31_4_1  |  i0 + i1 * i2|
    |mac_muladd_15s_16s_31s_31_4_1_U143  |mac_muladd_15s_16s_31s_31_4_1  |  i0 + i1 * i2|
    |mac_muladd_15s_16s_31s_32_4_1_U144  |mac_muladd_15s_16s_31s_32_4_1  |  i0 + i1 * i2|
    |mac_muladd_15s_16s_31s_32_4_1_U145  |mac_muladd_15s_16s_31s_32_4_1  |  i0 + i1 * i2|
    |mac_muladd_15s_16s_31s_32_4_1_U146  |mac_muladd_15s_16s_31s_32_4_1  |  i0 + i1 * i2|
    |mac_muladd_15s_16s_31s_32_4_1_U147  |mac_muladd_15s_16s_31s_32_4_1  |  i0 + i1 * i2|
    |mac_muladd_15s_16s_31s_32_4_1_U148  |mac_muladd_15s_16s_31s_32_4_1  |  i0 + i1 * i2|
    |mac_muladd_15s_16s_31s_32_4_1_U149  |mac_muladd_15s_16s_31s_32_4_1  |  i0 + i1 * i2|
    |mac_muladd_15s_16s_31s_32_4_1_U150  |mac_muladd_15s_16s_31s_32_4_1  |  i0 + i1 * i2|
    |mac_muladd_15s_16s_31s_32_4_1_U151  |mac_muladd_15s_16s_31s_32_4_1  |  i0 + i1 * i2|
    |mac_muladd_15s_16s_31s_32_4_1_U152  |mac_muladd_15s_16s_31s_32_4_1  |  i0 + i1 * i2|
    |mac_muladd_15s_16s_31s_32_4_1_U153  |mac_muladd_15s_16s_31s_32_4_1  |  i0 + i1 * i2|
    |mac_muladd_15s_16s_31s_32_4_1_U154  |mac_muladd_15s_16s_31s_32_4_1  |  i0 + i1 * i2|
    |mac_muladd_15s_16s_31s_32_4_1_U155  |mac_muladd_15s_16s_31s_32_4_1  |  i0 + i1 * i2|
    |mac_muladd_15s_16s_31s_32_4_1_U156  |mac_muladd_15s_16s_31s_32_4_1  |  i0 + i1 * i2|
    |mac_muladd_15s_16s_31s_32_4_1_U157  |mac_muladd_15s_16s_31s_32_4_1  |  i0 + i1 * i2|
    |mac_muladd_15s_16s_31s_32_4_1_U158  |mac_muladd_15s_16s_31s_32_4_1  |  i0 + i1 * i2|
    |mac_muladd_15s_16s_31s_32_4_1_U159  |mac_muladd_15s_16s_31s_32_4_1  |  i0 + i1 * i2|
    |mac_muladd_15s_16s_31s_32_4_1_U160  |mac_muladd_15s_16s_31s_32_4_1  |  i0 + i1 * i2|
    |mac_muladd_15s_16s_31s_32_4_1_U161  |mac_muladd_15s_16s_31s_32_4_1  |  i0 + i1 * i2|
    |mac_muladd_15s_16s_31s_32_4_1_U162  |mac_muladd_15s_16s_31s_32_4_1  |  i0 + i1 * i2|
    |mac_muladd_15s_16s_31s_32_4_1_U163  |mac_muladd_15s_16s_31s_32_4_1  |  i0 + i1 * i2|
    |mac_muladd_15s_16s_31s_32_4_1_U164  |mac_muladd_15s_16s_31s_32_4_1  |  i0 + i1 * i2|
    |mac_muladd_15s_16s_31s_32_4_1_U165  |mac_muladd_15s_16s_31s_32_4_1  |  i0 + i1 * i2|
    |mac_muladd_15s_16s_31s_32_4_1_U166  |mac_muladd_15s_16s_31s_32_4_1  |  i0 + i1 * i2|
    |mac_muladd_15s_16s_31s_32_4_1_U167  |mac_muladd_15s_16s_31s_32_4_1  |  i0 + i1 * i2|
    |mac_muladd_15s_16s_31s_32_4_1_U168  |mac_muladd_15s_16s_31s_32_4_1  |  i0 + i1 * i2|
    |mac_muladd_15s_16s_31s_32_4_1_U169  |mac_muladd_15s_16s_31s_32_4_1  |  i0 + i1 * i2|
    |mac_muladd_15s_16s_31s_32_4_1_U170  |mac_muladd_15s_16s_31s_32_4_1  |  i0 + i1 * i2|
    |mac_muladd_15s_16s_31s_32_4_1_U171  |mac_muladd_15s_16s_31s_32_4_1  |  i0 + i1 * i2|
    |mac_muladd_15s_16s_31s_32_4_1_U172  |mac_muladd_15s_16s_31s_32_4_1  |  i0 + i1 * i2|
    |mac_muladd_15s_16s_31s_32_4_1_U173  |mac_muladd_15s_16s_31s_32_4_1  |  i0 + i1 * i2|
    |mac_muladd_15s_16s_31s_32_4_1_U174  |mac_muladd_15s_16s_31s_32_4_1  |  i0 + i1 * i2|
    |mac_muladd_15s_16s_31s_32_4_1_U175  |mac_muladd_15s_16s_31s_32_4_1  |  i0 + i1 * i2|
    |mac_muladd_15s_16s_31s_32_4_1_U176  |mac_muladd_15s_16s_31s_32_4_1  |  i0 + i1 * i2|
    |mac_muladd_15s_16s_31s_32_4_1_U177  |mac_muladd_15s_16s_31s_32_4_1  |  i0 + i1 * i2|
    |mac_muladd_15s_16s_31s_32_4_1_U178  |mac_muladd_15s_16s_31s_32_4_1  |  i0 + i1 * i2|
    |mac_muladd_15s_16s_31s_32_4_1_U179  |mac_muladd_15s_16s_31s_32_4_1  |  i0 + i1 * i2|
    |mac_muladd_15s_16s_31s_32_4_1_U180  |mac_muladd_15s_16s_31s_32_4_1  |  i0 + i1 * i2|
    |mac_muladd_15s_16s_31s_32_4_1_U181  |mac_muladd_15s_16s_31s_32_4_1  |  i0 + i1 * i2|
    |mac_muladd_15s_16s_31s_32_4_1_U182  |mac_muladd_15s_16s_31s_32_4_1  |  i0 + i1 * i2|
    |mac_muladd_15s_16s_31s_32_4_1_U183  |mac_muladd_15s_16s_31s_32_4_1  |  i0 + i1 * i2|
    |mac_muladd_15s_16s_31s_32_4_1_U184  |mac_muladd_15s_16s_31s_32_4_1  |  i0 + i1 * i2|
    |mac_muladd_15s_16s_31s_32_4_1_U185  |mac_muladd_15s_16s_31s_32_4_1  |  i0 + i1 * i2|
    |mac_muladd_15s_16s_31s_32_4_1_U186  |mac_muladd_15s_16s_31s_32_4_1  |  i0 + i1 * i2|
    |mac_muladd_15s_16s_31s_32_4_1_U187  |mac_muladd_15s_16s_31s_32_4_1  |  i0 + i1 * i2|
    |mac_muladd_15s_16s_31s_32_4_1_U188  |mac_muladd_15s_16s_31s_32_4_1  |  i0 + i1 * i2|
    |mac_muladd_15s_16s_31s_32_4_1_U189  |mac_muladd_15s_16s_31s_32_4_1  |  i0 + i1 * i2|
    |mac_muladd_15s_16s_31s_32_4_1_U190  |mac_muladd_15s_16s_31s_32_4_1  |  i0 + i1 * i2|
    |mac_muladd_15s_16s_31s_32_4_1_U191  |mac_muladd_15s_16s_31s_32_4_1  |  i0 + i1 * i2|
    |mac_muladd_15s_16s_31s_32_4_1_U192  |mac_muladd_15s_16s_31s_32_4_1  |  i0 + i1 * i2|
    |mac_muladd_15s_16s_31s_32_4_1_U193  |mac_muladd_15s_16s_31s_32_4_1  |  i0 + i1 * i2|
    |mac_muladd_15s_16s_31s_32_4_1_U194  |mac_muladd_15s_16s_31s_32_4_1  |  i0 + i1 * i2|
    |mac_muladd_15s_16s_31s_32_4_1_U195  |mac_muladd_15s_16s_31s_32_4_1  |  i0 + i1 * i2|
    |mac_muladd_15s_16s_31s_32_4_1_U196  |mac_muladd_15s_16s_31s_32_4_1  |  i0 + i1 * i2|
    |mac_muladd_15s_16s_31s_32_4_1_U197  |mac_muladd_15s_16s_31s_32_4_1  |  i0 + i1 * i2|
    |mac_muladd_15s_16s_31s_32_4_1_U198  |mac_muladd_15s_16s_31s_32_4_1  |  i0 + i1 * i2|
    |mac_muladd_15s_16s_31s_32_4_1_U199  |mac_muladd_15s_16s_31s_32_4_1  |  i0 + i1 * i2|
    |mac_muladd_15s_16s_31s_32_4_1_U200  |mac_muladd_15s_16s_31s_32_4_1  |  i0 + i1 * i2|
    |mac_muladd_15s_16s_31s_32_4_1_U201  |mac_muladd_15s_16s_31s_32_4_1  |  i0 + i1 * i2|
    |mac_muladd_15s_16s_31s_32_4_1_U202  |mac_muladd_15s_16s_31s_32_4_1  |  i0 + i1 * i2|
    |mac_muladd_15s_16s_31s_32_4_1_U203  |mac_muladd_15s_16s_31s_32_4_1  |  i0 + i1 * i2|
    |mac_muladd_15s_16s_31s_32_4_1_U204  |mac_muladd_15s_16s_31s_32_4_1  |  i0 + i1 * i2|
    |mul_mul_15s_16s_31_4_1_U10          |mul_mul_15s_16s_31_4_1         |       i0 * i1|
    |mul_mul_15s_16s_31_4_1_U11          |mul_mul_15s_16s_31_4_1         |       i0 * i1|
    |mul_mul_15s_16s_31_4_1_U12          |mul_mul_15s_16s_31_4_1         |       i0 * i1|
    |mul_mul_15s_16s_31_4_1_U13          |mul_mul_15s_16s_31_4_1         |       i0 * i1|
    |mul_mul_15s_16s_31_4_1_U14          |mul_mul_15s_16s_31_4_1         |       i0 * i1|
    |mul_mul_15s_16s_31_4_1_U15          |mul_mul_15s_16s_31_4_1         |       i0 * i1|
    |mul_mul_15s_16s_31_4_1_U16          |mul_mul_15s_16s_31_4_1         |       i0 * i1|
    |mul_mul_15s_16s_31_4_1_U17          |mul_mul_15s_16s_31_4_1         |       i0 * i1|
    |mul_mul_15s_16s_31_4_1_U18          |mul_mul_15s_16s_31_4_1         |       i0 * i1|
    |mul_mul_15s_16s_31_4_1_U19          |mul_mul_15s_16s_31_4_1         |       i0 * i1|
    |mul_mul_15s_16s_31_4_1_U20          |mul_mul_15s_16s_31_4_1         |       i0 * i1|
    |mul_mul_15s_16s_31_4_1_U21          |mul_mul_15s_16s_31_4_1         |       i0 * i1|
    |mul_mul_15s_16s_31_4_1_U22          |mul_mul_15s_16s_31_4_1         |       i0 * i1|
    |mul_mul_15s_16s_31_4_1_U23          |mul_mul_15s_16s_31_4_1         |       i0 * i1|
    |mul_mul_15s_16s_31_4_1_U24          |mul_mul_15s_16s_31_4_1         |       i0 * i1|
    |mul_mul_15s_16s_31_4_1_U25          |mul_mul_15s_16s_31_4_1         |       i0 * i1|
    |mul_mul_15s_16s_31_4_1_U26          |mul_mul_15s_16s_31_4_1         |       i0 * i1|
    |mul_mul_15s_16s_31_4_1_U27          |mul_mul_15s_16s_31_4_1         |       i0 * i1|
    |mul_mul_15s_16s_31_4_1_U28          |mul_mul_15s_16s_31_4_1         |       i0 * i1|
    |mul_mul_15s_16s_31_4_1_U29          |mul_mul_15s_16s_31_4_1         |       i0 * i1|
    |mul_mul_15s_16s_31_4_1_U30          |mul_mul_15s_16s_31_4_1         |       i0 * i1|
    |mul_mul_15s_16s_31_4_1_U31          |mul_mul_15s_16s_31_4_1         |       i0 * i1|
    |mul_mul_15s_16s_31_4_1_U32          |mul_mul_15s_16s_31_4_1         |       i0 * i1|
    |mul_mul_15s_16s_31_4_1_U33          |mul_mul_15s_16s_31_4_1         |       i0 * i1|
    |mul_mul_15s_16s_31_4_1_U34          |mul_mul_15s_16s_31_4_1         |       i0 * i1|
    |mul_mul_15s_16s_31_4_1_U35          |mul_mul_15s_16s_31_4_1         |       i0 * i1|
    |mul_mul_15s_16s_31_4_1_U36          |mul_mul_15s_16s_31_4_1         |       i0 * i1|
    |mul_mul_15s_16s_31_4_1_U37          |mul_mul_15s_16s_31_4_1         |       i0 * i1|
    |mul_mul_15s_16s_31_4_1_U38          |mul_mul_15s_16s_31_4_1         |       i0 * i1|
    |mul_mul_15s_16s_31_4_1_U39          |mul_mul_15s_16s_31_4_1         |       i0 * i1|
    |mul_mul_15s_16s_31_4_1_U40          |mul_mul_15s_16s_31_4_1         |       i0 * i1|
    |mul_mul_15s_16s_31_4_1_U41          |mul_mul_15s_16s_31_4_1         |       i0 * i1|
    |mul_mul_15s_16s_31_4_1_U42          |mul_mul_15s_16s_31_4_1         |       i0 * i1|
    |mul_mul_15s_16s_31_4_1_U43          |mul_mul_15s_16s_31_4_1         |       i0 * i1|
    |mul_mul_15s_16s_31_4_1_U44          |mul_mul_15s_16s_31_4_1         |       i0 * i1|
    |mul_mul_15s_16s_31_4_1_U45          |mul_mul_15s_16s_31_4_1         |       i0 * i1|
    |mul_mul_15s_16s_31_4_1_U46          |mul_mul_15s_16s_31_4_1         |       i0 * i1|
    |mul_mul_15s_16s_31_4_1_U47          |mul_mul_15s_16s_31_4_1         |       i0 * i1|
    |mul_mul_15s_16s_31_4_1_U48          |mul_mul_15s_16s_31_4_1         |       i0 * i1|
    |mul_mul_15s_16s_31_4_1_U49          |mul_mul_15s_16s_31_4_1         |       i0 * i1|
    |mul_mul_15s_16s_31_4_1_U50          |mul_mul_15s_16s_31_4_1         |       i0 * i1|
    |mul_mul_15s_16s_31_4_1_U51          |mul_mul_15s_16s_31_4_1         |       i0 * i1|
    |mul_mul_15s_16s_31_4_1_U52          |mul_mul_15s_16s_31_4_1         |       i0 * i1|
    |mul_mul_15s_16s_31_4_1_U53          |mul_mul_15s_16s_31_4_1         |       i0 * i1|
    |mul_mul_15s_16s_31_4_1_U54          |mul_mul_15s_16s_31_4_1         |       i0 * i1|
    |mul_mul_15s_16s_31_4_1_U55          |mul_mul_15s_16s_31_4_1         |       i0 * i1|
    |mul_mul_15s_16s_31_4_1_U56          |mul_mul_15s_16s_31_4_1         |       i0 * i1|
    |mul_mul_15s_16s_31_4_1_U57          |mul_mul_15s_16s_31_4_1         |       i0 * i1|
    |mul_mul_15s_16s_31_4_1_U58          |mul_mul_15s_16s_31_4_1         |       i0 * i1|
    |mul_mul_15s_16s_31_4_1_U59          |mul_mul_15s_16s_31_4_1         |       i0 * i1|
    |mul_mul_15s_16s_31_4_1_U60          |mul_mul_15s_16s_31_4_1         |       i0 * i1|
    |mul_mul_15s_16s_31_4_1_U61          |mul_mul_15s_16s_31_4_1         |       i0 * i1|
    |mul_mul_15s_16s_31_4_1_U62          |mul_mul_15s_16s_31_4_1         |       i0 * i1|
    |mul_mul_15s_16s_31_4_1_U63          |mul_mul_15s_16s_31_4_1         |       i0 * i1|
    |mul_mul_15s_16s_31_4_1_U64          |mul_mul_15s_16s_31_4_1         |       i0 * i1|
    |mul_mul_15s_16s_31_4_1_U65          |mul_mul_15s_16s_31_4_1         |       i0 * i1|
    |mul_mul_15s_16s_31_4_1_U66          |mul_mul_15s_16s_31_4_1         |       i0 * i1|
    |mul_mul_15s_16s_31_4_1_U67          |mul_mul_15s_16s_31_4_1         |       i0 * i1|
    |mul_mul_15s_16s_31_4_1_U68          |mul_mul_15s_16s_31_4_1         |       i0 * i1|
    |mul_mul_15s_16s_31_4_1_U69          |mul_mul_15s_16s_31_4_1         |       i0 * i1|
    |mul_mul_15s_16s_31_4_1_U70          |mul_mul_15s_16s_31_4_1         |       i0 * i1|
    |mul_mul_15s_16s_31_4_1_U71          |mul_mul_15s_16s_31_4_1         |       i0 * i1|
    |mul_mul_15s_16s_31_4_1_U72          |mul_mul_15s_16s_31_4_1         |       i0 * i1|
    |mul_mul_15s_16s_31_4_1_U73          |mul_mul_15s_16s_31_4_1         |       i0 * i1|
    |mul_mul_15s_16s_31_4_1_U74          |mul_mul_15s_16s_31_4_1         |       i0 * i1|
    |mul_mul_15s_16s_31_4_1_U75          |mul_mul_15s_16s_31_4_1         |       i0 * i1|
    |mul_mul_15s_16s_31_4_1_U76          |mul_mul_15s_16s_31_4_1         |       i0 * i1|
    +------------------------------------+-------------------------------+--------------+

    * Memory: 
    +-------------+-----------+---------+----+----+-----+------+-----+------+-------------+
    |    Memory   |   Module  | BRAM_18K| FF | LUT| URAM| Words| Bits| Banks| W*Bits*Banks|
    +-------------+-----------+---------+----+----+-----+------+-----+------+-------------+
    |FIR_LP_V_U   |FIR_LP_V   |      194|   0|   0|    0|   585|   15|     1|         8775|
    |hist_V_12_U  |hist_V_12  |        0|  32|   4|    0|    15|   16|     1|          240|
    |hist_V_0_U   |hist_V_12  |        0|  32|   4|    0|    15|   16|     1|          240|
    |hist_V_1_U   |hist_V_12  |        0|  32|   4|    0|    15|   16|     1|          240|
    |hist_V_2_U   |hist_V_12  |        0|  32|   4|    0|    15|   16|     1|          240|
    |hist_V_3_U   |hist_V_12  |        0|  32|   4|    0|    15|   16|     1|          240|
    |hist_V_4_U   |hist_V_12  |        0|  32|   4|    0|    15|   16|     1|          240|
    |hist_V_5_U   |hist_V_12  |        0|  32|   4|    0|    15|   16|     1|          240|
    |hist_V_6_U   |hist_V_12  |        0|  32|   4|    0|    15|   16|     1|          240|
    |hist_V_7_U   |hist_V_12  |        0|  32|   4|    0|    15|   16|     1|          240|
    |hist_V_8_U   |hist_V_12  |        0|  32|   4|    0|    15|   16|     1|          240|
    |hist_V_9_U   |hist_V_12  |        0|  32|   4|    0|    15|   16|     1|          240|
    |hist_V_10_U  |hist_V_12  |        0|  32|   4|    0|    15|   16|     1|          240|
    |hist_V_11_U  |hist_V_12  |        0|  32|   4|    0|    15|   16|     1|          240|
    +-------------+-----------+---------+----+----+-----+------+-----+------+-------------+
    |Total        |           |      194| 416|  52|    0|   780|  223|    14|        11895|
    +-------------+-----------+---------+----+----+-----+------+-----+------+-------------+

    * FIFO: 
    N/A

    * Expression: 
    +---------------------------+----------+----+---+----+------------+------------+
    |       Variable Name       | Operation| DSP| FF| LUT| Bitwidth P0| Bitwidth P1|
    +---------------------------+----------+----+---+----+------------+------------+
    |acc_V_1_fu_9490_p2         |         +|   0|  0|  47|          40|          40|
    |add_ln1118_100_fu_5540_p2  |         +|   0|  0|  14|           9|           7|
    |add_ln1118_101_fu_7164_p2  |         +|   0|  0|  14|           9|           7|
    |add_ln1118_102_fu_5551_p2  |         +|   0|  0|  14|           9|           7|
    |add_ln1118_103_fu_5562_p2  |         +|   0|  0|  14|           9|           7|
    |add_ln1118_104_fu_6263_p2  |         +|   0|  0|  14|           9|           7|
    |add_ln1118_105_fu_6273_p2  |         +|   0|  0|  14|           9|           7|
    |add_ln1118_106_fu_5573_p2  |         +|   0|  0|  14|           9|           7|
    |add_ln1118_107_fu_7174_p2  |         +|   0|  0|  14|           9|           7|
    |add_ln1118_108_fu_7184_p2  |         +|   0|  0|  14|           9|           7|
    |add_ln1118_109_fu_6283_p2  |         +|   0|  0|  14|           9|           7|
    |add_ln1118_10_fu_5199_p2   |         +|   0|  0|  14|           9|           4|
    |add_ln1118_110_fu_7194_p2  |         +|   0|  0|  14|           9|           7|
    |add_ln1118_111_fu_6293_p2  |         +|   0|  0|  14|           9|           7|
    |add_ln1118_112_fu_6303_p2  |         +|   0|  0|  14|           9|           7|
    |add_ln1118_113_fu_6313_p2  |         +|   0|  0|  14|           9|           7|
    |add_ln1118_114_fu_6323_p2  |         +|   0|  0|  14|           9|           7|
    |add_ln1118_115_fu_5584_p2  |         +|   0|  0|  14|           9|           7|
    |add_ln1118_116_fu_7204_p2  |         +|   0|  0|  14|           9|           7|
    |add_ln1118_117_fu_5595_p2  |         +|   0|  0|  14|           9|           7|
    |add_ln1118_118_fu_5606_p2  |         +|   0|  0|  14|           9|           7|
    |add_ln1118_119_fu_5617_p2  |         +|   0|  0|  14|           9|           7|
    |add_ln1118_11_fu_5943_p2   |         +|   0|  0|  14|           9|           4|
    |add_ln1118_120_fu_6333_p2  |         +|   0|  0|  14|           9|           7|
    |add_ln1118_121_fu_5628_p2  |         +|   0|  0|  13|          10|           7|
    |add_ln1118_122_fu_5639_p2  |         +|   0|  0|  13|          10|           7|
    |add_ln1118_123_fu_5650_p2  |         +|   0|  0|  13|          10|           7|
    |add_ln1118_124_fu_7214_p2  |         +|   0|  0|  13|          10|           7|
    |add_ln1118_125_fu_6343_p2  |         +|   0|  0|  13|          10|           7|
    |add_ln1118_126_fu_5661_p2  |         +|   0|  0|  13|          10|           7|
    |add_ln1118_127_fu_7225_p2  |         +|   0|  0|  13|          10|           8|
    |add_ln1118_128_fu_7236_p2  |         +|   0|  0|  13|          10|           8|
    |add_ln1118_129_fu_5672_p2  |         +|   0|  0|  13|          10|           8|
    |add_ln1118_12_fu_6894_p2   |         +|   0|  0|  14|           9|           4|
    |add_ln1118_130_fu_7247_p2  |         +|   0|  0|  13|          10|           8|
    |add_ln1118_131_fu_6354_p2  |         +|   0|  0|  13|          10|           8|
    |add_ln1118_132_fu_6365_p2  |         +|   0|  0|  13|          10|           8|
    |add_ln1118_133_fu_6376_p2  |         +|   0|  0|  13|          10|           8|
    |add_ln1118_134_fu_6387_p2  |         +|   0|  0|  13|          10|           8|
    |add_ln1118_135_fu_5683_p2  |         +|   0|  0|  13|          10|           8|
    |add_ln1118_136_fu_7258_p2  |         +|   0|  0|  13|          10|           8|
    |add_ln1118_137_fu_5694_p2  |         +|   0|  0|  13|          10|           8|
    |add_ln1118_138_fu_5705_p2  |         +|   0|  0|  13|          10|           8|
    |add_ln1118_139_fu_7269_p2  |         +|   0|  0|  13|          10|           8|
    |add_ln1118_13_fu_5953_p2   |         +|   0|  0|  14|           9|           4|
    |add_ln1118_140_fu_6398_p2  |         +|   0|  0|  13|          10|           8|
    |add_ln1118_141_fu_5716_p2  |         +|   0|  0|  13|          10|           8|
    |add_ln1118_142_fu_7280_p2  |         +|   0|  0|  13|          10|           8|
    |add_ln1118_143_fu_7291_p2  |         +|   0|  0|  13|          10|           8|
    |add_ln1118_144_fu_5727_p2  |         +|   0|  0|  13|          10|           8|
    |add_ln1118_145_fu_7302_p2  |         +|   0|  0|  13|          10|           8|
    |add_ln1118_146_fu_6409_p2  |         +|   0|  0|  13|          10|           8|
    |add_ln1118_147_fu_7313_p2  |         +|   0|  0|  13|          10|           8|
    |add_ln1118_148_fu_7324_p2  |         +|   0|  0|  13|          10|           8|
    |add_ln1118_149_fu_5738_p2  |         +|   0|  0|  13|          10|           8|
    |add_ln1118_14_fu_6904_p2   |         +|   0|  0|  14|           9|           4|
    |add_ln1118_150_fu_7335_p2  |         +|   0|  0|  13|          10|           8|
    |add_ln1118_151_fu_6420_p2  |         +|   0|  0|  13|          10|           8|
    |add_ln1118_152_fu_6431_p2  |         +|   0|  0|  13|          10|           8|
    |add_ln1118_153_fu_6442_p2  |         +|   0|  0|  13|          10|           8|
    |add_ln1118_154_fu_6453_p2  |         +|   0|  0|  13|          10|           8|
    |add_ln1118_155_fu_5749_p2  |         +|   0|  0|  13|          10|           8|
    |add_ln1118_156_fu_7346_p2  |         +|   0|  0|  13|          10|           8|
    |add_ln1118_157_fu_5760_p2  |         +|   0|  0|  13|          10|           8|
    |add_ln1118_158_fu_5771_p2  |         +|   0|  0|  13|          10|           8|
    |add_ln1118_159_fu_7357_p2  |         +|   0|  0|  13|          10|           8|
    |add_ln1118_15_fu_5963_p2   |         +|   0|  0|  14|           9|           5|
    |add_ln1118_160_fu_6464_p2  |         +|   0|  0|  13|          10|           8|
    |add_ln1118_161_fu_5782_p2  |         +|   0|  0|  13|          10|           8|
    |add_ln1118_162_fu_7368_p2  |         +|   0|  0|  13|          10|           8|
    |add_ln1118_163_fu_7379_p2  |         +|   0|  0|  13|          10|           8|
    |add_ln1118_164_fu_5793_p2  |         +|   0|  0|  13|          10|           8|
    |add_ln1118_165_fu_7390_p2  |         +|   0|  0|  13|          10|           8|
    |add_ln1118_166_fu_6475_p2  |         +|   0|  0|  13|          10|           8|
    |add_ln1118_167_fu_6486_p2  |         +|   0|  0|  13|          10|           8|
    |add_ln1118_168_fu_6497_p2  |         +|   0|  0|  13|          10|           8|
    |add_ln1118_169_fu_6508_p2  |         +|   0|  0|  13|          10|           8|
    |add_ln1118_16_fu_5973_p2   |         +|   0|  0|  14|           9|           5|
    |add_ln1118_170_fu_5804_p2  |         +|   0|  0|  13|          10|           8|
    |add_ln1118_171_fu_7401_p2  |         +|   0|  0|  13|          10|           8|
    |add_ln1118_172_fu_6519_p2  |         +|   0|  0|  13|          10|           8|
    |add_ln1118_173_fu_5815_p2  |         +|   0|  0|  13|          10|           8|
    |add_ln1118_174_fu_6530_p2  |         +|   0|  0|  13|          10|           8|
    |add_ln1118_175_fu_5826_p2  |         +|   0|  0|  13|          10|           8|
    |add_ln1118_176_fu_7412_p2  |         +|   0|  0|  13|          10|           8|
    |add_ln1118_177_fu_5837_p2  |         +|   0|  0|  13|          10|           8|
    |add_ln1118_178_fu_7423_p2  |         +|   0|  0|  13|          10|           8|
    |add_ln1118_179_fu_7434_p2  |         +|   0|  0|  13|          10|           8|
    |add_ln1118_17_fu_5983_p2   |         +|   0|  0|  14|           9|           5|
    |add_ln1118_180_fu_6541_p2  |         +|   0|  0|  13|          10|           8|
    |add_ln1118_181_fu_5848_p2  |         +|   0|  0|  13|          10|           8|
    |add_ln1118_182_fu_7445_p2  |         +|   0|  0|  13|          10|           8|
    |add_ln1118_183_fu_6552_p2  |         +|   0|  0|  13|          10|           8|
    |add_ln1118_184_fu_7456_p2  |         +|   0|  0|  13|          10|           8|
    |add_ln1118_185_fu_6563_p2  |         +|   0|  0|  13|          10|           8|
    |add_ln1118_186_fu_5859_p2  |         +|   0|  0|  13|          10|           8|
    |add_ln1118_187_fu_6574_p2  |         +|   0|  0|  13|          10|           8|
    |add_ln1118_188_fu_7467_p2  |         +|   0|  0|  13|          10|           8|
    |add_ln1118_189_fu_5870_p2  |         +|   0|  0|  13|          10|           8|
    |add_ln1118_18_fu_5210_p2   |         +|   0|  0|  14|           9|           5|
    |add_ln1118_190_fu_7478_p2  |         +|   0|  0|  13|          10|           8|
    |add_ln1118_191_fu_6585_p2  |         +|   0|  0|  13|          10|           8|
    |add_ln1118_192_fu_5881_p2  |         +|   0|  0|  13|          10|           8|
    |add_ln1118_193_fu_5892_p2  |         +|   0|  0|  13|          10|           8|
    |add_ln1118_194_fu_5160_p2  |         +|   0|  0|  13|          10|           8|
    |add_ln1118_19_fu_5221_p2   |         +|   0|  0|  14|           9|           5|
    |add_ln1118_1_fu_5166_p2    |         +|   0|  0|  14|           9|           2|
    |add_ln1118_20_fu_6914_p2   |         +|   0|  0|  14|           9|           5|
    |add_ln1118_21_fu_5232_p2   |         +|   0|  0|  14|           9|           5|
    |add_ln1118_22_fu_5993_p2   |         +|   0|  0|  14|           9|           5|
    |add_ln1118_23_fu_5243_p2   |         +|   0|  0|  14|           9|           5|
    |add_ln1118_24_fu_5254_p2   |         +|   0|  0|  14|           9|           5|
    |add_ln1118_25_fu_6924_p2   |         +|   0|  0|  14|           9|           5|
    |add_ln1118_26_fu_6934_p2   |         +|   0|  0|  14|           9|           5|
    |add_ln1118_27_fu_5265_p2   |         +|   0|  0|  14|           9|           5|
    |add_ln1118_28_fu_6944_p2   |         +|   0|  0|  14|           9|           5|
    |add_ln1118_29_fu_6003_p2   |         +|   0|  0|  14|           9|           5|
    |add_ln1118_2_fu_5177_p2    |         +|   0|  0|  14|           9|           2|
    |add_ln1118_30_fu_5276_p2   |         +|   0|  0|  14|           9|           5|
    |add_ln1118_31_fu_5287_p2   |         +|   0|  0|  14|           9|           6|
    |add_ln1118_32_fu_6954_p2   |         +|   0|  0|  14|           9|           6|
    |add_ln1118_33_fu_6013_p2   |         +|   0|  0|  14|           9|           6|
    |add_ln1118_34_fu_6964_p2   |         +|   0|  0|  14|           9|           6|
    |add_ln1118_35_fu_6023_p2   |         +|   0|  0|  14|           9|           6|
    |add_ln1118_36_fu_6033_p2   |         +|   0|  0|  14|           9|           6|
    |add_ln1118_37_fu_6043_p2   |         +|   0|  0|  14|           9|           6|
    |add_ln1118_38_fu_5298_p2   |         +|   0|  0|  14|           9|           6|
    |add_ln1118_39_fu_5309_p2   |         +|   0|  0|  14|           9|           6|
    |add_ln1118_3_fu_6864_p2    |         +|   0|  0|  14|           9|           3|
    |add_ln1118_40_fu_6974_p2   |         +|   0|  0|  14|           9|           6|
    |add_ln1118_41_fu_6984_p2   |         +|   0|  0|  14|           9|           6|
    |add_ln1118_42_fu_5320_p2   |         +|   0|  0|  14|           9|           6|
    |add_ln1118_43_fu_6994_p2   |         +|   0|  0|  14|           9|           6|
    |add_ln1118_44_fu_6053_p2   |         +|   0|  0|  14|           9|           6|
    |add_ln1118_45_fu_5331_p2   |         +|   0|  0|  14|           9|           6|
    |add_ln1118_46_fu_5342_p2   |         +|   0|  0|  14|           9|           6|
    |add_ln1118_47_fu_5353_p2   |         +|   0|  0|  14|           9|           6|
    |add_ln1118_48_fu_7004_p2   |         +|   0|  0|  14|           9|           6|
    |add_ln1118_49_fu_6063_p2   |         +|   0|  0|  14|           9|           6|
    |add_ln1118_4_fu_5188_p2    |         +|   0|  0|  14|           9|           3|
    |add_ln1118_50_fu_5364_p2   |         +|   0|  0|  14|           9|           6|
    |add_ln1118_51_fu_5375_p2   |         +|   0|  0|  14|           9|           6|
    |add_ln1118_52_fu_7014_p2   |         +|   0|  0|  14|           9|           6|
    |add_ln1118_53_fu_6073_p2   |         +|   0|  0|  14|           9|           6|
    |add_ln1118_54_fu_7024_p2   |         +|   0|  0|  14|           9|           6|
    |add_ln1118_55_fu_6083_p2   |         +|   0|  0|  14|           9|           6|
    |add_ln1118_56_fu_6093_p2   |         +|   0|  0|  14|           9|           6|
    |add_ln1118_57_fu_6103_p2   |         +|   0|  0|  14|           9|           6|
    |add_ln1118_58_fu_5386_p2   |         +|   0|  0|  14|           9|           6|
    |add_ln1118_59_fu_5397_p2   |         +|   0|  0|  14|           9|           6|
    |add_ln1118_5_fu_6874_p2    |         +|   0|  0|  14|           9|           3|
    |add_ln1118_60_fu_6113_p2   |         +|   0|  0|  14|           9|           6|
    |add_ln1118_61_fu_7034_p2   |         +|   0|  0|  14|           9|           6|
    |add_ln1118_62_fu_5408_p2   |         +|   0|  0|  14|           9|           6|
    |add_ln1118_63_fu_7044_p2   |         +|   0|  0|  14|           9|           7|
    |add_ln1118_64_fu_6123_p2   |         +|   0|  0|  14|           9|           7|
    |add_ln1118_65_fu_6133_p2   |         +|   0|  0|  14|           9|           7|
    |add_ln1118_66_fu_5419_p2   |         +|   0|  0|  14|           9|           7|
    |add_ln1118_67_fu_7054_p2   |         +|   0|  0|  14|           9|           7|
    |add_ln1118_68_fu_6143_p2   |         +|   0|  0|  14|           9|           7|
    |add_ln1118_69_fu_7064_p2   |         +|   0|  0|  14|           9|           7|
    |add_ln1118_6_fu_5913_p2    |         +|   0|  0|  14|           9|           3|
    |add_ln1118_70_fu_5430_p2   |         +|   0|  0|  14|           9|           7|
    |add_ln1118_71_fu_6153_p2   |         +|   0|  0|  14|           9|           7|
    |add_ln1118_72_fu_7074_p2   |         +|   0|  0|  14|           9|           7|
    |add_ln1118_73_fu_6163_p2   |         +|   0|  0|  14|           9|           7|
    |add_ln1118_74_fu_7084_p2   |         +|   0|  0|  14|           9|           7|
    |add_ln1118_75_fu_7094_p2   |         +|   0|  0|  14|           9|           7|
    |add_ln1118_76_fu_6173_p2   |         +|   0|  0|  14|           9|           7|
    |add_ln1118_77_fu_6183_p2   |         +|   0|  0|  14|           9|           7|
    |add_ln1118_78_fu_5441_p2   |         +|   0|  0|  14|           9|           7|
    |add_ln1118_79_fu_5452_p2   |         +|   0|  0|  14|           9|           7|
    |add_ln1118_7_fu_6884_p2    |         +|   0|  0|  14|           9|           4|
    |add_ln1118_80_fu_5463_p2   |         +|   0|  0|  14|           9|           7|
    |add_ln1118_81_fu_7104_p2   |         +|   0|  0|  14|           9|           7|
    |add_ln1118_82_fu_5474_p2   |         +|   0|  0|  14|           9|           7|
    |add_ln1118_83_fu_7114_p2   |         +|   0|  0|  14|           9|           7|
    |add_ln1118_84_fu_6193_p2   |         +|   0|  0|  14|           9|           7|
    |add_ln1118_85_fu_6203_p2   |         +|   0|  0|  14|           9|           7|
    |add_ln1118_86_fu_5485_p2   |         +|   0|  0|  14|           9|           7|
    |add_ln1118_87_fu_7124_p2   |         +|   0|  0|  14|           9|           7|
    |add_ln1118_88_fu_6213_p2   |         +|   0|  0|  14|           9|           7|
    |add_ln1118_89_fu_7134_p2   |         +|   0|  0|  14|           9|           7|
    |add_ln1118_8_fu_5923_p2    |         +|   0|  0|  14|           9|           4|
    |add_ln1118_90_fu_7144_p2   |         +|   0|  0|  14|           9|           7|
    |add_ln1118_91_fu_6223_p2   |         +|   0|  0|  14|           9|           7|
    |add_ln1118_92_fu_6233_p2   |         +|   0|  0|  14|           9|           7|
    |add_ln1118_93_fu_5496_p2   |         +|   0|  0|  14|           9|           7|
    |add_ln1118_94_fu_5507_p2   |         +|   0|  0|  14|           9|           7|
    |add_ln1118_95_fu_5518_p2   |         +|   0|  0|  14|           9|           7|
    |add_ln1118_96_fu_7154_p2   |         +|   0|  0|  14|           9|           7|
    |add_ln1118_97_fu_6243_p2   |         +|   0|  0|  14|           9|           7|
    |add_ln1118_98_fu_6253_p2   |         +|   0|  0|  14|           9|           7|
    |add_ln1118_99_fu_5529_p2   |         +|   0|  0|  14|           9|           7|
    |add_ln1118_9_fu_5933_p2    |         +|   0|  0|  14|           9|           4|
    |add_ln1118_fu_5903_p2      |         +|   0|  0|  14|           9|           1|
    |add_ln263_fu_4379_p2       |         +|   0|  0|  39|          32|           1|
    |add_ln280_fu_4402_p2       |         +|   0|  0|  15|           8|           2|
    |add_ln291_fu_5139_p2       |         +|   0|  0|  10|           2|           1|
    |add_ln366_fu_9050_p2       |         +|   0|  0|  11|           3|           1|
    |add_ln703_100_fu_8417_p2   |         +|   0|  0|  40|          33|          33|
    |add_ln703_105_fu_8429_p2   |         +|   0|  0|  40|          33|          33|
    |add_ln703_106_fu_8761_p2   |         +|   0|  0|  41|          34|          34|
    |add_ln703_10_fu_8609_p2    |         +|   0|  0|  41|          34|          34|
    |add_ln703_111_fu_8441_p2   |         +|   0|  0|  40|          33|          33|
    |add_ln703_116_fu_8453_p2   |         +|   0|  0|  40|          33|          33|
    |add_ln703_117_fu_8777_p2   |         +|   0|  0|  41|          34|          34|
    |add_ln703_118_fu_8787_p2   |         +|   0|  0|  42|          35|          35|
    |add_ln703_123_fu_8465_p2   |         +|   0|  0|  40|          33|          33|
    |add_ln703_128_fu_8477_p2   |         +|   0|  0|  40|          33|          33|
    |add_ln703_129_fu_8799_p2   |         +|   0|  0|  41|          34|          34|
    |add_ln703_134_fu_8489_p2   |         +|   0|  0|  40|          33|          33|
    |add_ln703_139_fu_8156_p2   |         +|   0|  0|  39|          32|          32|
    |add_ln703_140_fu_8501_p2   |         +|   0|  0|  40|          33|          33|
    |add_ln703_141_fu_8815_p2   |         +|   0|  0|  41|          34|          34|
    |add_ln703_142_fu_8825_p2   |         +|   0|  0|  42|          35|          35|
    |add_ln703_143_fu_8951_p2   |         +|   0|  0|  43|          36|          36|
    |add_ln703_148_fu_8513_p2   |         +|   0|  0|  40|          33|          33|
    |add_ln703_153_fu_8525_p2   |         +|   0|  0|  40|          33|          33|
    |add_ln703_154_fu_8837_p2   |         +|   0|  0|  41|          34|          34|
    |add_ln703_159_fu_8537_p2   |         +|   0|  0|  40|          33|          33|
    |add_ln703_15_fu_8249_p2    |         +|   0|  0|  40|          33|          33|
    |add_ln703_164_fu_8549_p2   |         +|   0|  0|  40|          33|          33|
    |add_ln703_165_fu_8853_p2   |         +|   0|  0|  41|          34|          34|
    |add_ln703_166_fu_8863_p2   |         +|   0|  0|  42|          35|          35|
    |add_ln703_171_fu_8561_p2   |         +|   0|  0|  40|          33|          33|
    |add_ln703_176_fu_8573_p2   |         +|   0|  0|  40|          33|          33|
    |add_ln703_177_fu_8875_p2   |         +|   0|  0|  41|          34|          34|
    |add_ln703_182_fu_8585_p2   |         +|   0|  0|  40|          33|          33|
    |add_ln703_187_fu_8213_p2   |         +|   0|  0|  39|          32|          32|
    |add_ln703_188_fu_8597_p2   |         +|   0|  0|  40|          33|          33|
    |add_ln703_189_fu_8891_p2   |         +|   0|  0|  41|          34|          34|
    |add_ln703_190_fu_8901_p2   |         +|   0|  0|  42|          35|          35|
    |add_ln703_191_fu_8967_p2   |         +|   0|  0|  43|          36|          36|
    |add_ln703_192_fu_8977_p2   |         +|   0|  0|  44|          37|          37|
    |add_ln703_20_fu_8261_p2    |         +|   0|  0|  40|          33|          33|
    |add_ln703_21_fu_8625_p2    |         +|   0|  0|  41|          34|          34|
    |add_ln703_22_fu_8635_p2    |         +|   0|  0|  42|          35|          35|
    |add_ln703_27_fu_8273_p2    |         +|   0|  0|  40|          33|          33|
    |add_ln703_32_fu_8285_p2    |         +|   0|  0|  40|          33|          33|
    |add_ln703_33_fu_8647_p2    |         +|   0|  0|  41|          34|          34|
    |add_ln703_38_fu_8297_p2    |         +|   0|  0|  40|          33|          33|
    |add_ln703_43_fu_8309_p2    |         +|   0|  0|  40|          33|          33|
    |add_ln703_44_fu_8663_p2    |         +|   0|  0|  41|          34|          34|
    |add_ln703_45_fu_8673_p2    |         +|   0|  0|  42|          35|          35|
    |add_ln703_46_fu_8913_p2    |         +|   0|  0|  43|          36|          36|
    |add_ln703_4_fu_8225_p2     |         +|   0|  0|  40|          33|          33|
    |add_ln703_51_fu_8321_p2    |         +|   0|  0|  40|          33|          33|
    |add_ln703_56_fu_8333_p2    |         +|   0|  0|  40|          33|          33|
    |add_ln703_57_fu_8685_p2    |         +|   0|  0|  41|          34|          34|
    |add_ln703_62_fu_8345_p2    |         +|   0|  0|  40|          33|          33|
    |add_ln703_67_fu_8357_p2    |         +|   0|  0|  40|          33|          33|
    |add_ln703_68_fu_8701_p2    |         +|   0|  0|  41|          34|          34|
    |add_ln703_69_fu_8711_p2    |         +|   0|  0|  42|          35|          35|
    |add_ln703_74_fu_8369_p2    |         +|   0|  0|  40|          33|          33|
    |add_ln703_79_fu_8381_p2    |         +|   0|  0|  40|          33|          33|
    |add_ln703_80_fu_8723_p2    |         +|   0|  0|  41|          34|          34|
    |add_ln703_85_fu_8393_p2    |         +|   0|  0|  40|          33|          33|
    |add_ln703_90_fu_8099_p2    |         +|   0|  0|  39|          32|          32|
    |add_ln703_91_fu_8405_p2    |         +|   0|  0|  40|          33|          33|
    |add_ln703_92_fu_8739_p2    |         +|   0|  0|  41|          34|          34|
    |add_ln703_93_fu_8749_p2    |         +|   0|  0|  42|          35|          35|
    |add_ln703_94_fu_8929_p2    |         +|   0|  0|  43|          36|          36|
    |add_ln703_95_fu_8939_p2    |         +|   0|  0|  44|          37|          37|
    |add_ln703_9_fu_8237_p2     |         +|   0|  0|  40|          33|          33|
    |ret_V_fu_9317_p2           |         +|   0|  0|  56|          49|          49|
    |ylp_V_0_fu_8989_p2         |         +|   0|  0|  45|          38|          38|
    |band_V_1_fu_9020_p2        |         -|   0|  0|  47|          40|          40|
    |band_V_2_fu_9026_p2        |         -|   0|  0|  47|          40|          40|
    |band_V_3_fu_9044_p2        |         -|   0|  0|  47|          40|          40|
    |p_Val2_10_fu_9228_p2       |         -|   0|  0|  31|           1|          24|
    |ret_V_2_fu_9288_p2         |         -|   0|  0|  32|          25|          25|
    |overflow_1_fu_9131_p2      |       and|   0|  0|   2|           1|           1|
    |overflow_3_fu_9405_p2      |       and|   0|  0|   2|           1|           1|
    |overflow_fu_9550_p2        |       and|   0|  0|   2|           1|           1|
    |underflow_1_fu_9155_p2     |       and|   0|  0|   2|           1|           1|
    |underflow_2_fu_9421_p2     |       and|   0|  0|   2|           1|           1|
    |underflow_fu_9574_p2       |       and|   0|  0|   2|           1|           1|
    |icmp_ln1497_fu_9266_p2     |      icmp|   0|  0|  15|          24|          24|
    |icmp_ln239_fu_4272_p2      |      icmp|   0|  0|  18|          32|           1|
    |icmp_ln263_fu_4385_p2      |      icmp|   0|  0|  18|          32|          32|
    |icmp_ln280_fu_4390_p2      |      icmp|   0|  0|  11|           8|           1|
    |icmp_ln291_fu_5154_p2      |      icmp|   0|  0|   8|           2|           2|
    |icmp_ln366_fu_9056_p2      |      icmp|   0|  0|   9|           3|           4|
    |icmp_ln768_1_fu_9113_p2    |      icmp|   0|  0|  10|           6|           1|
    |icmp_ln768_2_fu_9384_p2    |      icmp|   0|  0|   9|           4|           1|
    |icmp_ln768_fu_9532_p2      |      icmp|   0|  0|  10|           7|           1|
    |icmp_ln786_1_fu_9143_p2    |      icmp|   0|  0|  10|           6|           2|
    |icmp_ln786_2_fu_9390_p2    |      icmp|   0|  0|   9|           4|           2|
    |icmp_ln786_fu_9562_p2      |      icmp|   0|  0|  10|           7|           2|
    |tobool98_fu_4278_p2        |      icmp|   0|  0|  18|          32|           1|
    |or_ln340_1_fu_9592_p2      |        or|   0|  0|   2|           1|           1|
    |or_ln340_2_fu_9161_p2      |        or|   0|  0|   2|           1|           1|
    |or_ln340_3_fu_9180_p2      |        or|   0|  0|   2|           1|           1|
    |or_ln340_4_fu_9426_p2      |        or|   0|  0|   2|           1|           1|
    |or_ln340_5_fu_9438_p2      |        or|   0|  0|   2|           1|           1|
    |or_ln340_fu_9580_p2        |        or|   0|  0|   2|           1|           1|
    |or_ln785_1_fu_9119_p2      |        or|   0|  0|   2|           1|           1|
    |or_ln785_2_fu_9396_p2      |        or|   0|  0|   2|           1|           1|
    |or_ln785_fu_9538_p2        |        or|   0|  0|   2|           1|           1|
    |or_ln786_1_fu_9149_p2      |        or|   0|  0|   2|           1|           1|
    |or_ln786_2_fu_9416_p2      |        or|   0|  0|   2|           1|           1|
    |or_ln786_fu_9568_p2        |        or|   0|  0|   2|           1|           1|
    |sign_V_fu_9329_p2          |        or|   0|  0|  24|          23|          24|
    |a_V_fu_9254_p3             |    select|   0|  0|  23|           1|          23|
    |out_r                      |    select|   0|  0|  16|           1|          16|
    |p_pn_fu_9484_p3            |    select|   0|  0|  40|           1|          40|
    |select_ln1497_fu_9466_p3   |    select|   0|  0|  24|           1|          24|
    |select_ln340_2_fu_9167_p3  |    select|   0|  0|  24|           1|          23|
    |select_ln340_4_fu_9246_p3  |    select|   0|  0|  23|           1|           2|
    |select_ln340_5_fu_9444_p3  |    select|   0|  0|  24|           1|          23|
    |select_ln340_6_fu_9458_p3  |    select|   0|  0|  24|           1|          24|
    |select_ln340_fu_9598_p3    |    select|   0|  0|  16|           1|          15|
    |select_ln388_1_fu_9185_p3  |    select|   0|  0|  25|           1|          25|
    |select_ln388_2_fu_9451_p3  |    select|   0|  0|  25|           1|          25|
    |select_ln388_fu_9606_p3    |    select|   0|  0|  17|           1|          17|
    |x_V_fu_9191_p3             |    select|   0|  0|  24|           1|          24|
    |ap_enable_pp0              |       xor|   0|  0|   2|           1|           2|
    |ap_enable_pp1              |       xor|   0|  0|   2|           1|           2|
    |ap_enable_pp2              |       xor|   0|  0|   2|           1|           2|
    |ap_enable_reg_pp1_iter1    |       xor|   0|  0|   2|           2|           1|
    |xor_ln340_1_fu_9175_p2     |       xor|   0|  0|   2|           1|           2|
    |xor_ln340_2_fu_9432_p2     |       xor|   0|  0|   2|           1|           2|
    |xor_ln340_fu_9586_p2       |       xor|   0|  0|   2|           1|           2|
    |xor_ln785_1_fu_9125_p2     |       xor|   0|  0|   2|           1|           2|
    |xor_ln785_2_fu_9400_p2     |       xor|   0|  0|   2|           1|           2|
    |xor_ln785_fu_9544_p2       |       xor|   0|  0|   2|           1|           2|
    |xor_ln786_1_fu_9137_p2     |       xor|   0|  0|   2|           1|           2|
    |xor_ln786_2_fu_9411_p2     |       xor|   0|  0|   2|           1|           2|
    |xor_ln786_fu_9556_p2       |       xor|   0|  0|   2|           1|           2|
    +---------------------------+----------+----+---+----+------------+------------+
    |Total                      |          |   0|  0|6278|        4576|        4230|
    +---------------------------+----------+----+---+----+------------+------------+

    * Multiplexer: 
    +-----------------------------------+-----+-----------+-----+-----------+
    |                Name               | LUT | Input Size| Bits| Total Bits|
    +-----------------------------------+-----+-----------+-----+-----------+
    |acc_V_reg_4257                     |    9|          2|   40|         80|
    |ap_NS_fsm                          |  125|         28|    1|         28|
    |ap_enable_reg_pp0_iter6            |    9|          2|    1|          2|
    |ap_enable_reg_pp1_iter1            |    9|          2|    1|          2|
    |ap_enable_reg_pp1_iter9            |    9|          2|    1|          2|
    |ap_enable_reg_pp2_iter8            |    9|          2|    1|          2|
    |ap_enable_reg_pp2_iter9            |   14|          3|    1|          3|
    |ap_phi_mux_b_phi_fu_4226_p4        |    9|          2|    2|          4|
    |ap_phi_mux_k_phi_fu_4214_p4        |    9|          2|    8|         16|
    |ap_phi_mux_phi_mul_phi_fu_4238_p4  |    9|          2|   10|         20|
    |b_reg_4222                         |    9|          2|    2|          4|
    |drc_ratio_address0                 |   14|          3|    2|          6|
    |drc_ratio_address1                 |   14|          3|    2|          6|
    |drc_thr_address0                   |   14|          3|    2|          6|
    |drc_thr_address1                   |   14|          3|    2|          6|
    |hist_V_0_address0                  |   53|         10|    4|         40|
    |hist_V_0_address1                  |   53|         10|    4|         40|
    |hist_V_0_d1                        |   20|          4|   16|         64|
    |hist_V_10_address0                 |   65|         16|    4|         64|
    |hist_V_10_address1                 |   65|         16|    4|         64|
    |hist_V_10_d1                       |   14|          3|   16|         48|
    |hist_V_11_address0                 |   65|         16|    4|         64|
    |hist_V_11_address1                 |   65|         16|    4|         64|
    |hist_V_11_d1                       |   14|          3|   16|         48|
    |hist_V_12_address0                 |   65|         16|    4|         64|
    |hist_V_12_address1                 |   65|         16|    4|         64|
    |hist_V_12_d1                       |   14|          3|   16|         48|
    |hist_V_1_address0                  |   65|         16|    4|         64|
    |hist_V_1_address1                  |   65|         16|    4|         64|
    |hist_V_1_d1                        |   14|          3|   16|         48|
    |hist_V_2_address0                  |   65|         16|    4|         64|
    |hist_V_2_address1                  |   65|         16|    4|         64|
    |hist_V_2_d1                        |   14|          3|   16|         48|
    |hist_V_3_address0                  |   65|         16|    4|         64|
    |hist_V_3_address1                  |   65|         16|    4|         64|
    |hist_V_3_d1                        |   14|          3|   16|         48|
    |hist_V_4_address0                  |   65|         16|    4|         64|
    |hist_V_4_address1                  |   65|         16|    4|         64|
    |hist_V_4_d1                        |   14|          3|   16|         48|
    |hist_V_5_address0                  |   65|         16|    4|         64|
    |hist_V_5_address1                  |   65|         16|    4|         64|
    |hist_V_5_d1                        |   14|          3|   16|         48|
    |hist_V_6_address0                  |   65|         16|    4|         64|
    |hist_V_6_address1                  |   65|         16|    4|         64|
    |hist_V_6_d1                        |   14|          3|   16|         48|
    |hist_V_7_address0                  |   65|         16|    4|         64|
    |hist_V_7_address1                  |   65|         16|    4|         64|
    |hist_V_7_d1                        |   14|          3|   16|         48|
    |hist_V_8_address0                  |   65|         16|    4|         64|
    |hist_V_8_address1                  |   65|         16|    4|         64|
    |hist_V_8_d1                        |   14|          3|   16|         48|
    |hist_V_9_address0                  |   65|         16|    4|         64|
    |hist_V_9_address1                  |   65|         16|    4|         64|
    |hist_V_9_d1                        |   14|          3|   16|         48|
    |i_reg_4246                         |    9|          2|    3|          6|
    |k_reg_4210                         |    9|          2|    8|         16|
    |n_reg_4199                         |    9|          2|   32|         64|
    |phi_mul_reg_4234                   |    9|          2|   10|         20|
    +-----------------------------------+-----+-----------+-----+-----------+
    |Total                              | 2166|        513|  441|       2549|
    +-----------------------------------+-----+-----------+-----+-----------+

    * Register: 
    +---------------------------------------+-----+----+-----+-----------+
    |                  Name                 |  FF | LUT| Bits| Const Bits|
    +---------------------------------------+-----+----+-----+-----------+
    |FIR_LP_V_load_reg_13814                |   15|   0|   15|          0|
    |FIR_LP_V_load_reg_13814_pp1_iter2_reg  |   15|   0|   15|          0|
    |acc_V_reg_4257                         |   40|   0|   40|          0|
    |add_ln1118_194_reg_13134               |   10|   0|   10|          0|
    |add_ln263_reg_11129                    |   32|   0|   32|          0|
    |add_ln280_reg_11142                    |    8|   0|    8|          0|
    |add_ln291_reg_13042                    |    2|   0|    2|          0|
    |add_ln703_100_reg_15829                |   33|   0|   33|          0|
    |add_ln703_105_reg_15834                |   33|   0|   33|          0|
    |add_ln703_111_reg_15839                |   33|   0|   33|          0|
    |add_ln703_116_reg_15844                |   33|   0|   33|          0|
    |add_ln703_118_reg_15929                |   35|   0|   35|          0|
    |add_ln703_123_reg_15849                |   33|   0|   33|          0|
    |add_ln703_128_reg_15854                |   33|   0|   33|          0|
    |add_ln703_134_reg_15859                |   33|   0|   33|          0|
    |add_ln703_139_reg_15664                |   32|   0|   32|          0|
    |add_ln703_140_reg_15864                |   33|   0|   33|          0|
    |add_ln703_142_reg_15934                |   35|   0|   35|          0|
    |add_ln703_148_reg_15869                |   33|   0|   33|          0|
    |add_ln703_153_reg_15874                |   33|   0|   33|          0|
    |add_ln703_159_reg_15879                |   33|   0|   33|          0|
    |add_ln703_15_reg_15759                 |   33|   0|   33|          0|
    |add_ln703_164_reg_15884                |   33|   0|   33|          0|
    |add_ln703_166_reg_15939                |   35|   0|   35|          0|
    |add_ln703_171_reg_15889                |   33|   0|   33|          0|
    |add_ln703_176_reg_15894                |   33|   0|   33|          0|
    |add_ln703_182_reg_15899                |   33|   0|   33|          0|
    |add_ln703_187_reg_15744                |   32|   0|   32|          0|
    |add_ln703_188_reg_15904                |   33|   0|   33|          0|
    |add_ln703_190_reg_15944                |   35|   0|   35|          0|
    |add_ln703_192_reg_15954                |   37|   0|   37|          0|
    |add_ln703_20_reg_15764                 |   33|   0|   33|          0|
    |add_ln703_22_reg_15909                 |   35|   0|   35|          0|
    |add_ln703_27_reg_15769                 |   33|   0|   33|          0|
    |add_ln703_32_reg_15774                 |   33|   0|   33|          0|
    |add_ln703_38_reg_15779                 |   33|   0|   33|          0|
    |add_ln703_43_reg_15784                 |   33|   0|   33|          0|
    |add_ln703_45_reg_15914                 |   35|   0|   35|          0|
    |add_ln703_4_reg_15749                  |   33|   0|   33|          0|
    |add_ln703_51_reg_15789                 |   33|   0|   33|          0|
    |add_ln703_56_reg_15794                 |   33|   0|   33|          0|
    |add_ln703_62_reg_15799                 |   33|   0|   33|          0|
    |add_ln703_67_reg_15804                 |   33|   0|   33|          0|
    |add_ln703_69_reg_15919                 |   35|   0|   35|          0|
    |add_ln703_74_reg_15809                 |   33|   0|   33|          0|
    |add_ln703_79_reg_15814                 |   33|   0|   33|          0|
    |add_ln703_85_reg_15819                 |   33|   0|   33|          0|
    |add_ln703_90_reg_15584                 |   32|   0|   32|          0|
    |add_ln703_91_reg_15824                 |   33|   0|   33|          0|
    |add_ln703_93_reg_15924                 |   35|   0|   35|          0|
    |add_ln703_95_reg_15949                 |   37|   0|   37|          0|
    |add_ln703_9_reg_15754                  |   33|   0|   33|          0|
    |ap_CS_fsm                              |   27|   0|   27|          0|
    |ap_enable_reg_pp0_iter0                |    1|   0|    1|          0|
    |ap_enable_reg_pp0_iter1                |    1|   0|    1|          0|
    |ap_enable_reg_pp0_iter2                |    1|   0|    1|          0|
    |ap_enable_reg_pp0_iter3                |    1|   0|    1|          0|
    |ap_enable_reg_pp0_iter4                |    1|   0|    1|          0|
    |ap_enable_reg_pp0_iter5                |    1|   0|    1|          0|
    |ap_enable_reg_pp0_iter6                |    1|   0|    1|          0|
    |ap_enable_reg_pp1_iter0                |    1|   0|    1|          0|
    |ap_enable_reg_pp1_iter1                |    1|   0|    1|          0|
    |ap_enable_reg_pp1_iter2                |    1|   0|    1|          0|
    |ap_enable_reg_pp1_iter3                |    1|   0|    1|          0|
    |ap_enable_reg_pp1_iter4                |    1|   0|    1|          0|
    |ap_enable_reg_pp1_iter5                |    1|   0|    1|          0|
    |ap_enable_reg_pp1_iter6                |    1|   0|    1|          0|
    |ap_enable_reg_pp1_iter7                |    1|   0|    1|          0|
    |ap_enable_reg_pp1_iter8                |    1|   0|    1|          0|
    |ap_enable_reg_pp1_iter9                |    1|   0|    1|          0|
    |ap_enable_reg_pp2_iter0                |    1|   0|    1|          0|
    |ap_enable_reg_pp2_iter1                |    1|   0|    1|          0|
    |ap_enable_reg_pp2_iter2                |    1|   0|    1|          0|
    |ap_enable_reg_pp2_iter3                |    1|   0|    1|          0|
    |ap_enable_reg_pp2_iter4                |    1|   0|    1|          0|
    |ap_enable_reg_pp2_iter5                |    1|   0|    1|          0|
    |ap_enable_reg_pp2_iter6                |    1|   0|    1|          0|
    |ap_enable_reg_pp2_iter7                |    1|   0|    1|          0|
    |ap_enable_reg_pp2_iter8                |    1|   0|    1|          0|
    |ap_enable_reg_pp2_iter9                |    1|   0|    1|          0|
    |b_reg_4222                             |    2|   0|    2|          0|
    |band_V_0_fu_1022                       |   40|   0|   40|          0|
    |band_V_1_reg_15959                     |   40|   0|   40|          0|
    |band_V_2_reg_15964                     |   40|   0|   40|          0|
    |band_V_3_reg_15969                     |   40|   0|   40|          0|
    |empty_16_reg_13047                     |    9|   0|    9|          0|
    |empty_16_reg_13047_pp1_iter1_reg       |    9|   0|    9|          0|
    |hist_V_0_load_10_reg_11942             |   16|   0|   16|          0|
    |hist_V_0_load_11_reg_12007             |   16|   0|   16|          0|
    |hist_V_0_load_1_reg_11357              |   16|   0|   16|          0|
    |hist_V_0_load_2_reg_11422              |   16|   0|   16|          0|
    |hist_V_0_load_3_reg_11487              |   16|   0|   16|          0|
    |hist_V_0_load_4_reg_11552              |   16|   0|   16|          0|
    |hist_V_0_load_5_reg_11617              |   16|   0|   16|          0|
    |hist_V_0_load_6_reg_11682              |   16|   0|   16|          0|
    |hist_V_0_load_7_reg_11747              |   16|   0|   16|          0|
    |hist_V_0_load_8_reg_11812              |   16|   0|   16|          0|
    |hist_V_0_load_9_reg_11877              |   16|   0|   16|          0|
    |hist_V_0_load_reg_11292                |   16|   0|   16|          0|
    |hist_V_10_load_10_reg_11927            |   16|   0|   16|          0|
    |hist_V_10_load_11_reg_11992            |   16|   0|   16|          0|
    |hist_V_10_load_12_reg_12057            |   16|   0|   16|          0|
    |hist_V_10_load_1_reg_11342             |   16|   0|   16|          0|
    |hist_V_10_load_2_reg_11407             |   16|   0|   16|          0|
    |hist_V_10_load_3_reg_11472             |   16|   0|   16|          0|
    |hist_V_10_load_4_reg_11537             |   16|   0|   16|          0|
    |hist_V_10_load_5_reg_11602             |   16|   0|   16|          0|
    |hist_V_10_load_6_reg_11667             |   16|   0|   16|          0|
    |hist_V_10_load_7_reg_11732             |   16|   0|   16|          0|
    |hist_V_10_load_8_reg_11797             |   16|   0|   16|          0|
    |hist_V_10_load_9_reg_11862             |   16|   0|   16|          0|
    |hist_V_10_load_reg_11277               |   16|   0|   16|          0|
    |hist_V_11_load_10_reg_11932            |   16|   0|   16|          0|
    |hist_V_11_load_11_reg_11997            |   16|   0|   16|          0|
    |hist_V_11_load_12_reg_12062            |   16|   0|   16|          0|
    |hist_V_11_load_1_reg_11347             |   16|   0|   16|          0|
    |hist_V_11_load_2_reg_11412             |   16|   0|   16|          0|
    |hist_V_11_load_3_reg_11477             |   16|   0|   16|          0|
    |hist_V_11_load_4_reg_11542             |   16|   0|   16|          0|
    |hist_V_11_load_5_reg_11607             |   16|   0|   16|          0|
    |hist_V_11_load_6_reg_11672             |   16|   0|   16|          0|
    |hist_V_11_load_7_reg_11737             |   16|   0|   16|          0|
    |hist_V_11_load_8_reg_11802             |   16|   0|   16|          0|
    |hist_V_11_load_9_reg_11867             |   16|   0|   16|          0|
    |hist_V_11_load_reg_11282               |   16|   0|   16|          0|
    |hist_V_12_load_10_reg_11937            |   16|   0|   16|          0|
    |hist_V_12_load_11_reg_12002            |   16|   0|   16|          0|
    |hist_V_12_load_12_reg_12067            |   16|   0|   16|          0|
    |hist_V_12_load_1_reg_11352             |   16|   0|   16|          0|
    |hist_V_12_load_2_reg_11417             |   16|   0|   16|          0|
    |hist_V_12_load_3_reg_11482             |   16|   0|   16|          0|
    |hist_V_12_load_4_reg_11547             |   16|   0|   16|          0|
    |hist_V_12_load_5_reg_11612             |   16|   0|   16|          0|
    |hist_V_12_load_6_reg_11677             |   16|   0|   16|          0|
    |hist_V_12_load_7_reg_11742             |   16|   0|   16|          0|
    |hist_V_12_load_8_reg_11807             |   16|   0|   16|          0|
    |hist_V_12_load_9_reg_11872             |   16|   0|   16|          0|
    |hist_V_12_load_reg_11287               |   16|   0|   16|          0|
    |hist_V_1_load_10_reg_11882             |   16|   0|   16|          0|
    |hist_V_1_load_11_reg_11947             |   16|   0|   16|          0|
    |hist_V_1_load_12_reg_12012             |   16|   0|   16|          0|
    |hist_V_1_load_1_reg_11297              |   16|   0|   16|          0|
    |hist_V_1_load_2_reg_11362              |   16|   0|   16|          0|
    |hist_V_1_load_3_reg_11427              |   16|   0|   16|          0|
    |hist_V_1_load_4_reg_11492              |   16|   0|   16|          0|
    |hist_V_1_load_5_reg_11557              |   16|   0|   16|          0|
    |hist_V_1_load_6_reg_11622              |   16|   0|   16|          0|
    |hist_V_1_load_7_reg_11687              |   16|   0|   16|          0|
    |hist_V_1_load_8_reg_11752              |   16|   0|   16|          0|
    |hist_V_1_load_9_reg_11817              |   16|   0|   16|          0|
    |hist_V_1_load_reg_11232                |   16|   0|   16|          0|
    |hist_V_2_load_10_reg_11887             |   16|   0|   16|          0|
    |hist_V_2_load_11_reg_11952             |   16|   0|   16|          0|
    |hist_V_2_load_12_reg_12017             |   16|   0|   16|          0|
    |hist_V_2_load_1_reg_11302              |   16|   0|   16|          0|
    |hist_V_2_load_2_reg_11367              |   16|   0|   16|          0|
    |hist_V_2_load_3_reg_11432              |   16|   0|   16|          0|
    |hist_V_2_load_4_reg_11497              |   16|   0|   16|          0|
    |hist_V_2_load_5_reg_11562              |   16|   0|   16|          0|
    |hist_V_2_load_6_reg_11627              |   16|   0|   16|          0|
    |hist_V_2_load_7_reg_11692              |   16|   0|   16|          0|
    |hist_V_2_load_8_reg_11757              |   16|   0|   16|          0|
    |hist_V_2_load_9_reg_11822              |   16|   0|   16|          0|
    |hist_V_2_load_reg_11237                |   16|   0|   16|          0|
    |hist_V_3_load_10_reg_11892             |   16|   0|   16|          0|
    |hist_V_3_load_11_reg_11957             |   16|   0|   16|          0|
    |hist_V_3_load_12_reg_12022             |   16|   0|   16|          0|
    |hist_V_3_load_1_reg_11307              |   16|   0|   16|          0|
    |hist_V_3_load_2_reg_11372              |   16|   0|   16|          0|
    |hist_V_3_load_3_reg_11437              |   16|   0|   16|          0|
    |hist_V_3_load_4_reg_11502              |   16|   0|   16|          0|
    |hist_V_3_load_5_reg_11567              |   16|   0|   16|          0|
    |hist_V_3_load_6_reg_11632              |   16|   0|   16|          0|
    |hist_V_3_load_7_reg_11697              |   16|   0|   16|          0|
    |hist_V_3_load_8_reg_11762              |   16|   0|   16|          0|
    |hist_V_3_load_9_reg_11827              |   16|   0|   16|          0|
    |hist_V_3_load_reg_11242                |   16|   0|   16|          0|
    |hist_V_4_load_10_reg_11897             |   16|   0|   16|          0|
    |hist_V_4_load_11_reg_11962             |   16|   0|   16|          0|
    |hist_V_4_load_12_reg_12027             |   16|   0|   16|          0|
    |hist_V_4_load_1_reg_11312              |   16|   0|   16|          0|
    |hist_V_4_load_2_reg_11377              |   16|   0|   16|          0|
    |hist_V_4_load_3_reg_11442              |   16|   0|   16|          0|
    |hist_V_4_load_4_reg_11507              |   16|   0|   16|          0|
    |hist_V_4_load_5_reg_11572              |   16|   0|   16|          0|
    |hist_V_4_load_6_reg_11637              |   16|   0|   16|          0|
    |hist_V_4_load_7_reg_11702              |   16|   0|   16|          0|
    |hist_V_4_load_8_reg_11767              |   16|   0|   16|          0|
    |hist_V_4_load_9_reg_11832              |   16|   0|   16|          0|
    |hist_V_4_load_reg_11247                |   16|   0|   16|          0|
    |hist_V_5_load_10_reg_11837             |   16|   0|   16|          0|
    |hist_V_5_load_11_reg_11902             |   16|   0|   16|          0|
    |hist_V_5_load_12_reg_11967             |   16|   0|   16|          0|
    |hist_V_5_load_13_reg_12032             |   16|   0|   16|          0|
    |hist_V_5_load_1_reg_11252              |   16|   0|   16|          0|
    |hist_V_5_load_2_reg_11317              |   16|   0|   16|          0|
    |hist_V_5_load_3_reg_11382              |   16|   0|   16|          0|
    |hist_V_5_load_4_reg_11447              |   16|   0|   16|          0|
    |hist_V_5_load_5_reg_11512              |   16|   0|   16|          0|
    |hist_V_5_load_6_reg_11577              |   16|   0|   16|          0|
    |hist_V_5_load_7_reg_11642              |   16|   0|   16|          0|
    |hist_V_5_load_8_reg_11707              |   16|   0|   16|          0|
    |hist_V_5_load_9_reg_11772              |   16|   0|   16|          0|
    |hist_V_6_load_10_reg_11907             |   16|   0|   16|          0|
    |hist_V_6_load_11_reg_11972             |   16|   0|   16|          0|
    |hist_V_6_load_12_reg_12037             |   16|   0|   16|          0|
    |hist_V_6_load_1_reg_11322              |   16|   0|   16|          0|
    |hist_V_6_load_2_reg_11387              |   16|   0|   16|          0|
    |hist_V_6_load_3_reg_11452              |   16|   0|   16|          0|
    |hist_V_6_load_4_reg_11517              |   16|   0|   16|          0|
    |hist_V_6_load_5_reg_11582              |   16|   0|   16|          0|
    |hist_V_6_load_6_reg_11647              |   16|   0|   16|          0|
    |hist_V_6_load_7_reg_11712              |   16|   0|   16|          0|
    |hist_V_6_load_8_reg_11777              |   16|   0|   16|          0|
    |hist_V_6_load_9_reg_11842              |   16|   0|   16|          0|
    |hist_V_6_load_reg_11257                |   16|   0|   16|          0|
    |hist_V_7_load_10_reg_11912             |   16|   0|   16|          0|
    |hist_V_7_load_11_reg_11977             |   16|   0|   16|          0|
    |hist_V_7_load_12_reg_12042             |   16|   0|   16|          0|
    |hist_V_7_load_1_reg_11327              |   16|   0|   16|          0|
    |hist_V_7_load_2_reg_11392              |   16|   0|   16|          0|
    |hist_V_7_load_3_reg_11457              |   16|   0|   16|          0|
    |hist_V_7_load_4_reg_11522              |   16|   0|   16|          0|
    |hist_V_7_load_5_reg_11587              |   16|   0|   16|          0|
    |hist_V_7_load_6_reg_11652              |   16|   0|   16|          0|
    |hist_V_7_load_7_reg_11717              |   16|   0|   16|          0|
    |hist_V_7_load_8_reg_11782              |   16|   0|   16|          0|
    |hist_V_7_load_9_reg_11847              |   16|   0|   16|          0|
    |hist_V_7_load_reg_11262                |   16|   0|   16|          0|
    |hist_V_8_load_10_reg_11917             |   16|   0|   16|          0|
    |hist_V_8_load_11_reg_11982             |   16|   0|   16|          0|
    |hist_V_8_load_12_reg_12047             |   16|   0|   16|          0|
    |hist_V_8_load_1_reg_11332              |   16|   0|   16|          0|
    |hist_V_8_load_2_reg_11397              |   16|   0|   16|          0|
    |hist_V_8_load_3_reg_11462              |   16|   0|   16|          0|
    |hist_V_8_load_4_reg_11527              |   16|   0|   16|          0|
    |hist_V_8_load_5_reg_11592              |   16|   0|   16|          0|
    |hist_V_8_load_6_reg_11657              |   16|   0|   16|          0|
    |hist_V_8_load_7_reg_11722              |   16|   0|   16|          0|
    |hist_V_8_load_8_reg_11787              |   16|   0|   16|          0|
    |hist_V_8_load_9_reg_11852              |   16|   0|   16|          0|
    |hist_V_8_load_reg_11267                |   16|   0|   16|          0|
    |hist_V_9_load_10_reg_11922             |   16|   0|   16|          0|
    |hist_V_9_load_11_reg_11987             |   16|   0|   16|          0|
    |hist_V_9_load_12_reg_12052             |   16|   0|   16|          0|
    |hist_V_9_load_1_reg_11337              |   16|   0|   16|          0|
    |hist_V_9_load_2_reg_11402              |   16|   0|   16|          0|
    |hist_V_9_load_3_reg_11467              |   16|   0|   16|          0|
    |hist_V_9_load_4_reg_11532              |   16|   0|   16|          0|
    |hist_V_9_load_5_reg_11597              |   16|   0|   16|          0|
    |hist_V_9_load_6_reg_11662              |   16|   0|   16|          0|
    |hist_V_9_load_7_reg_11727              |   16|   0|   16|          0|
    |hist_V_9_load_8_reg_11792              |   16|   0|   16|          0|
    |hist_V_9_load_9_reg_11857              |   16|   0|   16|          0|
    |hist_V_9_load_reg_11272                |   16|   0|   16|          0|
    |i_reg_4246                             |    3|   0|    3|          0|
    |icmp_ln1497_reg_16030                  |    1|   0|    1|          0|
    |icmp_ln239_reg_10992                   |    1|   0|    1|          0|
    |icmp_ln280_reg_11138                   |    1|   0|    1|          0|
    |icmp_ln291_reg_13130                   |    1|   0|    1|          0|
    |icmp_ln366_reg_15979                   |    1|   0|    1|          0|
    |icmp_ln768_2_reg_16083                 |    1|   0|    1|          0|
    |icmp_ln786_2_reg_16088                 |    1|   0|    1|          0|
    |k_reg_4210                             |    8|   0|    8|          0|
    |n_reg_4199                             |   32|   0|   32|          0|
    |overflow_1_reg_15999                   |    1|   0|    1|          0|
    |p_Result_4_reg_16065                   |    1|   0|    1|          0|
    |p_Result_5_reg_16077                   |    1|   0|    1|          0|
    |p_Val2_12_reg_16071                    |   24|   0|   24|          0|
    |p_Val2_8_reg_15989                     |   40|   0|   40|          0|
    |p_Val2_9_reg_15994                     |   24|   0|   24|          0|
    |phi_mul_reg_4234                       |   10|   0|   10|          0|
    |phi_mul_reg_4234_pp1_iter1_reg         |   10|   0|   10|          0|
    |q_1_reg_11044                          |   16|   0|   16|          0|
    |q_2_reg_11049                          |   16|   0|   16|          0|
    |q_3_reg_11054                          |   16|   0|   16|          0|
    |q_reg_11039                            |   16|   0|   16|          0|
    |r_V_reg_16045                          |   49|   0|   49|          0|
    |ratio_V_reg_16025                      |   24|   0|   24|          0|
    |ret_V_2_reg_16040                      |   25|   0|   25|          0|
    |ret_V_reg_16050                        |   49|   0|   49|          0|
    |select_ln340_2_reg_16010               |   24|   0|   24|          0|
    |sext_ln1116_100_reg_12567              |   31|   0|   31|          0|
    |sext_ln1116_101_reg_12572              |   31|   0|   31|          0|
    |sext_ln1116_102_reg_12577              |   31|   0|   31|          0|
    |sext_ln1116_103_reg_12582              |   31|   0|   31|          0|
    |sext_ln1116_104_reg_12587              |   31|   0|   31|          0|
    |sext_ln1116_105_reg_12592              |   31|   0|   31|          0|
    |sext_ln1116_106_reg_12597              |   31|   0|   31|          0|
    |sext_ln1116_107_reg_12602              |   31|   0|   31|          0|
    |sext_ln1116_108_reg_12607              |   31|   0|   31|          0|
    |sext_ln1116_109_reg_12612              |   31|   0|   31|          0|
    |sext_ln1116_10_reg_12117               |   31|   0|   31|          0|
    |sext_ln1116_110_reg_12617              |   31|   0|   31|          0|
    |sext_ln1116_111_reg_12622              |   31|   0|   31|          0|
    |sext_ln1116_112_reg_12627              |   31|   0|   31|          0|
    |sext_ln1116_113_reg_12632              |   31|   0|   31|          0|
    |sext_ln1116_114_reg_12637              |   31|   0|   31|          0|
    |sext_ln1116_115_reg_12642              |   31|   0|   31|          0|
    |sext_ln1116_116_reg_12647              |   31|   0|   31|          0|
    |sext_ln1116_117_reg_12652              |   31|   0|   31|          0|
    |sext_ln1116_118_reg_12657              |   31|   0|   31|          0|
    |sext_ln1116_119_reg_12662              |   31|   0|   31|          0|
    |sext_ln1116_11_reg_12122               |   31|   0|   31|          0|
    |sext_ln1116_120_reg_12667              |   31|   0|   31|          0|
    |sext_ln1116_121_reg_12672              |   31|   0|   31|          0|
    |sext_ln1116_122_reg_12677              |   31|   0|   31|          0|
    |sext_ln1116_123_reg_12682              |   31|   0|   31|          0|
    |sext_ln1116_124_reg_12687              |   31|   0|   31|          0|
    |sext_ln1116_125_reg_12692              |   31|   0|   31|          0|
    |sext_ln1116_126_reg_12697              |   31|   0|   31|          0|
    |sext_ln1116_127_reg_12702              |   31|   0|   31|          0|
    |sext_ln1116_128_reg_12707              |   31|   0|   31|          0|
    |sext_ln1116_129_reg_12712              |   31|   0|   31|          0|
    |sext_ln1116_12_reg_12127               |   31|   0|   31|          0|
    |sext_ln1116_130_reg_12717              |   31|   0|   31|          0|
    |sext_ln1116_131_reg_12722              |   31|   0|   31|          0|
    |sext_ln1116_132_reg_12727              |   31|   0|   31|          0|
    |sext_ln1116_133_reg_12732              |   31|   0|   31|          0|
    |sext_ln1116_134_reg_12737              |   31|   0|   31|          0|
    |sext_ln1116_135_reg_12742              |   31|   0|   31|          0|
    |sext_ln1116_136_reg_12747              |   31|   0|   31|          0|
    |sext_ln1116_137_reg_12752              |   31|   0|   31|          0|
    |sext_ln1116_138_reg_12757              |   31|   0|   31|          0|
    |sext_ln1116_139_reg_12762              |   31|   0|   31|          0|
    |sext_ln1116_13_reg_12132               |   31|   0|   31|          0|
    |sext_ln1116_140_reg_12767              |   31|   0|   31|          0|
    |sext_ln1116_141_reg_12772              |   31|   0|   31|          0|
    |sext_ln1116_142_reg_12777              |   31|   0|   31|          0|
    |sext_ln1116_143_reg_12782              |   31|   0|   31|          0|
    |sext_ln1116_144_reg_12787              |   31|   0|   31|          0|
    |sext_ln1116_145_reg_12792              |   31|   0|   31|          0|
    |sext_ln1116_146_reg_12797              |   31|   0|   31|          0|
    |sext_ln1116_147_reg_12802              |   31|   0|   31|          0|
    |sext_ln1116_148_reg_12807              |   31|   0|   31|          0|
    |sext_ln1116_149_reg_12812              |   31|   0|   31|          0|
    |sext_ln1116_14_reg_12137               |   31|   0|   31|          0|
    |sext_ln1116_150_reg_12817              |   31|   0|   31|          0|
    |sext_ln1116_151_reg_12822              |   31|   0|   31|          0|
    |sext_ln1116_152_reg_12827              |   31|   0|   31|          0|
    |sext_ln1116_153_reg_12832              |   31|   0|   31|          0|
    |sext_ln1116_154_reg_12837              |   31|   0|   31|          0|
    |sext_ln1116_155_reg_12842              |   31|   0|   31|          0|
    |sext_ln1116_156_reg_12847              |   31|   0|   31|          0|
    |sext_ln1116_157_reg_12852              |   31|   0|   31|          0|
    |sext_ln1116_158_reg_12857              |   31|   0|   31|          0|
    |sext_ln1116_159_reg_12862              |   31|   0|   31|          0|
    |sext_ln1116_15_reg_12142               |   31|   0|   31|          0|
    |sext_ln1116_160_reg_12867              |   31|   0|   31|          0|
    |sext_ln1116_161_reg_12872              |   31|   0|   31|          0|
    |sext_ln1116_162_reg_12877              |   31|   0|   31|          0|
    |sext_ln1116_163_reg_12882              |   31|   0|   31|          0|
    |sext_ln1116_164_reg_12887              |   31|   0|   31|          0|
    |sext_ln1116_165_reg_12892              |   31|   0|   31|          0|
    |sext_ln1116_166_reg_12897              |   31|   0|   31|          0|
    |sext_ln1116_167_reg_12902              |   31|   0|   31|          0|
    |sext_ln1116_168_reg_12907              |   31|   0|   31|          0|
    |sext_ln1116_169_reg_12912              |   31|   0|   31|          0|
    |sext_ln1116_16_reg_12147               |   31|   0|   31|          0|
    |sext_ln1116_170_reg_12917              |   31|   0|   31|          0|
    |sext_ln1116_171_reg_12922              |   31|   0|   31|          0|
    |sext_ln1116_172_reg_12927              |   31|   0|   31|          0|
    |sext_ln1116_173_reg_12932              |   31|   0|   31|          0|
    |sext_ln1116_174_reg_12937              |   31|   0|   31|          0|
    |sext_ln1116_175_reg_12942              |   31|   0|   31|          0|
    |sext_ln1116_176_reg_12947              |   31|   0|   31|          0|
    |sext_ln1116_177_reg_12952              |   31|   0|   31|          0|
    |sext_ln1116_178_reg_12957              |   31|   0|   31|          0|
    |sext_ln1116_179_reg_12962              |   31|   0|   31|          0|
    |sext_ln1116_17_reg_12152               |   31|   0|   31|          0|
    |sext_ln1116_180_reg_12967              |   31|   0|   31|          0|
    |sext_ln1116_181_reg_12972              |   31|   0|   31|          0|
    |sext_ln1116_182_reg_12977              |   31|   0|   31|          0|
    |sext_ln1116_183_reg_12982              |   31|   0|   31|          0|
    |sext_ln1116_184_reg_12987              |   31|   0|   31|          0|
    |sext_ln1116_185_reg_12992              |   31|   0|   31|          0|
    |sext_ln1116_186_reg_12997              |   31|   0|   31|          0|
    |sext_ln1116_187_reg_13002              |   31|   0|   31|          0|
    |sext_ln1116_188_reg_13007              |   31|   0|   31|          0|
    |sext_ln1116_189_reg_13012              |   31|   0|   31|          0|
    |sext_ln1116_18_reg_12157               |   31|   0|   31|          0|
    |sext_ln1116_190_reg_13017              |   31|   0|   31|          0|
    |sext_ln1116_191_reg_13022              |   31|   0|   31|          0|
    |sext_ln1116_192_reg_13027              |   31|   0|   31|          0|
    |sext_ln1116_193_reg_13032              |   31|   0|   31|          0|
    |sext_ln1116_19_reg_12162               |   31|   0|   31|          0|
    |sext_ln1116_1_reg_12072                |   31|   0|   31|          0|
    |sext_ln1116_20_reg_12167               |   31|   0|   31|          0|
    |sext_ln1116_21_reg_12172               |   31|   0|   31|          0|
    |sext_ln1116_22_reg_12177               |   31|   0|   31|          0|
    |sext_ln1116_23_reg_12182               |   31|   0|   31|          0|
    |sext_ln1116_24_reg_12187               |   31|   0|   31|          0|
    |sext_ln1116_25_reg_12192               |   31|   0|   31|          0|
    |sext_ln1116_26_reg_12197               |   31|   0|   31|          0|
    |sext_ln1116_27_reg_12202               |   31|   0|   31|          0|
    |sext_ln1116_28_reg_12207               |   31|   0|   31|          0|
    |sext_ln1116_29_reg_12212               |   31|   0|   31|          0|
    |sext_ln1116_2_reg_12077                |   31|   0|   31|          0|
    |sext_ln1116_30_reg_12217               |   31|   0|   31|          0|
    |sext_ln1116_31_reg_12222               |   31|   0|   31|          0|
    |sext_ln1116_32_reg_12227               |   31|   0|   31|          0|
    |sext_ln1116_33_reg_12232               |   31|   0|   31|          0|
    |sext_ln1116_34_reg_12237               |   31|   0|   31|          0|
    |sext_ln1116_35_reg_12242               |   31|   0|   31|          0|
    |sext_ln1116_36_reg_12247               |   31|   0|   31|          0|
    |sext_ln1116_37_reg_12252               |   31|   0|   31|          0|
    |sext_ln1116_38_reg_12257               |   31|   0|   31|          0|
    |sext_ln1116_39_reg_12262               |   31|   0|   31|          0|
    |sext_ln1116_3_reg_12082                |   31|   0|   31|          0|
    |sext_ln1116_40_reg_12267               |   31|   0|   31|          0|
    |sext_ln1116_41_reg_12272               |   31|   0|   31|          0|
    |sext_ln1116_42_reg_12277               |   31|   0|   31|          0|
    |sext_ln1116_43_reg_12282               |   31|   0|   31|          0|
    |sext_ln1116_44_reg_12287               |   31|   0|   31|          0|
    |sext_ln1116_45_reg_12292               |   31|   0|   31|          0|
    |sext_ln1116_46_reg_12297               |   31|   0|   31|          0|
    |sext_ln1116_47_reg_12302               |   31|   0|   31|          0|
    |sext_ln1116_48_reg_12307               |   31|   0|   31|          0|
    |sext_ln1116_49_reg_12312               |   31|   0|   31|          0|
    |sext_ln1116_4_reg_12087                |   31|   0|   31|          0|
    |sext_ln1116_50_reg_12317               |   31|   0|   31|          0|
    |sext_ln1116_51_reg_12322               |   31|   0|   31|          0|
    |sext_ln1116_52_reg_12327               |   31|   0|   31|          0|
    |sext_ln1116_53_reg_12332               |   31|   0|   31|          0|
    |sext_ln1116_54_reg_12337               |   31|   0|   31|          0|
    |sext_ln1116_55_reg_12342               |   31|   0|   31|          0|
    |sext_ln1116_56_reg_12347               |   31|   0|   31|          0|
    |sext_ln1116_57_reg_12352               |   31|   0|   31|          0|
    |sext_ln1116_58_reg_12357               |   31|   0|   31|          0|
    |sext_ln1116_59_reg_12362               |   31|   0|   31|          0|
    |sext_ln1116_5_reg_12092                |   31|   0|   31|          0|
    |sext_ln1116_60_reg_12367               |   31|   0|   31|          0|
    |sext_ln1116_61_reg_12372               |   31|   0|   31|          0|
    |sext_ln1116_62_reg_12377               |   31|   0|   31|          0|
    |sext_ln1116_63_reg_12382               |   31|   0|   31|          0|
    |sext_ln1116_64_reg_12387               |   31|   0|   31|          0|
    |sext_ln1116_65_reg_12392               |   31|   0|   31|          0|
    |sext_ln1116_66_reg_12397               |   31|   0|   31|          0|
    |sext_ln1116_67_reg_12402               |   31|   0|   31|          0|
    |sext_ln1116_68_reg_12407               |   31|   0|   31|          0|
    |sext_ln1116_69_reg_12412               |   31|   0|   31|          0|
    |sext_ln1116_6_reg_12097                |   31|   0|   31|          0|
    |sext_ln1116_70_reg_12417               |   31|   0|   31|          0|
    |sext_ln1116_71_reg_12422               |   31|   0|   31|          0|
    |sext_ln1116_72_reg_12427               |   31|   0|   31|          0|
    |sext_ln1116_73_reg_12432               |   31|   0|   31|          0|
    |sext_ln1116_74_reg_12437               |   31|   0|   31|          0|
    |sext_ln1116_75_reg_12442               |   31|   0|   31|          0|
    |sext_ln1116_76_reg_12447               |   31|   0|   31|          0|
    |sext_ln1116_77_reg_12452               |   31|   0|   31|          0|
    |sext_ln1116_78_reg_12457               |   31|   0|   31|          0|
    |sext_ln1116_79_reg_12462               |   31|   0|   31|          0|
    |sext_ln1116_7_reg_12102                |   31|   0|   31|          0|
    |sext_ln1116_80_reg_12467               |   31|   0|   31|          0|
    |sext_ln1116_81_reg_12472               |   31|   0|   31|          0|
    |sext_ln1116_82_reg_12477               |   31|   0|   31|          0|
    |sext_ln1116_83_reg_12482               |   31|   0|   31|          0|
    |sext_ln1116_84_reg_12487               |   31|   0|   31|          0|
    |sext_ln1116_85_reg_12492               |   31|   0|   31|          0|
    |sext_ln1116_86_reg_12497               |   31|   0|   31|          0|
    |sext_ln1116_87_reg_12502               |   31|   0|   31|          0|
    |sext_ln1116_88_reg_12507               |   31|   0|   31|          0|
    |sext_ln1116_89_reg_12512               |   31|   0|   31|          0|
    |sext_ln1116_8_reg_12107                |   31|   0|   31|          0|
    |sext_ln1116_90_reg_12517               |   31|   0|   31|          0|
    |sext_ln1116_91_reg_12522               |   31|   0|   31|          0|
    |sext_ln1116_92_reg_12527               |   31|   0|   31|          0|
    |sext_ln1116_93_reg_12532               |   31|   0|   31|          0|
    |sext_ln1116_94_reg_12537               |   31|   0|   31|          0|
    |sext_ln1116_95_reg_12542               |   31|   0|   31|          0|
    |sext_ln1116_96_reg_12547               |   31|   0|   31|          0|
    |sext_ln1116_97_reg_12552               |   31|   0|   31|          0|
    |sext_ln1116_98_reg_12557               |   31|   0|   31|          0|
    |sext_ln1116_99_reg_12562               |   31|   0|   31|          0|
    |sext_ln1116_9_reg_12112                |   31|   0|   31|          0|
    |sext_ln1116_reg_11124                  |   31|   0|   31|          0|
    |sext_ln259_1_reg_11089                 |   17|   0|   24|          7|
    |sext_ln259_2_reg_11099                 |   17|   0|   24|          7|
    |sext_ln259_3_reg_11109                 |   17|   0|   24|          7|
    |sext_ln259_reg_11079                   |   17|   0|   24|          7|
    |sext_ln260_1_reg_11094                 |   17|   0|   24|          7|
    |sext_ln260_2_reg_11104                 |   17|   0|   24|          7|
    |sext_ln260_3_reg_11114                 |   17|   0|   24|          7|
    |sext_ln260_reg_11084                   |   17|   0|   24|          7|
    |sext_ln291_reg_13037                   |   31|   0|   31|          0|
    |thr_V_reg_16020                        |   24|   0|   24|          0|
    |thr_V_reg_16020_pp2_iter2_reg          |   24|   0|   24|          0|
    |tmp_10_reg_16035                       |    1|   0|    1|          0|
    |tmp_1_reg_11148                        |    5|   0|    5|          0|
    |tmp_2_reg_11162                        |    5|   0|    5|          0|
    |tobool98_reg_11034                     |    1|   0|    1|          0|
    |trunc_ln1265_reg_15983                 |    2|   0|    2|          0|
    |trunc_ln281_reg_11158                  |    4|   0|    4|          0|
    |underflow_1_reg_16004                  |    1|   0|    1|          0|
    |urem_ln281_reg_11153                   |    8|   0|    8|          0|
    |x_V_reg_16015                          |   24|   0|   24|          0|
    |ylp_V_1_0240_fu_1026                   |   40|   0|   40|          0|
    |ylp_V_2_0241_fu_1030                   |   40|   0|   40|          0|
    |add_ln280_reg_11142                    |   64|  32|    8|          0|
    |b_reg_4222                             |   64|  32|    2|          0|
    |icmp_ln1497_reg_16030                  |   64|  32|    1|          0|
    |icmp_ln280_reg_11138                   |   64|  32|    1|          0|
    |icmp_ln291_reg_13130                   |   64|  32|    1|          0|
    |icmp_ln366_reg_15979                   |   64|  32|    1|          0|
    |k_reg_4210                             |   64|  32|    8|          0|
    |p_Val2_8_reg_15989                     |   64|  32|   40|          0|
    |tmp_10_reg_16035                       |   64|  32|    1|          0|
    |x_V_reg_16015                          |   64|  32|   24|          0|
    +---------------------------------------+-----+----+-----+-----------+
    |Total                                  |11946| 320|11449|         56|
    +---------------------------------------+-----+----+-----+-----------+



================================================================
== Interface
================================================================
* Summary: 
+--------------------+-----+-----+------------+---------------+--------------+
|      RTL Ports     | Dir | Bits|  Protocol  | Source Object |    C Type    |
+--------------------+-----+-----+------------+---------------+--------------+
|ap_clk              |   in|    1|  ap_ctrl_hs|  fir_multiband|  return value|
|ap_rst              |   in|    1|  ap_ctrl_hs|  fir_multiband|  return value|
|ap_start            |   in|    1|  ap_ctrl_hs|  fir_multiband|  return value|
|ap_done             |  out|    1|  ap_ctrl_hs|  fir_multiband|  return value|
|ap_idle             |  out|    1|  ap_ctrl_hs|  fir_multiband|  return value|
|ap_ready            |  out|    1|  ap_ctrl_hs|  fir_multiband|  return value|
|in_r                |   in|   16|     ap_none|           in_r|       pointer|
|out_r               |  out|   16|      ap_vld|          out_r|       pointer|
|out_r_ap_vld        |  out|    1|      ap_vld|          out_r|       pointer|
|length_r            |   in|   32|     ap_none|       length_r|        scalar|
|drc_thr_address0    |  out|    2|   ap_memory|        drc_thr|         array|
|drc_thr_ce0         |  out|    1|   ap_memory|        drc_thr|         array|
|drc_thr_q0          |   in|   16|   ap_memory|        drc_thr|         array|
|drc_thr_address1    |  out|    2|   ap_memory|        drc_thr|         array|
|drc_thr_ce1         |  out|    1|   ap_memory|        drc_thr|         array|
|drc_thr_q1          |   in|   16|   ap_memory|        drc_thr|         array|
|drc_ratio_address0  |  out|    2|   ap_memory|      drc_ratio|         array|
|drc_ratio_ce0       |  out|    1|   ap_memory|      drc_ratio|         array|
|drc_ratio_q0        |   in|   16|   ap_memory|      drc_ratio|         array|
|drc_ratio_address1  |  out|    2|   ap_memory|      drc_ratio|         array|
|drc_ratio_ce1       |  out|    1|   ap_memory|      drc_ratio|         array|
|drc_ratio_q1        |   in|   16|   ap_memory|      drc_ratio|         array|
|reset               |   in|   32|     ap_none|          reset|        scalar|
|bypass              |   in|   32|     ap_none|         bypass|        scalar|
+--------------------+-----+-----+------------+---------------+--------------+

