

================================================================
== Vitis HLS Report for 'fir_multiband'
================================================================
* Date:           Tue Sep 29 19:23:01 2026

* Version:        2020.2 (Build 3064766 on Wed Nov 18 09:12:45 MST 2020)
* Project:        synth_proj
* Solution:       solution1 (Vivado IP Flow Target)
* Product family: zynq
* Target device:  xc7z020-clg400-1


================================================================
== Performance Estimates
================================================================
+ Timing: 
    * Summary: 
    +--------+----------+----------+------------+
    |  Clock |  Target  | Estimated| Uncertainty|
    +--------+----------+----------+------------+
    |ap_clk  |  10.00 ns|  7.238 ns|     2.70 ns|
    +--------+----------+----------+------------+

+ Latency: 
    * Summary: 
    +---------+---------+----------+----------+-----+-----+---------+
    |  Latency (cycles) |  Latency (absolute) |  Interval | Pipeline|
    |   min   |   max   |    min   |    max   | min | max |   Type  |
    +---------+---------+----------+----------+-----+-----+---------+
    |        ?|        ?|         ?|         ?|    ?|    ?|     none|
    +---------+---------+----------+----------+-----+-----+---------+

    + Detail: 
        * Instance: 
        N/A

        * Loop: 
        +---------------------+---------+---------+----------+-----------+-----------+------+----------+
        |                     |  Latency (cycles) | Iteration|  Initiation Interval  | Trip |          |
        |      Loop Name      |   min   |   max   |  Latency |  achieved |   target  | Count| Pipelined|
        +---------------------+---------+---------+----------+-----------+-----------+------+----------+
        |- VITIS_LOOP_200_1   |       65|       65|         1|          1|          1|    65|       yes|
        |- VITIS_LOOP_204_2   |        ?|        ?|       252|          -|          -|     ?|        no|
        | + VITIS_LOOP_211_3  |      137|      137|        12|          2|          1|    64|       yes|
        | + VITIS_LOOP_220_4  |       99|       99|        49|         14|          1|     4|       yes|
        +---------------------+---------+---------+----------+-----------+-----------+------+----------+



================================================================
== Utilization Estimates
================================================================
* Summary: 
+-----------------+---------+-----+--------+-------+-----+
|       Name      | BRAM_18K| DSP |   FF   |  LUT  | URAM|
+-----------------+---------+-----+--------+-------+-----+
|DSP              |        -|    -|       -|      -|    -|
|Expression       |        -|    -|       0|   6496|    -|
|FIFO             |        -|    -|       -|      -|    -|
|Instance         |        -|    6|     484|    278|    -|
|Memory           |        4|    -|     160|     20|    -|
|Multiplexer      |        -|    -|       -|   1824|    -|
|Register         |        -|    -|    6276|     96|    -|
+-----------------+---------+-----+--------+-------+-----+
|Total            |        4|    6|    6920|   8714|    0|
+-----------------+---------+-----+--------+-------+-----+
|Available        |      280|  220|  106400|  53200|    0|
+-----------------+---------+-----+--------+-------+-----+
|Utilization (%)  |        1|    2|       6|     16|    0|
+-----------------+---------+-----+--------+-------+-----+

+ Detail: 
    * Instance: 
    +-----------------------------+--------------------------+---------+----+-----+-----+-----+
    |           Instance          |          Module          | BRAM_18K| DSP|  FF | LUT | URAM|
    +-----------------------------+--------------------------+---------+----+-----+-----+-----+
    |fpext_32ns_64_2_no_dsp_1_U7  |fpext_32ns_64_2_no_dsp_1  |        0|   0|    0|    0|    0|
    |mul_18s_16s_34_1_1_U1        |mul_18s_16s_34_1_1        |        0|   1|    0|    6|    0|
    |mul_18s_16s_34_1_1_U2        |mul_18s_16s_34_1_1        |        0|   1|    0|    6|    0|
    |mul_18s_16s_34_1_1_U3        |mul_18s_16s_34_1_1        |        0|   1|    0|    6|    0|
    |mul_18s_16s_34_1_1_U5        |mul_18s_16s_34_1_1        |        0|   1|    0|    6|    0|
    |mul_26s_24s_47_1_1_U4        |mul_26s_24s_47_1_1        |        0|   1|    0|   47|    0|
    |mul_47ns_24s_71_5_1_U6       |mul_47ns_24s_71_5_1       |        0|   1|  322|   80|    0|
    |mux_564_16_1_1_U9            |mux_564_16_1_1            |        0|   0|    0|   25|    0|
    |urem_7ns_4ns_7_11_1_U8       |urem_7ns_4ns_7_11_1       |        0|   0|  162|  102|    0|
    +-----------------------------+--------------------------+---------+----+-----+-----+-----+
    |Total                        |                          |        0|   6|  484|  278|    0|
    +-----------------------------+--------------------------+---------+----+-----+-----+-----+

    * DSP: 
    N/A

    * Memory: 
    +----------------+--------------+---------+----+----+-----+------+-----+------+-------------+
    |     Memory     |    Module    | BRAM_18K| FF | LUT| URAM| Words| Bits| Banks| W*Bits*Banks|
    +----------------+--------------+---------+----+----+-----+------+-----+------+-------------+
    |FIR_COEFFS_V_U  |FIR_COEFFS_V  |        4|   0|   0|    0|   260|   18|     1|         4680|
    |hist_V_0_U      |hist_V_0      |        0|  32|   4|    0|    13|   16|     1|          208|
    |hist_V_1_U      |hist_V_1      |        0|  32|   4|    0|    13|   16|     1|          208|
    |hist_V_2_U      |hist_V_1      |        0|  32|   4|    0|    13|   16|     1|          208|
    |hist_V_3_U      |hist_V_1      |        0|  32|   4|    0|    13|   16|     1|          208|
    |hist_V_4_U      |hist_V_1      |        0|  32|   4|    0|    13|   16|     1|          208|
    +----------------+--------------+---------+----+----+-----+------+-----+------+-------------+
    |Total           |              |        4| 160|  20|    0|   325|   98|     6|         5720|
    +----------------+--------------+---------+----+----+-----+------+-----+------+-------------+

    * FIFO: 
    N/A

    * Expression: 
    +------------------------------+----------+----+---+-----+------------+------------+
    |         Variable Name        | Operation| DSP| FF| LUT | Bitwidth P0| Bitwidth P1|
    +------------------------------+----------+----+---+-----+------------+------------+
    |acc_V_1_fu_5131_p2            |         +|   0|  0|   43|          36|          36|
    |add_ln1118_10_fu_3664_p2      |         +|   0|  0|   14|           9|           4|
    |add_ln1118_11_fu_3291_p2      |         +|   0|  0|   14|           9|           4|
    |add_ln1118_12_fu_3301_p2      |         +|   0|  0|   14|           9|           4|
    |add_ln1118_13_fu_3674_p2      |         +|   0|  0|   14|           9|           4|
    |add_ln1118_14_fu_3729_p2      |         +|   0|  0|   14|           9|           4|
    |add_ln1118_15_fu_3739_p2      |         +|   0|  0|   14|           9|           4|
    |add_ln1118_16_fu_3311_p2      |         +|   0|  0|   14|           9|           5|
    |add_ln1118_17_fu_3346_p2      |         +|   0|  0|   14|           9|           5|
    |add_ln1118_18_fu_3749_p2      |         +|   0|  0|   14|           9|           5|
    |add_ln1118_19_fu_3759_p2      |         +|   0|  0|   14|           9|           5|
    |add_ln1118_1_fu_3271_p2       |         +|   0|  0|   14|           9|           1|
    |add_ln1118_20_fu_3769_p2      |         +|   0|  0|   14|           9|           5|
    |add_ln1118_21_fu_3816_p2      |         +|   0|  0|   14|           9|           5|
    |add_ln1118_22_fu_3356_p2      |         +|   0|  0|   14|           9|           5|
    |add_ln1118_23_fu_3826_p2      |         +|   0|  0|   14|           9|           5|
    |add_ln1118_24_fu_3836_p2      |         +|   0|  0|   14|           9|           5|
    |add_ln1118_25_fu_3846_p2      |         +|   0|  0|   14|           9|           5|
    |add_ln1118_26_fu_3856_p2      |         +|   0|  0|   14|           9|           5|
    |add_ln1118_27_fu_3366_p2      |         +|   0|  0|   14|           9|           5|
    |add_ln1118_28_fu_3897_p2      |         +|   0|  0|   14|           9|           5|
    |add_ln1118_29_fu_3907_p2      |         +|   0|  0|   14|           9|           5|
    |add_ln1118_2_fu_3563_p2       |         +|   0|  0|   14|           9|           2|
    |add_ln1118_30_fu_3917_p2      |         +|   0|  0|   14|           9|           5|
    |add_ln1118_31_fu_3927_p2      |         +|   0|  0|   14|           9|           5|
    |add_ln1118_32_fu_3376_p2      |         +|   0|  0|   14|           9|           6|
    |add_ln1118_33_fu_3937_p2      |         +|   0|  0|   14|           9|           6|
    |add_ln1118_34_fu_3998_p2      |         +|   0|  0|   14|           9|           6|
    |add_ln1118_35_fu_4008_p2      |         +|   0|  0|   14|           9|           6|
    |add_ln1118_36_fu_4018_p2      |         +|   0|  0|   14|           9|           6|
    |add_ln1118_37_fu_3386_p2      |         +|   0|  0|   14|           9|           6|
    |add_ln1118_38_fu_4028_p2      |         +|   0|  0|   14|           9|           6|
    |add_ln1118_39_fu_4038_p2      |         +|   0|  0|   14|           9|           6|
    |add_ln1118_3_fu_3573_p2       |         +|   0|  0|   14|           9|           2|
    |add_ln1118_40_fu_4124_p2      |         +|   0|  0|   14|           9|           6|
    |add_ln1118_41_fu_4134_p2      |         +|   0|  0|   14|           9|           6|
    |add_ln1118_42_fu_3421_p2      |         +|   0|  0|   14|           9|           6|
    |add_ln1118_43_fu_4144_p2      |         +|   0|  0|   14|           9|           6|
    |add_ln1118_44_fu_4154_p2      |         +|   0|  0|   14|           9|           6|
    |add_ln1118_45_fu_4164_p2      |         +|   0|  0|   14|           9|           6|
    |add_ln1118_46_fu_4236_p2      |         +|   0|  0|   14|           9|           6|
    |add_ln1118_47_fu_3431_p2      |         +|   0|  0|   14|           9|           6|
    |add_ln1118_48_fu_4246_p2      |         +|   0|  0|   14|           9|           6|
    |add_ln1118_49_fu_4256_p2      |         +|   0|  0|   14|           9|           6|
    |add_ln1118_4_fu_3583_p2       |         +|   0|  0|   14|           9|           3|
    |add_ln1118_50_fu_4266_p2      |         +|   0|  0|   14|           9|           6|
    |add_ln1118_51_fu_4276_p2      |         +|   0|  0|   14|           9|           6|
    |add_ln1118_52_fu_3441_p2      |         +|   0|  0|   14|           9|           6|
    |add_ln1118_53_fu_3166_p2      |         +|   0|  0|   14|           9|           6|
    |add_ln1118_54_fu_3177_p2      |         +|   0|  0|   14|           9|           6|
    |add_ln1118_55_fu_3188_p2      |         +|   0|  0|   14|           9|           6|
    |add_ln1118_56_fu_3199_p2      |         +|   0|  0|   14|           9|           6|
    |add_ln1118_57_fu_3451_p2      |         +|   0|  0|   14|           9|           6|
    |add_ln1118_58_fu_3210_p2      |         +|   0|  0|   14|           9|           6|
    |add_ln1118_59_fu_3221_p2      |         +|   0|  0|   14|           9|           6|
    |add_ln1118_5_fu_3593_p2       |         +|   0|  0|   14|           9|           3|
    |add_ln1118_60_fu_3231_p2      |         +|   0|  0|   14|           9|           6|
    |add_ln1118_61_fu_3241_p2      |         +|   0|  0|   14|           9|           6|
    |add_ln1118_62_fu_3461_p2      |         +|   0|  0|   14|           9|           6|
    |add_ln1118_63_fu_3251_p2      |         +|   0|  0|   14|           9|           6|
    |add_ln1118_64_fu_3261_p2      |         +|   0|  0|   14|           9|           7|
    |add_ln1118_6_fu_3281_p2       |         +|   0|  0|   14|           9|           3|
    |add_ln1118_7_fu_3634_p2       |         +|   0|  0|   14|           9|           3|
    |add_ln1118_8_fu_3644_p2       |         +|   0|  0|   14|           9|           4|
    |add_ln1118_9_fu_3654_p2       |         +|   0|  0|   14|           9|           4|
    |add_ln1118_fu_3160_p2         |         +|   0|  0|   14|           9|           9|
    |add_ln200_fu_2183_p2          |         +|   0|  0|   14|           7|           1|
    |add_ln201_fu_2199_p2          |         +|   0|  0|   17|          14|           8|
    |add_ln204_fu_2296_p2          |         +|   0|  0|   39|          32|           1|
    |add_ln211_fu_2319_p2          |         +|   0|  0|   14|           7|           2|
    |add_ln212_fu_2329_p2          |         +|   0|  0|   14|           6|           2|
    |add_ln220_fu_4230_p2          |         +|   0|  0|   11|           3|           1|
    |add_ln581_fu_2472_p2          |         +|   0|  0|   12|          12|           5|
    |add_ln612_fu_2530_p2          |         +|   0|  0|   12|          12|          11|
    |add_ln700_fu_4763_p2          |         +|   0|  0|    8|          34|          34|
    |add_ln703_10_fu_4199_p2       |         +|   0|  0|   41|          34|          34|
    |add_ln703_11_fu_3976_p2       |         +|   0|  0|   41|          34|          34|
    |add_ln703_12_fu_4212_p2       |         +|   0|  0|   42|          35|          35|
    |add_ln703_13_fu_4406_p2       |         +|   0|  0|   43|          36|          36|
    |add_ln703_14_fu_4627_p2       |         +|   0|  0|   44|          37|          37|
    |add_ln703_15_fu_4330_p2       |         +|   0|  0|   41|          34|          34|
    |add_ln703_16_fu_4340_p2       |         +|   0|  0|   41|          34|          34|
    |add_ln703_17_fu_4350_p2       |         +|   0|  0|   42|          35|          35|
    |add_ln703_18_fu_4469_p2       |         +|   0|  0|   41|          34|          34|
    |add_ln703_19_fu_4542_p2       |         +|   0|  0|   41|          34|          34|
    |add_ln703_1_fu_4523_p2        |         +|   0|  0|   41|          34|          34|
    |add_ln703_20_fu_4552_p2       |         +|   0|  0|   42|          35|          35|
    |add_ln703_21_fu_4643_p2       |         +|   0|  0|   43|          36|          36|
    |add_ln703_22_fu_3502_p2       |         +|   0|  0|   41|          34|          34|
    |add_ln703_23_fu_4561_p2       |         +|   0|  0|   41|          34|          34|
    |add_ln703_24_fu_4571_p2       |         +|   0|  0|   42|          35|          35|
    |add_ln703_25_fu_4475_p2       |         +|   0|  0|   41|          34|          34|
    |add_ln703_26_fu_4485_p2       |         +|   0|  0|   41|          34|          34|
    |add_ln703_27_fu_4495_p2       |         +|   0|  0|   42|          35|          35|
    |add_ln703_28_fu_4659_p2       |         +|   0|  0|   43|          36|          36|
    |add_ln703_29_fu_4675_p2       |         +|   0|  0|   44|          37|          37|
    |add_ln703_2_fu_4533_p2        |         +|   0|  0|   42|          35|          35|
    |add_ln703_30_fu_4716_p2       |         +|   0|  0|   45|          38|          38|
    |add_ln703_31_fu_4356_p2       |         +|   0|  0|   41|          34|          34|
    |add_ln703_32_fu_4218_p2       |         +|   0|  0|   41|          34|          34|
    |add_ln703_33_fu_4369_p2       |         +|   0|  0|   42|          35|          35|
    |add_ln703_34_fu_4079_p2       |         +|   0|  0|   41|          34|          34|
    |add_ln703_35_fu_3891_p2       |         +|   0|  0|   41|          34|          34|
    |add_ln703_36_fu_4092_p2       |         +|   0|  0|   42|          35|          35|
    |add_ln703_37_fu_4418_p2       |         +|   0|  0|   43|          36|          36|
    |add_ln703_38_fu_4577_p2       |         +|   0|  0|   41|          34|          34|
    |add_ln703_39_fu_4587_p2       |         +|   0|  0|   41|          34|          34|
    |add_ln703_3_fu_4449_p2        |         +|   0|  0|   41|          34|          34|
    |add_ln703_40_fu_4597_p2       |         +|   0|  0|   42|          35|          35|
    |add_ln703_41_fu_4501_p2       |         +|   0|  0|   41|          34|          34|
    |add_ln703_42_fu_4224_p2       |         +|   0|  0|   41|          34|          34|
    |add_ln703_43_fu_4514_p2       |         +|   0|  0|   42|          35|          35|
    |add_ln703_44_fu_4694_p2       |         +|   0|  0|   43|          36|          36|
    |add_ln703_45_fu_4704_p2       |         +|   0|  0|   44|          37|          37|
    |add_ln703_46_fu_3533_p2       |         +|   0|  0|   41|          34|          34|
    |add_ln703_47_fu_3543_p2       |         +|   0|  0|   41|          34|          34|
    |add_ln703_48_fu_3553_p2       |         +|   0|  0|   42|          35|          35|
    |add_ln703_49_fu_3684_p2       |         +|   0|  0|   41|          34|          34|
    |add_ln703_50_fu_3694_p2       |         +|   0|  0|   41|          34|          34|
    |add_ln703_51_fu_3704_p2       |         +|   0|  0|   42|          35|          35|
    |add_ln703_52_fu_3810_p2       |         +|   0|  0|   43|          36|          36|
    |add_ln703_53_fu_3710_p2       |         +|   0|  0|   41|          34|          34|
    |add_ln703_54_fu_3628_p2       |         +|   0|  0|   41|          34|          34|
    |add_ln703_55_fu_3723_p2       |         +|   0|  0|   42|          35|          35|
    |add_ln703_57_fu_3982_p2       |         +|   0|  0|   41|          34|          34|
    |add_ln703_58_fu_3992_p2       |         +|   0|  0|   42|          35|          35|
    |add_ln703_59_fu_4108_p2       |         +|   0|  0|   43|          36|          36|
    |add_ln703_5_fu_4463_p2        |         +|   0|  0|   42|          35|          35|
    |add_ln703_60_fu_4118_p2       |         +|   0|  0|   44|          37|          37|
    |add_ln703_61_fu_4731_p2       |         +|   0|  0|    8|          38|          38|
    |add_ln703_62_fu_4737_p2       |         +|   0|  0|    8|          38|          38|
    |add_ln703_63_fu_4757_p2       |         +|   0|  0|   46|          39|          39|
    |add_ln703_64_fu_4747_p2       |         +|   0|  0|    8|          34|          34|
    |add_ln703_65_fu_4622_p2       |         +|   0|  0|   43|          36|          36|
    |add_ln703_66_fu_4669_p2       |         +|   0|  0|   43|          36|          36|
    |add_ln703_6_fu_4609_p2        |         +|   0|  0|   43|          36|          36|
    |add_ln703_7_fu_4073_p2        |         +|   0|  0|   41|          34|          34|
    |add_ln703_8_fu_4314_p2        |         +|   0|  0|   41|          34|          34|
    |add_ln703_9_fu_4324_p2        |         +|   0|  0|   42|          35|          35|
    |add_ln703_fu_3496_p2          |         +|   0|  0|   41|          34|          34|
    |add_ln954_fu_5332_p2          |         +|   0|  0|   39|          32|           6|
    |add_ln964_fu_5405_p2          |         +|   0|  0|    8|           8|           8|
    |grp_fu_2153_p2                |         +|   0|  0|   41|          34|          34|
    |lsb_index_fu_5202_p2          |         +|   0|  0|   39|          32|           6|
    |m_1_fu_5360_p2                |         +|   0|  0|   48|          41|          41|
    |next_urem_fu_2224_p2          |         +|   0|  0|   14|           7|           1|
    |pos1_fu_2542_p2               |         +|   0|  0|   12|          12|           1|
    |pos2_fu_2631_p2               |         +|   0|  0|   12|          12|           2|
    |ret_V_2_fu_4953_p2            |         +|   0|  0|   31|          24|          20|
    |ret_V_fu_4967_p2              |         +|   0|  0|   54|          47|          41|
    |F2_fu_2450_p2                 |         -|   0|  0|   12|          11|          12|
    |man_V_2_fu_2437_p2            |         -|   0|  0|   61|           1|          54|
    |p_Val2_4_fu_4901_p2           |         -|   0|  0|   31|           1|          24|
    |sub_ln581_fu_2478_p2          |         -|   0|  0|   12|           4|          12|
    |sub_ln944_fu_5196_p2          |         -|   0|  0|   39|           6|          32|
    |sub_ln947_fu_5239_p2          |         -|   0|  0|   14|           1|           6|
    |sub_ln955_fu_5318_p2          |         -|   0|  0|   39|           5|          32|
    |sub_ln964_fu_5400_p2          |         -|   0|  0|    8|           4|           8|
    |tmp_V_fu_5149_p2              |         -|   0|  0|   44|           1|          37|
    |Range1_all_ones_2_fu_2580_p2  |       and|   0|  0|    2|           1|           1|
    |Range1_all_ones_fu_2739_p2    |       and|   0|  0|    2|           1|           1|
    |and_ln340_1_fu_2906_p2        |       and|   0|  0|    2|           1|           1|
    |and_ln340_fu_2901_p2          |       and|   0|  0|    2|           1|           1|
    |and_ln581_fu_2524_p2          |       and|   0|  0|    2|           1|           1|
    |and_ln585_1_fu_2673_p2        |       and|   0|  0|    2|           1|           1|
    |and_ln585_fu_2613_p2          |       and|   0|  0|    2|           1|           1|
    |and_ln603_fu_2657_p2          |       and|   0|  0|    2|           1|           1|
    |and_ln639_1_fu_2796_p2        |       and|   0|  0|    2|           1|           1|
    |and_ln639_fu_2791_p2          |       and|   0|  0|    2|           1|           1|
    |and_ln641_fu_2754_p2          |       and|   0|  0|    2|           1|           1|
    |and_ln659_fu_2851_p2          |       and|   0|  0|    2|           1|           1|
    |and_ln949_1_fu_5298_p2        |       and|   0|  0|    2|           1|           1|
    |and_ln949_fu_5269_p2          |       and|   0|  0|   40|          40|          40|
    |neg_src_1_fu_2829_p2          |       and|   0|  0|    2|           1|           1|
    |overflow_1_fu_4822_p2         |       and|   0|  0|    2|           1|           1|
    |overflow_3_fu_5052_p2         |       and|   0|  0|    2|           1|           1|
    |overflow_fu_2846_p2           |       and|   0|  0|    2|           1|           1|
    |underflow_1_fu_4846_p2        |       and|   0|  0|    2|           1|           1|
    |underflow_2_fu_5068_p2        |       and|   0|  0|    2|           1|           1|
    |underflow_fu_2861_p2          |       and|   0|  0|    2|           1|           1|
    |ashr_ln586_fu_2598_p2         |      ashr|   0|  0|  161|          54|          54|
    |Range2_all_ones_fu_2713_p2    |      icmp|   0|  0|   25|          54|          54|
    |empty_36_fu_2230_p2           |      icmp|   0|  0|   10|           7|           3|
    |icmp_ln1497_fu_4935_p2        |      icmp|   0|  0|   15|          23|          19|
    |icmp_ln200_fu_2189_p2         |      icmp|   0|  0|   10|           7|           7|
    |icmp_ln204_fu_2302_p2         |      icmp|   0|  0|   18|          32|          32|
    |icmp_ln211_fu_2307_p2         |      icmp|   0|  0|   10|           7|           1|
    |icmp_ln220_fu_3142_p2         |      icmp|   0|  0|    9|           3|           4|
    |icmp_ln571_fu_2273_p2         |      icmp|   0|  0|   28|          63|           1|
    |icmp_ln581_1_fu_2626_p2       |      icmp|   0|  0|   12|          12|           4|
    |icmp_ln581_fu_2466_p2         |      icmp|   0|  0|   11|           8|           1|
    |icmp_ln582_fu_2492_p2         |      icmp|   0|  0|   12|          12|           4|
    |icmp_ln585_fu_2589_p2         |      icmp|   0|  0|   12|          12|           6|
    |icmp_ln603_fu_2512_p2         |      icmp|   0|  0|   11|           8|           1|
    |icmp_ln611_fu_2536_p2         |      icmp|   0|  0|   12|          12|           1|
    |icmp_ln621_1_fu_2566_p2       |      icmp|   0|  0|   12|          12|           6|
    |icmp_ln621_fu_2552_p2         |      icmp|   0|  0|   12|          12|           6|
    |icmp_ln631_1_fu_2703_p2       |      icmp|   0|  0|   12|          12|           6|
    |icmp_ln631_fu_2698_p2         |      icmp|   0|  0|   12|          12|           6|
    |icmp_ln641_fu_2749_p2         |      icmp|   0|  0|   25|          54|           1|
    |icmp_ln642_fu_2760_p2         |      icmp|   0|  0|   12|          12|           6|
    |icmp_ln768_1_fu_5031_p2       |      icmp|   0|  0|    8|           3|           1|
    |icmp_ln768_fu_4804_p2         |      icmp|   0|  0|    9|           5|           1|
    |icmp_ln786_1_fu_5037_p2       |      icmp|   0|  0|    8|           3|           2|
    |icmp_ln786_fu_4834_p2         |      icmp|   0|  0|    9|           5|           2|
    |icmp_ln935_fu_5384_p2         |      icmp|   0|  0|   19|          36|           1|
    |icmp_ln946_fu_5234_p2         |      icmp|   0|  0|   17|          31|           1|
    |icmp_ln949_fu_5274_p2         |      icmp|   0|  0|   21|          40|           1|
    |icmp_ln954_fu_5293_p2         |      icmp|   0|  0|   18|          32|           1|
    |Range2_V_1_fu_2644_p2         |      lshr|   0|  0|  161|          54|          54|
    |lshr_ln947_fu_5248_p2         |      lshr|   0|  0|  133|           2|          40|
    |lshr_ln954_fu_5341_p2         |      lshr|   0|  0|  133|          40|          40|
    |r_fu_2708_p2                  |      lshr|   0|  0|  161|           2|          54|
    |or_ln340_1_fu_2881_p2         |        or|   0|  0|    2|           1|           1|
    |or_ln340_2_fu_4852_p2         |        or|   0|  0|    2|           1|           1|
    |or_ln340_3_fu_4871_p2         |        or|   0|  0|    2|           1|           1|
    |or_ln340_4_fu_5073_p2         |        or|   0|  0|    2|           1|           1|
    |or_ln340_5_fu_5085_p2         |        or|   0|  0|    2|           1|           1|
    |or_ln340_6_fu_2876_p2         |        or|   0|  0|    2|           1|           1|
    |or_ln340_fu_2866_p2           |        or|   0|  0|    2|           1|           1|
    |or_ln611_fu_2919_p2           |        or|   0|  0|    2|           1|           1|
    |or_ln621_1_fu_2810_p2         |        or|   0|  0|    2|           1|           1|
    |or_ln621_fu_2785_p2           |        or|   0|  0|    2|           1|           1|
    |or_ln639_fu_2824_p2           |        or|   0|  0|    2|           1|           1|
    |or_ln658_fu_2840_p2           |        or|   0|  0|    2|           1|           1|
    |or_ln785_1_fu_5043_p2         |        or|   0|  0|    2|           1|           1|
    |or_ln785_fu_4810_p2           |        or|   0|  0|    2|           1|           1|
    |or_ln786_1_fu_5063_p2         |        or|   0|  0|    2|           1|           1|
    |or_ln786_fu_4840_p2           |        or|   0|  0|    2|           1|           1|
    |or_ln949_1_fu_5263_p2         |        or|   0|  0|   40|          40|          40|
    |sign_V_fu_4980_p2             |        or|   0|  0|   24|          23|          24|
    |Range2_all_ones_2_fu_2731_p3  |    select|   0|  0|    2|           1|           1|
    |a_V_fu_4927_p3                |    select|   0|  0|   23|           1|          23|
    |deleted_ones_fu_2816_p3       |    select|   0|  0|    2|           1|           1|
    |deleted_zeros_fu_2802_p3      |    select|   0|  0|    2|           1|           1|
    |idx_urem_fu_2236_p3           |    select|   0|  0|    7|           1|           7|
    |m_fu_5346_p3                  |    select|   0|  0|   40|           1|          40|
    |man_V_fu_2443_p3              |    select|   0|  0|   54|           1|          54|
    |out_r                         |    select|   0|  0|   32|           1|           1|
    |p_Val2_1_fu_2678_p3           |    select|   0|  0|   16|           1|          16|
    |select_ln1497_fu_5113_p3      |    select|   0|  0|   24|           1|          24|
    |select_ln340_1_fu_4858_p3     |    select|   0|  0|   24|           1|          23|
    |select_ln340_2_fu_2911_p3     |    select|   0|  0|   16|           1|          16|
    |select_ln340_4_fu_4919_p3     |    select|   0|  0|   23|           1|           2|
    |select_ln340_5_fu_5091_p3     |    select|   0|  0|   24|           1|          23|
    |select_ln340_6_fu_5105_p3     |    select|   0|  0|   24|           1|          24|
    |select_ln340_fu_2887_p3       |    select|   0|  0|   16|           1|          15|
    |select_ln388_1_fu_4876_p3     |    select|   0|  0|   25|           1|          25|
    |select_ln388_2_fu_5098_p3     |    select|   0|  0|   25|           1|          25|
    |select_ln388_fu_2894_p3       |    select|   0|  0|   17|           1|          17|
    |select_ln571_fu_2930_p3       |    select|   0|  0|   16|           1|           1|
    |select_ln582_fu_2607_p3       |    select|   0|  0|   16|           1|          16|
    |select_ln585_fu_2618_p3       |    select|   0|  0|   16|           1|          16|
    |select_ln588_fu_2284_p3       |    select|   0|  0|    2|           1|           2|
    |select_ln603_fu_2661_p3       |    select|   0|  0|   16|           1|          16|
    |select_ln611_fu_2923_p3       |    select|   0|  0|   16|           1|          16|
    |select_ln642_1_fu_2773_p3     |    select|   0|  0|    2|           1|           1|
    |select_ln642_fu_2765_p3       |    select|   0|  0|    2|           1|           1|
    |select_ln943_fu_5393_p3       |    select|   0|  0|    7|           1|           7|
    |select_ln946_fu_5303_p3       |    select|   0|  0|    2|           1|           1|
    |select_ln954_fu_5310_p3       |    select|   0|  0|    2|           1|           1|
    |sh_amt_fu_2484_p3             |    select|   0|  0|   12|           1|          12|
    |tmp_V_2_fu_5155_p3            |    select|   0|  0|   37|           1|          37|
    |x_V_fu_4882_p3                |    select|   0|  0|   24|           1|          24|
    |shl_ln604_fu_2652_p2          |       shl|   0|  0|   35|          16|          16|
    |shl_ln949_fu_5257_p2          |       shl|   0|  0|  133|           1|          40|
    |shl_ln955_fu_5327_p2          |       shl|   0|  0|  133|          40|          40|
    |Range1_all_zeros_fu_2744_p2   |       xor|   0|  0|    2|           2|           1|
    |Range2_all_ones_1_fu_2725_p2  |       xor|   0|  0|    2|           1|           2|
    |ap_enable_pp1                 |       xor|   0|  0|    2|           1|           2|
    |ap_enable_pp2                 |       xor|   0|  0|    2|           1|           2|
    |xor_ln340_1_fu_4866_p2        |       xor|   0|  0|    2|           1|           2|
    |xor_ln340_2_fu_5079_p2        |       xor|   0|  0|    2|           1|           2|
    |xor_ln340_fu_2871_p2          |       xor|   0|  0|    2|           1|           2|
    |xor_ln571_fu_2291_p2          |       xor|   0|  0|    2|           1|           2|
    |xor_ln582_fu_2518_p2          |       xor|   0|  0|    2|           1|           2|
    |xor_ln585_fu_2668_p2          |       xor|   0|  0|    2|           1|           2|
    |xor_ln621_1_fu_2693_p2        |       xor|   0|  0|    2|           1|           2|
    |xor_ln621_fu_2780_p2          |       xor|   0|  0|    2|           1|           2|
    |xor_ln658_1_fu_2279_p2        |       xor|   0|  0|    2|           1|           2|
    |xor_ln658_fu_2834_p2          |       xor|   0|  0|    2|           1|           2|
    |xor_ln659_fu_2855_p2          |       xor|   0|  0|    2|           2|           1|
    |xor_ln785_1_fu_5047_p2        |       xor|   0|  0|    2|           1|           2|
    |xor_ln785_fu_4816_p2          |       xor|   0|  0|    2|           1|           2|
    |xor_ln786_1_fu_5058_p2        |       xor|   0|  0|    2|           1|           2|
    |xor_ln786_fu_4828_p2          |       xor|   0|  0|    2|           1|           2|
    |xor_ln949_fu_5287_p2          |       xor|   0|  0|    2|           1|           2|
    +------------------------------+----------+----+---+-----+------------+------------+
    |Total                         |          |   0|  0| 6496|        4238|        4274|
    +------------------------------+----------+----+---+-----+------------+------------+

    * Multiplexer: 
    +-------------------------------+-----+-----------+-----+-----------+
    |              Name             | LUT | Input Size| Bits| Total Bits|
    +-------------------------------+-----+-----------+-----+-----------+
    |FIR_COEFFS_V_address0          |   65|         14|    9|        126|
    |FIR_COEFFS_V_address1          |   65|         14|    9|        126|
    |FIR_COEFFS_V_address2          |   65|         14|    9|        126|
    |FIR_COEFFS_V_address3          |   65|         14|    9|        126|
    |FIR_COEFFS_V_address4          |   65|         14|    9|        126|
    |acc_V_reg_1705                 |    9|          2|   36|         72|
    |ap_NS_fsm                      |  159|         36|    1|         36|
    |ap_enable_reg_pp1_iter5        |    9|          2|    1|          2|
    |ap_enable_reg_pp2_iter3        |    9|          2|    1|          2|
    |ap_phi_mux_b_phi_fu_1697_p4    |    9|          2|    3|          6|
    |ap_phi_mux_k_1_phi_fu_1685_p4  |    9|          2|    7|         14|
    |b_reg_1693                     |    9|          2|    3|          6|
    |grp_fu_1717_p0                 |   65|         14|   18|        252|
    |grp_fu_1717_p1                 |   65|         14|   16|        224|
    |grp_fu_1718_p0                 |   65|         15|   18|        270|
    |grp_fu_1718_p1                 |   65|         15|   16|        240|
    |grp_fu_1719_p0                 |   65|         15|   18|        270|
    |grp_fu_1719_p1                 |   65|         15|   16|        240|
    |grp_fu_1720_p0                 |   65|         15|   26|        390|
    |grp_fu_1720_p1                 |   65|         15|   24|        360|
    |grp_fu_1721_p0                 |   65|         14|   18|        252|
    |grp_fu_1721_p1                 |   65|         14|   16|        224|
    |hist_V_0_address0              |   53|         10|    4|         40|
    |hist_V_0_address1              |   42|          8|    4|         32|
    |hist_V_0_d0                    |   14|          3|   16|         48|
    |hist_V_1_address0              |   59|         11|    4|         44|
    |hist_V_1_address1              |   37|          7|    4|         28|
    |hist_V_1_d0                    |   14|          3|   16|         48|
    |hist_V_2_address0              |   59|         11|    4|         44|
    |hist_V_2_address1              |   37|          7|    4|         28|
    |hist_V_2_d0                    |   14|          3|   16|         48|
    |hist_V_3_address0              |   59|         11|    4|         44|
    |hist_V_3_address1              |   37|          7|    4|         28|
    |hist_V_3_d0                    |   14|          3|   16|         48|
    |hist_V_4_address0              |   59|         11|    4|         44|
    |hist_V_4_address1              |   37|          7|    4|         28|
    |hist_V_4_d0                    |   14|          3|   16|         48|
    |k_1_reg_1681                   |    9|          2|    7|         14|
    |k_reg_1637                     |    9|          2|    7|         14|
    |phi_mul_reg_1648               |    9|          2|   14|         28|
    |phi_urem_reg_1659              |    9|          2|    7|         14|
    |reg_1670                       |   14|          3|   34|        102|
    |reg_1872                       |   14|          3|   34|        102|
    |reg_1912                       |   14|          3|   34|        102|
    |reg_1970                       |    9|          2|   34|         68|
    +-------------------------------+-----+-----------+-----+-----------+
    |Total                          | 1824|        388|  574|       4534|
    +-------------------------------+-----+-----------+-----+-----------+

    * Register: 
    +------------------------------------+----+----+-----+-----------+
    |                Name                | FF | LUT| Bits| Const Bits|
    +------------------------------------+----+----+-----+-----------+
    |F2_reg_5907                         |  12|   0|   12|          0|
    |Range1_all_ones_2_reg_5959          |   1|   0|    1|          0|
    |Range2_V_1_reg_5999                 |  54|   0|   54|          0|
    |acc_V_reg_1705                      |  36|   0|   36|          0|
    |add_ln1118_reg_6639                 |   9|   0|    9|          0|
    |add_ln204_reg_5839                  |  32|   0|   32|          0|
    |add_ln211_reg_5852                  |   7|   0|    7|          0|
    |add_ln212_reg_5857                  |   6|   0|    6|          0|
    |add_ln220_reg_7083                  |   3|   0|    3|          0|
    |add_ln703_11_reg_6993               |  34|   0|   34|          0|
    |add_ln703_12_reg_7068               |  35|   0|   35|          0|
    |add_ln703_13_reg_7128               |  36|   0|   36|          0|
    |add_ln703_14_reg_7179               |  37|   0|   37|          0|
    |add_ln703_17_reg_7118               |  35|   0|   35|          0|
    |add_ln703_18_reg_7144               |  34|   0|   34|          0|
    |add_ln703_20_reg_7164               |  35|   0|   35|          0|
    |add_ln703_22_reg_6833               |  34|   0|   34|          0|
    |add_ln703_24_reg_7169               |  35|   0|   35|          0|
    |add_ln703_27_reg_7149               |  35|   0|   35|          0|
    |add_ln703_29_reg_7189               |  37|   0|   37|          0|
    |add_ln703_2_reg_7159                |  35|   0|   35|          0|
    |add_ln703_30_reg_7204               |  38|   0|   38|          0|
    |add_ln703_32_reg_7073               |  34|   0|   34|          0|
    |add_ln703_33_reg_7123               |  35|   0|   35|          0|
    |add_ln703_35_reg_6963               |  34|   0|   34|          0|
    |add_ln703_36_reg_7033               |  35|   0|   35|          0|
    |add_ln703_37_reg_7134               |  36|   0|   36|          0|
    |add_ln703_40_reg_7174               |  35|   0|   35|          0|
    |add_ln703_42_reg_7078               |  34|   0|   34|          0|
    |add_ln703_43_reg_7154               |  35|   0|   35|          0|
    |add_ln703_45_reg_7199               |  37|   0|   37|          0|
    |add_ln703_48_reg_6838               |  35|   0|   35|          0|
    |add_ln703_51_reg_6898               |  35|   0|   35|          0|
    |add_ln703_52_reg_6933               |  36|   0|   36|          0|
    |add_ln703_54_reg_6868               |  34|   0|   34|          0|
    |add_ln703_55_reg_6903               |  35|   0|   35|          0|
    |add_ln703_58_reg_6998               |  35|   0|   35|          0|
    |add_ln703_5_reg_7139                |  35|   0|   35|          0|
    |add_ln703_60_reg_7038               |  37|   0|   37|          0|
    |add_ln703_62_reg_7209               |  38|   0|   38|          0|
    |add_ln703_7_reg_7028                |  34|   0|   34|          0|
    |add_ln703_9_reg_7113                |  35|   0|   35|          0|
    |add_ln703_reg_6828                  |  34|   0|   34|          0|
    |and_ln581_reg_5935                  |   1|   0|    1|          0|
    |ap_CS_fsm                           |  35|   0|   35|          0|
    |ap_enable_reg_pp1_iter0             |   1|   0|    1|          0|
    |ap_enable_reg_pp1_iter1             |   1|   0|    1|          0|
    |ap_enable_reg_pp1_iter2             |   1|   0|    1|          0|
    |ap_enable_reg_pp1_iter3             |   1|   0|    1|          0|
    |ap_enable_reg_pp1_iter4             |   1|   0|    1|          0|
    |ap_enable_reg_pp1_iter5             |   1|   0|    1|          0|
    |ap_enable_reg_pp2_iter0             |   1|   0|    1|          0|
    |ap_enable_reg_pp2_iter1             |   1|   0|    1|          0|
    |ap_enable_reg_pp2_iter2             |   1|   0|    1|          0|
    |ap_enable_reg_pp2_iter3             |   1|   0|    1|          0|
    |b_reg_1693                          |   3|   0|    3|          0|
    |deleted_ones_reg_6037               |   1|   0|    1|          0|
    |hist_V_0_load_1_reg_6079            |  16|   0|   16|          0|
    |hist_V_0_load_2_reg_6110            |  16|   0|   16|          0|
    |hist_V_0_load_3_reg_6135            |  16|   0|   16|          0|
    |hist_V_0_load_4_reg_6160            |  16|   0|   16|          0|
    |hist_V_0_load_5_reg_6185            |  16|   0|   16|          0|
    |hist_V_0_load_6_reg_6210            |  16|   0|   16|          0|
    |hist_V_0_load_7_reg_6235            |  16|   0|   16|          0|
    |hist_V_0_load_8_reg_6260            |  16|   0|   16|          0|
    |hist_V_0_load_9_reg_6285            |  16|   0|   16|          0|
    |hist_V_0_load_reg_6054              |  16|   0|   16|          0|
    |hist_V_1_load_10_reg_6290           |  16|   0|   16|          0|
    |hist_V_1_load_1_reg_6059            |  16|   0|   16|          0|
    |hist_V_1_load_2_reg_6084            |  16|   0|   16|          0|
    |hist_V_1_load_3_reg_6115            |  16|   0|   16|          0|
    |hist_V_1_load_4_reg_6140            |  16|   0|   16|          0|
    |hist_V_1_load_5_reg_6165            |  16|   0|   16|          0|
    |hist_V_1_load_6_reg_6190            |  16|   0|   16|          0|
    |hist_V_1_load_7_reg_6215            |  16|   0|   16|          0|
    |hist_V_1_load_8_reg_6240            |  16|   0|   16|          0|
    |hist_V_1_load_9_reg_6265            |  16|   0|   16|          0|
    |hist_V_1_load_reg_6005              |  16|   0|   16|          0|
    |hist_V_2_load_10_reg_6295           |  16|   0|   16|          0|
    |hist_V_2_load_1_reg_6064            |  16|   0|   16|          0|
    |hist_V_2_load_2_reg_6089            |  16|   0|   16|          0|
    |hist_V_2_load_3_reg_6120            |  16|   0|   16|          0|
    |hist_V_2_load_4_reg_6145            |  16|   0|   16|          0|
    |hist_V_2_load_5_reg_6170            |  16|   0|   16|          0|
    |hist_V_2_load_6_reg_6195            |  16|   0|   16|          0|
    |hist_V_2_load_7_reg_6220            |  16|   0|   16|          0|
    |hist_V_2_load_8_reg_6245            |  16|   0|   16|          0|
    |hist_V_2_load_9_reg_6270            |  16|   0|   16|          0|
    |hist_V_2_load_reg_6010              |  16|   0|   16|          0|
    |hist_V_3_load_10_reg_6300           |  16|   0|   16|          0|
    |hist_V_3_load_1_reg_6069            |  16|   0|   16|          0|
    |hist_V_3_load_2_reg_6094            |  16|   0|   16|          0|
    |hist_V_3_load_3_reg_6125            |  16|   0|   16|          0|
    |hist_V_3_load_4_reg_6150            |  16|   0|   16|          0|
    |hist_V_3_load_5_reg_6175            |  16|   0|   16|          0|
    |hist_V_3_load_6_reg_6200            |  16|   0|   16|          0|
    |hist_V_3_load_7_reg_6225            |  16|   0|   16|          0|
    |hist_V_3_load_8_reg_6250            |  16|   0|   16|          0|
    |hist_V_3_load_9_reg_6275            |  16|   0|   16|          0|
    |hist_V_3_load_reg_6015              |  16|   0|   16|          0|
    |hist_V_4_load_10_reg_6305           |  16|   0|   16|          0|
    |hist_V_4_load_1_reg_6074            |  16|   0|   16|          0|
    |hist_V_4_load_2_reg_6099            |  16|   0|   16|          0|
    |hist_V_4_load_3_reg_6130            |  16|   0|   16|          0|
    |hist_V_4_load_4_reg_6155            |  16|   0|   16|          0|
    |hist_V_4_load_5_reg_6180            |  16|   0|   16|          0|
    |hist_V_4_load_6_reg_6205            |  16|   0|   16|          0|
    |hist_V_4_load_7_reg_6230            |  16|   0|   16|          0|
    |hist_V_4_load_8_reg_6255            |  16|   0|   16|          0|
    |hist_V_4_load_9_reg_6280            |  16|   0|   16|          0|
    |hist_V_4_load_reg_6020              |  16|   0|   16|          0|
    |icmp_ln1497_reg_7245                |   1|   0|    1|          0|
    |icmp_ln1497_reg_7245_pp2_iter3_reg  |   1|   0|    1|          0|
    |icmp_ln211_reg_5848                 |   1|   0|    1|          0|
    |icmp_ln220_reg_6635                 |   1|   0|    1|          0|
    |icmp_ln571_reg_5497                 |   1|   0|    1|          0|
    |icmp_ln581_1_reg_5981               |   1|   0|    1|          0|
    |icmp_ln582_reg_5919                 |   1|   0|    1|          0|
    |icmp_ln585_reg_5971                 |   1|   0|    1|          0|
    |icmp_ln603_reg_5930                 |   1|   0|    1|          0|
    |icmp_ln611_reg_5941                 |   1|   0|    1|          0|
    |icmp_ln621_reg_5947                 |   1|   0|    1|          0|
    |icmp_ln768_1_reg_7293               |   1|   0|    1|          0|
    |icmp_ln786_1_reg_7298               |   1|   0|    1|          0|
    |icmp_ln954_reg_7359                 |   1|   0|    1|          0|
    |ireg_reg_5484                       |  64|   0|   64|          0|
    |k_1_reg_1681                        |   7|   0|    7|          0|
    |k_reg_1637                          |   7|   0|    7|          0|
    |lsb_index_reg_7331                  |  32|   0|   32|          0|
    |m_4_reg_7369                        |  40|   0|   40|          0|
    |man_V_reg_5901                      |  54|   0|   54|          0|
    |mul_ln1118_54_reg_1846              |  34|   0|   34|          0|
    |mul_ln1118_55_reg_1773              |  34|   0|   34|          0|
    |mul_ln1118_56_reg_1770              |  34|   0|   34|          0|
    |mul_ln1118_60_reg_1860              |  34|   0|   34|          0|
    |neg_src_1_reg_6042                  |   1|   0|    1|          0|
    |overflow_1_reg_7224                 |   1|   0|    1|          0|
    |overflow_reg_6048                   |   1|   0|    1|          0|
    |p_Result_14_reg_5490                |   1|   0|    1|          0|
    |p_Result_16_reg_6032                |   1|   0|    1|          0|
    |p_Result_20_reg_7275                |   1|   0|    1|          0|
    |p_Result_21_reg_7287                |   1|   0|    1|          0|
    |p_Result_22_reg_7308                |   1|   0|    1|          0|
    |p_Result_24_reg_7348                |   1|   0|    1|          0|
    |p_Result_7_reg_7374                 |   1|   0|    1|          0|
    |p_Val2_1_reg_6025                   |  16|   0|   16|          0|
    |p_Val2_3_reg_7219                   |  24|   0|   24|          0|
    |p_Val2_6_reg_7281                   |  24|   0|   24|          0|
    |phi_mul_reg_1648                    |  14|   0|   14|          0|
    |phi_urem_reg_1659                   |   7|   0|    7|          0|
    |pos2_reg_5986                       |  12|   0|   12|          0|
    |r_V_reg_2138                        |  47|   0|   47|          0|
    |reg_1670                            |  34|   0|   34|          0|
    |reg_1852                            |  34|   0|   34|          0|
    |reg_1856                            |  34|   0|   34|          0|
    |reg_1864                            |  34|   0|   34|          0|
    |reg_1868                            |  34|   0|   34|          0|
    |reg_1872                            |  34|   0|   34|          0|
    |reg_1892                            |  34|   0|   34|          0|
    |reg_1912                            |  34|   0|   34|          0|
    |reg_1932                            |  34|   0|   34|          0|
    |reg_1970                            |  34|   0|   34|          0|
    |reg_1974                            |  34|   0|   34|          0|
    |reg_2012                            |  34|   0|   34|          0|
    |reg_2159                            |  18|   0|   18|          0|
    |reg_2163                            |  18|   0|   18|          0|
    |reg_2167                            |  18|   0|   18|          0|
    |reg_2171                            |  18|   0|   18|          0|
    |reg_2175                            |  18|   0|   18|          0|
    |reg_2179                            |  34|   0|   34|          0|
    |ret_V_2_reg_7255                    |  24|   0|   24|          0|
    |ret_V_reg_7260                      |  47|   0|   47|          0|
    |select_ln340_1_reg_7235             |  24|   0|   24|          0|
    |select_ln571_reg_6104               |  16|   0|   16|          0|
    |select_ln585_reg_5976               |  16|   0|   16|          0|
    |select_ln588_reg_5829               |  16|   0|   16|          0|
    |select_ln954_reg_7364               |   1|   0|    1|          0|
    |sext_ln1116_10_reg_6360             |  34|   0|   34|          0|
    |sext_ln1116_11_reg_6365             |  34|   0|   34|          0|
    |sext_ln1116_12_reg_6370             |  34|   0|   34|          0|
    |sext_ln1116_13_reg_6375             |  34|   0|   34|          0|
    |sext_ln1116_14_reg_6380             |  34|   0|   34|          0|
    |sext_ln1116_15_reg_6385             |  34|   0|   34|          0|
    |sext_ln1116_16_reg_6390             |  34|   0|   34|          0|
    |sext_ln1116_17_reg_6395             |  34|   0|   34|          0|
    |sext_ln1116_18_reg_6400             |  34|   0|   34|          0|
    |sext_ln1116_19_reg_6405             |  34|   0|   34|          0|
    |sext_ln1116_1_reg_6315              |  34|   0|   34|          0|
    |sext_ln1116_20_reg_6410             |  34|   0|   34|          0|
    |sext_ln1116_21_reg_6415             |  34|   0|   34|          0|
    |sext_ln1116_22_reg_6420             |  34|   0|   34|          0|
    |sext_ln1116_23_reg_6425             |  34|   0|   34|          0|
    |sext_ln1116_24_reg_6430             |  34|   0|   34|          0|
    |sext_ln1116_25_reg_6435             |  34|   0|   34|          0|
    |sext_ln1116_26_reg_6440             |  34|   0|   34|          0|
    |sext_ln1116_27_reg_6445             |  34|   0|   34|          0|
    |sext_ln1116_28_reg_6450             |  34|   0|   34|          0|
    |sext_ln1116_29_reg_6455             |  34|   0|   34|          0|
    |sext_ln1116_2_reg_6320              |  34|   0|   34|          0|
    |sext_ln1116_30_reg_6460             |  34|   0|   34|          0|
    |sext_ln1116_31_reg_6465             |  34|   0|   34|          0|
    |sext_ln1116_32_reg_6470             |  34|   0|   34|          0|
    |sext_ln1116_33_reg_6475             |  34|   0|   34|          0|
    |sext_ln1116_34_reg_6480             |  34|   0|   34|          0|
    |sext_ln1116_35_reg_6485             |  34|   0|   34|          0|
    |sext_ln1116_36_reg_6490             |  34|   0|   34|          0|
    |sext_ln1116_37_reg_6495             |  34|   0|   34|          0|
    |sext_ln1116_38_reg_6500             |  34|   0|   34|          0|
    |sext_ln1116_39_reg_6505             |  34|   0|   34|          0|
    |sext_ln1116_3_reg_6325              |  34|   0|   34|          0|
    |sext_ln1116_40_reg_6510             |  34|   0|   34|          0|
    |sext_ln1116_41_reg_6515             |  34|   0|   34|          0|
    |sext_ln1116_42_reg_6520             |  34|   0|   34|          0|
    |sext_ln1116_43_reg_6525             |  34|   0|   34|          0|
    |sext_ln1116_44_reg_6530             |  34|   0|   34|          0|
    |sext_ln1116_45_reg_6535             |  34|   0|   34|          0|
    |sext_ln1116_46_reg_6540             |  34|   0|   34|          0|
    |sext_ln1116_47_reg_6545             |  34|   0|   34|          0|
    |sext_ln1116_48_reg_6550             |  34|   0|   34|          0|
    |sext_ln1116_49_reg_6555             |  34|   0|   34|          0|
    |sext_ln1116_4_reg_6330              |  34|   0|   34|          0|
    |sext_ln1116_50_reg_6560             |  34|   0|   34|          0|
    |sext_ln1116_51_reg_6565             |  34|   0|   34|          0|
    |sext_ln1116_52_reg_6570             |  34|   0|   34|          0|
    |sext_ln1116_53_reg_6575             |  34|   0|   34|          0|
    |sext_ln1116_54_reg_6580             |  34|   0|   34|          0|
    |sext_ln1116_55_reg_6585             |  34|   0|   34|          0|
    |sext_ln1116_56_reg_6590             |  34|   0|   34|          0|
    |sext_ln1116_57_reg_6595             |  34|   0|   34|          0|
    |sext_ln1116_58_reg_6600             |  34|   0|   34|          0|
    |sext_ln1116_59_reg_6605             |  34|   0|   34|          0|
    |sext_ln1116_5_reg_6335              |  34|   0|   34|          0|
    |sext_ln1116_60_reg_6610             |  34|   0|   34|          0|
    |sext_ln1116_61_reg_6615             |  34|   0|   34|          0|
    |sext_ln1116_62_reg_6620             |  34|   0|   34|          0|
    |sext_ln1116_63_reg_6625             |  34|   0|   34|          0|
    |sext_ln1116_64_reg_6630             |  34|   0|   34|          0|
    |sext_ln1116_6_reg_6340              |  34|   0|   34|          0|
    |sext_ln1116_7_reg_6345              |  34|   0|   34|          0|
    |sext_ln1116_8_reg_6350              |  34|   0|   34|          0|
    |sext_ln1116_9_reg_6355              |  34|   0|   34|          0|
    |sext_ln1116_reg_6310                |  34|   0|   34|          0|
    |sext_ln581_reg_5966                 |  32|   0|   32|          0|
    |sext_ln937_reg_7318                 |  40|   0|   40|          0|
    |sh_amt_reg_5913                     |  12|   0|   12|          0|
    |sub_ln944_reg_7325                  |  32|   0|   32|          0|
    |tmp_12_reg_5954                     |   1|   0|    1|          0|
    |tmp_15_reg_5871                     |   5|   0|    5|          0|
    |tmp_17_reg_7338                     |  31|   0|   31|          0|
    |tmp_24_reg_7250                     |   1|   0|    1|          0|
    |tmp_24_reg_7250_pp2_iter3_reg       |   1|   0|    1|          0|
    |tmp_7_reg_5479                      |   1|   0|    1|          0|
    |tmp_V_2_reg_7313                    |  37|   0|   37|          0|
    |trunc_ln212_reg_5867                |   3|   0|    3|          0|
    |trunc_ln583_reg_5924                |  16|   0|   16|          0|
    |trunc_ln703_1_reg_7194              |  34|   0|   34|          0|
    |trunc_ln703_2_reg_7214              |  34|   0|   34|          0|
    |trunc_ln703_reg_7184                |  34|   0|   34|          0|
    |trunc_ln943_reg_7354                |   8|   0|    8|          0|
    |trunc_ln947_reg_7343                |   6|   0|    6|          0|
    |underflow_1_reg_7229                |   1|   0|    1|          0|
    |urem_ln212_reg_5862                 |   7|   0|    7|          0|
    |x_V_reg_7240                        |  24|   0|   24|          0|
    |x_V_reg_7240_pp2_iter3_reg          |  24|   0|   24|          0|
    |xor_ln571_reg_5834                  |   1|   0|    1|          0|
    |xor_ln658_1_reg_5824                |   1|   0|    1|          0|
    |zext_ln635_reg_5994                 |  32|   0|   54|         22|
    |icmp_ln211_reg_5848                 |  64|  32|    1|          0|
    |icmp_ln220_reg_6635                 |  64|  32|    1|          0|
    |k_1_reg_1681                        |  64|  32|    7|          0|
    +------------------------------------+----+----+-----+-----------+
    |Total                               |6276|  96| 6115|         22|
    +------------------------------------+----+----+-----+-----------+



================================================================
== Interface
================================================================
* Summary: 
+--------------+-----+-----+------------+---------------+--------------+
|   RTL Ports  | Dir | Bits|  Protocol  | Source Object |    C Type    |
+--------------+-----+-----+------------+---------------+--------------+
|ap_clk        |   in|    1|  ap_ctrl_hs|  fir_multiband|  return value|
|ap_rst        |   in|    1|  ap_ctrl_hs|  fir_multiband|  return value|
|ap_start      |   in|    1|  ap_ctrl_hs|  fir_multiband|  return value|
|ap_done       |  out|    1|  ap_ctrl_hs|  fir_multiband|  return value|
|ap_idle       |  out|    1|  ap_ctrl_hs|  fir_multiband|  return value|
|ap_ready      |  out|    1|  ap_ctrl_hs|  fir_multiband|  return value|
|in_r          |   in|   32|     ap_none|           in_r|       pointer|
|out_r         |  out|   32|      ap_vld|          out_r|       pointer|
|out_r_ap_vld  |  out|    1|      ap_vld|          out_r|       pointer|
|length_r      |   in|   32|     ap_none|       length_r|        scalar|
+--------------+-----+-----+------------+---------------+--------------+

