

================================================================
== Vitis HLS Report for 'fir_multiband'
================================================================
* Date:           Tue Sep 29 16:50:14 2026

* Version:        2020.2 (Build 3064766 on Wed Nov 18 09:12:45 MST 2020)
* Project:        synth_proj
* Solution:       solution1 (Vivado IP Flow Target)
* Product family: zynq
* Target device:  xc7z020-clg400-1


================================================================
== Performance Estimates
================================================================
+ Timing: 
    * Summary: 
    +--------+----------+----------+------------+
    |  Clock |  Target  | Estimated| Uncertainty|
    +--------+----------+----------+------------+
    |ap_clk  |  10.00 ns|  8.567 ns|     2.70 ns|
    +--------+----------+----------+------------+

+ Latency: 
    * Summary: 
    +---------+---------+----------+----------+-----+-----+---------+
    |  Latency (cycles) |  Latency (absolute) |  Interval | Pipeline|
    |   min   |   max   |    min   |    max   | min | max |   Type  |
    +---------+---------+----------+----------+-----+-----+---------+
    |        ?|        ?|         ?|         ?|    ?|    ?|     none|
    +---------+---------+----------+----------+-----+-----+---------+

    + Detail: 
        * Instance: 
        N/A

        * Loop: 
        +-----------------------+---------+---------+----------+-----------+-----------+------+----------+
        |                       |  Latency (cycles) | Iteration|  Initiation Interval  | Trip |          |
        |       Loop Name       |   min   |   max   |  Latency |  achieved |   target  | Count| Pipelined|
        +-----------------------+---------+---------+----------+-----------+-----------+------+----------+
        |- VITIS_LOOP_126_1     |       65|       65|         1|          1|          1|    65|       yes|
        |- VITIS_LOOP_130_2     |        ?|        ?|       663|          -|          -|     ?|        no|
        | + VITIS_LOOP_137_3    |      192|      192|         3|          -|          -|    64|        no|
        | + VITIS_LOOP_144_4    |      464|      464|       116|          -|          -|     4|        no|
        |  ++ VITIS_LOOP_148_5  |        5|        5|         1|          -|          -|     5|        no|
        |  ++ VITIS_LOOP_188_7  |       40|       40|         8|          -|          -|     5|        no|
        +-----------------------+---------+---------+----------+-----------+-----------+------+----------+



================================================================
== Utilization Estimates
================================================================
* Summary: 
+-----------------+---------+-----+--------+-------+-----+
|       Name      | BRAM_18K| DSP |   FF   |  LUT  | URAM|
+-----------------+---------+-----+--------+-------+-----+
|DSP              |        -|    -|       -|      -|    -|
|Expression       |        -|    -|       0|    833|    -|
|FIFO             |        -|    -|       -|      -|    -|
|Instance         |        -|   79|    7899|  15527|    -|
|Memory           |        8|    -|      64|      3|    -|
|Multiplexer      |        -|    -|       -|   3561|    -|
|Register         |        -|    -|    9677|      -|    -|
+-----------------+---------+-----+--------+-------+-----+
|Total            |        8|   79|   17640|  19924|    0|
+-----------------+---------+-----+--------+-------+-----+
|Available        |      280|  220|  106400|  53200|    0|
+-----------------+---------+-----+--------+-------+-----+
|Utilization (%)  |        2|   35|      16|     37|    0|
+-----------------+---------+-----+--------+-------+-----+

+ Detail: 
    * Instance: 
    +--------------------------------------+----------------------------------+---------+----+-----+-----+-----+
    |               Instance               |              Module              | BRAM_18K| DSP|  FF | LUT | URAM|
    +--------------------------------------+----------------------------------+---------+----+-----+-----+-----+
    |facc_32ns_32ns_1ns_32_6_no_dsp_1_U39  |facc_32ns_32ns_1ns_32_6_no_dsp_1  |        0|   0|  312|  721|    0|
    |facc_32ns_32ns_1ns_32_6_no_dsp_1_U40  |facc_32ns_32ns_1ns_32_6_no_dsp_1  |        0|   0|  312|  721|    0|
    |fadd_32ns_32ns_32_5_full_dsp_1_U6     |fadd_32ns_32ns_32_5_full_dsp_1    |        0|   2|  205|  390|    0|
    |fadd_32ns_32ns_32_5_full_dsp_1_U7     |fadd_32ns_32ns_32_5_full_dsp_1    |        0|   2|  205|  390|    0|
    |fadd_32ns_32ns_32_5_full_dsp_1_U8     |fadd_32ns_32ns_32_5_full_dsp_1    |        0|   2|  205|  390|    0|
    |fadd_32ns_32ns_32_5_full_dsp_1_U9     |fadd_32ns_32ns_32_5_full_dsp_1    |        0|   2|  205|  390|    0|
    |fadd_32ns_32ns_32_5_full_dsp_1_U10    |fadd_32ns_32ns_32_5_full_dsp_1    |        0|   2|  205|  390|    0|
    |fadd_32ns_32ns_32_5_full_dsp_1_U11    |fadd_32ns_32ns_32_5_full_dsp_1    |        0|   2|  205|  390|    0|
    |fadd_32ns_32ns_32_5_full_dsp_1_U12    |fadd_32ns_32ns_32_5_full_dsp_1    |        0|   2|  205|  390|    0|
    |fadd_32ns_32ns_32_5_full_dsp_1_U13    |fadd_32ns_32ns_32_5_full_dsp_1    |        0|   2|  205|  390|    0|
    |fadd_32ns_32ns_32_5_full_dsp_1_U14    |fadd_32ns_32ns_32_5_full_dsp_1    |        0|   2|  205|  390|    0|
    |fadd_32ns_32ns_32_5_full_dsp_1_U15    |fadd_32ns_32ns_32_5_full_dsp_1    |        0|   2|  205|  390|    0|
    |fadd_32ns_32ns_32_5_full_dsp_1_U16    |fadd_32ns_32ns_32_5_full_dsp_1    |        0|   2|  205|  390|    0|
    |fadd_32ns_32ns_32_5_full_dsp_1_U17    |fadd_32ns_32ns_32_5_full_dsp_1    |        0|   2|  205|  390|    0|
    |fadd_32ns_32ns_32_5_full_dsp_1_U18    |fadd_32ns_32ns_32_5_full_dsp_1    |        0|   2|  205|  390|    0|
    |fadd_32ns_32ns_32_5_full_dsp_1_U19    |fadd_32ns_32ns_32_5_full_dsp_1    |        0|   2|  205|  390|    0|
    |fadd_32ns_32ns_32_5_full_dsp_1_U20    |fadd_32ns_32ns_32_5_full_dsp_1    |        0|   2|  205|  390|    0|
    |fadd_32ns_32ns_32_5_full_dsp_1_U21    |fadd_32ns_32ns_32_5_full_dsp_1    |        0|   2|  205|  390|    0|
    |fadd_32ns_32ns_32_5_full_dsp_1_U22    |fadd_32ns_32ns_32_5_full_dsp_1    |        0|   2|  205|  390|    0|
    |fadd_32ns_32ns_32_5_full_dsp_1_U23    |fadd_32ns_32ns_32_5_full_dsp_1    |        0|   2|  205|  390|    0|
    |fadd_32ns_32ns_32_5_full_dsp_1_U24    |fadd_32ns_32ns_32_5_full_dsp_1    |        0|   2|  205|  390|    0|
    |fadd_32ns_32ns_32_5_full_dsp_1_U25    |fadd_32ns_32ns_32_5_full_dsp_1    |        0|   2|  205|  390|    0|
    |fadd_32ns_32ns_32_5_full_dsp_1_U26    |fadd_32ns_32ns_32_5_full_dsp_1    |        0|   2|  205|  390|    0|
    |fadd_32ns_32ns_32_5_full_dsp_1_U27    |fadd_32ns_32ns_32_5_full_dsp_1    |        0|   2|  205|  390|    0|
    |fadd_32ns_32ns_32_5_full_dsp_1_U28    |fadd_32ns_32ns_32_5_full_dsp_1    |        0|   2|  205|  390|    0|
    |fadd_32ns_32ns_32_5_full_dsp_1_U29    |fadd_32ns_32ns_32_5_full_dsp_1    |        0|   2|  205|  390|    0|
    |fadd_32ns_32ns_32_5_full_dsp_1_U30    |fadd_32ns_32ns_32_5_full_dsp_1    |        0|   2|  205|  390|    0|
    |fadd_32ns_32ns_32_5_full_dsp_1_U31    |fadd_32ns_32ns_32_5_full_dsp_1    |        0|   2|  205|  390|    0|
    |fadd_32ns_32ns_32_5_full_dsp_1_U32    |fadd_32ns_32ns_32_5_full_dsp_1    |        0|   2|  205|  390|    0|
    |fadd_32ns_32ns_32_5_full_dsp_1_U33    |fadd_32ns_32ns_32_5_full_dsp_1    |        0|   2|  205|  390|    0|
    |fadd_32ns_32ns_32_5_full_dsp_1_U34    |fadd_32ns_32ns_32_5_full_dsp_1    |        0|   2|  205|  390|    0|
    |fadd_32ns_32ns_32_5_full_dsp_1_U35    |fadd_32ns_32ns_32_5_full_dsp_1    |        0|   2|  205|  390|    0|
    |fadd_32ns_32ns_32_5_full_dsp_1_U36    |fadd_32ns_32ns_32_5_full_dsp_1    |        0|   2|  205|  390|    0|
    |fadd_32ns_32ns_32_5_full_dsp_1_U37    |fadd_32ns_32ns_32_5_full_dsp_1    |        0|   2|  205|  390|    0|
    |fcmp_32ns_32ns_1_2_no_dsp_1_U38       |fcmp_32ns_32ns_1_2_no_dsp_1       |        0|   0|    0|    0|    0|
    |fmul_32ns_32ns_32_4_max_dsp_1_U1      |fmul_32ns_32ns_32_4_max_dsp_1     |        0|   3|  143|  321|    0|
    |fmul_32ns_32ns_32_4_max_dsp_1_U2      |fmul_32ns_32ns_32_4_max_dsp_1     |        0|   3|  143|  321|    0|
    |fmul_32ns_32ns_32_4_max_dsp_1_U3      |fmul_32ns_32ns_32_4_max_dsp_1     |        0|   3|  143|  321|    0|
    |fmul_32ns_32ns_32_4_max_dsp_1_U4      |fmul_32ns_32ns_32_4_max_dsp_1     |        0|   3|  143|  321|    0|
    |fmul_32ns_32ns_32_4_max_dsp_1_U5      |fmul_32ns_32ns_32_4_max_dsp_1     |        0|   3|  143|  321|    0|
    +--------------------------------------+----------------------------------+---------+----+-----+-----+-----+
    |Total                                 |                                  |        0|  79| 7899|15527|    0|
    +--------------------------------------+----------------------------------+---------+----+-----+-----+-----+

    * DSP: 
    N/A

    * Memory: 
    +--------------+------------+---------+----+----+-----+------+-----+------+-------------+
    |    Memory    |   Module   | BRAM_18K| FF | LUT| URAM| Words| Bits| Banks| W*Bits*Banks|
    +--------------+------------+---------+----+----+-----+------+-----+------+-------------+
    |FIR_COEFFS_U  |FIR_COEFFS  |        8|   0|   0|    0|   260|   32|     1|         8320|
    |y_U           |y           |        0|  64|   3|    0|     5|   32|     1|          160|
    +--------------+------------+---------+----+----+-----+------+-----+------+-------------+
    |Total         |            |        8|  64|   3|    0|   265|   64|     2|         8480|
    +--------------+------------+---------+----+----+-----+------+-----+------+-------------+

    * FIFO: 
    N/A

    * Expression: 
    +--------------------------+----------+----+---+----+------------+------------+
    |       Variable Name      | Operation| DSP| FF| LUT| Bitwidth P0| Bitwidth P1|
    +--------------------------+----------+----+---+----+------------+------------+
    |add_ln126_fu_15672_p2     |         +|   0|  0|  14|           7|           1|
    |add_ln130_fu_16212_p2     |         +|   0|  0|  39|          32|           1|
    |add_ln137_fu_16229_p2     |         +|   0|  0|  14|           7|           2|
    |add_ln144_fu_16244_p2     |         +|   0|  0|  11|           3|           1|
    |add_ln148_fu_16636_p2     |         +|   0|  0|  11|           3|           1|
    |add_ln168_10_fu_16372_p2  |         +|   0|  0|  14|           9|           4|
    |add_ln168_11_fu_16383_p2  |         +|   0|  0|  14|           9|           4|
    |add_ln168_12_fu_16394_p2  |         +|   0|  0|  14|           9|           4|
    |add_ln168_13_fu_16405_p2  |         +|   0|  0|  14|           9|           4|
    |add_ln168_14_fu_16416_p2  |         +|   0|  0|  14|           9|           4|
    |add_ln168_15_fu_16427_p2  |         +|   0|  0|  14|           9|           4|
    |add_ln168_16_fu_16438_p2  |         +|   0|  0|  14|           9|           5|
    |add_ln168_17_fu_16449_p2  |         +|   0|  0|  14|           9|           5|
    |add_ln168_18_fu_16460_p2  |         +|   0|  0|  14|           9|           5|
    |add_ln168_19_fu_16471_p2  |         +|   0|  0|  14|           9|           5|
    |add_ln168_1_fu_16273_p2   |         +|   0|  0|  14|           9|           1|
    |add_ln168_20_fu_16482_p2  |         +|   0|  0|  14|           9|           5|
    |add_ln168_21_fu_16493_p2  |         +|   0|  0|  14|           9|           5|
    |add_ln168_22_fu_16504_p2  |         +|   0|  0|  14|           9|           5|
    |add_ln168_23_fu_16515_p2  |         +|   0|  0|  14|           9|           5|
    |add_ln168_24_fu_16526_p2  |         +|   0|  0|  14|           9|           5|
    |add_ln168_25_fu_16537_p2  |         +|   0|  0|  14|           9|           5|
    |add_ln168_26_fu_16548_p2  |         +|   0|  0|  14|           9|           5|
    |add_ln168_27_fu_16559_p2  |         +|   0|  0|  14|           9|           5|
    |add_ln168_28_fu_16570_p2  |         +|   0|  0|  14|           9|           5|
    |add_ln168_29_fu_16581_p2  |         +|   0|  0|  14|           9|           5|
    |add_ln168_2_fu_16284_p2   |         +|   0|  0|  14|           9|           2|
    |add_ln168_30_fu_16592_p2  |         +|   0|  0|  14|           9|           5|
    |add_ln168_31_fu_16603_p2  |         +|   0|  0|  14|           9|           5|
    |add_ln168_32_fu_16614_p2  |         +|   0|  0|  14|           9|           6|
    |add_ln168_3_fu_16295_p2   |         +|   0|  0|  14|           9|           2|
    |add_ln168_4_fu_16306_p2   |         +|   0|  0|  14|           9|           3|
    |add_ln168_5_fu_16317_p2   |         +|   0|  0|  14|           9|           3|
    |add_ln168_6_fu_16328_p2   |         +|   0|  0|  14|           9|           3|
    |add_ln168_7_fu_16339_p2   |         +|   0|  0|  14|           9|           3|
    |add_ln168_8_fu_16350_p2   |         +|   0|  0|  14|           9|           4|
    |add_ln168_9_fu_16361_p2   |         +|   0|  0|  14|           9|           4|
    |add_ln168_fu_16262_p2     |         +|   0|  0|  14|           9|           9|
    |add_ln188_fu_16653_p2     |         +|   0|  0|  11|           3|           1|
    |and_ln93_fu_16724_p2      |       and|   0|  0|   2|           1|           1|
    |and_ln94_fu_16788_p2      |       and|   0|  0|   2|           1|           1|
    |ap_condition_5417         |       and|   0|  0|   2|           1|           1|
    |icmp_ln126_fu_15873_p2    |      icmp|   0|  0|  10|           7|           7|
    |icmp_ln130_fu_16218_p2    |      icmp|   0|  0|  18|          32|          32|
    |icmp_ln137_fu_16223_p2    |      icmp|   0|  0|  10|           7|           1|
    |icmp_ln144_fu_16625_p2    |      icmp|   0|  0|   9|           3|           4|
    |icmp_ln148_fu_16647_p2    |      icmp|   0|  0|   8|           3|           3|
    |icmp_ln188_fu_16664_p2    |      icmp|   0|  0|   8|           3|           3|
    |icmp_ln189_fu_16670_p2    |      icmp|   0|  0|   8|           3|           3|
    |icmp_ln192_fu_16676_p2    |      icmp|   0|  0|   9|           3|           4|
    |icmp_ln93_1_fu_16712_p2   |      icmp|   0|  0|  15|          23|           1|
    |icmp_ln93_fu_16706_p2     |      icmp|   0|  0|  11|           8|           2|
    |icmp_ln94_1_fu_16770_p2   |      icmp|   0|  0|  15|          23|           1|
    |icmp_ln94_fu_16764_p2     |      icmp|   0|  0|  11|           8|           2|
    |or_ln93_fu_16718_p2       |        or|   0|  0|   2|           1|           1|
    |or_ln94_fu_16784_p2       |        or|   0|  0|   2|           1|           1|
    |a_fu_16739_p3             |    select|   0|  0|  32|           1|          32|
    |select_ln94_fu_16793_p3   |    select|   0|  0|  32|           1|          32|
    |sign_fu_16776_p3          |    select|   0|  0|  32|           1|          32|
    |xor_ln93_fu_16729_p2      |       xor|   0|  0|  33|          32|          33|
    +--------------------------+----------+----+---+----+------------+------------+
    |Total                     |          |   0|  0| 833|         515|         348|
    +--------------------------+----------+----+---+----+------------+------------+

    * Multiplexer: 
    +---------------------+-----+-----------+-----+-----------+
    |         Name        | LUT | Input Size| Bits| Total Bits|
    +---------------------+-----+-----------+-----+-----------+
    |FIR_COEFFS_address0  |   42|          8|    9|         72|
    |FIR_COEFFS_address1  |   42|          8|    9|         72|
    |FIR_COEFFS_address2  |   42|          8|    9|         72|
    |FIR_COEFFS_address3  |   37|          7|    9|         63|
    |FIR_COEFFS_address4  |   37|          7|    9|         63|
    |acc_reg_15082        |    9|          2|   32|         64|
    |ap_NS_fsm            |  453|         90|    1|         90|
    |b_reg_15071          |    9|          2|    3|          6|
    |f_32_reg_2312        |    9|          2|   32|         64|
    |f_33_reg_2300        |    9|          2|   32|         64|
    |f_34_reg_2288        |    9|          2|   32|         64|
    |f_35_reg_2276        |    9|          2|   32|         64|
    |f_36_reg_2264        |    9|          2|   32|         64|
    |f_38_reg_2252        |    9|          2|   32|         64|
    |f_39_reg_2240        |    9|          2|   32|         64|
    |f_40_reg_2228        |    9|          2|   32|         64|
    |f_41_reg_2216        |    9|          2|   32|         64|
    |f_42_reg_2204        |    9|          2|   32|         64|
    |f_43_reg_2192        |    9|          2|   32|         64|
    |f_44_reg_2180        |    9|          2|   32|         64|
    |f_45_reg_2168        |    9|          2|   32|         64|
    |f_46_reg_2156        |    9|          2|   32|         64|
    |f_47_reg_2144        |    9|          2|   32|         64|
    |f_48_reg_2132        |    9|          2|   32|         64|
    |f_49_reg_2120        |    9|          2|   32|         64|
    |f_50_reg_2108        |    9|          2|   32|         64|
    |f_51_reg_2096        |    9|          2|   32|         64|
    |f_52_reg_2084        |    9|          2|   32|         64|
    |f_53_reg_2072        |    9|          2|   32|         64|
    |f_54_reg_2060        |    9|          2|   32|         64|
    |f_55_reg_2048        |    9|          2|   32|         64|
    |f_56_reg_2036        |    9|          2|   32|         64|
    |f_57_reg_2024        |    9|          2|   32|         64|
    |f_58_reg_2012        |    9|          2|   32|         64|
    |f_59_reg_2000        |    9|          2|   32|         64|
    |f_60_reg_1988        |    9|          2|   32|         64|
    |f_61_reg_1976        |    9|          2|   32|         64|
    |f_62_reg_1964        |    9|          2|   32|         64|
    |f_63_reg_1952        |    9|          2|   32|         64|
    |f_64_reg_1940        |    9|          2|   32|         64|
    |grp_fu_15127_p0      |   42|          8|   32|        256|
    |grp_fu_15127_p1      |   31|          6|   32|        192|
    |grp_fu_15128_p0      |   42|          8|   32|        256|
    |grp_fu_15128_p1      |   25|          5|   32|        160|
    |grp_fu_15129_p0      |   42|          8|   32|        256|
    |grp_fu_15129_p1      |   31|          6|   32|        192|
    |grp_fu_15130_p0      |   48|          9|   32|        288|
    |grp_fu_15130_p1      |   31|          6|   32|        192|
    |grp_fu_15131_p0      |   37|          7|   32|        224|
    |grp_fu_15131_p1      |   25|          5|   32|        160|
    |grp_fu_15340_p0      |   31|          6|   32|        192|
    |grp_fu_15340_p1      |   53|         10|   32|        320|
    |grp_fu_15344_p0      |   20|          4|   32|        128|
    |grp_fu_15344_p1      |   42|          8|   32|        256|
    |grp_fu_15350_p0      |   20|          4|   32|        128|
    |grp_fu_15350_p1      |   42|          8|   32|        256|
    |grp_fu_15356_p0      |   20|          4|   32|        128|
    |grp_fu_15356_p1      |   37|          7|   32|        224|
    |grp_fu_15362_p0      |   20|          4|   32|        128|
    |grp_fu_15362_p1      |   37|          7|   32|        224|
    |grp_fu_15532_opcode  |   14|          3|    5|         15|
    |grp_fu_15532_p0      |   14|          3|   32|         96|
    |grp_fu_15532_p1      |   14|          3|   32|         96|
    |hist_0_2_reg_1547    |    9|          2|   32|         64|
    |hist_10_2_reg_1447   |    9|          2|   32|         64|
    |hist_10_4_reg_13081  |    9|          2|   32|         64|
    |hist_11_2_reg_1437   |    9|          2|   32|         64|
    |hist_11_4_reg_12882  |    9|          2|   32|         64|
    |hist_12_2_reg_1427   |    9|          2|   32|         64|
    |hist_12_4_reg_12683  |    9|          2|   32|         64|
    |hist_13_2_reg_1417   |    9|          2|   32|         64|
    |hist_13_4_reg_12484  |    9|          2|   32|         64|
    |hist_14_2_reg_1407   |    9|          2|   32|         64|
    |hist_14_4_reg_12285  |    9|          2|   32|         64|
    |hist_15_2_reg_1397   |    9|          2|   32|         64|
    |hist_15_4_reg_12086  |    9|          2|   32|         64|
    |hist_16_2_reg_1387   |    9|          2|   32|         64|
    |hist_16_4_reg_11887  |    9|          2|   32|         64|
    |hist_17_2_reg_1377   |    9|          2|   32|         64|
    |hist_17_4_reg_11688  |    9|          2|   32|         64|
    |hist_18_2_reg_1367   |    9|          2|   32|         64|
    |hist_18_4_reg_11489  |    9|          2|   32|         64|
    |hist_19_2_reg_1357   |    9|          2|   32|         64|
    |hist_19_4_reg_11290  |    9|          2|   32|         64|
    |hist_1_2_reg_1537    |    9|          2|   32|         64|
    |hist_1_4_reg_14872   |    9|          2|   32|         64|
    |hist_1_reg_2336      |  273|         64|   32|       2048|
    |hist_20_2_reg_1347   |    9|          2|   32|         64|
    |hist_20_4_reg_11091  |    9|          2|   32|         64|
    |hist_21_2_reg_1337   |    9|          2|   32|         64|
    |hist_21_4_reg_10892  |    9|          2|   32|         64|
    |hist_22_2_reg_1327   |    9|          2|   32|         64|
    |hist_22_4_reg_10693  |    9|          2|   32|         64|
    |hist_23_2_reg_1317   |    9|          2|   32|         64|
    |hist_23_4_reg_10494  |    9|          2|   32|         64|
    |hist_24_2_reg_1307   |    9|          2|   32|         64|
    |hist_24_4_reg_10295  |    9|          2|   32|         64|
    |hist_25_2_reg_1297   |    9|          2|   32|         64|
    |hist_25_4_reg_10096  |    9|          2|   32|         64|
    |hist_26_2_reg_1287   |    9|          2|   32|         64|
    |hist_26_4_reg_9897   |    9|          2|   32|         64|
    |hist_27_2_reg_1277   |    9|          2|   32|         64|
    |hist_27_4_reg_9698   |    9|          2|   32|         64|
    |hist_28_2_reg_1267   |    9|          2|   32|         64|
    |hist_28_4_reg_9499   |    9|          2|   32|         64|
    |hist_29_2_reg_1257   |    9|          2|   32|         64|
    |hist_29_4_reg_9300   |    9|          2|   32|         64|
    |hist_2_2_reg_1527    |    9|          2|   32|         64|
    |hist_2_4_reg_14673   |    9|          2|   32|         64|
    |hist_30_2_reg_1247   |    9|          2|   32|         64|
    |hist_30_4_reg_9101   |    9|          2|   32|         64|
    |hist_31_2_reg_1237   |    9|          2|   32|         64|
    |hist_31_4_reg_8902   |    9|          2|   32|         64|
    |hist_32_2_reg_1227   |    9|          2|   32|         64|
    |hist_32_4_reg_8703   |    9|          2|   32|         64|
    |hist_33_2_reg_1217   |    9|          2|   32|         64|
    |hist_33_3_reg_1928   |    9|          2|   32|         64|
    |hist_33_4_reg_8504   |    9|          2|   32|         64|
    |hist_34_2_reg_1207   |    9|          2|   32|         64|
    |hist_34_3_reg_1916   |    9|          2|   32|         64|
    |hist_34_4_reg_8305   |    9|          2|   32|         64|
    |hist_35_2_reg_1197   |    9|          2|   32|         64|
    |hist_35_3_reg_1904   |    9|          2|   32|         64|
    |hist_35_4_reg_8106   |    9|          2|   32|         64|
    |hist_36_2_reg_1187   |    9|          2|   32|         64|
    |hist_36_3_reg_1892   |    9|          2|   32|         64|
    |hist_36_4_reg_7907   |    9|          2|   32|         64|
    |hist_37_2_reg_1177   |    9|          2|   32|         64|
    |hist_37_3_reg_1880   |    9|          2|   32|         64|
    |hist_37_4_reg_7708   |    9|          2|   32|         64|
    |hist_38_2_reg_1167   |    9|          2|   32|         64|
    |hist_38_3_reg_1868   |    9|          2|   32|         64|
    |hist_38_4_reg_7509   |    9|          2|   32|         64|
    |hist_39_2_reg_1157   |    9|          2|   32|         64|
    |hist_39_3_reg_1856   |    9|          2|   32|         64|
    |hist_39_4_reg_7310   |    9|          2|   32|         64|
    |hist_3_2_reg_1517    |    9|          2|   32|         64|
    |hist_3_4_reg_14474   |    9|          2|   32|         64|
    |hist_40_2_reg_1147   |    9|          2|   32|         64|
    |hist_40_3_reg_1844   |    9|          2|   32|         64|
    |hist_40_4_reg_7111   |    9|          2|   32|         64|
    |hist_41_2_reg_1137   |    9|          2|   32|         64|
    |hist_41_3_reg_1832   |    9|          2|   32|         64|
    |hist_41_4_reg_6912   |    9|          2|   32|         64|
    |hist_42_2_reg_1127   |    9|          2|   32|         64|
    |hist_42_3_reg_1820   |    9|          2|   32|         64|
    |hist_42_4_reg_6713   |    9|          2|   32|         64|
    |hist_43_2_reg_1117   |    9|          2|   32|         64|
    |hist_43_3_reg_1808   |    9|          2|   32|         64|
    |hist_43_4_reg_6514   |    9|          2|   32|         64|
    |hist_44_2_reg_1107   |    9|          2|   32|         64|
    |hist_44_3_reg_1796   |    9|          2|   32|         64|
    |hist_44_4_reg_6315   |    9|          2|   32|         64|
    |hist_45_2_reg_1097   |    9|          2|   32|         64|
    |hist_45_3_reg_1784   |    9|          2|   32|         64|
    |hist_45_4_reg_6116   |    9|          2|   32|         64|
    |hist_46_2_reg_1087   |    9|          2|   32|         64|
    |hist_46_3_reg_1772   |    9|          2|   32|         64|
    |hist_46_4_reg_5917   |    9|          2|   32|         64|
    |hist_47_2_reg_1077   |    9|          2|   32|         64|
    |hist_47_3_reg_1760   |    9|          2|   32|         64|
    |hist_47_4_reg_5718   |    9|          2|   32|         64|
    |hist_48_2_reg_1067   |    9|          2|   32|         64|
    |hist_48_3_reg_1748   |    9|          2|   32|         64|
    |hist_48_4_reg_5519   |    9|          2|   32|         64|
    |hist_49_2_reg_1057   |    9|          2|   32|         64|
    |hist_49_3_reg_1736   |    9|          2|   32|         64|
    |hist_49_4_reg_5320   |    9|          2|   32|         64|
    |hist_4_2_reg_1507    |    9|          2|   32|         64|
    |hist_4_4_reg_14275   |    9|          2|   32|         64|
    |hist_50_2_reg_1047   |    9|          2|   32|         64|
    |hist_50_3_reg_1724   |    9|          2|   32|         64|
    |hist_50_4_reg_5121   |    9|          2|   32|         64|
    |hist_51_2_reg_1037   |    9|          2|   32|         64|
    |hist_51_3_reg_1712   |    9|          2|   32|         64|
    |hist_51_4_reg_4922   |    9|          2|   32|         64|
    |hist_52_2_reg_1027   |    9|          2|   32|         64|
    |hist_52_3_reg_1700   |    9|          2|   32|         64|
    |hist_52_4_reg_4723   |    9|          2|   32|         64|
    |hist_53_2_reg_1017   |    9|          2|   32|         64|
    |hist_53_3_reg_1688   |    9|          2|   32|         64|
    |hist_53_4_reg_4524   |    9|          2|   32|         64|
    |hist_54_2_reg_1007   |    9|          2|   32|         64|
    |hist_54_3_reg_1676   |    9|          2|   32|         64|
    |hist_54_4_reg_4325   |    9|          2|   32|         64|
    |hist_55_2_reg_997    |    9|          2|   32|         64|
    |hist_55_3_reg_1664   |    9|          2|   32|         64|
    |hist_55_4_reg_4126   |    9|          2|   32|         64|
    |hist_56_2_reg_987    |    9|          2|   32|         64|
    |hist_56_3_reg_1652   |    9|          2|   32|         64|
    |hist_56_4_reg_3927   |    9|          2|   32|         64|
    |hist_57_2_reg_977    |    9|          2|   32|         64|
    |hist_57_3_reg_1640   |    9|          2|   32|         64|
    |hist_57_4_reg_3728   |    9|          2|   32|         64|
    |hist_58_2_reg_967    |    9|          2|   32|         64|
    |hist_58_3_reg_1628   |    9|          2|   32|         64|
    |hist_58_4_reg_3529   |    9|          2|   32|         64|
    |hist_59_2_reg_957    |    9|          2|   32|         64|
    |hist_59_3_reg_1616   |    9|          2|   32|         64|
    |hist_59_4_reg_3330   |    9|          2|   32|         64|
    |hist_5_2_reg_1497    |    9|          2|   32|         64|
    |hist_5_4_reg_14076   |    9|          2|   32|         64|
    |hist_60_2_reg_947    |    9|          2|   32|         64|
    |hist_60_3_reg_1604   |    9|          2|   32|         64|
    |hist_60_4_reg_3131   |    9|          2|   32|         64|
    |hist_61_2_reg_937    |    9|          2|   32|         64|
    |hist_61_3_reg_1592   |    9|          2|   32|         64|
    |hist_61_4_reg_2932   |    9|          2|   32|         64|
    |hist_62_2_reg_927    |    9|          2|   32|         64|
    |hist_62_3_reg_1580   |    9|          2|   32|         64|
    |hist_62_4_reg_2733   |    9|          2|   32|         64|
    |hist_63_2_reg_917    |    9|          2|   32|         64|
    |hist_63_3_reg_1568   |    9|          2|   32|         64|
    |hist_63_4_reg_2534   |    9|          2|   32|         64|
    |hist_64_fu_572       |    9|          2|   32|         64|
    |hist_6_2_reg_1487    |    9|          2|   32|         64|
    |hist_6_4_reg_13877   |    9|          2|   32|         64|
    |hist_7_2_reg_1477    |    9|          2|   32|         64|
    |hist_7_4_reg_13678   |    9|          2|   32|         64|
    |hist_8_2_reg_1467    |    9|          2|   32|         64|
    |hist_8_4_reg_13479   |    9|          2|   32|         64|
    |hist_9_2_reg_1457    |    9|          2|   32|         64|
    |hist_9_4_reg_13280   |    9|          2|   32|         64|
    |k_1_reg_2324         |    9|          2|    7|         14|
    |k_reg_906            |    9|          2|    7|         14|
    |n_reg_1557           |    9|          2|   32|         64|
    |p_1_reg_15104        |    9|          2|    3|          6|
    |p_reg_15093          |    9|          2|    3|          6|
    |reg_15589            |    9|          2|   32|         64|
    |reg_15595            |    9|          2|   32|         64|
    |reg_15601            |    9|          2|   32|         64|
    |reg_15608            |    9|          2|   32|         64|
    |y_address0           |   25|          5|    3|         15|
    |y_address1           |   25|          5|    3|         15|
    |y_d0                 |   20|          4|   32|        128|
    |y_d1                 |   20|          4|   32|        128|
    |ys_reg_15115         |    9|          2|   32|         64|
    +---------------------+-----+-----------+-----+-----------+
    |Total                | 3561|        755| 7216|      19851|
    +---------------------+-----+-----------+-----+-----------+

    * Register: 
    +------------------------------+----+----+-----+-----------+
    |             Name             | FF | LUT| Bits| Const Bits|
    +------------------------------+----+----+-----+-----------+
    |FIR_COEFFS_addr_10_reg_17811  |   9|   0|    9|          0|
    |FIR_COEFFS_addr_11_reg_17816  |   9|   0|    9|          0|
    |FIR_COEFFS_addr_12_reg_17821  |   9|   0|    9|          0|
    |FIR_COEFFS_addr_13_reg_17826  |   9|   0|    9|          0|
    |FIR_COEFFS_addr_14_reg_17831  |   9|   0|    9|          0|
    |FIR_COEFFS_addr_15_reg_17836  |   9|   0|    9|          0|
    |FIR_COEFFS_addr_16_reg_17841  |   9|   0|    9|          0|
    |FIR_COEFFS_addr_17_reg_17846  |   9|   0|    9|          0|
    |FIR_COEFFS_addr_18_reg_17851  |   9|   0|    9|          0|
    |FIR_COEFFS_addr_19_reg_17856  |   9|   0|    9|          0|
    |FIR_COEFFS_addr_1_reg_17766   |   9|   0|    9|          0|
    |FIR_COEFFS_addr_20_reg_17861  |   9|   0|    9|          0|
    |FIR_COEFFS_addr_21_reg_17866  |   9|   0|    9|          0|
    |FIR_COEFFS_addr_22_reg_17871  |   9|   0|    9|          0|
    |FIR_COEFFS_addr_23_reg_17876  |   9|   0|    9|          0|
    |FIR_COEFFS_addr_24_reg_17881  |   9|   0|    9|          0|
    |FIR_COEFFS_addr_25_reg_17886  |   9|   0|    9|          0|
    |FIR_COEFFS_addr_26_reg_17891  |   9|   0|    9|          0|
    |FIR_COEFFS_addr_27_reg_17896  |   9|   0|    9|          0|
    |FIR_COEFFS_addr_28_reg_17901  |   9|   0|    9|          0|
    |FIR_COEFFS_addr_29_reg_17906  |   9|   0|    9|          0|
    |FIR_COEFFS_addr_2_reg_17771   |   9|   0|    9|          0|
    |FIR_COEFFS_addr_30_reg_17911  |   9|   0|    9|          0|
    |FIR_COEFFS_addr_31_reg_17916  |   9|   0|    9|          0|
    |FIR_COEFFS_addr_32_reg_17921  |   9|   0|    9|          0|
    |FIR_COEFFS_addr_3_reg_17776   |   9|   0|    9|          0|
    |FIR_COEFFS_addr_4_reg_17781   |   9|   0|    9|          0|
    |FIR_COEFFS_addr_5_reg_17786   |   9|   0|    9|          0|
    |FIR_COEFFS_addr_6_reg_17791   |   9|   0|    9|          0|
    |FIR_COEFFS_addr_7_reg_17796   |   9|   0|    9|          0|
    |FIR_COEFFS_addr_8_reg_17801   |   9|   0|    9|          0|
    |FIR_COEFFS_addr_9_reg_17806   |   9|   0|    9|          0|
    |FIR_COEFFS_addr_reg_17761     |   9|   0|    9|          0|
    |FIR_COEFFS_load_13_reg_17937  |  32|   0|   32|          0|
    |FIR_COEFFS_load_14_reg_17942  |  32|   0|   32|          0|
    |FIR_COEFFS_load_15_reg_17957  |  32|   0|   32|          0|
    |FIR_COEFFS_load_16_reg_17962  |  32|   0|   32|          0|
    |FIR_COEFFS_load_17_reg_17967  |  32|   0|   32|          0|
    |FIR_COEFFS_load_18_reg_17972  |  32|   0|   32|          0|
    |FIR_COEFFS_load_19_reg_17977  |  32|   0|   32|          0|
    |a_reg_18145                   |  32|   0|   32|          0|
    |acc_reg_15082                 |  32|   0|   32|          0|
    |add_ln130_reg_17574           |  32|   0|   32|          0|
    |add_ln137_reg_17585           |   7|   0|    7|          0|
    |add_ln144_reg_17755           |   3|   0|    3|          0|
    |add_ln188_reg_18107           |   3|   0|    3|          0|
    |and_ln93_reg_18140            |   1|   0|    1|          0|
    |ap_CS_fsm                     |  89|   0|   89|          0|
    |b_reg_15071                   |   3|   0|    3|          0|
    |f_10_reg_17645                |  32|   0|   32|          0|
    |f_11_reg_17650                |  32|   0|   32|          0|
    |f_12_reg_17655                |  32|   0|   32|          0|
    |f_13_reg_17660                |  32|   0|   32|          0|
    |f_14_reg_17665                |  32|   0|   32|          0|
    |f_15_reg_17670                |  32|   0|   32|          0|
    |f_16_reg_17675                |  32|   0|   32|          0|
    |f_17_reg_17680                |  32|   0|   32|          0|
    |f_18_reg_17685                |  32|   0|   32|          0|
    |f_19_reg_17690                |  32|   0|   32|          0|
    |f_1_reg_17595                 |  32|   0|   32|          0|
    |f_20_reg_17695                |  32|   0|   32|          0|
    |f_21_reg_17700                |  32|   0|   32|          0|
    |f_22_reg_17705                |  32|   0|   32|          0|
    |f_23_reg_17710                |  32|   0|   32|          0|
    |f_24_reg_17715                |  32|   0|   32|          0|
    |f_25_reg_17720                |  32|   0|   32|          0|
    |f_26_reg_17725                |  32|   0|   32|          0|
    |f_27_reg_17730                |  32|   0|   32|          0|
    |f_28_reg_17735                |  32|   0|   32|          0|
    |f_29_reg_17740                |  32|   0|   32|          0|
    |f_2_reg_17625                 |  32|   0|   32|          0|
    |f_30_reg_17745                |  32|   0|   32|          0|
    |f_31_reg_17750                |  32|   0|   32|          0|
    |f_32_reg_2312                 |  32|   0|   32|          0|
    |f_33_reg_2300                 |  32|   0|   32|          0|
    |f_34_reg_2288                 |  32|   0|   32|          0|
    |f_35_reg_2276                 |  32|   0|   32|          0|
    |f_36_reg_2264                 |  32|   0|   32|          0|
    |f_37_reg_17620                |  32|   0|   32|          0|
    |f_38_reg_2252                 |  32|   0|   32|          0|
    |f_39_reg_2240                 |  32|   0|   32|          0|
    |f_3_reg_17600                 |  32|   0|   32|          0|
    |f_40_reg_2228                 |  32|   0|   32|          0|
    |f_41_reg_2216                 |  32|   0|   32|          0|
    |f_42_reg_2204                 |  32|   0|   32|          0|
    |f_43_reg_2192                 |  32|   0|   32|          0|
    |f_44_reg_2180                 |  32|   0|   32|          0|
    |f_45_reg_2168                 |  32|   0|   32|          0|
    |f_46_reg_2156                 |  32|   0|   32|          0|
    |f_47_reg_2144                 |  32|   0|   32|          0|
    |f_48_reg_2132                 |  32|   0|   32|          0|
    |f_49_reg_2120                 |  32|   0|   32|          0|
    |f_4_reg_17630                 |  32|   0|   32|          0|
    |f_50_reg_2108                 |  32|   0|   32|          0|
    |f_51_reg_2096                 |  32|   0|   32|          0|
    |f_52_reg_2084                 |  32|   0|   32|          0|
    |f_53_reg_2072                 |  32|   0|   32|          0|
    |f_54_reg_2060                 |  32|   0|   32|          0|
    |f_55_reg_2048                 |  32|   0|   32|          0|
    |f_56_reg_2036                 |  32|   0|   32|          0|
    |f_57_reg_2024                 |  32|   0|   32|          0|
    |f_58_reg_2012                 |  32|   0|   32|          0|
    |f_59_reg_2000                 |  32|   0|   32|          0|
    |f_5_reg_17605                 |  32|   0|   32|          0|
    |f_60_reg_1988                 |  32|   0|   32|          0|
    |f_61_reg_1976                 |  32|   0|   32|          0|
    |f_62_reg_1964                 |  32|   0|   32|          0|
    |f_63_reg_1952                 |  32|   0|   32|          0|
    |f_64_reg_1940                 |  32|   0|   32|          0|
    |f_6_reg_17635                 |  32|   0|   32|          0|
    |f_7_reg_17610                 |  32|   0|   32|          0|
    |f_8_reg_17640                 |  32|   0|   32|          0|
    |f_9_reg_17615                 |  32|   0|   32|          0|
    |hist_0_2_reg_1547             |  32|   0|   32|          0|
    |hist_0_reg_17568              |  32|   0|   32|          0|
    |hist_10_2_reg_1447            |  32|   0|   32|          0|
    |hist_10_4_reg_13081           |  32|   0|   32|          0|
    |hist_11_2_reg_1437            |  32|   0|   32|          0|
    |hist_11_4_reg_12882           |  32|   0|   32|          0|
    |hist_12_2_reg_1427            |  32|   0|   32|          0|
    |hist_12_4_reg_12683           |  32|   0|   32|          0|
    |hist_13_2_reg_1417            |  32|   0|   32|          0|
    |hist_13_4_reg_12484           |  32|   0|   32|          0|
    |hist_14_2_reg_1407            |  32|   0|   32|          0|
    |hist_14_4_reg_12285           |  32|   0|   32|          0|
    |hist_15_2_reg_1397            |  32|   0|   32|          0|
    |hist_15_4_reg_12086           |  32|   0|   32|          0|
    |hist_16_2_reg_1387            |  32|   0|   32|          0|
    |hist_16_4_reg_11887           |  32|   0|   32|          0|
    |hist_17_2_reg_1377            |  32|   0|   32|          0|
    |hist_17_4_reg_11688           |  32|   0|   32|          0|
    |hist_18_2_reg_1367            |  32|   0|   32|          0|
    |hist_18_4_reg_11489           |  32|   0|   32|          0|
    |hist_19_2_reg_1357            |  32|   0|   32|          0|
    |hist_19_4_reg_11290           |  32|   0|   32|          0|
    |hist_1_2_reg_1537             |  32|   0|   32|          0|
    |hist_1_4_reg_14872            |  32|   0|   32|          0|
    |hist_1_reg_2336               |  32|   0|   32|          0|
    |hist_20_2_reg_1347            |  32|   0|   32|          0|
    |hist_20_4_reg_11091           |  32|   0|   32|          0|
    |hist_21_2_reg_1337            |  32|   0|   32|          0|
    |hist_21_4_reg_10892           |  32|   0|   32|          0|
    |hist_22_2_reg_1327            |  32|   0|   32|          0|
    |hist_22_4_reg_10693           |  32|   0|   32|          0|
    |hist_23_2_reg_1317            |  32|   0|   32|          0|
    |hist_23_4_reg_10494           |  32|   0|   32|          0|
    |hist_24_2_reg_1307            |  32|   0|   32|          0|
    |hist_24_4_reg_10295           |  32|   0|   32|          0|
    |hist_25_2_reg_1297            |  32|   0|   32|          0|
    |hist_25_4_reg_10096           |  32|   0|   32|          0|
    |hist_26_2_reg_1287            |  32|   0|   32|          0|
    |hist_26_4_reg_9897            |  32|   0|   32|          0|
    |hist_27_2_reg_1277            |  32|   0|   32|          0|
    |hist_27_4_reg_9698            |  32|   0|   32|          0|
    |hist_28_2_reg_1267            |  32|   0|   32|          0|
    |hist_28_4_reg_9499            |  32|   0|   32|          0|
    |hist_29_2_reg_1257            |  32|   0|   32|          0|
    |hist_29_4_reg_9300            |  32|   0|   32|          0|
    |hist_2_2_reg_1527             |  32|   0|   32|          0|
    |hist_2_4_reg_14673            |  32|   0|   32|          0|
    |hist_30_2_reg_1247            |  32|   0|   32|          0|
    |hist_30_4_reg_9101            |  32|   0|   32|          0|
    |hist_31_2_reg_1237            |  32|   0|   32|          0|
    |hist_31_4_reg_8902            |  32|   0|   32|          0|
    |hist_32_2_reg_1227            |  32|   0|   32|          0|
    |hist_32_4_reg_8703            |  32|   0|   32|          0|
    |hist_33_2_reg_1217            |  32|   0|   32|          0|
    |hist_33_3_reg_1928            |  32|   0|   32|          0|
    |hist_33_4_reg_8504            |  32|   0|   32|          0|
    |hist_34_2_reg_1207            |  32|   0|   32|          0|
    |hist_34_3_reg_1916            |  32|   0|   32|          0|
    |hist_34_4_reg_8305            |  32|   0|   32|          0|
    |hist_35_2_reg_1197            |  32|   0|   32|          0|
    |hist_35_3_reg_1904            |  32|   0|   32|          0|
    |hist_35_4_reg_8106            |  32|   0|   32|          0|
    |hist_36_2_reg_1187            |  32|   0|   32|          0|
    |hist_36_3_reg_1892            |  32|   0|   32|          0|
    |hist_36_4_reg_7907            |  32|   0|   32|          0|
    |hist_37_2_reg_1177            |  32|   0|   32|          0|
    |hist_37_3_reg_1880            |  32|   0|   32|          0|
    |hist_37_4_reg_7708            |  32|   0|   32|          0|
    |hist_38_2_reg_1167            |  32|   0|   32|          0|
    |hist_38_3_reg_1868            |  32|   0|   32|          0|
    |hist_38_4_reg_7509            |  32|   0|   32|          0|
    |hist_39_2_reg_1157            |  32|   0|   32|          0|
    |hist_39_3_reg_1856            |  32|   0|   32|          0|
    |hist_39_4_reg_7310            |  32|   0|   32|          0|
    |hist_3_2_reg_1517             |  32|   0|   32|          0|
    |hist_3_4_reg_14474            |  32|   0|   32|          0|
    |hist_40_2_reg_1147            |  32|   0|   32|          0|
    |hist_40_3_reg_1844            |  32|   0|   32|          0|
    |hist_40_4_reg_7111            |  32|   0|   32|          0|
    |hist_41_2_reg_1137            |  32|   0|   32|          0|
    |hist_41_3_reg_1832            |  32|   0|   32|          0|
    |hist_41_4_reg_6912            |  32|   0|   32|          0|
    |hist_42_2_reg_1127            |  32|   0|   32|          0|
    |hist_42_3_reg_1820            |  32|   0|   32|          0|
    |hist_42_4_reg_6713            |  32|   0|   32|          0|
    |hist_43_2_reg_1117            |  32|   0|   32|          0|
    |hist_43_3_reg_1808            |  32|   0|   32|          0|
    |hist_43_4_reg_6514            |  32|   0|   32|          0|
    |hist_44_2_reg_1107            |  32|   0|   32|          0|
    |hist_44_3_reg_1796            |  32|   0|   32|          0|
    |hist_44_4_reg_6315            |  32|   0|   32|          0|
    |hist_45_2_reg_1097            |  32|   0|   32|          0|
    |hist_45_3_reg_1784            |  32|   0|   32|          0|
    |hist_45_4_reg_6116            |  32|   0|   32|          0|
    |hist_46_2_reg_1087            |  32|   0|   32|          0|
    |hist_46_3_reg_1772            |  32|   0|   32|          0|
    |hist_46_4_reg_5917            |  32|   0|   32|          0|
    |hist_47_2_reg_1077            |  32|   0|   32|          0|
    |hist_47_3_reg_1760            |  32|   0|   32|          0|
    |hist_47_4_reg_5718            |  32|   0|   32|          0|
    |hist_48_2_reg_1067            |  32|   0|   32|          0|
    |hist_48_3_reg_1748            |  32|   0|   32|          0|
    |hist_48_4_reg_5519            |  32|   0|   32|          0|
    |hist_49_2_reg_1057            |  32|   0|   32|          0|
    |hist_49_3_reg_1736            |  32|   0|   32|          0|
    |hist_49_4_reg_5320            |  32|   0|   32|          0|
    |hist_4_2_reg_1507             |  32|   0|   32|          0|
    |hist_4_4_reg_14275            |  32|   0|   32|          0|
    |hist_50_2_reg_1047            |  32|   0|   32|          0|
    |hist_50_3_reg_1724            |  32|   0|   32|          0|
    |hist_50_4_reg_5121            |  32|   0|   32|          0|
    |hist_51_2_reg_1037            |  32|   0|   32|          0|
    |hist_51_3_reg_1712            |  32|   0|   32|          0|
    |hist_51_4_reg_4922            |  32|   0|   32|          0|
    |hist_52_2_reg_1027            |  32|   0|   32|          0|
    |hist_52_3_reg_1700            |  32|   0|   32|          0|
    |hist_52_4_reg_4723            |  32|   0|   32|          0|
    |hist_53_2_reg_1017            |  32|   0|   32|          0|
    |hist_53_3_reg_1688            |  32|   0|   32|          0|
    |hist_53_4_reg_4524            |  32|   0|   32|          0|
    |hist_54_2_reg_1007            |  32|   0|   32|          0|
    |hist_54_3_reg_1676            |  32|   0|   32|          0|
    |hist_54_4_reg_4325            |  32|   0|   32|          0|
    |hist_55_2_reg_997             |  32|   0|   32|          0|
    |hist_55_3_reg_1664            |  32|   0|   32|          0|
    |hist_55_4_reg_4126            |  32|   0|   32|          0|
    |hist_56_2_reg_987             |  32|   0|   32|          0|
    |hist_56_3_reg_1652            |  32|   0|   32|          0|
    |hist_56_4_reg_3927            |  32|   0|   32|          0|
    |hist_57_2_reg_977             |  32|   0|   32|          0|
    |hist_57_3_reg_1640            |  32|   0|   32|          0|
    |hist_57_4_reg_3728            |  32|   0|   32|          0|
    |hist_58_2_reg_967             |  32|   0|   32|          0|
    |hist_58_3_reg_1628            |  32|   0|   32|          0|
    |hist_58_4_reg_3529            |  32|   0|   32|          0|
    |hist_59_2_reg_957             |  32|   0|   32|          0|
    |hist_59_3_reg_1616            |  32|   0|   32|          0|
    |hist_59_4_reg_3330            |  32|   0|   32|          0|
    |hist_5_2_reg_1497             |  32|   0|   32|          0|
    |hist_5_4_reg_14076            |  32|   0|   32|          0|
    |hist_60_2_reg_947             |  32|   0|   32|          0|
    |hist_60_3_reg_1604            |  32|   0|   32|          0|
    |hist_60_4_reg_3131            |  32|   0|   32|          0|
    |hist_61_2_reg_937             |  32|   0|   32|          0|
    |hist_61_3_reg_1592            |  32|   0|   32|          0|
    |hist_61_4_reg_2932            |  32|   0|   32|          0|
    |hist_62_2_reg_927             |  32|   0|   32|          0|
    |hist_62_3_reg_1580            |  32|   0|   32|          0|
    |hist_62_4_reg_2733            |  32|   0|   32|          0|
    |hist_63_2_reg_917             |  32|   0|   32|          0|
    |hist_63_3_reg_1568            |  32|   0|   32|          0|
    |hist_63_4_reg_2534            |  32|   0|   32|          0|
    |hist_64_fu_572                |  32|   0|   32|          0|
    |hist_6_2_reg_1487             |  32|   0|   32|          0|
    |hist_6_4_reg_13877            |  32|   0|   32|          0|
    |hist_7_2_reg_1477             |  32|   0|   32|          0|
    |hist_7_4_reg_13678            |  32|   0|   32|          0|
    |hist_8_2_reg_1467             |  32|   0|   32|          0|
    |hist_8_4_reg_13479            |  32|   0|   32|          0|
    |hist_9_2_reg_1457             |  32|   0|   32|          0|
    |hist_9_4_reg_13280            |  32|   0|   32|          0|
    |icmp_ln189_reg_18120          |   1|   0|    1|          0|
    |icmp_ln192_reg_18125          |   1|   0|    1|          0|
    |icmp_ln94_1_reg_18157         |   1|   0|    1|          0|
    |icmp_ln94_reg_18152           |   1|   0|    1|          0|
    |k_1_reg_2324                  |   7|   0|    7|          0|
    |k_reg_906                     |   7|   0|    7|          0|
    |mul_10_reg_18022              |  32|   0|   32|          0|
    |mul_11_reg_18027              |  32|   0|   32|          0|
    |mul_12_reg_18032              |  32|   0|   32|          0|
    |mul_13_reg_18037              |  32|   0|   32|          0|
    |mul_14_reg_18042              |  32|   0|   32|          0|
    |mul_15_reg_18047              |  32|   0|   32|          0|
    |mul_16_reg_18052              |  32|   0|   32|          0|
    |mul_17_reg_18057              |  32|   0|   32|          0|
    |mul_18_reg_18062              |  32|   0|   32|          0|
    |mul_19_reg_18067              |  32|   0|   32|          0|
    |mul_20_reg_18072              |  32|   0|   32|          0|
    |mul_21_reg_18077              |  32|   0|   32|          0|
    |mul_22_reg_18082              |  32|   0|   32|          0|
    |mul_23_reg_18087              |  32|   0|   32|          0|
    |mul_29_reg_18092              |  32|   0|   32|          0|
    |mul_30_reg_18097              |  32|   0|   32|          0|
    |mul_31_reg_18102              |  32|   0|   32|          0|
    |mul_5_reg_17992               |  32|   0|   32|          0|
    |mul_6_reg_17997               |  32|   0|   32|          0|
    |mul_7_reg_18002               |  32|   0|   32|          0|
    |mul_8_reg_18007               |  32|   0|   32|          0|
    |mul_9_reg_18012               |  32|   0|   32|          0|
    |mul_s_reg_18017               |  32|   0|   32|          0|
    |n_reg_1557                    |  32|   0|   32|          0|
    |p_1_reg_15104                 |   3|   0|    3|          0|
    |p_reg_15093                   |   3|   0|    3|          0|
    |reg_15539                     |  32|   0|   32|          0|
    |reg_15544                     |  32|   0|   32|          0|
    |reg_15549                     |  32|   0|   32|          0|
    |reg_15554                     |  32|   0|   32|          0|
    |reg_15559                     |  32|   0|   32|          0|
    |reg_15564                     |  32|   0|   32|          0|
    |reg_15569                     |  32|   0|   32|          0|
    |reg_15574                     |  32|   0|   32|          0|
    |reg_15579                     |  32|   0|   32|          0|
    |reg_15584                     |  32|   0|   32|          0|
    |reg_15589                     |  32|   0|   32|          0|
    |reg_15595                     |  32|   0|   32|          0|
    |reg_15601                     |  32|   0|   32|          0|
    |reg_15608                     |  32|   0|   32|          0|
    |reg_15614                     |  32|   0|   32|          0|
    |reg_15619                     |  32|   0|   32|          0|
    |reg_15624                     |  32|   0|   32|          0|
    |reg_15630                     |  32|   0|   32|          0|
    |reg_15635                     |  32|   0|   32|          0|
    |reg_15640                     |  32|   0|   32|          0|
    |reg_15648                     |  32|   0|   32|          0|
    |reg_15654                     |  32|   0|   32|          0|
    |reg_15660                     |  32|   0|   32|          0|
    |reg_15666                     |  32|   0|   32|          0|
    |select_ln94_reg_18172         |  32|   0|   32|          0|
    |tmp_1_reg_18135               |   1|   0|    1|          0|
    |tmp_3_reg_18162               |   1|   0|    1|          0|
    |y_load_1_reg_17947            |  32|   0|   32|          0|
    |y_load_2_reg_17952            |  32|   0|   32|          0|
    |y_load_3_reg_17982            |  32|   0|   32|          0|
    |y_load_4_reg_17987            |  32|   0|   32|          0|
    |ys_reg_15115                  |  32|   0|   32|          0|
    +------------------------------+----+----+-----+-----------+
    |Total                         |9677|   0| 9677|          0|
    +------------------------------+----+----+-----+-----------+



================================================================
== Interface
================================================================
* Summary: 
+--------------+-----+-----+------------+---------------+--------------+
|   RTL Ports  | Dir | Bits|  Protocol  | Source Object |    C Type    |
+--------------+-----+-----+------------+---------------+--------------+
|ap_clk        |   in|    1|  ap_ctrl_hs|  fir_multiband|  return value|
|ap_rst        |   in|    1|  ap_ctrl_hs|  fir_multiband|  return value|
|ap_start      |   in|    1|  ap_ctrl_hs|  fir_multiband|  return value|
|ap_done       |  out|    1|  ap_ctrl_hs|  fir_multiband|  return value|
|ap_idle       |  out|    1|  ap_ctrl_hs|  fir_multiband|  return value|
|ap_ready      |  out|    1|  ap_ctrl_hs|  fir_multiband|  return value|
|in_r          |   in|   32|     ap_none|           in_r|       pointer|
|out_r         |  out|   32|      ap_vld|          out_r|       pointer|
|out_r_ap_vld  |  out|    1|      ap_vld|          out_r|       pointer|
|length_r      |   in|   32|     ap_none|       length_r|        scalar|
+--------------+-----+-----+------------+---------------+--------------+

