

================================================================
== Synthesis Summary Report of 'fir_multiband'
================================================================
+ General Information: 
    * Date:           Tue Sep 29 16:48:09 2026
    * Version:        2020.2 (Build 3064766 on Wed Nov 18 09:12:45 MST 2020)
    * Project:        synth_proj
    * Solution:       solution1 (Vivado IP Flow Target)
    * Product family: zynq
    * Target device:  xc7z020-clg400-1
    

+ Performance & Resource Estimates: 
    
    PS: '+' for module; 'o' for loop; '*' for dataflow
    +-----------------------+--------+-------+---------+-----------+----------+---------+------+----------+--------+----------+-----------+------------+-----+
    |        Modules        |  Issue |       | Latency |  Latency  | Iteration|         | Trip |          |        |          |           |            |     |
    |        & Loops        |  Type  | Slack | (cycles)|    (ns)   |  Latency | Interval| Count| Pipelined|  BRAM  |    DSP   |     FF    |     LUT    | URAM|
    +-----------------------+--------+-------+---------+-----------+----------+---------+------+----------+--------+----------+-----------+------------+-----+
    |+ fir_multiband        |  Timing|   1.20|        -|          -|         -|        -|     -|        no|  8 (2%)|  25 (11%)|  8032 (7%)|  8609 (16%)|    -|
    | o VITIS_LOOP_117_1    |       -|  -7.30|       65|    650.000|         1|        1|    65|       yes|       -|         -|          -|           -|    -|
    | o VITIS_LOOP_121_2    |       -|  -7.30|        -|          -|      1247|        -|     -|        no|       -|         -|          -|           -|    -|
    |  o VITIS_LOOP_128_3   |       -|  -7.30|      768|  7.680e+03|        12|        -|    64|        no|       -|         -|          -|           -|    -|
    |  o VITIS_LOOP_135_4   |       -|  -7.30|      464|  4.640e+03|       116|        -|     4|        no|       -|         -|          -|           -|    -|
    |   o VITIS_LOOP_139_5  |       -|  -7.30|        5|     50.000|         1|        -|     5|        no|       -|         -|          -|           -|    -|
    |   o VITIS_LOOP_179_7  |       -|  -7.30|       40|    400.000|         8|        -|     5|        no|       -|         -|          -|           -|    -|
    +-----------------------+--------+-------+---------+-----------+----------+---------+------+----------+--------+----------+-----------+------------+-----+

