

================================================================
== Vitis HLS Report for 'fir_multiband'
================================================================
* Date:           Tue Sep 29 16:48:08 2026

* Version:        2020.2 (Build 3064766 on Wed Nov 18 09:12:45 MST 2020)
* Project:        synth_proj
* Solution:       solution1 (Vivado IP Flow Target)
* Product family: zynq
* Target device:  xc7z020-clg400-1


================================================================
== Performance Estimates
================================================================
+ Timing: 
    * Summary: 
    +--------+----------+----------+------------+
    |  Clock |  Target  | Estimated| Uncertainty|
    +--------+----------+----------+------------+
    |ap_clk  |  10.00 ns|  8.495 ns|     2.70 ns|
    +--------+----------+----------+------------+

+ Latency: 
    * Summary: 
    +---------+---------+----------+----------+-----+-----+---------+
    |  Latency (cycles) |  Latency (absolute) |  Interval | Pipeline|
    |   min   |   max   |    min   |    max   | min | max |   Type  |
    +---------+---------+----------+----------+-----+-----+---------+
    |        ?|        ?|         ?|         ?|    ?|    ?|     none|
    +---------+---------+----------+----------+-----+-----+---------+

    + Detail: 
        * Instance: 
        N/A

        * Loop: 
        +-----------------------+---------+---------+----------+-----------+-----------+------+----------+
        |                       |  Latency (cycles) | Iteration|  Initiation Interval  | Trip |          |
        |       Loop Name       |   min   |   max   |  Latency |  achieved |   target  | Count| Pipelined|
        +-----------------------+---------+---------+----------+-----------+-----------+------+----------+
        |- VITIS_LOOP_117_1     |       65|       65|         1|          1|          1|    65|       yes|
        |- VITIS_LOOP_121_2     |        ?|        ?|      1247|          -|          -|     ?|        no|
        | + VITIS_LOOP_128_3    |      768|      768|        12|          -|          -|    64|        no|
        | + VITIS_LOOP_135_4    |      464|      464|       116|          -|          -|     4|        no|
        |  ++ VITIS_LOOP_139_5  |        5|        5|         1|          -|          -|     5|        no|
        |  ++ VITIS_LOOP_179_7  |       40|       40|         8|          -|          -|     5|        no|
        +-----------------------+---------+---------+----------+-----------+-----------+------+----------+



================================================================
== Utilization Estimates
================================================================
* Summary: 
+-----------------+---------+-----+--------+-------+-----+
|       Name      | BRAM_18K| DSP |   FF   |  LUT  | URAM|
+-----------------+---------+-----+--------+-------+-----+
|DSP              |        -|    -|       -|      -|    -|
|Expression       |        -|    -|       0|    893|    -|
|FIFO             |        -|    -|       -|      -|    -|
|Instance         |        -|   25|    2458|   5152|    -|
|Memory           |        8|    -|     384|     38|    -|
|Multiplexer      |        -|    -|       -|   2526|    -|
|Register         |        -|    -|    5190|      -|    -|
+-----------------+---------+-----+--------+-------+-----+
|Total            |        8|   25|    8032|   8609|    0|
+-----------------+---------+-----+--------+-------+-----+
|Available        |      280|  220|  106400|  53200|    0|
+-----------------+---------+-----+--------+-------+-----+
|Utilization (%)  |        2|   11|       7|     16|    0|
+-----------------+---------+-----+--------+-------+-----+

+ Detail: 
    * Instance: 
    +--------------------------------------+----------------------------------+---------+----+-----+-----+-----+
    |               Instance               |              Module              | BRAM_18K| DSP|  FF | LUT | URAM|
    +--------------------------------------+----------------------------------+---------+----+-----+-----+-----+
    |facc_32ns_32ns_1ns_32_6_no_dsp_1_U16  |facc_32ns_32ns_1ns_32_6_no_dsp_1  |        0|   0|  312|  721|    0|
    |facc_32ns_32ns_1ns_32_6_no_dsp_1_U17  |facc_32ns_32ns_1ns_32_6_no_dsp_1  |        0|   0|  312|  721|    0|
    |fadd_32ns_32ns_32_5_full_dsp_1_U6     |fadd_32ns_32ns_32_5_full_dsp_1    |        0|   2|  205|  390|    0|
    |fadd_32ns_32ns_32_5_full_dsp_1_U7     |fadd_32ns_32ns_32_5_full_dsp_1    |        0|   2|  205|  390|    0|
    |fadd_32ns_32ns_32_5_full_dsp_1_U8     |fadd_32ns_32ns_32_5_full_dsp_1    |        0|   2|  205|  390|    0|
    |fadd_32ns_32ns_32_5_full_dsp_1_U9     |fadd_32ns_32ns_32_5_full_dsp_1    |        0|   2|  205|  390|    0|
    |fadd_32ns_32ns_32_5_full_dsp_1_U10    |fadd_32ns_32ns_32_5_full_dsp_1    |        0|   2|  205|  390|    0|
    |fcmp_32ns_32ns_1_2_no_dsp_1_U11       |fcmp_32ns_32ns_1_2_no_dsp_1       |        0|   0|    0|    0|    0|
    |fmul_32ns_32ns_32_4_max_dsp_1_U1      |fmul_32ns_32ns_32_4_max_dsp_1     |        0|   3|  143|  321|    0|
    |fmul_32ns_32ns_32_4_max_dsp_1_U2      |fmul_32ns_32ns_32_4_max_dsp_1     |        0|   3|  143|  321|    0|
    |fmul_32ns_32ns_32_4_max_dsp_1_U3      |fmul_32ns_32ns_32_4_max_dsp_1     |        0|   3|  143|  321|    0|
    |fmul_32ns_32ns_32_4_max_dsp_1_U4      |fmul_32ns_32ns_32_4_max_dsp_1     |        0|   3|  143|  321|    0|
    |fmul_32ns_32ns_32_4_max_dsp_1_U5      |fmul_32ns_32ns_32_4_max_dsp_1     |        0|   3|  143|  321|    0|
    |mul_6ns_8ns_13_1_1_U13                |mul_6ns_8ns_13_1_1                |        0|   0|    0|   41|    0|
    |mul_7ns_9ns_15_1_1_U14                |mul_7ns_9ns_15_1_1                |        0|   0|    0|   51|    0|
    |mux_564_32_1_1_U15                    |mux_564_32_1_1                    |        0|   0|    0|   25|    0|
    |urem_7ns_4ns_7_11_seq_1_U12           |urem_7ns_4ns_7_11_seq_1           |        0|   0|   94|   38|    0|
    +--------------------------------------+----------------------------------+---------+----+-----+-----+-----+
    |Total                                 |                                  |        0|  25| 2458| 5152|    0|
    +--------------------------------------+----------------------------------+---------+----+-----+-----+-----+

    * DSP: 
    N/A

    * Memory: 
    +--------------+------------+---------+----+----+-----+------+-----+------+-------------+
    |    Memory    |   Module   | BRAM_18K| FF | LUT| URAM| Words| Bits| Banks| W*Bits*Banks|
    +--------------+------------+---------+----+----+-----+------+-----+------+-------------+
    |FIR_COEFFS_U  |FIR_COEFFS  |        8|   0|   0|    0|   260|   32|     1|         8320|
    |hist_0_U      |hist_0      |        0|  64|   7|    0|    13|   32|     1|          416|
    |hist_1_U      |hist_1      |        0|  64|   7|    0|    13|   32|     1|          416|
    |hist_2_U      |hist_1      |        0|  64|   7|    0|    13|   32|     1|          416|
    |hist_3_U      |hist_1      |        0|  64|   7|    0|    13|   32|     1|          416|
    |hist_4_U      |hist_1      |        0|  64|   7|    0|    13|   32|     1|          416|
    |y_U           |y           |        0|  64|   3|    0|     5|   32|     1|          160|
    +--------------+------------+---------+----+----+-----+------+-----+------+-------------+
    |Total         |            |        8| 384|  38|    0|   330|  224|     7|        10560|
    +--------------+------------+---------+----+----+-----+------+-----+------+-------------+

    * FIFO: 
    N/A

    * Expression: 
    +-------------------------+----------+----+---+----+------------+------------+
    |      Variable Name      | Operation| DSP| FF| LUT| Bitwidth P0| Bitwidth P1|
    +-------------------------+----------+----+---+----+------------+------------+
    |add_ln117_fu_1757_p2     |         +|   0|  0|  14|           7|           1|
    |add_ln118_fu_1773_p2     |         +|   0|  0|  17|          14|           8|
    |add_ln121_fu_1822_p2     |         +|   0|  0|  39|          32|           1|
    |add_ln128_fu_1839_p2     |         +|   0|  0|  14|           7|           2|
    |add_ln129_fu_1855_p2     |         +|   0|  0|  14|           6|           2|
    |add_ln135_fu_1945_p2     |         +|   0|  0|  11|           3|           1|
    |add_ln139_fu_2337_p2     |         +|   0|  0|  11|           3|           1|
    |add_ln159_10_fu_2073_p2  |         +|   0|  0|  14|           9|           4|
    |add_ln159_11_fu_2084_p2  |         +|   0|  0|  14|           9|           4|
    |add_ln159_12_fu_2095_p2  |         +|   0|  0|  14|           9|           4|
    |add_ln159_13_fu_2106_p2  |         +|   0|  0|  14|           9|           4|
    |add_ln159_14_fu_2117_p2  |         +|   0|  0|  14|           9|           4|
    |add_ln159_15_fu_2128_p2  |         +|   0|  0|  14|           9|           4|
    |add_ln159_16_fu_2139_p2  |         +|   0|  0|  14|           9|           5|
    |add_ln159_17_fu_2150_p2  |         +|   0|  0|  14|           9|           5|
    |add_ln159_18_fu_2161_p2  |         +|   0|  0|  14|           9|           5|
    |add_ln159_19_fu_2172_p2  |         +|   0|  0|  14|           9|           5|
    |add_ln159_1_fu_1974_p2   |         +|   0|  0|  14|           9|           1|
    |add_ln159_20_fu_2183_p2  |         +|   0|  0|  14|           9|           5|
    |add_ln159_21_fu_2194_p2  |         +|   0|  0|  14|           9|           5|
    |add_ln159_22_fu_2205_p2  |         +|   0|  0|  14|           9|           5|
    |add_ln159_23_fu_2216_p2  |         +|   0|  0|  14|           9|           5|
    |add_ln159_24_fu_2227_p2  |         +|   0|  0|  14|           9|           5|
    |add_ln159_25_fu_2238_p2  |         +|   0|  0|  14|           9|           5|
    |add_ln159_26_fu_2249_p2  |         +|   0|  0|  14|           9|           5|
    |add_ln159_27_fu_2260_p2  |         +|   0|  0|  14|           9|           5|
    |add_ln159_28_fu_2271_p2  |         +|   0|  0|  14|           9|           5|
    |add_ln159_29_fu_2282_p2  |         +|   0|  0|  14|           9|           5|
    |add_ln159_2_fu_1985_p2   |         +|   0|  0|  14|           9|           2|
    |add_ln159_30_fu_2293_p2  |         +|   0|  0|  14|           9|           5|
    |add_ln159_31_fu_2304_p2  |         +|   0|  0|  14|           9|           5|
    |add_ln159_32_fu_2315_p2  |         +|   0|  0|  14|           9|           6|
    |add_ln159_3_fu_1996_p2   |         +|   0|  0|  14|           9|           2|
    |add_ln159_4_fu_2007_p2   |         +|   0|  0|  14|           9|           3|
    |add_ln159_5_fu_2018_p2   |         +|   0|  0|  14|           9|           3|
    |add_ln159_6_fu_2029_p2   |         +|   0|  0|  14|           9|           3|
    |add_ln159_7_fu_2040_p2   |         +|   0|  0|  14|           9|           3|
    |add_ln159_8_fu_2051_p2   |         +|   0|  0|  14|           9|           4|
    |add_ln159_9_fu_2062_p2   |         +|   0|  0|  14|           9|           4|
    |add_ln159_fu_1963_p2     |         +|   0|  0|  14|           9|           9|
    |add_ln179_fu_2354_p2     |         +|   0|  0|  11|           3|           1|
    |next_urem_fu_1798_p2     |         +|   0|  0|  14|           7|           1|
    |and_ln93_fu_2425_p2      |       and|   0|  0|   2|           1|           1|
    |and_ln94_fu_2489_p2      |       and|   0|  0|   2|           1|           1|
    |empty_20_fu_1804_p2      |      icmp|   0|  0|  10|           7|           3|
    |icmp_ln117_fu_1763_p2    |      icmp|   0|  0|  10|           7|           7|
    |icmp_ln121_fu_1828_p2    |      icmp|   0|  0|  18|          32|          32|
    |icmp_ln128_fu_1833_p2    |      icmp|   0|  0|  10|           7|           1|
    |icmp_ln135_fu_2326_p2    |      icmp|   0|  0|   9|           3|           4|
    |icmp_ln139_fu_2348_p2    |      icmp|   0|  0|   8|           3|           3|
    |icmp_ln179_fu_2365_p2    |      icmp|   0|  0|   8|           3|           3|
    |icmp_ln180_fu_2371_p2    |      icmp|   0|  0|   8|           3|           3|
    |icmp_ln183_fu_2377_p2    |      icmp|   0|  0|   9|           3|           4|
    |icmp_ln93_1_fu_2413_p2   |      icmp|   0|  0|  15|          23|           1|
    |icmp_ln93_fu_2407_p2     |      icmp|   0|  0|  11|           8|           2|
    |icmp_ln94_1_fu_2471_p2   |      icmp|   0|  0|  15|          23|           1|
    |icmp_ln94_fu_2465_p2     |      icmp|   0|  0|  11|           8|           2|
    |or_ln93_fu_2419_p2       |        or|   0|  0|   2|           1|           1|
    |or_ln94_fu_2485_p2       |        or|   0|  0|   2|           1|           1|
    |a_fu_2440_p3             |    select|   0|  0|  32|           1|          32|
    |idx_urem_fu_1810_p3      |    select|   0|  0|   7|           1|           7|
    |select_ln94_fu_2494_p3   |    select|   0|  0|  32|           1|          32|
    |sign_fu_2477_p3          |    select|   0|  0|  32|           1|          32|
    |xor_ln93_fu_2430_p2      |       xor|   0|  0|  33|          32|          33|
    +-------------------------+----------+----+---+----+------------+------------+
    |Total                    |          |   0|  0| 893|         549|         368|
    +-------------------------+----------+----+---+----+------------+------------+

    * Multiplexer: 
    +---------------------+-----+-----------+-----+-----------+
    |         Name        | LUT | Input Size| Bits| Total Bits|
    +---------------------+-----+-----------+-----+-----------+
    |FIR_COEFFS_address0  |   42|          8|    9|         72|
    |FIR_COEFFS_address1  |   42|          8|    9|         72|
    |FIR_COEFFS_address2  |   42|          8|    9|         72|
    |FIR_COEFFS_address3  |   37|          7|    9|         63|
    |FIR_COEFFS_address4  |   37|          7|    9|         63|
    |acc_reg_1264         |    9|          2|   32|         64|
    |ap_NS_fsm            |  531|        107|    1|        107|
    |b_reg_1253           |    9|          2|    3|          6|
    |grp_fu_1309_p0       |   42|          8|   32|        256|
    |grp_fu_1309_p1       |   31|          6|   32|        192|
    |grp_fu_1310_p0       |   42|          8|   32|        256|
    |grp_fu_1310_p1       |   25|          5|   32|        160|
    |grp_fu_1311_p0       |   42|          8|   32|        256|
    |grp_fu_1311_p1       |   31|          6|   32|        192|
    |grp_fu_1312_p0       |   42|          8|   32|        256|
    |grp_fu_1312_p1       |   25|          5|   32|        160|
    |grp_fu_1313_p0       |   42|          8|   32|        256|
    |grp_fu_1313_p1       |   31|          6|   32|        192|
    |grp_fu_1516_p0       |   59|         11|   32|        352|
    |grp_fu_1516_p1       |   65|         15|   32|        480|
    |grp_fu_1520_p0       |   48|          9|   32|        288|
    |grp_fu_1520_p1       |   65|         13|   32|        416|
    |grp_fu_1524_p0       |   42|          8|   32|        256|
    |grp_fu_1524_p1       |   65|         12|   32|        384|
    |grp_fu_1528_p0       |   42|          8|   32|        256|
    |grp_fu_1528_p1       |   59|         11|   32|        352|
    |grp_fu_1532_p0       |   42|          8|   32|        256|
    |grp_fu_1532_p1       |   59|         11|   32|        352|
    |grp_fu_1538_opcode   |   14|          3|    5|         15|
    |grp_fu_1538_p0       |   14|          3|   32|         96|
    |grp_fu_1538_p1       |   14|          3|   32|         96|
    |hist_0_address0      |   53|         10|    4|         40|
    |hist_0_address1      |   42|          8|    4|         32|
    |hist_0_d0            |   14|          3|   32|         96|
    |hist_1_address0      |   59|         11|    4|         44|
    |hist_1_address1      |   37|          7|    4|         28|
    |hist_1_d0            |   14|          3|   32|         96|
    |hist_2_address0      |   53|         10|    4|         40|
    |hist_2_address1      |   42|          8|    4|         32|
    |hist_2_d0            |   14|          3|   32|         96|
    |hist_3_address0      |   59|         11|    4|         44|
    |hist_3_address1      |   37|          7|    4|         28|
    |hist_3_d0            |   14|          3|   32|         96|
    |hist_4_address0      |   59|         11|    4|         44|
    |hist_4_address1      |   37|          7|    4|         28|
    |hist_4_d0            |   14|          3|   32|         96|
    |k_1_reg_1241         |    9|          2|    7|         14|
    |k_reg_1197           |    9|          2|    7|         14|
    |n_reg_1230           |    9|          2|   32|         64|
    |p_1_reg_1286         |    9|          2|    3|          6|
    |p_reg_1275           |    9|          2|    3|          6|
    |phi_mul_reg_1208     |    9|          2|   14|         28|
    |phi_urem_reg_1219    |    9|          2|    7|         14|
    |reg_1563             |    9|          2|   32|         64|
    |reg_1570             |    9|          2|   32|         64|
    |reg_1576             |    9|          2|   32|         64|
    |reg_1582             |    9|          2|   32|         64|
    |reg_1588             |    9|          2|   32|         64|
    |reg_1594             |    9|          2|   32|         64|
    |reg_1600             |    9|          2|   32|         64|
    |reg_1606             |    9|          2|   32|         64|
    |reg_1612             |    9|          2|   32|         64|
    |reg_1618             |    9|          2|   32|         64|
    |reg_1674             |    9|          2|   32|         64|
    |reg_1680             |    9|          2|   32|         64|
    |reg_1686             |    9|          2|   32|         64|
    |reg_1693             |    9|          2|   32|         64|
    |y_address0           |   25|          5|    3|         15|
    |y_address1           |   25|          5|    3|         15|
    |y_d0                 |   20|          4|   32|        128|
    |y_d1                 |   20|          4|   32|        128|
    |ys_reg_1297          |    9|          2|   32|         64|
    +---------------------+-----+-----------+-----+-----------+
    |Total                | 2526|        499| 1613|       8526|
    +---------------------+-----+-----------+-----+-----------+

    * Register: 
    +-----------------------------+-----+----+-----+-----------+
    |             Name            |  FF | LUT| Bits| Const Bits|
    +-----------------------------+-----+----+-----+-----------+
    |FIR_COEFFS_addr_10_reg_3352  |    9|   0|    9|          0|
    |FIR_COEFFS_addr_11_reg_3357  |    9|   0|    9|          0|
    |FIR_COEFFS_addr_12_reg_3362  |    9|   0|    9|          0|
    |FIR_COEFFS_addr_13_reg_3367  |    9|   0|    9|          0|
    |FIR_COEFFS_addr_14_reg_3372  |    9|   0|    9|          0|
    |FIR_COEFFS_addr_15_reg_3377  |    9|   0|    9|          0|
    |FIR_COEFFS_addr_16_reg_3382  |    9|   0|    9|          0|
    |FIR_COEFFS_addr_17_reg_3387  |    9|   0|    9|          0|
    |FIR_COEFFS_addr_18_reg_3392  |    9|   0|    9|          0|
    |FIR_COEFFS_addr_19_reg_3397  |    9|   0|    9|          0|
    |FIR_COEFFS_addr_1_reg_3307   |    9|   0|    9|          0|
    |FIR_COEFFS_addr_20_reg_3402  |    9|   0|    9|          0|
    |FIR_COEFFS_addr_21_reg_3407  |    9|   0|    9|          0|
    |FIR_COEFFS_addr_22_reg_3412  |    9|   0|    9|          0|
    |FIR_COEFFS_addr_23_reg_3417  |    9|   0|    9|          0|
    |FIR_COEFFS_addr_24_reg_3422  |    9|   0|    9|          0|
    |FIR_COEFFS_addr_25_reg_3427  |    9|   0|    9|          0|
    |FIR_COEFFS_addr_26_reg_3432  |    9|   0|    9|          0|
    |FIR_COEFFS_addr_27_reg_3437  |    9|   0|    9|          0|
    |FIR_COEFFS_addr_28_reg_3442  |    9|   0|    9|          0|
    |FIR_COEFFS_addr_29_reg_3447  |    9|   0|    9|          0|
    |FIR_COEFFS_addr_2_reg_3312   |    9|   0|    9|          0|
    |FIR_COEFFS_addr_30_reg_3452  |    9|   0|    9|          0|
    |FIR_COEFFS_addr_31_reg_3457  |    9|   0|    9|          0|
    |FIR_COEFFS_addr_32_reg_3462  |    9|   0|    9|          0|
    |FIR_COEFFS_addr_3_reg_3317   |    9|   0|    9|          0|
    |FIR_COEFFS_addr_4_reg_3322   |    9|   0|    9|          0|
    |FIR_COEFFS_addr_5_reg_3327   |    9|   0|    9|          0|
    |FIR_COEFFS_addr_6_reg_3332   |    9|   0|    9|          0|
    |FIR_COEFFS_addr_7_reg_3337   |    9|   0|    9|          0|
    |FIR_COEFFS_addr_8_reg_3342   |    9|   0|    9|          0|
    |FIR_COEFFS_addr_9_reg_3347   |    9|   0|    9|          0|
    |FIR_COEFFS_addr_reg_3302     |    9|   0|    9|          0|
    |FIR_COEFFS_load_13_reg_3478  |   32|   0|   32|          0|
    |FIR_COEFFS_load_14_reg_3483  |   32|   0|   32|          0|
    |FIR_COEFFS_load_15_reg_3498  |   32|   0|   32|          0|
    |FIR_COEFFS_load_16_reg_3503  |   32|   0|   32|          0|
    |FIR_COEFFS_load_17_reg_3508  |   32|   0|   32|          0|
    |FIR_COEFFS_load_18_reg_3513  |   32|   0|   32|          0|
    |FIR_COEFFS_load_19_reg_3518  |   32|   0|   32|          0|
    |a_reg_3686                   |   32|   0|   32|          0|
    |acc_reg_1264                 |   32|   0|   32|          0|
    |add_ln121_reg_2891           |   32|   0|   32|          0|
    |add_ln128_reg_2902           |    7|   0|    7|          0|
    |add_ln135_reg_3296           |    3|   0|    3|          0|
    |add_ln179_reg_3648           |    3|   0|    3|          0|
    |and_ln93_reg_3681            |    1|   0|    1|          0|
    |ap_CS_fsm                    |  106|   0|  106|          0|
    |b_reg_1253                   |    3|   0|    3|          0|
    |f_10_reg_3186                |   32|   0|   32|          0|
    |f_11_reg_3191                |   32|   0|   32|          0|
    |f_12_reg_3196                |   32|   0|   32|          0|
    |f_13_reg_3201                |   32|   0|   32|          0|
    |f_14_reg_3206                |   32|   0|   32|          0|
    |f_15_reg_3211                |   32|   0|   32|          0|
    |f_16_reg_3216                |   32|   0|   32|          0|
    |f_17_reg_3221                |   32|   0|   32|          0|
    |f_18_reg_3226                |   32|   0|   32|          0|
    |f_19_reg_3231                |   32|   0|   32|          0|
    |f_1_reg_3101                 |   32|   0|   32|          0|
    |f_20_reg_3236                |   32|   0|   32|          0|
    |f_21_reg_3241                |   32|   0|   32|          0|
    |f_22_reg_3246                |   32|   0|   32|          0|
    |f_23_reg_3251                |   32|   0|   32|          0|
    |f_24_reg_3256                |   32|   0|   32|          0|
    |f_25_reg_3261                |   32|   0|   32|          0|
    |f_26_reg_3266                |   32|   0|   32|          0|
    |f_27_reg_3271                |   32|   0|   32|          0|
    |f_28_reg_3276                |   32|   0|   32|          0|
    |f_29_reg_3281                |   32|   0|   32|          0|
    |f_2_reg_3166                 |   32|   0|   32|          0|
    |f_30_reg_3286                |   32|   0|   32|          0|
    |f_31_reg_3291                |   32|   0|   32|          0|
    |f_37_reg_3161                |   32|   0|   32|          0|
    |f_39_reg_2951                |   32|   0|   32|          0|
    |f_3_reg_3106                 |   32|   0|   32|          0|
    |f_40_reg_2961                |   32|   0|   32|          0|
    |f_41_reg_2971                |   32|   0|   32|          0|
    |f_42_reg_2981                |   32|   0|   32|          0|
    |f_43_reg_2991                |   32|   0|   32|          0|
    |f_44_reg_3001                |   32|   0|   32|          0|
    |f_45_reg_3011                |   32|   0|   32|          0|
    |f_46_reg_3021                |   32|   0|   32|          0|
    |f_47_reg_3031                |   32|   0|   32|          0|
    |f_48_reg_3041                |   32|   0|   32|          0|
    |f_49_reg_3051                |   32|   0|   32|          0|
    |f_4_reg_3171                 |   32|   0|   32|          0|
    |f_50_reg_3061                |   32|   0|   32|          0|
    |f_51_reg_3071                |   32|   0|   32|          0|
    |f_52_reg_3081                |   32|   0|   32|          0|
    |f_53_reg_3091                |   32|   0|   32|          0|
    |f_54_reg_3111                |   32|   0|   32|          0|
    |f_57_reg_3126                |   32|   0|   32|          0|
    |f_58_reg_3136                |   32|   0|   32|          0|
    |f_5_reg_3146                 |   32|   0|   32|          0|
    |f_6_reg_3176                 |   32|   0|   32|          0|
    |f_7_reg_3151                 |   32|   0|   32|          0|
    |f_8_reg_3181                 |   32|   0|   32|          0|
    |f_9_reg_3156                 |   32|   0|   32|          0|
    |f_reg_2885                   |   32|   0|   32|          0|
    |hist_0_load_2_reg_2976       |   32|   0|   32|          0|
    |hist_0_load_4_reg_3026       |   32|   0|   32|          0|
    |hist_0_load_6_reg_3076       |   32|   0|   32|          0|
    |hist_0_load_8_reg_3121       |   32|   0|   32|          0|
    |hist_1_load_3_reg_2966       |   32|   0|   32|          0|
    |hist_1_load_5_reg_3016       |   32|   0|   32|          0|
    |hist_1_load_7_reg_3066       |   32|   0|   32|          0|
    |hist_2_load_3_reg_2956       |   32|   0|   32|          0|
    |hist_2_load_5_reg_3006       |   32|   0|   32|          0|
    |hist_2_load_7_reg_3056       |   32|   0|   32|          0|
    |hist_2_load_9_reg_3116       |   32|   0|   32|          0|
    |hist_3_load_10_reg_3141      |   32|   0|   32|          0|
    |hist_3_load_4_reg_2996       |   32|   0|   32|          0|
    |hist_3_load_6_reg_3046       |   32|   0|   32|          0|
    |hist_3_load_8_reg_3096       |   32|   0|   32|          0|
    |hist_4_load_10_reg_3131      |   32|   0|   32|          0|
    |hist_4_load_4_reg_2986       |   32|   0|   32|          0|
    |hist_4_load_6_reg_3036       |   32|   0|   32|          0|
    |hist_4_load_8_reg_3086       |   32|   0|   32|          0|
    |icmp_ln180_reg_3661          |    1|   0|    1|          0|
    |icmp_ln183_reg_3666          |    1|   0|    1|          0|
    |icmp_ln94_1_reg_3698         |    1|   0|    1|          0|
    |icmp_ln94_reg_3693           |    1|   0|    1|          0|
    |k_1_reg_1241                 |    7|   0|    7|          0|
    |k_reg_1197                   |    7|   0|    7|          0|
    |mul_10_reg_3563              |   32|   0|   32|          0|
    |mul_11_reg_3568              |   32|   0|   32|          0|
    |mul_12_reg_3573              |   32|   0|   32|          0|
    |mul_13_reg_3578              |   32|   0|   32|          0|
    |mul_14_reg_3583              |   32|   0|   32|          0|
    |mul_15_reg_3588              |   32|   0|   32|          0|
    |mul_16_reg_3593              |   32|   0|   32|          0|
    |mul_17_reg_3598              |   32|   0|   32|          0|
    |mul_18_reg_3603              |   32|   0|   32|          0|
    |mul_19_reg_3608              |   32|   0|   32|          0|
    |mul_20_reg_3613              |   32|   0|   32|          0|
    |mul_21_reg_3618              |   32|   0|   32|          0|
    |mul_22_reg_3623              |   32|   0|   32|          0|
    |mul_23_reg_3628              |   32|   0|   32|          0|
    |mul_29_reg_3633              |   32|   0|   32|          0|
    |mul_30_reg_3638              |   32|   0|   32|          0|
    |mul_31_reg_3643              |   32|   0|   32|          0|
    |mul_5_reg_3533               |   32|   0|   32|          0|
    |mul_6_reg_3538               |   32|   0|   32|          0|
    |mul_7_reg_3543               |   32|   0|   32|          0|
    |mul_8_reg_3548               |   32|   0|   32|          0|
    |mul_9_reg_3553               |   32|   0|   32|          0|
    |mul_s_reg_3558               |   32|   0|   32|          0|
    |n_reg_1230                   |   32|   0|   32|          0|
    |p_1_reg_1286                 |    3|   0|    3|          0|
    |p_reg_1275                   |    3|   0|    3|          0|
    |phi_mul_reg_1208             |   14|   0|   14|          0|
    |phi_urem_reg_1219            |    7|   0|    7|          0|
    |reg_1545                     |   32|   0|   32|          0|
    |reg_1551                     |   32|   0|   32|          0|
    |reg_1557                     |   32|   0|   32|          0|
    |reg_1563                     |   32|   0|   32|          0|
    |reg_1570                     |   32|   0|   32|          0|
    |reg_1576                     |   32|   0|   32|          0|
    |reg_1582                     |   32|   0|   32|          0|
    |reg_1588                     |   32|   0|   32|          0|
    |reg_1594                     |   32|   0|   32|          0|
    |reg_1600                     |   32|   0|   32|          0|
    |reg_1606                     |   32|   0|   32|          0|
    |reg_1612                     |   32|   0|   32|          0|
    |reg_1618                     |   32|   0|   32|          0|
    |reg_1624                     |   32|   0|   32|          0|
    |reg_1629                     |   32|   0|   32|          0|
    |reg_1634                     |   32|   0|   32|          0|
    |reg_1639                     |   32|   0|   32|          0|
    |reg_1644                     |   32|   0|   32|          0|
    |reg_1649                     |   32|   0|   32|          0|
    |reg_1654                     |   32|   0|   32|          0|
    |reg_1659                     |   32|   0|   32|          0|
    |reg_1664                     |   32|   0|   32|          0|
    |reg_1669                     |   32|   0|   32|          0|
    |reg_1674                     |   32|   0|   32|          0|
    |reg_1680                     |   32|   0|   32|          0|
    |reg_1686                     |   32|   0|   32|          0|
    |reg_1693                     |   32|   0|   32|          0|
    |reg_1699                     |   32|   0|   32|          0|
    |reg_1704                     |   32|   0|   32|          0|
    |reg_1709                     |   32|   0|   32|          0|
    |reg_1714                     |   32|   0|   32|          0|
    |reg_1720                     |   32|   0|   32|          0|
    |reg_1725                     |   32|   0|   32|          0|
    |reg_1733                     |   32|   0|   32|          0|
    |reg_1739                     |   32|   0|   32|          0|
    |reg_1745                     |   32|   0|   32|          0|
    |reg_1751                     |   32|   0|   32|          0|
    |select_ln94_reg_3713         |   32|   0|   32|          0|
    |tmp_2_reg_3676               |    1|   0|    1|          0|
    |tmp_4_reg_3703               |    1|   0|    1|          0|
    |tmp_7_reg_2907               |    4|   0|    4|          0|
    |tmp_8_reg_2912               |    5|   0|    5|          0|
    |trunc_ln129_reg_2922         |    3|   0|    3|          0|
    |urem_ln129_reg_2917          |    7|   0|    7|          0|
    |y_load_1_reg_3488            |   32|   0|   32|          0|
    |y_load_2_reg_3493            |   32|   0|   32|          0|
    |y_load_3_reg_3523            |   32|   0|   32|          0|
    |y_load_4_reg_3528            |   32|   0|   32|          0|
    |ys_reg_1297                  |   32|   0|   32|          0|
    +-----------------------------+-----+----+-----+-----------+
    |Total                        | 5190|   0| 5190|          0|
    +-----------------------------+-----+----+-----+-----------+



================================================================
== Interface
================================================================
* Summary: 
+--------------+-----+-----+------------+---------------+--------------+
|   RTL Ports  | Dir | Bits|  Protocol  | Source Object |    C Type    |
+--------------+-----+-----+------------+---------------+--------------+
|ap_clk        |   in|    1|  ap_ctrl_hs|  fir_multiband|  return value|
|ap_rst        |   in|    1|  ap_ctrl_hs|  fir_multiband|  return value|
|ap_start      |   in|    1|  ap_ctrl_hs|  fir_multiband|  return value|
|ap_done       |  out|    1|  ap_ctrl_hs|  fir_multiband|  return value|
|ap_idle       |  out|    1|  ap_ctrl_hs|  fir_multiband|  return value|
|ap_ready      |  out|    1|  ap_ctrl_hs|  fir_multiband|  return value|
|in_r          |   in|   32|     ap_none|           in_r|       pointer|
|out_r         |  out|   32|      ap_vld|          out_r|       pointer|
|out_r_ap_vld  |  out|    1|      ap_vld|          out_r|       pointer|
|length_r      |   in|   32|     ap_none|       length_r|        scalar|
+--------------+-----+-----+------------+---------------+--------------+

