

================================================================
== Vitis HLS Report for 'fir_multiband'
================================================================
* Date:           Tue Sep 29 15:30:19 2026

* Version:        2020.2 (Build 3064766 on Wed Nov 18 09:12:45 MST 2020)
* Project:        synth_proj
* Solution:       solution1 (Vivado IP Flow Target)
* Product family: zynq
* Target device:  xc7z020-clg400-1


================================================================
== Performance Estimates
================================================================
+ Timing: 
    * Summary: 
    +--------+----------+----------+------------+
    |  Clock |  Target  | Estimated| Uncertainty|
    +--------+----------+----------+------------+
    |ap_clk  |  10.00 ns|  7.256 ns|     2.70 ns|
    +--------+----------+----------+------------+

+ Latency: 
    * Summary: 
    +---------+---------+----------+----------+-----+-----+---------+
    |  Latency (cycles) |  Latency (absolute) |  Interval | Pipeline|
    |   min   |   max   |    min   |    max   | min | max |   Type  |
    +---------+---------+----------+----------+-----+-----+---------+
    |        ?|        ?|         ?|         ?|    ?|    ?|     none|
    +---------+---------+----------+----------+-----+-----+---------+

    + Detail: 
        * Instance: 
        N/A

        * Loop: 
        +--------------------------------------+---------+---------+----------+-----------+-----------+------+----------+
        |                                      |  Latency (cycles) | Iteration|  Initiation Interval  | Trip |          |
        |               Loop Name              |   min   |   max   |  Latency |  achieved |   target  | Count| Pipelined|
        +--------------------------------------+---------+---------+----------+-----------+-----------+------+----------+
        |- VITIS_LOOP_73_1                     |       65|       65|         1|          1|          1|    65|       yes|
        |- VITIS_LOOP_77_2                     |        ?|        ?|       933|          -|          -|     ?|        no|
        | + VITIS_LOOP_79_3                    |      137|      137|        12|          2|          1|    64|       yes|
        | + VITIS_LOOP_86_4                    |      792|      792|       198|          -|          -|     4|        no|
        |  ++ VITIS_LOOP_90_5                  |        5|        5|         1|          1|          1|     5|       yes|
        |  ++ VITIS_LOOP_95_6_VITIS_LOOP_96_7  |      149|      149|        22|          2|          1|    65|       yes|
        |  ++ VITIS_LOOP_103_8                 |       11|       11|         8|          1|          1|     5|       yes|
        +--------------------------------------+---------+---------+----------+-----------+-----------+------+----------+



================================================================
== Utilization Estimates
================================================================
* Summary: 
+-----------------+---------+-----+--------+-------+-----+
|       Name      | BRAM_18K| DSP |   FF   |  LUT  | URAM|
+-----------------+---------+-----+--------+-------+-----+
|DSP              |        -|    -|       -|      -|    -|
|Expression       |        -|    -|       0|    708|    -|
|FIFO             |        -|    -|       -|      -|    -|
|Instance         |        -|    5|    1296|   2550|    -|
|Memory           |        5|    -|     384|     38|    -|
|Multiplexer      |        -|    -|       -|    760|    -|
|Register         |        -|    -|    1274|    256|    -|
+-----------------+---------+-----+--------+-------+-----+
|Total            |        5|    5|    2954|   4312|    0|
+-----------------+---------+-----+--------+-------+-----+
|Available        |      280|  220|  106400|  53200|    0|
+-----------------+---------+-----+--------+-------+-----+
|Utilization (%)  |        1|    2|       2|      8|    0|
+-----------------+---------+-----+--------+-------+-----+

+ Detail: 
    * Instance: 
    +--------------------------------------+----------------------------------+---------+----+-----+-----+-----+
    |               Instance               |              Module              | BRAM_18K| DSP|  FF | LUT | URAM|
    +--------------------------------------+----------------------------------+---------+----+-----+-----+-----+
    |facc_32ns_32ns_1ns_32_6_no_dsp_1_U11  |facc_32ns_32ns_1ns_32_6_no_dsp_1  |        0|   0|  312|  721|    0|
    |facc_32ns_32ns_1ns_32_6_no_dsp_1_U12  |facc_32ns_32ns_1ns_32_6_no_dsp_1  |        0|   0|  312|  721|    0|
    |fadd_32ns_32ns_32_5_full_dsp_1_U1     |fadd_32ns_32ns_32_5_full_dsp_1    |        0|   2|  205|  390|    0|
    |fcmp_32ns_32ns_1_2_no_dsp_1_U3        |fcmp_32ns_32ns_1_2_no_dsp_1       |        0|   0|    0|    0|    0|
    |fmul_32ns_32ns_32_4_max_dsp_1_U2      |fmul_32ns_32ns_32_4_max_dsp_1     |        0|   3|  143|  321|    0|
    |mul_6ns_8ns_13_1_1_U5                 |mul_6ns_8ns_13_1_1                |        0|   0|    0|   41|    0|
    |mul_7ns_9ns_15_1_1_U7                 |mul_7ns_9ns_15_1_1                |        0|   0|    0|   51|    0|
    |mul_7ns_9ns_15_1_1_U9                 |mul_7ns_9ns_15_1_1                |        0|   0|    0|   51|    0|
    |mux_564_32_1_1_U6                     |mux_564_32_1_1                    |        0|   0|    0|   25|    0|
    |mux_564_32_1_1_U10                    |mux_564_32_1_1                    |        0|   0|    0|   25|    0|
    |urem_7ns_4ns_7_11_1_U4                |urem_7ns_4ns_7_11_1               |        0|   0|  162|  102|    0|
    |urem_7ns_4ns_7_11_1_U8                |urem_7ns_4ns_7_11_1               |        0|   0|  162|  102|    0|
    +--------------------------------------+----------------------------------+---------+----+-----+-----+-----+
    |Total                                 |                                  |        0|   5| 1296| 2550|    0|
    +--------------------------------------+----------------------------------+---------+----+-----+-----+-----+

    * DSP: 
    N/A

    * Memory: 
    +----------------+--------------+---------+----+----+-----+------+-----+------+-------------+
    |     Memory     |    Module    | BRAM_18K| FF | LUT| URAM| Words| Bits| Banks| W*Bits*Banks|
    +----------------+--------------+---------+----+----+-----+------+-----+------+-------------+
    |FIR_COEFFS_0_U  |FIR_COEFFS_0  |        1|   0|   0|    0|    52|   32|     1|         1664|
    |FIR_COEFFS_1_U  |FIR_COEFFS_1  |        1|   0|   0|    0|    52|   32|     1|         1664|
    |FIR_COEFFS_2_U  |FIR_COEFFS_2  |        1|   0|   0|    0|    52|   32|     1|         1664|
    |FIR_COEFFS_3_U  |FIR_COEFFS_3  |        1|   0|   0|    0|    52|   32|     1|         1664|
    |FIR_COEFFS_4_U  |FIR_COEFFS_4  |        1|   0|   0|    0|    52|   32|     1|         1664|
    |hist_0_U        |hist_0        |        0|  64|   7|    0|    13|   32|     1|          416|
    |hist_1_U        |hist_0        |        0|  64|   7|    0|    13|   32|     1|          416|
    |hist_2_U        |hist_0        |        0|  64|   7|    0|    13|   32|     1|          416|
    |hist_3_U        |hist_0        |        0|  64|   7|    0|    13|   32|     1|          416|
    |hist_4_U        |hist_0        |        0|  64|   7|    0|    13|   32|     1|          416|
    |y_U             |y             |        0|  64|   3|    0|     5|   32|     1|          160|
    +----------------+--------------+---------+----+----+-----+------+-----+------+-------------+
    |Total           |              |        5| 384|  38|    0|   330|  352|    11|        10560|
    +----------------+--------------+---------+----+----+-----+------+-----+------+-------------+

    * FIFO: 
    N/A

    * Expression: 
    +--------------------------+----------+----+---+----+------------+------------+
    |       Variable Name      | Operation| DSP| FF| LUT| Bitwidth P0| Bitwidth P1|
    +--------------------------+----------+----+---+----+------------+------------+
    |add_ln103_fu_1089_p2      |         +|   0|  0|  11|           3|           1|
    |add_ln1_fu_995_p2         |         +|   0|  0|  14|           6|           6|
    |add_ln73_fu_667_p2        |         +|   0|  0|  14|           7|           1|
    |add_ln74_fu_683_p2        |         +|   0|  0|  17|          14|           8|
    |add_ln77_fu_732_p2        |         +|   0|  0|  39|          32|           1|
    |add_ln79_fu_755_p2        |         +|   0|  0|  14|           7|           2|
    |add_ln80_fu_765_p2        |         +|   0|  0|  14|           6|           2|
    |add_ln86_1_fu_862_p2      |         +|   0|  0|  14|           6|           4|
    |add_ln86_fu_856_p2        |         +|   0|  0|  11|           3|           1|
    |add_ln90_fu_879_p2        |         +|   0|  0|  11|           3|           1|
    |add_ln95_1_fu_896_p2      |         +|   0|  0|  14|           7|           1|
    |add_ln95_fu_908_p2        |         +|   0|  0|  14|           7|           3|
    |add_ln96_fu_979_p2        |         +|   0|  0|  11|           3|           1|
    |add_ln97_fu_937_p2        |         +|   0|  0|  14|           7|           7|
    |next_urem_fu_708_p2       |         +|   0|  0|  14|           7|           1|
    |and_ln59_fu_1159_p2       |       and|   0|  0|   2|           1|           1|
    |and_ln60_fu_1223_p2       |       and|   0|  0|   2|           1|           1|
    |empty_20_fu_714_p2        |      icmp|   0|  0|  10|           7|           3|
    |icmp_ln103_fu_1095_p2     |      icmp|   0|  0|   8|           3|           3|
    |icmp_ln104_fu_1106_p2     |      icmp|   0|  0|   8|           3|           3|
    |icmp_ln107_fu_1118_p2     |      icmp|   0|  0|   9|           3|           4|
    |icmp_ln16_1_fu_1043_p2    |      icmp|   0|  0|   8|           3|           1|
    |icmp_ln16_2_fu_1057_p2    |      icmp|   0|  0|   8|           3|           2|
    |icmp_ln16_3_fu_1071_p2    |      icmp|   0|  0|   8|           3|           2|
    |icmp_ln16_fu_1029_p2      |      icmp|   0|  0|   8|           3|           1|
    |icmp_ln59_1_fu_1147_p2    |      icmp|   0|  0|  15|          23|           1|
    |icmp_ln59_fu_1141_p2      |      icmp|   0|  0|  11|           8|           2|
    |icmp_ln60_1_fu_1205_p2    |      icmp|   0|  0|  15|          23|           1|
    |icmp_ln60_fu_1199_p2      |      icmp|   0|  0|  11|           8|           2|
    |icmp_ln73_fu_673_p2       |      icmp|   0|  0|  10|           7|           7|
    |icmp_ln77_fu_738_p2       |      icmp|   0|  0|  18|          32|          32|
    |icmp_ln79_fu_743_p2       |      icmp|   0|  0|  10|           7|           1|
    |icmp_ln86_fu_868_p2       |      icmp|   0|  0|   9|           3|           4|
    |icmp_ln90_fu_885_p2       |      icmp|   0|  0|   8|           3|           3|
    |icmp_ln95_fu_902_p2       |      icmp|   0|  0|  10|           7|           7|
    |icmp_ln96_fu_914_p2       |      icmp|   0|  0|   8|           3|           3|
    |or_ln59_fu_1153_p2        |        or|   0|  0|   2|           1|           1|
    |or_ln60_fu_1219_p2        |        or|   0|  0|   2|           1|           1|
    |a_fu_1174_p3              |    select|   0|  0|  32|           1|          32|
    |idx_urem_fu_720_p3        |    select|   0|  0|   7|           1|           7|
    |select_ln16_1_fu_1049_p3  |    select|   0|  0|  32|           1|          32|
    |select_ln16_2_fu_1063_p3  |    select|   0|  0|  32|           1|          32|
    |select_ln16_3_fu_1077_p3  |    select|   0|  0|  32|           1|          32|
    |select_ln16_fu_1035_p3    |    select|   0|  0|  32|           1|          32|
    |select_ln60_fu_1228_p3    |    select|   0|  0|  32|           1|          32|
    |select_ln95_1_fu_928_p3   |    select|   0|  0|   7|           1|           7|
    |select_ln95_fu_920_p3     |    select|   0|  0|   3|           1|           1|
    |sign_fu_1211_p3           |    select|   0|  0|  32|           1|          32|
    |ap_enable_pp1             |       xor|   0|  0|   2|           1|           2|
    |ap_enable_pp3             |       xor|   0|  0|   2|           1|           2|
    |ap_enable_pp4             |       xor|   0|  0|   2|           1|           2|
    |ap_enable_reg_pp4_iter1   |       xor|   0|  0|   2|           2|           1|
    |xor_ln59_fu_1164_p2       |       xor|   0|  0|  33|          32|          33|
    +--------------------------+----------+----+---+----+------------+------------+
    |Total                     |          |   0|  0| 708|         321|         405|
    +--------------------------+----------+----+---+----+------------+------------+

    * Multiplexer: 
    +-----------------------------------------+-----+-----------+-----+-----------+
    |                   Name                  | LUT | Input Size| Bits| Total Bits|
    +-----------------------------------------+-----+-----------+-----+-----------+
    |acc_reg_540                              |    9|          2|   32|         64|
    |ap_NS_fsm                                |  185|         42|    1|         42|
    |ap_enable_reg_pp1_iter5                  |    9|          2|    1|          2|
    |ap_enable_reg_pp3_iter10                 |    9|          2|    1|          2|
    |ap_enable_reg_pp4_iter1                  |    9|          2|    1|          2|
    |ap_enable_reg_pp4_iter7                  |    9|          2|    1|          2|
    |ap_phi_mux_indvar_flatten_phi_fu_578_p4  |    9|          2|    7|         14|
    |ap_phi_mux_k_1_phi_fu_521_p4             |    9|          2|    7|         14|
    |ap_phi_mux_k_2_phi_fu_589_p4             |    9|          2|    7|         14|
    |ap_phi_mux_p_1_phi_fu_601_p4             |    9|          2|    3|          6|
    |ap_phi_mux_p_2_phi_fu_612_p4             |    9|          2|    3|          6|
    |b_reg_529                                |    9|          2|    3|          6|
    |grp_fu_631_p0                            |   20|          4|   32|        128|
    |grp_fu_631_p1                            |   20|          4|   32|        128|
    |grp_fu_637_p0                            |   20|          4|   32|        128|
    |grp_fu_637_p1                            |   20|          4|   32|        128|
    |grp_fu_642_opcode                        |   14|          3|    5|         15|
    |grp_fu_642_p0                            |   14|          3|   32|         96|
    |grp_fu_642_p1                            |   14|          3|   32|         96|
    |hist_0_address0                          |   31|          6|    4|         24|
    |hist_0_d0                                |   20|          4|   32|        128|
    |hist_1_address0                          |   25|          5|    4|         20|
    |hist_1_d0                                |   14|          3|   32|         96|
    |hist_2_address0                          |   25|          5|    4|         20|
    |hist_2_d0                                |   14|          3|   32|         96|
    |hist_3_address0                          |   25|          5|    4|         20|
    |hist_3_d0                                |   14|          3|   32|         96|
    |hist_4_address0                          |   25|          5|    4|         20|
    |hist_4_d0                                |   14|          3|   32|         96|
    |indvar_flatten_reg_574                   |    9|          2|    7|         14|
    |k_1_reg_517                              |    9|          2|    7|         14|
    |k_2_reg_585                              |    9|          2|    7|         14|
    |k_reg_473                                |    9|          2|    7|         14|
    |n_reg_506                                |    9|          2|   32|         64|
    |p_1_reg_597                              |    9|          2|    3|          6|
    |p_2_reg_608                              |    9|          2|    3|          6|
    |p_reg_563                                |    9|          2|    3|          6|
    |phi_mul12_reg_551                        |    9|          2|    6|         12|
    |phi_mul_reg_484                          |    9|          2|   14|         28|
    |phi_urem_reg_495                         |    9|          2|    7|         14|
    |y_address0                               |   25|          5|    3|         15|
    |y_d0                                     |   14|          3|   32|         96|
    |ys_reg_619                               |    9|          2|   32|         64|
    +-----------------------------------------+-----+-----------+-----+-----------+
    |Total                                    |  760|        163|  607|       1876|
    +-----------------------------------------+-----+-----------+-----+-----------+

    * Register: 
    +--------------------------+----+----+-----+-----------+
    |           Name           | FF | LUT| Bits| Const Bits|
    +--------------------------+----+----+-----+-----------+
    |a_reg_1539                |  32|   0|   32|          0|
    |acc_reg_540               |  32|   0|   32|          0|
    |add_ln103_reg_1499        |   3|   0|    3|          0|
    |add_ln77_reg_1278         |  32|   0|   32|          0|
    |add_ln79_reg_1291         |   7|   0|    7|          0|
    |add_ln80_reg_1296         |   6|   0|    6|          0|
    |add_ln86_1_reg_1341       |   6|   0|    6|          0|
    |add_ln86_reg_1335         |   3|   0|    3|          0|
    |add_ln95_1_reg_1358       |   7|   0|    7|          0|
    |add_ln95_reg_1367         |   7|   0|    7|          0|
    |add_ln96_reg_1404         |   3|   0|    3|          0|
    |and_ln59_reg_1534         |   1|   0|    1|          0|
    |ap_CS_fsm                 |  41|   0|   41|          0|
    |ap_enable_reg_pp1_iter0   |   1|   0|    1|          0|
    |ap_enable_reg_pp1_iter1   |   1|   0|    1|          0|
    |ap_enable_reg_pp1_iter2   |   1|   0|    1|          0|
    |ap_enable_reg_pp1_iter3   |   1|   0|    1|          0|
    |ap_enable_reg_pp1_iter4   |   1|   0|    1|          0|
    |ap_enable_reg_pp1_iter5   |   1|   0|    1|          0|
    |ap_enable_reg_pp3_iter0   |   1|   0|    1|          0|
    |ap_enable_reg_pp3_iter1   |   1|   0|    1|          0|
    |ap_enable_reg_pp3_iter10  |   1|   0|    1|          0|
    |ap_enable_reg_pp3_iter2   |   1|   0|    1|          0|
    |ap_enable_reg_pp3_iter3   |   1|   0|    1|          0|
    |ap_enable_reg_pp3_iter4   |   1|   0|    1|          0|
    |ap_enable_reg_pp3_iter5   |   1|   0|    1|          0|
    |ap_enable_reg_pp3_iter6   |   1|   0|    1|          0|
    |ap_enable_reg_pp3_iter7   |   1|   0|    1|          0|
    |ap_enable_reg_pp3_iter8   |   1|   0|    1|          0|
    |ap_enable_reg_pp3_iter9   |   1|   0|    1|          0|
    |ap_enable_reg_pp4_iter0   |   1|   0|    1|          0|
    |ap_enable_reg_pp4_iter1   |   1|   0|    1|          0|
    |ap_enable_reg_pp4_iter2   |   1|   0|    1|          0|
    |ap_enable_reg_pp4_iter3   |   1|   0|    1|          0|
    |ap_enable_reg_pp4_iter4   |   1|   0|    1|          0|
    |ap_enable_reg_pp4_iter5   |   1|   0|    1|          0|
    |ap_enable_reg_pp4_iter6   |   1|   0|    1|          0|
    |ap_enable_reg_pp4_iter7   |   1|   0|    1|          0|
    |b_reg_529                 |   3|   0|    3|          0|
    |bitcast_ln82_reg_1273     |  32|   0|   32|          0|
    |hist_0_load_1_reg_1459    |  32|   0|   32|          0|
    |hist_1_load_1_reg_1464    |  32|   0|   32|          0|
    |hist_2_load_1_reg_1469    |  32|   0|   32|          0|
    |hist_3_load_1_reg_1474    |  32|   0|   32|          0|
    |hist_4_load_1_reg_1479    |  32|   0|   32|          0|
    |icmp_ln103_reg_1505       |   1|   0|    1|          0|
    |icmp_ln104_reg_1514       |   1|   0|    1|          0|
    |icmp_ln107_reg_1524       |   1|   0|    1|          0|
    |icmp_ln60_1_reg_1551      |   1|   0|    1|          0|
    |icmp_ln60_reg_1546        |   1|   0|    1|          0|
    |icmp_ln79_reg_1287        |   1|   0|    1|          0|
    |icmp_ln95_reg_1363        |   1|   0|    1|          0|
    |icmp_ln96_reg_1372        |   1|   0|    1|          0|
    |indvar_flatten_reg_574    |   7|   0|    7|          0|
    |k_1_reg_517               |   7|   0|    7|          0|
    |k_2_reg_585               |   7|   0|    7|          0|
    |k_reg_473                 |   7|   0|    7|          0|
    |n_reg_506                 |  32|   0|   32|          0|
    |p_1_reg_597               |   3|   0|    3|          0|
    |p_2_reg_608               |   3|   0|    3|          0|
    |p_reg_563                 |   3|   0|    3|          0|
    |phi_mul12_reg_551         |   6|   0|    6|          0|
    |phi_mul_reg_484           |  14|   0|   14|          0|
    |phi_urem_reg_495          |   7|   0|    7|          0|
    |reg_649                   |  32|   0|   32|          0|
    |reg_655                   |  32|   0|   32|          0|
    |reg_660                   |  32|   0|   32|          0|
    |select_ln16_3_reg_1489    |  32|   0|   32|          0|
    |select_ln60_reg_1566      |  32|   0|   32|          0|
    |select_ln95_1_reg_1384    |   7|   0|    7|          0|
    |select_ln95_reg_1377      |   3|   0|    3|          0|
    |tmp_1_reg_1484            |  32|   0|   32|          0|
    |tmp_3_reg_1529            |   1|   0|    1|          0|
    |tmp_5_reg_1556            |   1|   0|    1|          0|
    |tmp_9_reg_1394            |   5|   0|    5|          0|
    |trunc_ln80_reg_1306       |   3|   0|    3|          0|
    |udiv_ln2_cast_reg_1399    |   4|   0|    4|          0|
    |urem_ln80_reg_1301        |   7|   0|    7|          0|
    |y_addr_1_reg_1494         |   3|   0|    3|          0|
    |ys_reg_619                |  32|   0|   32|          0|
    |icmp_ln103_reg_1505       |  64|  32|    1|          0|
    |icmp_ln79_reg_1287        |  64|  32|    1|          0|
    |icmp_ln95_reg_1363        |  64|  32|    1|          0|
    |k_1_reg_517               |  64|  32|    7|          0|
    |select_ln95_reg_1377      |  64|  32|    3|          0|
    |tmp_9_reg_1394            |  64|  32|    5|          0|
    |udiv_ln2_cast_reg_1399    |  64|  32|    4|          0|
    |y_addr_1_reg_1494         |  64|  32|    3|          0|
    +--------------------------+----+----+-----+-----------+
    |Total                     |1274| 256|  787|          0|
    +--------------------------+----+----+-----+-----------+



================================================================
== Interface
================================================================
* Summary: 
+--------------+-----+-----+------------+---------------+--------------+
|   RTL Ports  | Dir | Bits|  Protocol  | Source Object |    C Type    |
+--------------+-----+-----+------------+---------------+--------------+
|ap_clk        |   in|    1|  ap_ctrl_hs|  fir_multiband|  return value|
|ap_rst        |   in|    1|  ap_ctrl_hs|  fir_multiband|  return value|
|ap_start      |   in|    1|  ap_ctrl_hs|  fir_multiband|  return value|
|ap_done       |  out|    1|  ap_ctrl_hs|  fir_multiband|  return value|
|ap_idle       |  out|    1|  ap_ctrl_hs|  fir_multiband|  return value|
|ap_ready      |  out|    1|  ap_ctrl_hs|  fir_multiband|  return value|
|in_r          |   in|   32|     ap_none|           in_r|       pointer|
|out_r         |  out|   32|      ap_vld|          out_r|       pointer|
|out_r_ap_vld  |  out|    1|      ap_vld|          out_r|       pointer|
|length_r      |   in|   32|     ap_none|       length_r|        scalar|
+--------------+-----+-----+------------+---------------+--------------+

