

================================================================
== Synthesis Summary Report of 'fir_multiband'
================================================================
+ General Information: 
    * Date:           Tue Sep 29 15:27:42 2026
    * Version:        2020.2 (Build 3064766 on Wed Nov 18 09:12:45 MST 2020)
    * Project:        synth_proj
    * Solution:       solution1 (Vivado IP Flow Target)
    * Product family: zynq
    * Target device:  xc7z020-clg400-1
    

+ Performance & Resource Estimates: 
    
    PS: '+' for module; 'o' for loop; '*' for dataflow
    +-------------------------------------+------+-------+---------+-----------+----------+---------+------+----------+------+--------+-----------+-------------+-----+
    |               Modules               | Issue|       | Latency |  Latency  | Iteration|         | Trip |          |      |        |           |             |     |
    |               & Loops               | Type | Slack | (cycles)|    (ns)   |  Latency | Interval| Count| Pipelined| BRAM |   DSP  |     FF    |     LUT     | URAM|
    +-------------------------------------+------+-------+---------+-----------+----------+---------+------+----------+------+--------+-----------+-------------+-----+
    |+ fir_multiband                      |     -|  -0.04|        -|          -|         -|        -|     -|        no|     -|  5 (2%)|  6363 (5%)|  17239 (32%)|    -|
    | o VITIS_LOOP_50_1                   |     -|  -7.30|       65|    650.000|         1|        1|    65|       yes|     -|       -|          -|            -|    -|
    | o VITIS_LOOP_54_2                   |     -|  -7.30|        -|          -|      1805|        -|     -|        no|     -|       -|          -|            -|    -|
    |  o VITIS_LOOP_56_3                  |    II|  -7.30|      192|  1.920e+03|         4|        3|    64|       yes|     -|       -|          -|            -|    -|
    |  o VITIS_LOOP_63_4_VITIS_LOOP_65_5  |    II|  -7.30|     1608|  1.608e+04|        50|        6|   260|       yes|     -|       -|          -|            -|    -|
    +-------------------------------------+------+-------+---------+-----------+----------+---------+------+----------+------+--------+-----------+-------------+-----+

