

================================================================
== Vitis HLS Report for 'fir_multiband'
================================================================
* Date:           Tue Sep 29 15:34:58 2026

* Version:        2020.2 (Build 3064766 on Wed Nov 18 09:12:45 MST 2020)
* Project:        synth_proj
* Solution:       solution1 (Vivado IP Flow Target)
* Product family: zynq
* Target device:  xc7z020-clg400-1


================================================================
== Performance Estimates
================================================================
+ Timing: 
    * Summary: 
    +--------+----------+----------+------------+
    |  Clock |  Target  | Estimated| Uncertainty|
    +--------+----------+----------+------------+
    |ap_clk  |  10.00 ns|  7.256 ns|     2.70 ns|
    +--------+----------+----------+------------+

+ Latency: 
    * Summary: 
    +---------+---------+----------+----------+-----+-----+---------+
    |  Latency (cycles) |  Latency (absolute) |  Interval | Pipeline|
    |   min   |   max   |    min   |    max   | min | max |   Type  |
    +---------+---------+----------+----------+-----+-----+---------+
    |        ?|        ?|         ?|         ?|    ?|    ?|     none|
    +---------+---------+----------+----------+-----+-----+---------+

    + Detail: 
        * Instance: 
        N/A

        * Loop: 
        +---------------------+---------+---------+----------+-----------+-----------+------+----------+
        |                     |  Latency (cycles) | Iteration|  Initiation Interval  | Trip |          |
        |      Loop Name      |   min   |   max   |  Latency |  achieved |   target  | Count| Pipelined|
        +---------------------+---------+---------+----------+-----------+-----------+------+----------+
        |- VITIS_LOOP_91_1    |       65|       65|         1|          1|          1|    65|       yes|
        |- VITIS_LOOP_95_2    |        ?|        ?|       287|          -|          -|     ?|        no|
        | + VITIS_LOOP_102_3  |      137|      137|        12|          2|          1|    64|       yes|
        | + VITIS_LOOP_109_4  |      138|      138|       127|          4|          1|     4|       yes|
        +---------------------+---------+---------+----------+-----------+-----------+------+----------+



================================================================
== Utilization Estimates
================================================================
* Summary: 
+-----------------+---------+-----+--------+-------+-----+
|       Name      | BRAM_18K| DSP |   FF   |  LUT  | URAM|
+-----------------+---------+-----+--------+-------+-----+
|DSP              |        -|    -|       -|      -|    -|
|Expression       |        -|    -|       0|   1303|    -|
|FIFO             |        -|    -|       -|      -|    -|
|Instance         |        -|   96|    7024|  14380|    -|
|Memory           |       32|    -|     320|     35|    -|
|Multiplexer      |        -|    -|       -|   2970|    -|
|Register         |        -|    -|   13580|   2336|    -|
+-----------------+---------+-----+--------+-------+-----+
|Total            |       32|   96|   20924|  21024|    0|
+-----------------+---------+-----+--------+-------+-----+
|Available        |      280|  220|  106400|  53200|    0|
+-----------------+---------+-----+--------+-------+-----+
|Utilization (%)  |       11|   43|      19|     39|    0|
+-----------------+---------+-----+--------+-------+-----+

+ Detail: 
    * Instance: 
    +--------------------------------------+----------------------------------+---------+----+-----+-----+-----+
    |               Instance               |              Module              | BRAM_18K| DSP|  FF | LUT | URAM|
    +--------------------------------------+----------------------------------+---------+----+-----+-----+-----+
    |facc_32ns_32ns_1ns_32_6_no_dsp_1_U44  |facc_32ns_32ns_1ns_32_6_no_dsp_1  |        0|   0|  312|  721|    0|
    |fadd_32ns_32ns_32_5_full_dsp_1_U21    |fadd_32ns_32ns_32_5_full_dsp_1    |        0|   2|  205|  390|    0|
    |fadd_32ns_32ns_32_5_full_dsp_1_U22    |fadd_32ns_32ns_32_5_full_dsp_1    |        0|   2|  205|  390|    0|
    |fadd_32ns_32ns_32_5_full_dsp_1_U23    |fadd_32ns_32ns_32_5_full_dsp_1    |        0|   2|  205|  390|    0|
    |fadd_32ns_32ns_32_5_full_dsp_1_U24    |fadd_32ns_32ns_32_5_full_dsp_1    |        0|   2|  205|  390|    0|
    |fadd_32ns_32ns_32_5_full_dsp_1_U25    |fadd_32ns_32ns_32_5_full_dsp_1    |        0|   2|  205|  390|    0|
    |fadd_32ns_32ns_32_5_full_dsp_1_U26    |fadd_32ns_32ns_32_5_full_dsp_1    |        0|   2|  205|  390|    0|
    |fadd_32ns_32ns_32_5_full_dsp_1_U27    |fadd_32ns_32ns_32_5_full_dsp_1    |        0|   2|  205|  390|    0|
    |fadd_32ns_32ns_32_5_full_dsp_1_U28    |fadd_32ns_32ns_32_5_full_dsp_1    |        0|   2|  205|  390|    0|
    |fadd_32ns_32ns_32_5_full_dsp_1_U29    |fadd_32ns_32ns_32_5_full_dsp_1    |        0|   2|  205|  390|    0|
    |fadd_32ns_32ns_32_5_full_dsp_1_U30    |fadd_32ns_32ns_32_5_full_dsp_1    |        0|   2|  205|  390|    0|
    |fadd_32ns_32ns_32_5_full_dsp_1_U31    |fadd_32ns_32ns_32_5_full_dsp_1    |        0|   2|  205|  390|    0|
    |fadd_32ns_32ns_32_5_full_dsp_1_U32    |fadd_32ns_32ns_32_5_full_dsp_1    |        0|   2|  205|  390|    0|
    |fadd_32ns_32ns_32_5_full_dsp_1_U33    |fadd_32ns_32ns_32_5_full_dsp_1    |        0|   2|  205|  390|    0|
    |fadd_32ns_32ns_32_5_full_dsp_1_U34    |fadd_32ns_32ns_32_5_full_dsp_1    |        0|   2|  205|  390|    0|
    |fadd_32ns_32ns_32_5_full_dsp_1_U35    |fadd_32ns_32ns_32_5_full_dsp_1    |        0|   2|  205|  390|    0|
    |fadd_32ns_32ns_32_5_full_dsp_1_U36    |fadd_32ns_32ns_32_5_full_dsp_1    |        0|   2|  205|  390|    0|
    |fadd_32ns_32ns_32_5_full_dsp_1_U37    |fadd_32ns_32ns_32_5_full_dsp_1    |        0|   2|  205|  390|    0|
    |fadd_32ns_32ns_32_5_full_dsp_1_U38    |fadd_32ns_32ns_32_5_full_dsp_1    |        0|   2|  205|  390|    0|
    |fcmp_32ns_32ns_1_2_no_dsp_1_U39       |fcmp_32ns_32ns_1_2_no_dsp_1       |        0|   0|    0|    0|    0|
    |fmul_32ns_32ns_32_4_max_dsp_1_U1      |fmul_32ns_32ns_32_4_max_dsp_1     |        0|   3|  143|  321|    0|
    |fmul_32ns_32ns_32_4_max_dsp_1_U2      |fmul_32ns_32ns_32_4_max_dsp_1     |        0|   3|  143|  321|    0|
    |fmul_32ns_32ns_32_4_max_dsp_1_U3      |fmul_32ns_32ns_32_4_max_dsp_1     |        0|   3|  143|  321|    0|
    |fmul_32ns_32ns_32_4_max_dsp_1_U4      |fmul_32ns_32ns_32_4_max_dsp_1     |        0|   3|  143|  321|    0|
    |fmul_32ns_32ns_32_4_max_dsp_1_U5      |fmul_32ns_32ns_32_4_max_dsp_1     |        0|   3|  143|  321|    0|
    |fmul_32ns_32ns_32_4_max_dsp_1_U6      |fmul_32ns_32ns_32_4_max_dsp_1     |        0|   3|  143|  321|    0|
    |fmul_32ns_32ns_32_4_max_dsp_1_U7      |fmul_32ns_32ns_32_4_max_dsp_1     |        0|   3|  143|  321|    0|
    |fmul_32ns_32ns_32_4_max_dsp_1_U8      |fmul_32ns_32ns_32_4_max_dsp_1     |        0|   3|  143|  321|    0|
    |fmul_32ns_32ns_32_4_max_dsp_1_U9      |fmul_32ns_32ns_32_4_max_dsp_1     |        0|   3|  143|  321|    0|
    |fmul_32ns_32ns_32_4_max_dsp_1_U10     |fmul_32ns_32ns_32_4_max_dsp_1     |        0|   3|  143|  321|    0|
    |fmul_32ns_32ns_32_4_max_dsp_1_U11     |fmul_32ns_32ns_32_4_max_dsp_1     |        0|   3|  143|  321|    0|
    |fmul_32ns_32ns_32_4_max_dsp_1_U12     |fmul_32ns_32ns_32_4_max_dsp_1     |        0|   3|  143|  321|    0|
    |fmul_32ns_32ns_32_4_max_dsp_1_U13     |fmul_32ns_32ns_32_4_max_dsp_1     |        0|   3|  143|  321|    0|
    |fmul_32ns_32ns_32_4_max_dsp_1_U14     |fmul_32ns_32ns_32_4_max_dsp_1     |        0|   3|  143|  321|    0|
    |fmul_32ns_32ns_32_4_max_dsp_1_U15     |fmul_32ns_32ns_32_4_max_dsp_1     |        0|   3|  143|  321|    0|
    |fmul_32ns_32ns_32_4_max_dsp_1_U16     |fmul_32ns_32ns_32_4_max_dsp_1     |        0|   3|  143|  321|    0|
    |fmul_32ns_32ns_32_4_max_dsp_1_U17     |fmul_32ns_32ns_32_4_max_dsp_1     |        0|   3|  143|  321|    0|
    |fmul_32ns_32ns_32_4_max_dsp_1_U18     |fmul_32ns_32ns_32_4_max_dsp_1     |        0|   3|  143|  321|    0|
    |fmul_32ns_32ns_32_4_max_dsp_1_U19     |fmul_32ns_32ns_32_4_max_dsp_1     |        0|   3|  143|  321|    0|
    |fmul_32ns_32ns_32_4_max_dsp_1_U20     |fmul_32ns_32ns_32_4_max_dsp_1     |        0|   3|  143|  321|    0|
    |mul_6ns_8ns_13_1_1_U41                |mul_6ns_8ns_13_1_1                |        0|   0|    0|   41|    0|
    |mul_7ns_9ns_15_1_1_U43                |mul_7ns_9ns_15_1_1                |        0|   0|    0|   51|    0|
    |mux_564_32_1_1_U42                    |mux_564_32_1_1                    |        0|   0|    0|   25|    0|
    |urem_7ns_4ns_7_11_1_U40               |urem_7ns_4ns_7_11_1               |        0|   0|  162|  102|    0|
    +--------------------------------------+----------------------------------+---------+----+-----+-----+-----+
    |Total                                 |                                  |        0|  96| 7024|14380|    0|
    +--------------------------------------+----------------------------------+---------+----+-----+-----+-----+

    * DSP: 
    N/A

    * Memory: 
    +--------------+------------+---------+----+----+-----+------+-----+------+-------------+
    |    Memory    |   Module   | BRAM_18K| FF | LUT| URAM| Words| Bits| Banks| W*Bits*Banks|
    +--------------+------------+---------+----+----+-----+------+-----+------+-------------+
    |FIR_COEFFS_U  |FIR_COEFFS  |       32|   0|   0|    0|   260|   32|     1|         8320|
    |hist_0_U      |hist_0      |        0|  64|   7|    0|    13|   32|     1|          416|
    |hist_1_U      |hist_1      |        0|  64|   7|    0|    13|   32|     1|          416|
    |hist_2_U      |hist_1      |        0|  64|   7|    0|    13|   32|     1|          416|
    |hist_3_U      |hist_1      |        0|  64|   7|    0|    13|   32|     1|          416|
    |hist_4_U      |hist_1      |        0|  64|   7|    0|    13|   32|     1|          416|
    +--------------+------------+---------+----+----+-----+------+-----+------+-------------+
    |Total         |            |       32| 320|  35|    0|   325|  192|     6|        10400|
    +--------------+------------+---------+----+----+-----+------+-----+------+-------------+

    * FIFO: 
    N/A

    * Expression: 
    +-------------------------+----------+----+---+----+------------+------------+
    |      Variable Name      | Operation| DSP| FF| LUT| Bitwidth P0| Bitwidth P1|
    +-------------------------+----------+----+---+----+------------+------------+
    |add_ln102_fu_3243_p2     |         +|   0|  0|  14|           7|           2|
    |add_ln103_fu_3253_p2     |         +|   0|  0|  14|           6|           2|
    |add_ln109_fu_3344_p2     |         +|   0|  0|  11|           3|           1|
    |add_ln127_10_fu_3478_p2  |         +|   0|  0|  14|           9|           4|
    |add_ln127_11_fu_3489_p2  |         +|   0|  0|  14|           9|           4|
    |add_ln127_12_fu_3500_p2  |         +|   0|  0|  14|           9|           4|
    |add_ln127_13_fu_3511_p2  |         +|   0|  0|  14|           9|           4|
    |add_ln127_14_fu_3555_p2  |         +|   0|  0|  14|           9|           4|
    |add_ln127_15_fu_3522_p2  |         +|   0|  0|  14|           9|           4|
    |add_ln127_16_fu_3533_p2  |         +|   0|  0|  14|           9|           5|
    |add_ln127_17_fu_3565_p2  |         +|   0|  0|  14|           9|           5|
    |add_ln127_18_fu_3575_p2  |         +|   0|  0|  14|           9|           5|
    |add_ln127_19_fu_3585_p2  |         +|   0|  0|  14|           9|           5|
    |add_ln127_1_fu_3379_p2   |         +|   0|  0|  14|           9|           1|
    |add_ln127_20_fu_3544_p2  |         +|   0|  0|  14|           9|           5|
    |add_ln127_21_fu_3595_p2  |         +|   0|  0|  14|           9|           5|
    |add_ln127_22_fu_3605_p2  |         +|   0|  0|  14|           9|           5|
    |add_ln127_23_fu_3615_p2  |         +|   0|  0|  14|           9|           5|
    |add_ln127_24_fu_3625_p2  |         +|   0|  0|  14|           9|           5|
    |add_ln127_25_fu_3635_p2  |         +|   0|  0|  14|           9|           5|
    |add_ln127_26_fu_3645_p2  |         +|   0|  0|  14|           9|           5|
    |add_ln127_27_fu_3655_p2  |         +|   0|  0|  14|           9|           5|
    |add_ln127_28_fu_3665_p2  |         +|   0|  0|  14|           9|           5|
    |add_ln127_29_fu_3725_p2  |         +|   0|  0|  14|           9|           5|
    |add_ln127_2_fu_3390_p2   |         +|   0|  0|  14|           9|           2|
    |add_ln127_30_fu_3675_p2  |         +|   0|  0|  14|           9|           5|
    |add_ln127_31_fu_3685_p2  |         +|   0|  0|  14|           9|           5|
    |add_ln127_32_fu_3695_p2  |         +|   0|  0|  14|           9|           6|
    |add_ln127_33_fu_3735_p2  |         +|   0|  0|  14|           9|           6|
    |add_ln127_34_fu_3745_p2  |         +|   0|  0|  14|           9|           6|
    |add_ln127_35_fu_3705_p2  |         +|   0|  0|  14|           9|           6|
    |add_ln127_36_fu_3715_p2  |         +|   0|  0|  14|           9|           6|
    |add_ln127_37_fu_3755_p2  |         +|   0|  0|  14|           9|           6|
    |add_ln127_38_fu_3765_p2  |         +|   0|  0|  14|           9|           6|
    |add_ln127_39_fu_3775_p2  |         +|   0|  0|  14|           9|           6|
    |add_ln127_3_fu_3401_p2   |         +|   0|  0|  14|           9|           2|
    |add_ln127_40_fu_3785_p2  |         +|   0|  0|  14|           9|           6|
    |add_ln127_41_fu_3795_p2  |         +|   0|  0|  14|           9|           6|
    |add_ln127_42_fu_3805_p2  |         +|   0|  0|  14|           9|           6|
    |add_ln127_43_fu_3815_p2  |         +|   0|  0|  14|           9|           6|
    |add_ln127_44_fu_3825_p2  |         +|   0|  0|  14|           9|           6|
    |add_ln127_45_fu_3835_p2  |         +|   0|  0|  14|           9|           6|
    |add_ln127_46_fu_3845_p2  |         +|   0|  0|  14|           9|           6|
    |add_ln127_47_fu_3855_p2  |         +|   0|  0|  14|           9|           6|
    |add_ln127_48_fu_3895_p2  |         +|   0|  0|  14|           9|           6|
    |add_ln127_49_fu_3905_p2  |         +|   0|  0|  14|           9|           6|
    |add_ln127_4_fu_3412_p2   |         +|   0|  0|  14|           9|           3|
    |add_ln127_50_fu_3865_p2  |         +|   0|  0|  14|           9|           6|
    |add_ln127_51_fu_3875_p2  |         +|   0|  0|  14|           9|           6|
    |add_ln127_52_fu_3915_p2  |         +|   0|  0|  14|           9|           6|
    |add_ln127_53_fu_3925_p2  |         +|   0|  0|  14|           9|           6|
    |add_ln127_54_fu_3935_p2  |         +|   0|  0|  14|           9|           6|
    |add_ln127_55_fu_3885_p2  |         +|   0|  0|  14|           9|           6|
    |add_ln127_56_fu_3945_p2  |         +|   0|  0|  14|           9|           6|
    |add_ln127_57_fu_3955_p2  |         +|   0|  0|  14|           9|           6|
    |add_ln127_58_fu_3965_p2  |         +|   0|  0|  14|           9|           6|
    |add_ln127_59_fu_3975_p2  |         +|   0|  0|  14|           9|           6|
    |add_ln127_5_fu_3423_p2   |         +|   0|  0|  14|           9|           3|
    |add_ln127_60_fu_3985_p2  |         +|   0|  0|  14|           9|           6|
    |add_ln127_61_fu_3995_p2  |         +|   0|  0|  14|           9|           6|
    |add_ln127_62_fu_4005_p2  |         +|   0|  0|  14|           9|           6|
    |add_ln127_63_fu_4015_p2  |         +|   0|  0|  14|           9|           6|
    |add_ln127_64_fu_4025_p2  |         +|   0|  0|  14|           9|           7|
    |add_ln127_6_fu_3434_p2   |         +|   0|  0|  14|           9|           3|
    |add_ln127_7_fu_3445_p2   |         +|   0|  0|  14|           9|           3|
    |add_ln127_8_fu_3456_p2   |         +|   0|  0|  14|           9|           4|
    |add_ln127_9_fu_3467_p2   |         +|   0|  0|  14|           9|           4|
    |add_ln127_fu_3368_p2     |         +|   0|  0|  14|           9|           9|
    |add_ln91_fu_3155_p2      |         +|   0|  0|  14|           7|           1|
    |add_ln92_fu_3171_p2      |         +|   0|  0|  17|          14|           8|
    |add_ln95_fu_3220_p2      |         +|   0|  0|  39|          32|           1|
    |next_urem_fu_3196_p2     |         +|   0|  0|  14|           7|           1|
    |and_ln67_fu_4075_p2      |       and|   0|  0|   2|           1|           1|
    |and_ln68_fu_4138_p2      |       and|   0|  0|   2|           1|           1|
    |ap_condition_3136        |       and|   0|  0|   2|           1|           1|
    |ap_condition_3142        |       and|   0|  0|   2|           1|           1|
    |empty_18_fu_3202_p2      |      icmp|   0|  0|  10|           7|           3|
    |icmp_ln102_fu_3231_p2    |      icmp|   0|  0|  10|           7|           1|
    |icmp_ln109_fu_3350_p2    |      icmp|   0|  0|   9|           3|           4|
    |icmp_ln137_fu_4035_p2    |      icmp|   0|  0|   9|           3|           4|
    |icmp_ln67_1_fu_4063_p2   |      icmp|   0|  0|  15|          23|           1|
    |icmp_ln67_fu_4057_p2     |      icmp|   0|  0|  11|           8|           2|
    |icmp_ln68_1_fu_4120_p2   |      icmp|   0|  0|  15|          23|           1|
    |icmp_ln68_fu_4114_p2     |      icmp|   0|  0|  11|           8|           2|
    |icmp_ln91_fu_3161_p2     |      icmp|   0|  0|  10|           7|           7|
    |icmp_ln95_fu_3226_p2     |      icmp|   0|  0|  18|          32|          32|
    |or_ln67_fu_4069_p2       |        or|   0|  0|   2|           1|           1|
    |or_ln68_fu_4134_p2       |        or|   0|  0|   2|           1|           1|
    |a_fu_4090_p3             |    select|   0|  0|  32|           1|          32|
    |idx_urem_fu_3208_p3      |    select|   0|  0|   7|           1|           7|
    |select_ln68_fu_4143_p3   |    select|   0|  0|  32|           1|          32|
    |sign_fu_4126_p3          |    select|   0|  0|  32|           1|          32|
    |ap_enable_pp1            |       xor|   0|  0|   2|           1|           2|
    |ap_enable_pp2            |       xor|   0|  0|   2|           1|           2|
    |xor_ln67_fu_4081_p2      |       xor|   0|  0|  33|          32|          33|
    +-------------------------+----------+----+---+----+------------+------------+
    |Total                    |          |   0|  0|1303|         826|         556|
    +-------------------------+----------+----+---+----+------------+------------+

    * Multiplexer: 
    +-------------------------------+-----+-----------+-----+-----------+
    |              Name             | LUT | Input Size| Bits| Total Bits|
    +-------------------------------+-----+-----------+-----+-----------+
    |FIR_COEFFS_address0            |   25|          5|    9|         45|
    |FIR_COEFFS_address1            |   25|          5|    9|         45|
    |FIR_COEFFS_address10           |   25|          5|    9|         45|
    |FIR_COEFFS_address11           |   25|          5|    9|         45|
    |FIR_COEFFS_address12           |   25|          5|    9|         45|
    |FIR_COEFFS_address13           |   25|          5|    9|         45|
    |FIR_COEFFS_address14           |   20|          4|    9|         36|
    |FIR_COEFFS_address15           |   20|          4|    9|         36|
    |FIR_COEFFS_address16           |   20|          4|    9|         36|
    |FIR_COEFFS_address2            |   25|          5|    9|         45|
    |FIR_COEFFS_address3            |   25|          5|    9|         45|
    |FIR_COEFFS_address4            |   25|          5|    9|         45|
    |FIR_COEFFS_address5            |   25|          5|    9|         45|
    |FIR_COEFFS_address6            |   25|          5|    9|         45|
    |FIR_COEFFS_address7            |   25|          5|    9|         45|
    |FIR_COEFFS_address8            |   25|          5|    9|         45|
    |FIR_COEFFS_address9            |   25|          5|    9|         45|
    |acc_reg_1598                   |    9|          2|   32|         64|
    |ap_NS_fsm                      |  100|         20|    1|         20|
    |ap_enable_reg_pp1_iter5        |    9|          2|    1|          2|
    |ap_enable_reg_pp2_iter31       |    9|          2|    1|          2|
    |ap_phi_mux_b_phi_fu_1591_p4    |    9|          2|    3|          6|
    |ap_phi_mux_k_1_phi_fu_1579_p4  |    9|          2|    7|         14|
    |b_reg_1587                     |    9|          2|    3|          6|
    |grp_fu_1610_p0                 |   25|          5|   32|        160|
    |grp_fu_1610_p1                 |   25|          5|   32|        160|
    |grp_fu_1611_p0                 |   20|          4|   32|        128|
    |grp_fu_1611_p1                 |   20|          4|   32|        128|
    |grp_fu_1612_p0                 |   20|          4|   32|        128|
    |grp_fu_1612_p1                 |   20|          4|   32|        128|
    |grp_fu_1613_p0                 |   20|          4|   32|        128|
    |grp_fu_1613_p1                 |   20|          4|   32|        128|
    |grp_fu_1614_p0                 |   25|          5|   32|        160|
    |grp_fu_1614_p1                 |   25|          5|   32|        160|
    |grp_fu_1615_p0                 |   20|          4|   32|        128|
    |grp_fu_1615_p1                 |   20|          4|   32|        128|
    |grp_fu_1616_p0                 |   20|          4|   32|        128|
    |grp_fu_1616_p1                 |   20|          4|   32|        128|
    |grp_fu_1617_p0                 |   20|          4|   32|        128|
    |grp_fu_1617_p1                 |   20|          4|   32|        128|
    |grp_fu_1618_p0                 |   20|          4|   32|        128|
    |grp_fu_1618_p1                 |   20|          4|   32|        128|
    |grp_fu_1619_p0                 |   25|          5|   32|        160|
    |grp_fu_1619_p1                 |   25|          5|   32|        160|
    |grp_fu_1620_p0                 |   25|          5|   32|        160|
    |grp_fu_1620_p1                 |   25|          5|   32|        160|
    |grp_fu_1621_p0                 |   20|          4|   32|        128|
    |grp_fu_1621_p1                 |   20|          4|   32|        128|
    |grp_fu_1622_p0                 |   20|          4|   32|        128|
    |grp_fu_1622_p1                 |   20|          4|   32|        128|
    |grp_fu_1623_p0                 |   25|          5|   32|        160|
    |grp_fu_1623_p1                 |   25|          5|   32|        160|
    |grp_fu_1624_p0                 |   20|          4|   32|        128|
    |grp_fu_1624_p1                 |   20|          4|   32|        128|
    |grp_fu_1625_p0                 |   20|          4|   32|        128|
    |grp_fu_1625_p1                 |   20|          4|   32|        128|
    |grp_fu_1626_p0                 |   25|          5|   32|        160|
    |grp_fu_1626_p1                 |   25|          5|   32|        160|
    |grp_fu_1627_p0                 |   20|          4|   32|        128|
    |grp_fu_1627_p1                 |   20|          4|   32|        128|
    |grp_fu_1628_p0                 |   25|          5|   32|        160|
    |grp_fu_1628_p1                 |   25|          5|   32|        160|
    |grp_fu_1629_p0                 |   20|          4|   32|        128|
    |grp_fu_1629_p1                 |   20|          4|   32|        128|
    |grp_fu_3069_p0                 |   25|          5|   32|        160|
    |grp_fu_3069_p1                 |   25|          5|   32|        160|
    |grp_fu_3074_p0                 |   25|          5|   32|        160|
    |grp_fu_3074_p1                 |   25|          5|   32|        160|
    |grp_fu_3079_p0                 |   25|          5|   32|        160|
    |grp_fu_3079_p1                 |   25|          5|   32|        160|
    |grp_fu_3084_p0                 |   25|          5|   32|        160|
    |grp_fu_3084_p1                 |   25|          5|   32|        160|
    |grp_fu_3089_p0                 |   25|          5|   32|        160|
    |grp_fu_3089_p1                 |   25|          5|   32|        160|
    |grp_fu_3094_p0                 |   25|          5|   32|        160|
    |grp_fu_3094_p1                 |   25|          5|   32|        160|
    |grp_fu_3098_p0                 |   25|          5|   32|        160|
    |grp_fu_3098_p1                 |   25|          5|   32|        160|
    |grp_fu_3102_p0                 |   25|          5|   32|        160|
    |grp_fu_3102_p1                 |   25|          5|   32|        160|
    |grp_fu_3106_p0                 |   25|          5|   32|        160|
    |grp_fu_3106_p1                 |   25|          5|   32|        160|
    |grp_fu_3110_p0                 |   25|          5|   32|        160|
    |grp_fu_3110_p1                 |   25|          5|   32|        160|
    |grp_fu_3114_p0                 |   25|          5|   32|        160|
    |grp_fu_3114_p1                 |   25|          5|   32|        160|
    |grp_fu_3118_p0                 |   25|          5|   32|        160|
    |grp_fu_3118_p1                 |   25|          5|   32|        160|
    |grp_fu_3122_p0                 |   25|          5|   32|        160|
    |grp_fu_3122_p1                 |   25|          5|   32|        160|
    |grp_fu_3126_p0                 |   25|          5|   32|        160|
    |grp_fu_3126_p1                 |   25|          5|   32|        160|
    |grp_fu_3130_p0                 |   25|          5|   32|        160|
    |grp_fu_3130_p1                 |   25|          5|   32|        160|
    |grp_fu_3134_p0                 |   25|          5|   32|        160|
    |grp_fu_3134_p1                 |   25|          5|   32|        160|
    |grp_fu_3138_p0                 |   25|          5|   32|        160|
    |grp_fu_3138_p1                 |   25|          5|   32|        160|
    |grp_fu_3142_p0                 |   25|          5|   32|        160|
    |grp_fu_3142_p1                 |   25|          5|   32|        160|
    |grp_fu_3149_opcode             |   14|          3|    5|         15|
    |grp_fu_3149_p0                 |   14|          3|   32|         96|
    |grp_fu_3149_p1                 |   14|          3|   32|         96|
    |hist_0_address0                |   53|         10|    4|         40|
    |hist_0_address1                |   42|          8|    4|         32|
    |hist_0_d0                      |   14|          3|   32|         96|
    |hist_1_address0                |   59|         11|    4|         44|
    |hist_1_address1                |   37|          7|    4|         28|
    |hist_1_d0                      |   14|          3|   32|         96|
    |hist_2_address0                |   59|         11|    4|         44|
    |hist_2_address1                |   37|          7|    4|         28|
    |hist_2_d0                      |   14|          3|   32|         96|
    |hist_3_address0                |   59|         11|    4|         44|
    |hist_3_address1                |   37|          7|    4|         28|
    |hist_3_d0                      |   14|          3|   32|         96|
    |hist_4_address0                |   59|         11|    4|         44|
    |hist_4_address1                |   37|          7|    4|         28|
    |hist_4_d0                      |   14|          3|   32|         96|
    |k_1_reg_1575                   |    9|          2|    7|         14|
    |k_reg_1531                     |    9|          2|    7|         14|
    |n_reg_1564                     |    9|          2|   32|         64|
    |phi_mul_reg_1542               |    9|          2|   14|         28|
    |phi_urem_reg_1553              |    9|          2|    7|         14|
    +-------------------------------+-----+-----------+-----+-----------+
    |Total                          | 2970|        592| 2969|      13361|
    +-------------------------------+-----+-----------+-----+-----------+

    * Register: 
    +----------------------------------+-----+----+-----+-----------+
    |               Name               |  FF | LUT| Bits| Const Bits|
    +----------------------------------+-----+----+-----+-----------+
    |FIR_COEFFS_load_10_reg_5177       |   32|   0|   32|          0|
    |FIR_COEFFS_load_11_reg_5182       |   32|   0|   32|          0|
    |FIR_COEFFS_load_12_reg_5187       |   32|   0|   32|          0|
    |FIR_COEFFS_load_13_reg_5192       |   32|   0|   32|          0|
    |FIR_COEFFS_load_14_reg_5297       |   32|   0|   32|          0|
    |FIR_COEFFS_load_15_reg_5197       |   32|   0|   32|          0|
    |FIR_COEFFS_load_16_reg_5202       |   32|   0|   32|          0|
    |FIR_COEFFS_load_17_reg_5302       |   32|   0|   32|          0|
    |FIR_COEFFS_load_18_reg_5307       |   32|   0|   32|          0|
    |FIR_COEFFS_load_19_reg_5312       |   32|   0|   32|          0|
    |FIR_COEFFS_load_1_reg_5132        |   32|   0|   32|          0|
    |FIR_COEFFS_load_20_reg_5207       |   32|   0|   32|          0|
    |FIR_COEFFS_load_21_reg_5317       |   32|   0|   32|          0|
    |FIR_COEFFS_load_22_reg_5322       |   32|   0|   32|          0|
    |FIR_COEFFS_load_23_reg_5327       |   32|   0|   32|          0|
    |FIR_COEFFS_load_24_reg_5332       |   32|   0|   32|          0|
    |FIR_COEFFS_load_25_reg_5337       |   32|   0|   32|          0|
    |FIR_COEFFS_load_26_reg_5342       |   32|   0|   32|          0|
    |FIR_COEFFS_load_27_reg_5347       |   32|   0|   32|          0|
    |FIR_COEFFS_load_28_reg_5352       |   32|   0|   32|          0|
    |FIR_COEFFS_load_29_reg_5452       |   32|   0|   32|          0|
    |FIR_COEFFS_load_2_reg_5137        |   32|   0|   32|          0|
    |FIR_COEFFS_load_30_reg_5357       |   32|   0|   32|          0|
    |FIR_COEFFS_load_31_reg_5362       |   32|   0|   32|          0|
    |FIR_COEFFS_load_32_reg_5367       |   32|   0|   32|          0|
    |FIR_COEFFS_load_33_reg_5457       |   32|   0|   32|          0|
    |FIR_COEFFS_load_34_reg_5462       |   32|   0|   32|          0|
    |FIR_COEFFS_load_35_reg_5372       |   32|   0|   32|          0|
    |FIR_COEFFS_load_36_reg_5377       |   32|   0|   32|          0|
    |FIR_COEFFS_load_37_reg_5467       |   32|   0|   32|          0|
    |FIR_COEFFS_load_38_reg_5472       |   32|   0|   32|          0|
    |FIR_COEFFS_load_39_reg_5477       |   32|   0|   32|          0|
    |FIR_COEFFS_load_3_reg_5142        |   32|   0|   32|          0|
    |FIR_COEFFS_load_40_reg_5482       |   32|   0|   32|          0|
    |FIR_COEFFS_load_41_reg_5487       |   32|   0|   32|          0|
    |FIR_COEFFS_load_42_reg_5492       |   32|   0|   32|          0|
    |FIR_COEFFS_load_43_reg_5497       |   32|   0|   32|          0|
    |FIR_COEFFS_load_44_reg_5502       |   32|   0|   32|          0|
    |FIR_COEFFS_load_45_reg_5507       |   32|   0|   32|          0|
    |FIR_COEFFS_load_46_reg_5512       |   32|   0|   32|          0|
    |FIR_COEFFS_load_47_reg_5517       |   32|   0|   32|          0|
    |FIR_COEFFS_load_48_reg_5537       |   32|   0|   32|          0|
    |FIR_COEFFS_load_49_reg_5542       |   32|   0|   32|          0|
    |FIR_COEFFS_load_4_reg_5147        |   32|   0|   32|          0|
    |FIR_COEFFS_load_50_reg_5522       |   32|   0|   32|          0|
    |FIR_COEFFS_load_51_reg_5527       |   32|   0|   32|          0|
    |FIR_COEFFS_load_52_reg_5547       |   32|   0|   32|          0|
    |FIR_COEFFS_load_53_reg_5552       |   32|   0|   32|          0|
    |FIR_COEFFS_load_54_reg_5557       |   32|   0|   32|          0|
    |FIR_COEFFS_load_55_reg_5532       |   32|   0|   32|          0|
    |FIR_COEFFS_load_56_reg_5562       |   32|   0|   32|          0|
    |FIR_COEFFS_load_57_reg_5567       |   32|   0|   32|          0|
    |FIR_COEFFS_load_58_reg_5572       |   32|   0|   32|          0|
    |FIR_COEFFS_load_59_reg_5577       |   32|   0|   32|          0|
    |FIR_COEFFS_load_5_reg_5152        |   32|   0|   32|          0|
    |FIR_COEFFS_load_60_reg_5582       |   32|   0|   32|          0|
    |FIR_COEFFS_load_61_reg_5587       |   32|   0|   32|          0|
    |FIR_COEFFS_load_62_reg_5592       |   32|   0|   32|          0|
    |FIR_COEFFS_load_63_reg_5597       |   32|   0|   32|          0|
    |FIR_COEFFS_load_64_reg_5602       |   32|   0|   32|          0|
    |FIR_COEFFS_load_6_reg_5157        |   32|   0|   32|          0|
    |FIR_COEFFS_load_7_reg_5162        |   32|   0|   32|          0|
    |FIR_COEFFS_load_8_reg_5167        |   32|   0|   32|          0|
    |FIR_COEFFS_load_9_reg_5172        |   32|   0|   32|          0|
    |FIR_COEFFS_load_reg_5127          |   32|   0|   32|          0|
    |a_reg_6301                        |   32|   0|   32|          0|
    |acc_reg_1598                      |   32|   0|   32|          0|
    |add29_10_1_reg_6217               |   32|   0|   32|          0|
    |add29_10_2_reg_6222               |   32|   0|   32|          0|
    |add29_10_3_reg_6227               |   32|   0|   32|          0|
    |add29_10_4_reg_6232               |   32|   0|   32|          0|
    |add29_10_reg_6212                 |   32|   0|   32|          0|
    |add29_11_1_reg_6242               |   32|   0|   32|          0|
    |add29_11_2_reg_6247               |   32|   0|   32|          0|
    |add29_11_3_reg_6252               |   32|   0|   32|          0|
    |add29_11_4_reg_6257               |   32|   0|   32|          0|
    |add29_11_reg_6237                 |   32|   0|   32|          0|
    |add29_1_1_reg_5967                |   32|   0|   32|          0|
    |add29_1_22_reg_6192               |   32|   0|   32|          0|
    |add29_1_2_reg_5972                |   32|   0|   32|          0|
    |add29_1_3_reg_5977                |   32|   0|   32|          0|
    |add29_1_4_reg_5982                |   32|   0|   32|          0|
    |add29_1_reg_5962                  |   32|   0|   32|          0|
    |add29_2_1_reg_5992                |   32|   0|   32|          0|
    |add29_2_24_reg_6197               |   32|   0|   32|          0|
    |add29_2_2_reg_5997                |   32|   0|   32|          0|
    |add29_2_3_reg_6002                |   32|   0|   32|          0|
    |add29_2_4_reg_6007                |   32|   0|   32|          0|
    |add29_2_reg_5987                  |   32|   0|   32|          0|
    |add29_3_1_reg_6017                |   32|   0|   32|          0|
    |add29_3_26_reg_6202               |   32|   0|   32|          0|
    |add29_3_2_reg_6022                |   32|   0|   32|          0|
    |add29_3_3_reg_6027                |   32|   0|   32|          0|
    |add29_3_4_reg_6032                |   32|   0|   32|          0|
    |add29_3_reg_6012                  |   32|   0|   32|          0|
    |add29_4_1_reg_6042                |   32|   0|   32|          0|
    |add29_4_28_reg_6207               |   32|   0|   32|          0|
    |add29_4_2_reg_6047                |   32|   0|   32|          0|
    |add29_4_3_reg_6052                |   32|   0|   32|          0|
    |add29_4_4_reg_6057                |   32|   0|   32|          0|
    |add29_4_reg_6037                  |   32|   0|   32|          0|
    |add29_5_1_reg_6067                |   32|   0|   32|          0|
    |add29_5_2_reg_6072                |   32|   0|   32|          0|
    |add29_5_3_reg_6077                |   32|   0|   32|          0|
    |add29_5_4_reg_6082                |   32|   0|   32|          0|
    |add29_5_reg_6062                  |   32|   0|   32|          0|
    |add29_6_1_reg_6092                |   32|   0|   32|          0|
    |add29_6_2_reg_6097                |   32|   0|   32|          0|
    |add29_6_3_reg_6102                |   32|   0|   32|          0|
    |add29_6_4_reg_6107                |   32|   0|   32|          0|
    |add29_6_reg_6087                  |   32|   0|   32|          0|
    |add29_7_1_reg_6117                |   32|   0|   32|          0|
    |add29_7_2_reg_6122                |   32|   0|   32|          0|
    |add29_7_3_reg_6127                |   32|   0|   32|          0|
    |add29_7_4_reg_6132                |   32|   0|   32|          0|
    |add29_7_reg_6112                  |   32|   0|   32|          0|
    |add29_8_1_reg_6142                |   32|   0|   32|          0|
    |add29_8_2_reg_6147                |   32|   0|   32|          0|
    |add29_8_3_reg_6152                |   32|   0|   32|          0|
    |add29_8_4_reg_6157                |   32|   0|   32|          0|
    |add29_8_reg_6137                  |   32|   0|   32|          0|
    |add29_9_1_reg_6167                |   32|   0|   32|          0|
    |add29_9_2_reg_6172                |   32|   0|   32|          0|
    |add29_9_3_reg_6177                |   32|   0|   32|          0|
    |add29_9_4_reg_6182                |   32|   0|   32|          0|
    |add29_9_reg_6162                  |   32|   0|   32|          0|
    |add29_s_reg_6187                  |   32|   0|   32|          0|
    |add_1_reg_5942                    |   32|   0|   32|          0|
    |add_2_reg_5947                    |   32|   0|   32|          0|
    |add_3_reg_5952                    |   32|   0|   32|          0|
    |add_4_reg_5957                    |   32|   0|   32|          0|
    |add_i_reg_6333                    |   32|   0|   32|          0|
    |add_ln102_reg_4531                |    7|   0|    7|          0|
    |add_ln103_reg_4536                |    6|   0|    6|          0|
    |add_ln109_reg_4895                |    3|   0|    3|          0|
    |add_ln109_reg_4895_pp2_iter1_reg  |    3|   0|    3|          0|
    |add_ln127_reg_4905                |    9|   0|    9|          0|
    |add_ln95_reg_4518                 |   32|   0|   32|          0|
    |add_reg_5937                      |   32|   0|   32|          0|
    |and_ln67_reg_6295                 |    1|   0|    1|          0|
    |ap_CS_fsm                         |   19|   0|   19|          0|
    |ap_enable_reg_pp1_iter0           |    1|   0|    1|          0|
    |ap_enable_reg_pp1_iter1           |    1|   0|    1|          0|
    |ap_enable_reg_pp1_iter2           |    1|   0|    1|          0|
    |ap_enable_reg_pp1_iter3           |    1|   0|    1|          0|
    |ap_enable_reg_pp1_iter4           |    1|   0|    1|          0|
    |ap_enable_reg_pp1_iter5           |    1|   0|    1|          0|
    |ap_enable_reg_pp2_iter0           |    1|   0|    1|          0|
    |ap_enable_reg_pp2_iter1           |    1|   0|    1|          0|
    |ap_enable_reg_pp2_iter10          |    1|   0|    1|          0|
    |ap_enable_reg_pp2_iter11          |    1|   0|    1|          0|
    |ap_enable_reg_pp2_iter12          |    1|   0|    1|          0|
    |ap_enable_reg_pp2_iter13          |    1|   0|    1|          0|
    |ap_enable_reg_pp2_iter14          |    1|   0|    1|          0|
    |ap_enable_reg_pp2_iter15          |    1|   0|    1|          0|
    |ap_enable_reg_pp2_iter16          |    1|   0|    1|          0|
    |ap_enable_reg_pp2_iter17          |    1|   0|    1|          0|
    |ap_enable_reg_pp2_iter18          |    1|   0|    1|          0|
    |ap_enable_reg_pp2_iter19          |    1|   0|    1|          0|
    |ap_enable_reg_pp2_iter2           |    1|   0|    1|          0|
    |ap_enable_reg_pp2_iter20          |    1|   0|    1|          0|
    |ap_enable_reg_pp2_iter21          |    1|   0|    1|          0|
    |ap_enable_reg_pp2_iter22          |    1|   0|    1|          0|
    |ap_enable_reg_pp2_iter23          |    1|   0|    1|          0|
    |ap_enable_reg_pp2_iter24          |    1|   0|    1|          0|
    |ap_enable_reg_pp2_iter25          |    1|   0|    1|          0|
    |ap_enable_reg_pp2_iter26          |    1|   0|    1|          0|
    |ap_enable_reg_pp2_iter27          |    1|   0|    1|          0|
    |ap_enable_reg_pp2_iter28          |    1|   0|    1|          0|
    |ap_enable_reg_pp2_iter29          |    1|   0|    1|          0|
    |ap_enable_reg_pp2_iter3           |    1|   0|    1|          0|
    |ap_enable_reg_pp2_iter30          |    1|   0|    1|          0|
    |ap_enable_reg_pp2_iter31          |    1|   0|    1|          0|
    |ap_enable_reg_pp2_iter4           |    1|   0|    1|          0|
    |ap_enable_reg_pp2_iter5           |    1|   0|    1|          0|
    |ap_enable_reg_pp2_iter6           |    1|   0|    1|          0|
    |ap_enable_reg_pp2_iter7           |    1|   0|    1|          0|
    |ap_enable_reg_pp2_iter8           |    1|   0|    1|          0|
    |ap_enable_reg_pp2_iter9           |    1|   0|    1|          0|
    |b_reg_1587                        |    3|   0|    3|          0|
    |bitcast_ln105_reg_4192            |   32|   0|   32|          0|
    |bitcast_ln67_reg_6290             |   32|   0|   32|          0|
    |hist_0_load_10_reg_4845           |   32|   0|   32|          0|
    |hist_0_load_11_reg_4870           |   32|   0|   32|          0|
    |hist_0_load_1_reg_4620            |   32|   0|   32|          0|
    |hist_0_load_2_reg_4645            |   32|   0|   32|          0|
    |hist_0_load_3_reg_4670            |   32|   0|   32|          0|
    |hist_0_load_4_reg_4695            |   32|   0|   32|          0|
    |hist_0_load_5_reg_4720            |   32|   0|   32|          0|
    |hist_0_load_6_reg_4745            |   32|   0|   32|          0|
    |hist_0_load_7_reg_4770            |   32|   0|   32|          0|
    |hist_0_load_8_reg_4795            |   32|   0|   32|          0|
    |hist_0_load_9_reg_4820            |   32|   0|   32|          0|
    |hist_0_load_reg_4595              |   32|   0|   32|          0|
    |hist_1_load_10_reg_4825           |   32|   0|   32|          0|
    |hist_1_load_11_reg_4850           |   32|   0|   32|          0|
    |hist_1_load_12_reg_4875           |   32|   0|   32|          0|
    |hist_1_load_1_reg_4600            |   32|   0|   32|          0|
    |hist_1_load_2_reg_4625            |   32|   0|   32|          0|
    |hist_1_load_3_reg_4650            |   32|   0|   32|          0|
    |hist_1_load_4_reg_4675            |   32|   0|   32|          0|
    |hist_1_load_5_reg_4700            |   32|   0|   32|          0|
    |hist_1_load_6_reg_4725            |   32|   0|   32|          0|
    |hist_1_load_7_reg_4750            |   32|   0|   32|          0|
    |hist_1_load_8_reg_4775            |   32|   0|   32|          0|
    |hist_1_load_9_reg_4800            |   32|   0|   32|          0|
    |hist_1_load_reg_4575              |   32|   0|   32|          0|
    |hist_2_load_10_reg_4830           |   32|   0|   32|          0|
    |hist_2_load_11_reg_4855           |   32|   0|   32|          0|
    |hist_2_load_12_reg_4880           |   32|   0|   32|          0|
    |hist_2_load_1_reg_4605            |   32|   0|   32|          0|
    |hist_2_load_2_reg_4630            |   32|   0|   32|          0|
    |hist_2_load_3_reg_4655            |   32|   0|   32|          0|
    |hist_2_load_4_reg_4680            |   32|   0|   32|          0|
    |hist_2_load_5_reg_4705            |   32|   0|   32|          0|
    |hist_2_load_6_reg_4730            |   32|   0|   32|          0|
    |hist_2_load_7_reg_4755            |   32|   0|   32|          0|
    |hist_2_load_8_reg_4780            |   32|   0|   32|          0|
    |hist_2_load_9_reg_4805            |   32|   0|   32|          0|
    |hist_2_load_reg_4580              |   32|   0|   32|          0|
    |hist_3_load_10_reg_4835           |   32|   0|   32|          0|
    |hist_3_load_11_reg_4860           |   32|   0|   32|          0|
    |hist_3_load_12_reg_4885           |   32|   0|   32|          0|
    |hist_3_load_1_reg_4610            |   32|   0|   32|          0|
    |hist_3_load_2_reg_4635            |   32|   0|   32|          0|
    |hist_3_load_3_reg_4660            |   32|   0|   32|          0|
    |hist_3_load_4_reg_4685            |   32|   0|   32|          0|
    |hist_3_load_5_reg_4710            |   32|   0|   32|          0|
    |hist_3_load_6_reg_4735            |   32|   0|   32|          0|
    |hist_3_load_7_reg_4760            |   32|   0|   32|          0|
    |hist_3_load_8_reg_4785            |   32|   0|   32|          0|
    |hist_3_load_9_reg_4810            |   32|   0|   32|          0|
    |hist_3_load_reg_4585              |   32|   0|   32|          0|
    |hist_4_load_10_reg_4840           |   32|   0|   32|          0|
    |hist_4_load_11_reg_4865           |   32|   0|   32|          0|
    |hist_4_load_12_reg_4890           |   32|   0|   32|          0|
    |hist_4_load_1_reg_4615            |   32|   0|   32|          0|
    |hist_4_load_2_reg_4640            |   32|   0|   32|          0|
    |hist_4_load_3_reg_4665            |   32|   0|   32|          0|
    |hist_4_load_4_reg_4690            |   32|   0|   32|          0|
    |hist_4_load_5_reg_4715            |   32|   0|   32|          0|
    |hist_4_load_6_reg_4740            |   32|   0|   32|          0|
    |hist_4_load_7_reg_4765            |   32|   0|   32|          0|
    |hist_4_load_8_reg_4790            |   32|   0|   32|          0|
    |hist_4_load_9_reg_4815            |   32|   0|   32|          0|
    |hist_4_load_reg_4590              |   32|   0|   32|          0|
    |icmp_ln102_reg_4527               |    1|   0|    1|          0|
    |icmp_ln109_reg_4901               |    1|   0|    1|          0|
    |icmp_ln137_reg_5777               |    1|   0|    1|          0|
    |icmp_ln68_1_reg_6313              |    1|   0|    1|          0|
    |icmp_ln68_reg_6308                |    1|   0|    1|          0|
    |k_1_reg_1575                      |    7|   0|    7|          0|
    |k_reg_1531                        |    7|   0|    7|          0|
    |mul_10_1_reg_5892                 |   32|   0|   32|          0|
    |mul_10_2_reg_5897                 |   32|   0|   32|          0|
    |mul_10_3_reg_5902                 |   32|   0|   32|          0|
    |mul_10_4_reg_5907                 |   32|   0|   32|          0|
    |mul_10_reg_5852                   |   32|   0|   32|          0|
    |mul_11_1_reg_5917                 |   32|   0|   32|          0|
    |mul_11_2_reg_5922                 |   32|   0|   32|          0|
    |mul_11_3_reg_5927                 |   32|   0|   32|          0|
    |mul_11_4_reg_5932                 |   32|   0|   32|          0|
    |mul_11_reg_5632                   |   32|   0|   32|          0|
    |mul_12_reg_5657                   |   32|   0|   32|          0|
    |mul_13_reg_5677                   |   32|   0|   32|          0|
    |mul_14_reg_5862                   |   32|   0|   32|          0|
    |mul_15_reg_5912                   |   32|   0|   32|          0|
    |mul_1_1_reg_5637                  |   32|   0|   32|          0|
    |mul_1_21_reg_5857                 |   32|   0|   32|          0|
    |mul_1_2_reg_5642                  |   32|   0|   32|          0|
    |mul_1_3_reg_5647                  |   32|   0|   32|          0|
    |mul_1_4_reg_5652                  |   32|   0|   32|          0|
    |mul_1_reg_5617                    |   32|   0|   32|          0|
    |mul_2_1_reg_5662                  |   32|   0|   32|          0|
    |mul_2_23_reg_5877                 |   32|   0|   32|          0|
    |mul_2_2_reg_5667                  |   32|   0|   32|          0|
    |mul_2_3_reg_5672                  |   32|   0|   32|          0|
    |mul_2_4_reg_5692                  |   32|   0|   32|          0|
    |mul_2_reg_5622                    |   32|   0|   32|          0|
    |mul_3_1_reg_5682                  |   32|   0|   32|          0|
    |mul_3_25_reg_5882                 |   32|   0|   32|          0|
    |mul_3_2_reg_5697                  |   32|   0|   32|          0|
    |mul_3_3_reg_5702                  |   32|   0|   32|          0|
    |mul_3_4_reg_5707                  |   32|   0|   32|          0|
    |mul_3_reg_5627                    |   32|   0|   32|          0|
    |mul_4_1_reg_5712                  |   32|   0|   32|          0|
    |mul_4_27_reg_5887                 |   32|   0|   32|          0|
    |mul_4_2_reg_5717                  |   32|   0|   32|          0|
    |mul_4_3_reg_5722                  |   32|   0|   32|          0|
    |mul_4_4_reg_5727                  |   32|   0|   32|          0|
    |mul_4_reg_5687                    |   32|   0|   32|          0|
    |mul_5_1_reg_5737                  |   32|   0|   32|          0|
    |mul_5_2_reg_5742                  |   32|   0|   32|          0|
    |mul_5_3_reg_5747                  |   32|   0|   32|          0|
    |mul_5_4_reg_5782                  |   32|   0|   32|          0|
    |mul_5_reg_5732                    |   32|   0|   32|          0|
    |mul_6_1_reg_5757                  |   32|   0|   32|          0|
    |mul_6_2_reg_5762                  |   32|   0|   32|          0|
    |mul_6_3_reg_5787                  |   32|   0|   32|          0|
    |mul_6_4_reg_5792                  |   32|   0|   32|          0|
    |mul_6_reg_5752                    |   32|   0|   32|          0|
    |mul_7_1_reg_5772                  |   32|   0|   32|          0|
    |mul_7_2_reg_5797                  |   32|   0|   32|          0|
    |mul_7_3_reg_5802                  |   32|   0|   32|          0|
    |mul_7_4_reg_5807                  |   32|   0|   32|          0|
    |mul_7_reg_5767                    |   32|   0|   32|          0|
    |mul_8_1_reg_5817                  |   32|   0|   32|          0|
    |mul_8_2_reg_5822                  |   32|   0|   32|          0|
    |mul_8_3_reg_5827                  |   32|   0|   32|          0|
    |mul_8_4_reg_5832                  |   32|   0|   32|          0|
    |mul_8_reg_5812                    |   32|   0|   32|          0|
    |mul_9_1_reg_5842                  |   32|   0|   32|          0|
    |mul_9_2_reg_5847                  |   32|   0|   32|          0|
    |mul_9_3_reg_5867                  |   32|   0|   32|          0|
    |mul_9_4_reg_5872                  |   32|   0|   32|          0|
    |mul_9_reg_5837                    |   32|   0|   32|          0|
    |mul_i_reg_6328                    |   32|   0|   32|          0|
    |mul_reg_5607                      |   32|   0|   32|          0|
    |mul_s_reg_5612                    |   32|   0|   32|          0|
    |n_reg_1564                        |   32|   0|   32|          0|
    |phi_mul_reg_1542                  |   14|   0|   14|          0|
    |phi_urem_reg_1553                 |    7|   0|    7|          0|
    |select_ln68_reg_6343              |   32|   0|   32|          0|
    |sub4_i_reg_6323                   |   32|   0|   32|          0|
    |tmp_4_reg_6318                    |    1|   0|    1|          0|
    |trunc_ln103_reg_4546              |    3|   0|    3|          0|
    |urem_ln103_reg_4541               |    7|   0|    7|          0|
    |ys_1_1_reg_6267                   |   32|   0|   32|          0|
    |ys_1_2_reg_6272                   |   32|   0|   32|          0|
    |ys_1_3_reg_6277                   |   32|   0|   32|          0|
    |ys_1_4_reg_6282                   |   32|   0|   32|          0|
    |ys_1_reg_6262                     |   32|   0|   32|          0|
    |add29_11_1_reg_6242               |   64|  32|   32|          0|
    |add29_11_2_reg_6247               |   64|  32|   32|          0|
    |add29_11_3_reg_6252               |   64|  32|   32|          0|
    |add29_11_4_reg_6257               |   64|  32|   32|          0|
    |and_ln67_reg_6295                 |   64|  32|    1|          0|
    |icmp_ln102_reg_4527               |   64|  32|    1|          0|
    |icmp_ln109_reg_4901               |   64|  32|    1|          0|
    |icmp_ln137_reg_5777               |   64|  32|    1|          0|
    |icmp_ln68_1_reg_6313              |   64|  32|    1|          0|
    |icmp_ln68_reg_6308                |   64|  32|    1|          0|
    |k_1_reg_1575                      |   64|  32|    7|          0|
    |mul_10_1_reg_5892                 |   64|  32|   32|          0|
    |mul_10_2_reg_5897                 |   64|  32|   32|          0|
    |mul_10_3_reg_5902                 |   64|  32|   32|          0|
    |mul_10_4_reg_5907                 |   64|  32|   32|          0|
    |mul_10_reg_5852                   |   64|  32|   32|          0|
    |mul_11_1_reg_5917                 |   64|  32|   32|          0|
    |mul_11_2_reg_5922                 |   64|  32|   32|          0|
    |mul_11_3_reg_5927                 |   64|  32|   32|          0|
    |mul_11_4_reg_5932                 |   64|  32|   32|          0|
    |mul_11_reg_5632                   |   64|  32|   32|          0|
    |mul_12_reg_5657                   |   64|  32|   32|          0|
    |mul_13_reg_5677                   |   64|  32|   32|          0|
    |mul_14_reg_5862                   |   64|  32|   32|          0|
    |mul_15_reg_5912                   |   64|  32|   32|          0|
    |mul_1_1_reg_5637                  |   64|  32|   32|          0|
    |mul_1_21_reg_5857                 |   64|  32|   32|          0|
    |mul_1_2_reg_5642                  |   64|  32|   32|          0|
    |mul_1_3_reg_5647                  |   64|  32|   32|          0|
    |mul_1_4_reg_5652                  |   64|  32|   32|          0|
    |mul_2_1_reg_5662                  |   64|  32|   32|          0|
    |mul_2_23_reg_5877                 |   64|  32|   32|          0|
    |mul_2_2_reg_5667                  |   64|  32|   32|          0|
    |mul_2_3_reg_5672                  |   64|  32|   32|          0|
    |mul_2_4_reg_5692                  |   64|  32|   32|          0|
    |mul_3_1_reg_5682                  |   64|  32|   32|          0|
    |mul_3_25_reg_5882                 |   64|  32|   32|          0|
    |mul_3_2_reg_5697                  |   64|  32|   32|          0|
    |mul_3_3_reg_5702                  |   64|  32|   32|          0|
    |mul_3_4_reg_5707                  |   64|  32|   32|          0|
    |mul_4_1_reg_5712                  |   64|  32|   32|          0|
    |mul_4_27_reg_5887                 |   64|  32|   32|          0|
    |mul_4_2_reg_5717                  |   64|  32|   32|          0|
    |mul_4_3_reg_5722                  |   64|  32|   32|          0|
    |mul_4_4_reg_5727                  |   64|  32|   32|          0|
    |mul_4_reg_5687                    |   64|  32|   32|          0|
    |mul_5_1_reg_5737                  |   64|  32|   32|          0|
    |mul_5_2_reg_5742                  |   64|  32|   32|          0|
    |mul_5_3_reg_5747                  |   64|  32|   32|          0|
    |mul_5_4_reg_5782                  |   64|  32|   32|          0|
    |mul_5_reg_5732                    |   64|  32|   32|          0|
    |mul_6_1_reg_5757                  |   64|  32|   32|          0|
    |mul_6_2_reg_5762                  |   64|  32|   32|          0|
    |mul_6_3_reg_5787                  |   64|  32|   32|          0|
    |mul_6_4_reg_5792                  |   64|  32|   32|          0|
    |mul_6_reg_5752                    |   64|  32|   32|          0|
    |mul_7_1_reg_5772                  |   64|  32|   32|          0|
    |mul_7_2_reg_5797                  |   64|  32|   32|          0|
    |mul_7_3_reg_5802                  |   64|  32|   32|          0|
    |mul_7_4_reg_5807                  |   64|  32|   32|          0|
    |mul_7_reg_5767                    |   64|  32|   32|          0|
    |mul_8_1_reg_5817                  |   64|  32|   32|          0|
    |mul_8_2_reg_5822                  |   64|  32|   32|          0|
    |mul_8_3_reg_5827                  |   64|  32|   32|          0|
    |mul_8_4_reg_5832                  |   64|  32|   32|          0|
    |mul_8_reg_5812                    |   64|  32|   32|          0|
    |mul_9_1_reg_5842                  |   64|  32|   32|          0|
    |mul_9_2_reg_5847                  |   64|  32|   32|          0|
    |mul_9_3_reg_5867                  |   64|  32|   32|          0|
    |mul_9_4_reg_5872                  |   64|  32|   32|          0|
    |mul_9_reg_5837                    |   64|  32|   32|          0|
    |tmp_4_reg_6318                    |   64|  32|    1|          0|
    |ys_1_4_reg_6282                   |   64|  32|   32|          0|
    +----------------------------------+-----+----+-----+-----------+
    |Total                             |13580|2336|11002|          0|
    +----------------------------------+-----+----+-----+-----------+



================================================================
== Interface
================================================================
* Summary: 
+--------------+-----+-----+------------+---------------+--------------+
|   RTL Ports  | Dir | Bits|  Protocol  | Source Object |    C Type    |
+--------------+-----+-----+------------+---------------+--------------+
|ap_clk        |   in|    1|  ap_ctrl_hs|  fir_multiband|  return value|
|ap_rst        |   in|    1|  ap_ctrl_hs|  fir_multiband|  return value|
|ap_start      |   in|    1|  ap_ctrl_hs|  fir_multiband|  return value|
|ap_done       |  out|    1|  ap_ctrl_hs|  fir_multiband|  return value|
|ap_idle       |  out|    1|  ap_ctrl_hs|  fir_multiband|  return value|
|ap_ready      |  out|    1|  ap_ctrl_hs|  fir_multiband|  return value|
|in_r          |   in|   32|     ap_none|           in_r|       pointer|
|out_r         |  out|   32|      ap_vld|          out_r|       pointer|
|out_r_ap_vld  |  out|    1|      ap_vld|          out_r|       pointer|
|length_r      |   in|   32|     ap_none|       length_r|        scalar|
+--------------+-----+-----+------------+---------------+--------------+

