

================================================================
== Synthesis Summary Report of 'fir_multiband'
================================================================
+ General Information: 
    * Date:           Wed Sep 30 17:31:28 2026
    * Version:        2020.2 (Build 3064766 on Wed Nov 18 09:12:45 MST 2020)
    * Project:        synth_proj
    * Solution:       solution1 (Vivado IP Flow Target)
    * Product family: zynq
    * Target device:  xc7z020-clg400-1
    

+ Performance & Resource Estimates: 
    
    PS: '+' for module; 'o' for loop; '*' for dataflow
    +-----------------------+------+-------+---------+-----------+----------+---------+------+----------+---------+---------+-------------+-------------+-----+
    |        Modules        | Issue|       | Latency |  Latency  | Iteration|         | Trip |          |         |         |             |             |     |
    |        & Loops        | Type | Slack | (cycles)|    (ns)   |  Latency | Interval| Count| Pipelined|  BRAM   |   DSP   |      FF     |     LUT     | URAM|
    +-----------------------+------+-------+---------+-----------+----------+---------+------+----------+---------+---------+-------------+-------------+-----+
    |+ fir_multiband        |     -|  -0.33|        -|          -|         -|        -|     -|        no|  14 (5%)|  17 (7%)|  15883 (14%)|  17112 (32%)|    -|
    | o VITIS_LOOP_263_3    |     -|  -7.30|        -|          -|       482|        -|     -|        no|        -|        -|            -|            -|    -|
    |  o VITIS_LOOP_270_4   |    II|  -7.30|      398|  3.980e+03|        13|        2|   194|       yes|        -|        -|            -|            -|    -|
    |  o VITIS_LOOP_281_5   |    II|  -7.30|       44|    440.000|        19|       13|     3|       yes|        -|        -|            -|            -|    -|
    |  o VITIS_LOOP_356_10  |     -|  -7.30|       12|    120.000|        10|        1|     4|       yes|        -|        -|            -|            -|    -|
    +-----------------------+------+-------+---------+-----------+----------+---------+------+----------+---------+---------+-------------+-------------+-----+

