Copyright 1986-2020 Xilinx, Inc. All Rights Reserved.
----------------------------------------------------------------------------------------------------------------------------------------------------------------------------------------------------
| Tool Version : Vivado v.2020.2 (win64) Build 3064766 Wed Nov 18 09:12:45 MST 2020
| Date         : Tue Sep 29 20:38:39 2026
| Host         : yu running 64-bit major release  (build 9200)
| Command      : report_timing -delay_type max -max_paths 5 -path_type full_clock_expanded -file D:/pynq-multiband-audio-accel/build/hls/reports/v10_fixed_nolimit_impl/timing_impl_worst_paths.rpt
| Design       : fir_multiband
| Device       : 7z020-clg400
| Speed File   : -1  PRODUCTION 1.12 2019-11-22
----------------------------------------------------------------------------------------------------------------------------------------------------------------------------------------------------

Timing Report

Slack (MET) :             0.639ns  (required time - arrival time)
  Source:                 k_1_reg_1917_pp1_iter5_reg_reg[0]/C
                            (rising edge-triggered cell FDRE clocked by ap_clk  {rise@0.000ns fall@5.000ns period=10.000ns})
  Destination:            hist_V_2_U/fir_multiband_hist_V_1_ram_U/q0_reg[4]/D
                            (rising edge-triggered cell FDRE clocked by ap_clk  {rise@0.000ns fall@5.000ns period=10.000ns})
  Path Group:             ap_clk
  Path Type:              Setup (Max at Slow Process Corner)
  Requirement:            10.000ns  (ap_clk rise@10.000ns - ap_clk rise@0.000ns)
  Data Path Delay:        9.054ns  (logic 3.126ns (34.525%)  route 5.928ns (65.475%))
  Logic Levels:           9  (CARRY4=3 LUT3=1 LUT5=1 LUT6=3 RAMD32=1)
  Clock Path Skew:        0.014ns (DCD - SCD + CPR)
    Destination Clock Delay (DCD):    4.596ns = ( 14.596 - 10.000 ) 
    Source Clock Delay      (SCD):    5.041ns
    Clock Pessimism Removal (CPR):    0.458ns
  Clock Uncertainty:      0.035ns  ((TSJ^2 + TIJ^2)^1/2 + DJ) / 2 + PE
    Total System Jitter     (TSJ):    0.071ns
    Total Input Jitter      (TIJ):    0.000ns
    Discrete Jitter          (DJ):    0.000ns
    Phase Error              (PE):    0.000ns

    Location             Delay type                Incr(ns)  Path(ns)    Netlist Resource(s)
  -------------------------------------------------------------------    -------------------
                         (clock ap_clk rise edge)     0.000     0.000 r  
    U14                                               0.000     0.000 r  ap_clk (IN)
                         net (fo=0)                   0.000     0.000    ap_clk
    U14                  IBUF (Prop_ibuf_I_O)         1.075     1.075 r  ap_clk_IBUF_inst/O
                         net (fo=1, routed)           2.205     3.280    ap_clk_IBUF
    BUFGCTRL_X0Y16       BUFG (Prop_bufg_I_O)         0.101     3.381 r  ap_clk_IBUF_BUFG_inst/O
                         net (fo=2931, routed)        1.660     5.041    ap_clk_IBUF_BUFG
    SLICE_X38Y32         FDRE                                         r  k_1_reg_1917_pp1_iter5_reg_reg[0]/C
  -------------------------------------------------------------------    -------------------
    SLICE_X38Y32         FDRE (Prop_fdre_C_Q)         0.518     5.559 r  k_1_reg_1917_pp1_iter5_reg_reg[0]/Q
                         net (fo=5, routed)           0.558     6.116    mul_7ns_9ns_15_1_1_U4/fir_multiband_mul_7ns_9ns_15_1_1_Multiplier_1_U/k_1_reg_1917_pp1_iter5_reg[0]
    SLICE_X38Y32         CARRY4 (Prop_carry4_S[0]_O[2])
                                                      0.668     6.784 r  mul_7ns_9ns_15_1_1_U4/fir_multiband_mul_7ns_9ns_15_1_1_Multiplier_1_U/p__18_carry/O[2]
                         net (fo=5, routed)           1.124     7.908    mul_7ns_9ns_15_1_1_U4/fir_multiband_mul_7ns_9ns_15_1_1_Multiplier_1_U/p__18_carry_n_5
    SLICE_X38Y31         LUT5 (Prop_lut5_I0_O)        0.301     8.209 r  mul_7ns_9ns_15_1_1_U4/fir_multiband_mul_7ns_9ns_15_1_1_Multiplier_1_U/p__41_carry__0_i_2/O
                         net (fo=2, routed)           0.631     8.840    mul_7ns_9ns_15_1_1_U4/fir_multiband_mul_7ns_9ns_15_1_1_Multiplier_1_U/p__41_carry__0_i_2_n_0
    SLICE_X37Y32         LUT6 (Prop_lut6_I0_O)        0.124     8.964 r  mul_7ns_9ns_15_1_1_U4/fir_multiband_mul_7ns_9ns_15_1_1_Multiplier_1_U/p__41_carry__0_i_6/O
                         net (fo=1, routed)           0.000     8.964    mul_7ns_9ns_15_1_1_U4/fir_multiband_mul_7ns_9ns_15_1_1_Multiplier_1_U/p__41_carry__0_i_6_n_0
    SLICE_X37Y32         CARRY4 (Prop_carry4_S[2]_CO[3])
                                                      0.398     9.362 r  mul_7ns_9ns_15_1_1_U4/fir_multiband_mul_7ns_9ns_15_1_1_Multiplier_1_U/p__41_carry__0/CO[3]
                         net (fo=1, routed)           0.000     9.362    mul_7ns_9ns_15_1_1_U4/fir_multiband_mul_7ns_9ns_15_1_1_Multiplier_1_U/p__41_carry__0_n_0
    SLICE_X37Y33         CARRY4 (Prop_carry4_CI_O[0])
                                                      0.222     9.584 r  mul_7ns_9ns_15_1_1_U4/fir_multiband_mul_7ns_9ns_15_1_1_Multiplier_1_U/p__41_carry__1/O[0]
                         net (fo=1, routed)           0.469    10.053    mul_7ns_9ns_15_1_1_U4/fir_multiband_mul_7ns_9ns_15_1_1_Multiplier_1_U/mul_ln212_1_fu_2146_p2[11]
    SLICE_X33Y33         LUT6 (Prop_lut6_I0_O)        0.299    10.352 r  mul_7ns_9ns_15_1_1_U4/fir_multiband_mul_7ns_9ns_15_1_1_Multiplier_1_U/ram_reg_i_31/O
                         net (fo=2, routed)           0.319    10.671    mul_7ns_9ns_15_1_1_U4/fir_multiband_mul_7ns_9ns_15_1_1_Multiplier_1_U/ram_reg_i_31_n_0
    SLICE_X32Y32         LUT6 (Prop_lut6_I1_O)        0.124    10.795 r  mul_7ns_9ns_15_1_1_U4/fir_multiband_mul_7ns_9ns_15_1_1_Multiplier_1_U/ram_reg_0_15_0_0_i_10/O
                         net (fo=1, routed)           0.557    11.352    mul_7ns_9ns_15_1_1_U4/fir_multiband_mul_7ns_9ns_15_1_1_Multiplier_1_U/ram_reg_0_15_0_0_i_10_n_0
    SLICE_X32Y30         LUT3 (Prop_lut3_I2_O)        0.116    11.468 r  mul_7ns_9ns_15_1_1_U4/fir_multiband_mul_7ns_9ns_15_1_1_Multiplier_1_U/ram_reg_0_15_0_0_i_3/O
                         net (fo=192, routed)         1.653    13.122    hist_V_2_U/fir_multiband_hist_V_1_ram_U/ram_reg_0_15_4_4/A1
    SLICE_X30Y21         RAMD32 (Prop_ramd32_RADR1_O)
                                                      0.356    13.478 r  hist_V_2_U/fir_multiband_hist_V_1_ram_U/ram_reg_0_15_4_4/SP/O
                         net (fo=1, routed)           0.617    14.095    hist_V_2_U/fir_multiband_hist_V_1_ram_U/q00__0[4]
    SLICE_X31Y21         FDRE                                         r  hist_V_2_U/fir_multiband_hist_V_1_ram_U/q0_reg[4]/D
  -------------------------------------------------------------------    -------------------

                         (clock ap_clk rise edge)    10.000    10.000 r  
    U14                                               0.000    10.000 r  ap_clk (IN)
                         net (fo=0)                   0.000    10.000    ap_clk
    U14                  IBUF (Prop_ibuf_I_O)         0.940    10.940 r  ap_clk_IBUF_inst/O
                         net (fo=1, routed)           2.006    12.946    ap_clk_IBUF
    BUFGCTRL_X0Y16       BUFG (Prop_bufg_I_O)         0.091    13.037 r  ap_clk_IBUF_BUFG_inst/O
                         net (fo=2931, routed)        1.559    14.596    hist_V_2_U/fir_multiband_hist_V_1_ram_U/ap_clk_IBUF_BUFG
    SLICE_X31Y21         FDRE                                         r  hist_V_2_U/fir_multiband_hist_V_1_ram_U/q0_reg[4]/C
                         clock pessimism              0.458    15.055    
                         clock uncertainty           -0.035    15.019    
    SLICE_X31Y21         FDRE (Setup_fdre_C_D)       -0.285    14.734    hist_V_2_U/fir_multiband_hist_V_1_ram_U/q0_reg[4]
  -------------------------------------------------------------------
                         required time                         14.734    
                         arrival time                         -14.095    
  -------------------------------------------------------------------
                         slack                                  0.639    

Slack (MET) :             0.648ns  (required time - arrival time)
  Source:                 k_1_reg_1917_pp1_iter5_reg_reg[0]/C
                            (rising edge-triggered cell FDRE clocked by ap_clk  {rise@0.000ns fall@5.000ns period=10.000ns})
  Destination:            hist_V_4_U/fir_multiband_hist_V_1_ram_U/q0_reg[11]/D
                            (rising edge-triggered cell FDRE clocked by ap_clk  {rise@0.000ns fall@5.000ns period=10.000ns})
  Path Group:             ap_clk
  Path Type:              Setup (Max at Slow Process Corner)
  Requirement:            10.000ns  (ap_clk rise@10.000ns - ap_clk rise@0.000ns)
  Data Path Delay:        8.968ns  (logic 3.126ns (34.859%)  route 5.842ns (65.141%))
  Logic Levels:           9  (CARRY4=3 LUT3=1 LUT5=1 LUT6=3 RAMD32=1)
  Clock Path Skew:        -0.064ns (DCD - SCD + CPR)
    Destination Clock Delay (DCD):    4.518ns = ( 14.518 - 10.000 ) 
    Source Clock Delay      (SCD):    5.041ns
    Clock Pessimism Removal (CPR):    0.458ns
  Clock Uncertainty:      0.035ns  ((TSJ^2 + TIJ^2)^1/2 + DJ) / 2 + PE
    Total System Jitter     (TSJ):    0.071ns
    Total Input Jitter      (TIJ):    0.000ns
    Discrete Jitter          (DJ):    0.000ns
    Phase Error              (PE):    0.000ns

    Location             Delay type                Incr(ns)  Path(ns)    Netlist Resource(s)
  -------------------------------------------------------------------    -------------------
                         (clock ap_clk rise edge)     0.000     0.000 r  
    U14                                               0.000     0.000 r  ap_clk (IN)
                         net (fo=0)                   0.000     0.000    ap_clk
    U14                  IBUF (Prop_ibuf_I_O)         1.075     1.075 r  ap_clk_IBUF_inst/O
                         net (fo=1, routed)           2.205     3.280    ap_clk_IBUF
    BUFGCTRL_X0Y16       BUFG (Prop_bufg_I_O)         0.101     3.381 r  ap_clk_IBUF_BUFG_inst/O
                         net (fo=2931, routed)        1.660     5.041    ap_clk_IBUF_BUFG
    SLICE_X38Y32         FDRE                                         r  k_1_reg_1917_pp1_iter5_reg_reg[0]/C
  -------------------------------------------------------------------    -------------------
    SLICE_X38Y32         FDRE (Prop_fdre_C_Q)         0.518     5.559 r  k_1_reg_1917_pp1_iter5_reg_reg[0]/Q
                         net (fo=5, routed)           0.558     6.116    mul_7ns_9ns_15_1_1_U4/fir_multiband_mul_7ns_9ns_15_1_1_Multiplier_1_U/k_1_reg_1917_pp1_iter5_reg[0]
    SLICE_X38Y32         CARRY4 (Prop_carry4_S[0]_O[2])
                                                      0.668     6.784 r  mul_7ns_9ns_15_1_1_U4/fir_multiband_mul_7ns_9ns_15_1_1_Multiplier_1_U/p__18_carry/O[2]
                         net (fo=5, routed)           1.124     7.908    mul_7ns_9ns_15_1_1_U4/fir_multiband_mul_7ns_9ns_15_1_1_Multiplier_1_U/p__18_carry_n_5
    SLICE_X38Y31         LUT5 (Prop_lut5_I0_O)        0.301     8.209 r  mul_7ns_9ns_15_1_1_U4/fir_multiband_mul_7ns_9ns_15_1_1_Multiplier_1_U/p__41_carry__0_i_2/O
                         net (fo=2, routed)           0.631     8.840    mul_7ns_9ns_15_1_1_U4/fir_multiband_mul_7ns_9ns_15_1_1_Multiplier_1_U/p__41_carry__0_i_2_n_0
    SLICE_X37Y32         LUT6 (Prop_lut6_I0_O)        0.124     8.964 r  mul_7ns_9ns_15_1_1_U4/fir_multiband_mul_7ns_9ns_15_1_1_Multiplier_1_U/p__41_carry__0_i_6/O
                         net (fo=1, routed)           0.000     8.964    mul_7ns_9ns_15_1_1_U4/fir_multiband_mul_7ns_9ns_15_1_1_Multiplier_1_U/p__41_carry__0_i_6_n_0
    SLICE_X37Y32         CARRY4 (Prop_carry4_S[2]_CO[3])
                                                      0.398     9.362 r  mul_7ns_9ns_15_1_1_U4/fir_multiband_mul_7ns_9ns_15_1_1_Multiplier_1_U/p__41_carry__0/CO[3]
                         net (fo=1, routed)           0.000     9.362    mul_7ns_9ns_15_1_1_U4/fir_multiband_mul_7ns_9ns_15_1_1_Multiplier_1_U/p__41_carry__0_n_0
    SLICE_X37Y33         CARRY4 (Prop_carry4_CI_O[0])
                                                      0.222     9.584 r  mul_7ns_9ns_15_1_1_U4/fir_multiband_mul_7ns_9ns_15_1_1_Multiplier_1_U/p__41_carry__1/O[0]
                         net (fo=1, routed)           0.469    10.053    mul_7ns_9ns_15_1_1_U4/fir_multiband_mul_7ns_9ns_15_1_1_Multiplier_1_U/mul_ln212_1_fu_2146_p2[11]
    SLICE_X33Y33         LUT6 (Prop_lut6_I0_O)        0.299    10.352 r  mul_7ns_9ns_15_1_1_U4/fir_multiband_mul_7ns_9ns_15_1_1_Multiplier_1_U/ram_reg_i_31/O
                         net (fo=2, routed)           0.319    10.671    mul_7ns_9ns_15_1_1_U4/fir_multiband_mul_7ns_9ns_15_1_1_Multiplier_1_U/ram_reg_i_31_n_0
    SLICE_X32Y32         LUT6 (Prop_lut6_I1_O)        0.124    10.795 r  mul_7ns_9ns_15_1_1_U4/fir_multiband_mul_7ns_9ns_15_1_1_Multiplier_1_U/ram_reg_0_15_0_0_i_10/O
                         net (fo=1, routed)           0.557    11.352    mul_7ns_9ns_15_1_1_U4/fir_multiband_mul_7ns_9ns_15_1_1_Multiplier_1_U/ram_reg_0_15_0_0_i_10_n_0
    SLICE_X32Y30         LUT3 (Prop_lut3_I2_O)        0.116    11.468 r  mul_7ns_9ns_15_1_1_U4/fir_multiband_mul_7ns_9ns_15_1_1_Multiplier_1_U/ram_reg_0_15_0_0_i_3/O
                         net (fo=192, routed)         1.567    13.035    hist_V_4_U/fir_multiband_hist_V_1_ram_U/ram_reg_0_15_11_11/A1
    SLICE_X34Y23         RAMD32 (Prop_ramd32_RADR1_O)
                                                      0.356    13.391 r  hist_V_4_U/fir_multiband_hist_V_1_ram_U/ram_reg_0_15_11_11/SP/O
                         net (fo=1, routed)           0.617    14.008    hist_V_4_U/fir_multiband_hist_V_1_ram_U/q00__2[11]
    SLICE_X35Y23         FDRE                                         r  hist_V_4_U/fir_multiband_hist_V_1_ram_U/q0_reg[11]/D
  -------------------------------------------------------------------    -------------------

                         (clock ap_clk rise edge)    10.000    10.000 r  
    U14                                               0.000    10.000 r  ap_clk (IN)
                         net (fo=0)                   0.000    10.000    ap_clk
    U14                  IBUF (Prop_ibuf_I_O)         0.940    10.940 r  ap_clk_IBUF_inst/O
                         net (fo=1, routed)           2.006    12.946    ap_clk_IBUF
    BUFGCTRL_X0Y16       BUFG (Prop_bufg_I_O)         0.091    13.037 r  ap_clk_IBUF_BUFG_inst/O
                         net (fo=2931, routed)        1.481    14.518    hist_V_4_U/fir_multiband_hist_V_1_ram_U/ap_clk_IBUF_BUFG
    SLICE_X35Y23         FDRE                                         r  hist_V_4_U/fir_multiband_hist_V_1_ram_U/q0_reg[11]/C
                         clock pessimism              0.458    14.977    
                         clock uncertainty           -0.035    14.941    
    SLICE_X35Y23         FDRE (Setup_fdre_C_D)       -0.285    14.656    hist_V_4_U/fir_multiband_hist_V_1_ram_U/q0_reg[11]
  -------------------------------------------------------------------
                         required time                         14.656    
                         arrival time                         -14.008    
  -------------------------------------------------------------------
                         slack                                  0.648    

Slack (MET) :             0.651ns  (required time - arrival time)
  Source:                 k_1_reg_1917_pp1_iter5_reg_reg[0]/C
                            (rising edge-triggered cell FDRE clocked by ap_clk  {rise@0.000ns fall@5.000ns period=10.000ns})
  Destination:            hist_V_4_U/fir_multiband_hist_V_1_ram_U/q0_reg[4]/D
                            (rising edge-triggered cell FDRE clocked by ap_clk  {rise@0.000ns fall@5.000ns period=10.000ns})
  Path Group:             ap_clk
  Path Type:              Setup (Max at Slow Process Corner)
  Requirement:            10.000ns  (ap_clk rise@10.000ns - ap_clk rise@0.000ns)
  Data Path Delay:        8.967ns  (logic 3.126ns (34.862%)  route 5.841ns (65.138%))
  Logic Levels:           9  (CARRY4=3 LUT3=1 LUT5=1 LUT6=3 RAMD32=1)
  Clock Path Skew:        -0.062ns (DCD - SCD + CPR)
    Destination Clock Delay (DCD):    4.520ns = ( 14.520 - 10.000 ) 
    Source Clock Delay      (SCD):    5.041ns
    Clock Pessimism Removal (CPR):    0.458ns
  Clock Uncertainty:      0.035ns  ((TSJ^2 + TIJ^2)^1/2 + DJ) / 2 + PE
    Total System Jitter     (TSJ):    0.071ns
    Total Input Jitter      (TIJ):    0.000ns
    Discrete Jitter          (DJ):    0.000ns
    Phase Error              (PE):    0.000ns

    Location             Delay type                Incr(ns)  Path(ns)    Netlist Resource(s)
  -------------------------------------------------------------------    -------------------
                         (clock ap_clk rise edge)     0.000     0.000 r  
    U14                                               0.000     0.000 r  ap_clk (IN)
                         net (fo=0)                   0.000     0.000    ap_clk
    U14                  IBUF (Prop_ibuf_I_O)         1.075     1.075 r  ap_clk_IBUF_inst/O
                         net (fo=1, routed)           2.205     3.280    ap_clk_IBUF
    BUFGCTRL_X0Y16       BUFG (Prop_bufg_I_O)         0.101     3.381 r  ap_clk_IBUF_BUFG_inst/O
                         net (fo=2931, routed)        1.660     5.041    ap_clk_IBUF_BUFG
    SLICE_X38Y32         FDRE                                         r  k_1_reg_1917_pp1_iter5_reg_reg[0]/C
  -------------------------------------------------------------------    -------------------
    SLICE_X38Y32         FDRE (Prop_fdre_C_Q)         0.518     5.559 r  k_1_reg_1917_pp1_iter5_reg_reg[0]/Q
                         net (fo=5, routed)           0.558     6.116    mul_7ns_9ns_15_1_1_U4/fir_multiband_mul_7ns_9ns_15_1_1_Multiplier_1_U/k_1_reg_1917_pp1_iter5_reg[0]
    SLICE_X38Y32         CARRY4 (Prop_carry4_S[0]_O[2])
                                                      0.668     6.784 r  mul_7ns_9ns_15_1_1_U4/fir_multiband_mul_7ns_9ns_15_1_1_Multiplier_1_U/p__18_carry/O[2]
                         net (fo=5, routed)           1.124     7.908    mul_7ns_9ns_15_1_1_U4/fir_multiband_mul_7ns_9ns_15_1_1_Multiplier_1_U/p__18_carry_n_5
    SLICE_X38Y31         LUT5 (Prop_lut5_I0_O)        0.301     8.209 r  mul_7ns_9ns_15_1_1_U4/fir_multiband_mul_7ns_9ns_15_1_1_Multiplier_1_U/p__41_carry__0_i_2/O
                         net (fo=2, routed)           0.631     8.840    mul_7ns_9ns_15_1_1_U4/fir_multiband_mul_7ns_9ns_15_1_1_Multiplier_1_U/p__41_carry__0_i_2_n_0
    SLICE_X37Y32         LUT6 (Prop_lut6_I0_O)        0.124     8.964 r  mul_7ns_9ns_15_1_1_U4/fir_multiband_mul_7ns_9ns_15_1_1_Multiplier_1_U/p__41_carry__0_i_6/O
                         net (fo=1, routed)           0.000     8.964    mul_7ns_9ns_15_1_1_U4/fir_multiband_mul_7ns_9ns_15_1_1_Multiplier_1_U/p__41_carry__0_i_6_n_0
    SLICE_X37Y32         CARRY4 (Prop_carry4_S[2]_CO[3])
                                                      0.398     9.362 r  mul_7ns_9ns_15_1_1_U4/fir_multiband_mul_7ns_9ns_15_1_1_Multiplier_1_U/p__41_carry__0/CO[3]
                         net (fo=1, routed)           0.000     9.362    mul_7ns_9ns_15_1_1_U4/fir_multiband_mul_7ns_9ns_15_1_1_Multiplier_1_U/p__41_carry__0_n_0
    SLICE_X37Y33         CARRY4 (Prop_carry4_CI_O[0])
                                                      0.222     9.584 r  mul_7ns_9ns_15_1_1_U4/fir_multiband_mul_7ns_9ns_15_1_1_Multiplier_1_U/p__41_carry__1/O[0]
                         net (fo=1, routed)           0.469    10.053    mul_7ns_9ns_15_1_1_U4/fir_multiband_mul_7ns_9ns_15_1_1_Multiplier_1_U/mul_ln212_1_fu_2146_p2[11]
    SLICE_X33Y33         LUT6 (Prop_lut6_I0_O)        0.299    10.352 r  mul_7ns_9ns_15_1_1_U4/fir_multiband_mul_7ns_9ns_15_1_1_Multiplier_1_U/ram_reg_i_31/O
                         net (fo=2, routed)           0.319    10.671    mul_7ns_9ns_15_1_1_U4/fir_multiband_mul_7ns_9ns_15_1_1_Multiplier_1_U/ram_reg_i_31_n_0
    SLICE_X32Y32         LUT6 (Prop_lut6_I1_O)        0.124    10.795 r  mul_7ns_9ns_15_1_1_U4/fir_multiband_mul_7ns_9ns_15_1_1_Multiplier_1_U/ram_reg_0_15_0_0_i_10/O
                         net (fo=1, routed)           0.557    11.352    mul_7ns_9ns_15_1_1_U4/fir_multiband_mul_7ns_9ns_15_1_1_Multiplier_1_U/ram_reg_0_15_0_0_i_10_n_0
    SLICE_X32Y30         LUT3 (Prop_lut3_I2_O)        0.116    11.468 r  mul_7ns_9ns_15_1_1_U4/fir_multiband_mul_7ns_9ns_15_1_1_Multiplier_1_U/ram_reg_0_15_0_0_i_3/O
                         net (fo=192, routed)         1.536    13.005    hist_V_4_U/fir_multiband_hist_V_1_ram_U/ram_reg_0_15_4_4/A1
    SLICE_X32Y21         RAMD32 (Prop_ramd32_RADR1_O)
                                                      0.356    13.361 r  hist_V_4_U/fir_multiband_hist_V_1_ram_U/ram_reg_0_15_4_4/SP/O
                         net (fo=1, routed)           0.647    14.007    hist_V_4_U/fir_multiband_hist_V_1_ram_U/q00__2[4]
    SLICE_X33Y21         FDRE                                         r  hist_V_4_U/fir_multiband_hist_V_1_ram_U/q0_reg[4]/D
  -------------------------------------------------------------------    -------------------

                         (clock ap_clk rise edge)    10.000    10.000 r  
    U14                                               0.000    10.000 r  ap_clk (IN)
                         net (fo=0)                   0.000    10.000    ap_clk
    U14                  IBUF (Prop_ibuf_I_O)         0.940    10.940 r  ap_clk_IBUF_inst/O
                         net (fo=1, routed)           2.006    12.946    ap_clk_IBUF
    BUFGCTRL_X0Y16       BUFG (Prop_bufg_I_O)         0.091    13.037 r  ap_clk_IBUF_BUFG_inst/O
                         net (fo=2931, routed)        1.483    14.520    hist_V_4_U/fir_multiband_hist_V_1_ram_U/ap_clk_IBUF_BUFG
    SLICE_X33Y21         FDRE                                         r  hist_V_4_U/fir_multiband_hist_V_1_ram_U/q0_reg[4]/C
                         clock pessimism              0.458    14.979    
                         clock uncertainty           -0.035    14.943    
    SLICE_X33Y21         FDRE (Setup_fdre_C_D)       -0.285    14.658    hist_V_4_U/fir_multiband_hist_V_1_ram_U/q0_reg[4]
  -------------------------------------------------------------------
                         required time                         14.658    
                         arrival time                         -14.007    
  -------------------------------------------------------------------
                         slack                                  0.651    

Slack (MET) :             0.658ns  (required time - arrival time)
  Source:                 k_1_reg_1917_pp1_iter5_reg_reg[0]/C
                            (rising edge-triggered cell FDRE clocked by ap_clk  {rise@0.000ns fall@5.000ns period=10.000ns})
  Destination:            hist_V_2_U/fir_multiband_hist_V_1_ram_U/q0_reg[8]/D
                            (rising edge-triggered cell FDRE clocked by ap_clk  {rise@0.000ns fall@5.000ns period=10.000ns})
  Path Group:             ap_clk
  Path Type:              Setup (Max at Slow Process Corner)
  Requirement:            10.000ns  (ap_clk rise@10.000ns - ap_clk rise@0.000ns)
  Data Path Delay:        9.033ns  (logic 3.126ns (34.605%)  route 5.907ns (65.395%))
  Logic Levels:           9  (CARRY4=3 LUT3=1 LUT5=1 LUT6=3 RAMD32=1)
  Clock Path Skew:        0.012ns (DCD - SCD + CPR)
    Destination Clock Delay (DCD):    4.594ns = ( 14.594 - 10.000 ) 
    Source Clock Delay      (SCD):    5.041ns
    Clock Pessimism Removal (CPR):    0.458ns
  Clock Uncertainty:      0.035ns  ((TSJ^2 + TIJ^2)^1/2 + DJ) / 2 + PE
    Total System Jitter     (TSJ):    0.071ns
    Total Input Jitter      (TIJ):    0.000ns
    Discrete Jitter          (DJ):    0.000ns
    Phase Error              (PE):    0.000ns

    Location             Delay type                Incr(ns)  Path(ns)    Netlist Resource(s)
  -------------------------------------------------------------------    -------------------
                         (clock ap_clk rise edge)     0.000     0.000 r  
    U14                                               0.000     0.000 r  ap_clk (IN)
                         net (fo=0)                   0.000     0.000    ap_clk
    U14                  IBUF (Prop_ibuf_I_O)         1.075     1.075 r  ap_clk_IBUF_inst/O
                         net (fo=1, routed)           2.205     3.280    ap_clk_IBUF
    BUFGCTRL_X0Y16       BUFG (Prop_bufg_I_O)         0.101     3.381 r  ap_clk_IBUF_BUFG_inst/O
                         net (fo=2931, routed)        1.660     5.041    ap_clk_IBUF_BUFG
    SLICE_X38Y32         FDRE                                         r  k_1_reg_1917_pp1_iter5_reg_reg[0]/C
  -------------------------------------------------------------------    -------------------
    SLICE_X38Y32         FDRE (Prop_fdre_C_Q)         0.518     5.559 r  k_1_reg_1917_pp1_iter5_reg_reg[0]/Q
                         net (fo=5, routed)           0.558     6.116    mul_7ns_9ns_15_1_1_U4/fir_multiband_mul_7ns_9ns_15_1_1_Multiplier_1_U/k_1_reg_1917_pp1_iter5_reg[0]
    SLICE_X38Y32         CARRY4 (Prop_carry4_S[0]_O[2])
                                                      0.668     6.784 r  mul_7ns_9ns_15_1_1_U4/fir_multiband_mul_7ns_9ns_15_1_1_Multiplier_1_U/p__18_carry/O[2]
                         net (fo=5, routed)           1.124     7.908    mul_7ns_9ns_15_1_1_U4/fir_multiband_mul_7ns_9ns_15_1_1_Multiplier_1_U/p__18_carry_n_5
    SLICE_X38Y31         LUT5 (Prop_lut5_I0_O)        0.301     8.209 r  mul_7ns_9ns_15_1_1_U4/fir_multiband_mul_7ns_9ns_15_1_1_Multiplier_1_U/p__41_carry__0_i_2/O
                         net (fo=2, routed)           0.631     8.840    mul_7ns_9ns_15_1_1_U4/fir_multiband_mul_7ns_9ns_15_1_1_Multiplier_1_U/p__41_carry__0_i_2_n_0
    SLICE_X37Y32         LUT6 (Prop_lut6_I0_O)        0.124     8.964 r  mul_7ns_9ns_15_1_1_U4/fir_multiband_mul_7ns_9ns_15_1_1_Multiplier_1_U/p__41_carry__0_i_6/O
                         net (fo=1, routed)           0.000     8.964    mul_7ns_9ns_15_1_1_U4/fir_multiband_mul_7ns_9ns_15_1_1_Multiplier_1_U/p__41_carry__0_i_6_n_0
    SLICE_X37Y32         CARRY4 (Prop_carry4_S[2]_CO[3])
                                                      0.398     9.362 r  mul_7ns_9ns_15_1_1_U4/fir_multiband_mul_7ns_9ns_15_1_1_Multiplier_1_U/p__41_carry__0/CO[3]
                         net (fo=1, routed)           0.000     9.362    mul_7ns_9ns_15_1_1_U4/fir_multiband_mul_7ns_9ns_15_1_1_Multiplier_1_U/p__41_carry__0_n_0
    SLICE_X37Y33         CARRY4 (Prop_carry4_CI_O[0])
                                                      0.222     9.584 r  mul_7ns_9ns_15_1_1_U4/fir_multiband_mul_7ns_9ns_15_1_1_Multiplier_1_U/p__41_carry__1/O[0]
                         net (fo=1, routed)           0.469    10.053    mul_7ns_9ns_15_1_1_U4/fir_multiband_mul_7ns_9ns_15_1_1_Multiplier_1_U/mul_ln212_1_fu_2146_p2[11]
    SLICE_X33Y33         LUT6 (Prop_lut6_I0_O)        0.299    10.352 r  mul_7ns_9ns_15_1_1_U4/fir_multiband_mul_7ns_9ns_15_1_1_Multiplier_1_U/ram_reg_i_31/O
                         net (fo=2, routed)           0.319    10.671    mul_7ns_9ns_15_1_1_U4/fir_multiband_mul_7ns_9ns_15_1_1_Multiplier_1_U/ram_reg_i_31_n_0
    SLICE_X32Y32         LUT6 (Prop_lut6_I1_O)        0.124    10.795 r  mul_7ns_9ns_15_1_1_U4/fir_multiband_mul_7ns_9ns_15_1_1_Multiplier_1_U/ram_reg_0_15_0_0_i_10/O
                         net (fo=1, routed)           0.557    11.352    mul_7ns_9ns_15_1_1_U4/fir_multiband_mul_7ns_9ns_15_1_1_Multiplier_1_U/ram_reg_0_15_0_0_i_10_n_0
    SLICE_X32Y30         LUT3 (Prop_lut3_I2_O)        0.116    11.468 r  mul_7ns_9ns_15_1_1_U4/fir_multiband_mul_7ns_9ns_15_1_1_Multiplier_1_U/ram_reg_0_15_0_0_i_3/O
                         net (fo=192, routed)         1.632    13.101    hist_V_2_U/fir_multiband_hist_V_1_ram_U/ram_reg_0_15_8_8/A1
    SLICE_X30Y22         RAMD32 (Prop_ramd32_RADR1_O)
                                                      0.356    13.457 r  hist_V_2_U/fir_multiband_hist_V_1_ram_U/ram_reg_0_15_8_8/SP/O
                         net (fo=1, routed)           0.617    14.074    hist_V_2_U/fir_multiband_hist_V_1_ram_U/q00__0[8]
    SLICE_X31Y22         FDRE                                         r  hist_V_2_U/fir_multiband_hist_V_1_ram_U/q0_reg[8]/D
  -------------------------------------------------------------------    -------------------

                         (clock ap_clk rise edge)    10.000    10.000 r  
    U14                                               0.000    10.000 r  ap_clk (IN)
                         net (fo=0)                   0.000    10.000    ap_clk
    U14                  IBUF (Prop_ibuf_I_O)         0.940    10.940 r  ap_clk_IBUF_inst/O
                         net (fo=1, routed)           2.006    12.946    ap_clk_IBUF
    BUFGCTRL_X0Y16       BUFG (Prop_bufg_I_O)         0.091    13.037 r  ap_clk_IBUF_BUFG_inst/O
                         net (fo=2931, routed)        1.557    14.594    hist_V_2_U/fir_multiband_hist_V_1_ram_U/ap_clk_IBUF_BUFG
    SLICE_X31Y22         FDRE                                         r  hist_V_2_U/fir_multiband_hist_V_1_ram_U/q0_reg[8]/C
                         clock pessimism              0.458    15.053    
                         clock uncertainty           -0.035    15.017    
    SLICE_X31Y22         FDRE (Setup_fdre_C_D)       -0.285    14.732    hist_V_2_U/fir_multiband_hist_V_1_ram_U/q0_reg[8]
  -------------------------------------------------------------------
                         required time                         14.732    
                         arrival time                         -14.074    
  -------------------------------------------------------------------
                         slack                                  0.658    

Slack (MET) :             0.662ns  (required time - arrival time)
  Source:                 k_1_reg_1917_pp1_iter5_reg_reg[0]/C
                            (rising edge-triggered cell FDRE clocked by ap_clk  {rise@0.000ns fall@5.000ns period=10.000ns})
  Destination:            hist_V_2_U/fir_multiband_hist_V_1_ram_U/q0_reg[11]/D
                            (rising edge-triggered cell FDRE clocked by ap_clk  {rise@0.000ns fall@5.000ns period=10.000ns})
  Path Group:             ap_clk
  Path Type:              Setup (Max at Slow Process Corner)
  Requirement:            10.000ns  (ap_clk rise@10.000ns - ap_clk rise@0.000ns)
  Data Path Delay:        9.029ns  (logic 3.126ns (34.622%)  route 5.903ns (65.378%))
  Logic Levels:           9  (CARRY4=3 LUT3=1 LUT5=1 LUT6=3 RAMD32=1)
  Clock Path Skew:        0.011ns (DCD - SCD + CPR)
    Destination Clock Delay (DCD):    4.593ns = ( 14.593 - 10.000 ) 
    Source Clock Delay      (SCD):    5.041ns
    Clock Pessimism Removal (CPR):    0.458ns
  Clock Uncertainty:      0.035ns  ((TSJ^2 + TIJ^2)^1/2 + DJ) / 2 + PE
    Total System Jitter     (TSJ):    0.071ns
    Total Input Jitter      (TIJ):    0.000ns
    Discrete Jitter          (DJ):    0.000ns
    Phase Error              (PE):    0.000ns

    Location             Delay type                Incr(ns)  Path(ns)    Netlist Resource(s)
  -------------------------------------------------------------------    -------------------
                         (clock ap_clk rise edge)     0.000     0.000 r  
    U14                                               0.000     0.000 r  ap_clk (IN)
                         net (fo=0)                   0.000     0.000    ap_clk
    U14                  IBUF (Prop_ibuf_I_O)         1.075     1.075 r  ap_clk_IBUF_inst/O
                         net (fo=1, routed)           2.205     3.280    ap_clk_IBUF
    BUFGCTRL_X0Y16       BUFG (Prop_bufg_I_O)         0.101     3.381 r  ap_clk_IBUF_BUFG_inst/O
                         net (fo=2931, routed)        1.660     5.041    ap_clk_IBUF_BUFG
    SLICE_X38Y32         FDRE                                         r  k_1_reg_1917_pp1_iter5_reg_reg[0]/C
  -------------------------------------------------------------------    -------------------
    SLICE_X38Y32         FDRE (Prop_fdre_C_Q)         0.518     5.559 r  k_1_reg_1917_pp1_iter5_reg_reg[0]/Q
                         net (fo=5, routed)           0.558     6.116    mul_7ns_9ns_15_1_1_U4/fir_multiband_mul_7ns_9ns_15_1_1_Multiplier_1_U/k_1_reg_1917_pp1_iter5_reg[0]
    SLICE_X38Y32         CARRY4 (Prop_carry4_S[0]_O[2])
                                                      0.668     6.784 r  mul_7ns_9ns_15_1_1_U4/fir_multiband_mul_7ns_9ns_15_1_1_Multiplier_1_U/p__18_carry/O[2]
                         net (fo=5, routed)           1.124     7.908    mul_7ns_9ns_15_1_1_U4/fir_multiband_mul_7ns_9ns_15_1_1_Multiplier_1_U/p__18_carry_n_5
    SLICE_X38Y31         LUT5 (Prop_lut5_I0_O)        0.301     8.209 r  mul_7ns_9ns_15_1_1_U4/fir_multiband_mul_7ns_9ns_15_1_1_Multiplier_1_U/p__41_carry__0_i_2/O
                         net (fo=2, routed)           0.631     8.840    mul_7ns_9ns_15_1_1_U4/fir_multiband_mul_7ns_9ns_15_1_1_Multiplier_1_U/p__41_carry__0_i_2_n_0
    SLICE_X37Y32         LUT6 (Prop_lut6_I0_O)        0.124     8.964 r  mul_7ns_9ns_15_1_1_U4/fir_multiband_mul_7ns_9ns_15_1_1_Multiplier_1_U/p__41_carry__0_i_6/O
                         net (fo=1, routed)           0.000     8.964    mul_7ns_9ns_15_1_1_U4/fir_multiband_mul_7ns_9ns_15_1_1_Multiplier_1_U/p__41_carry__0_i_6_n_0
    SLICE_X37Y32         CARRY4 (Prop_carry4_S[2]_CO[3])
                                                      0.398     9.362 r  mul_7ns_9ns_15_1_1_U4/fir_multiband_mul_7ns_9ns_15_1_1_Multiplier_1_U/p__41_carry__0/CO[3]
                         net (fo=1, routed)           0.000     9.362    mul_7ns_9ns_15_1_1_U4/fir_multiband_mul_7ns_9ns_15_1_1_Multiplier_1_U/p__41_carry__0_n_0
    SLICE_X37Y33         CARRY4 (Prop_carry4_CI_O[0])
                                                      0.222     9.584 r  mul_7ns_9ns_15_1_1_U4/fir_multiband_mul_7ns_9ns_15_1_1_Multiplier_1_U/p__41_carry__1/O[0]
                         net (fo=1, routed)           0.469    10.053    mul_7ns_9ns_15_1_1_U4/fir_multiband_mul_7ns_9ns_15_1_1_Multiplier_1_U/mul_ln212_1_fu_2146_p2[11]
    SLICE_X33Y33         LUT6 (Prop_lut6_I0_O)        0.299    10.352 r  mul_7ns_9ns_15_1_1_U4/fir_multiband_mul_7ns_9ns_15_1_1_Multiplier_1_U/ram_reg_i_31/O
                         net (fo=2, routed)           0.319    10.671    mul_7ns_9ns_15_1_1_U4/fir_multiband_mul_7ns_9ns_15_1_1_Multiplier_1_U/ram_reg_i_31_n_0
    SLICE_X32Y32         LUT6 (Prop_lut6_I1_O)        0.124    10.795 r  mul_7ns_9ns_15_1_1_U4/fir_multiband_mul_7ns_9ns_15_1_1_Multiplier_1_U/ram_reg_0_15_0_0_i_10/O
                         net (fo=1, routed)           0.557    11.352    mul_7ns_9ns_15_1_1_U4/fir_multiband_mul_7ns_9ns_15_1_1_Multiplier_1_U/ram_reg_0_15_0_0_i_10_n_0
    SLICE_X32Y30         LUT3 (Prop_lut3_I2_O)        0.116    11.468 r  mul_7ns_9ns_15_1_1_U4/fir_multiband_mul_7ns_9ns_15_1_1_Multiplier_1_U/ram_reg_0_15_0_0_i_3/O
                         net (fo=192, routed)         1.628    13.096    hist_V_2_U/fir_multiband_hist_V_1_ram_U/ram_reg_0_15_11_11/A1
    SLICE_X30Y23         RAMD32 (Prop_ramd32_RADR1_O)
                                                      0.356    13.452 r  hist_V_2_U/fir_multiband_hist_V_1_ram_U/ram_reg_0_15_11_11/SP/O
                         net (fo=1, routed)           0.617    14.070    hist_V_2_U/fir_multiband_hist_V_1_ram_U/q00__0[11]
    SLICE_X31Y23         FDRE                                         r  hist_V_2_U/fir_multiband_hist_V_1_ram_U/q0_reg[11]/D
  -------------------------------------------------------------------    -------------------

                         (clock ap_clk rise edge)    10.000    10.000 r  
    U14                                               0.000    10.000 r  ap_clk (IN)
                         net (fo=0)                   0.000    10.000    ap_clk
    U14                  IBUF (Prop_ibuf_I_O)         0.940    10.940 r  ap_clk_IBUF_inst/O
                         net (fo=1, routed)           2.006    12.946    ap_clk_IBUF
    BUFGCTRL_X0Y16       BUFG (Prop_bufg_I_O)         0.091    13.037 r  ap_clk_IBUF_BUFG_inst/O
                         net (fo=2931, routed)        1.556    14.593    hist_V_2_U/fir_multiband_hist_V_1_ram_U/ap_clk_IBUF_BUFG
    SLICE_X31Y23         FDRE                                         r  hist_V_2_U/fir_multiband_hist_V_1_ram_U/q0_reg[11]/C
                         clock pessimism              0.458    15.052    
                         clock uncertainty           -0.035    15.016    
    SLICE_X31Y23         FDRE (Setup_fdre_C_D)       -0.285    14.731    hist_V_2_U/fir_multiband_hist_V_1_ram_U/q0_reg[11]
  -------------------------------------------------------------------
                         required time                         14.731    
                         arrival time                         -14.070    
  -------------------------------------------------------------------
                         slack                                  0.662    




