Copyright 1986-2020 Xilinx, Inc. All Rights Reserved.
------------------------------------------------------------------------------------------------------------------------------------------------------------------
| Tool Version : Vivado v.2020.2 (win64) Build 3064766 Wed Nov 18 09:12:45 MST 2020
| Date         : Tue Sep 29 20:38:39 2026
| Host         : yu running 64-bit major release  (build 9200)
| Command      : report_timing_summary -delay_type max -max_paths 10 -file D:/pynq-multiband-audio-accel/build/hls/reports/v10_fixed_nolimit_impl/timing_impl.rpt
| Design       : fir_multiband
| Device       : 7z020-clg400
| Speed File   : -1  PRODUCTION 1.12 2019-11-22
------------------------------------------------------------------------------------------------------------------------------------------------------------------

Timing Summary Report

------------------------------------------------------------------------------------------------
| Timer Settings
| --------------
------------------------------------------------------------------------------------------------

  Enable Multi Corner Analysis               :  Yes
  Enable Pessimism Removal                   :  Yes
  Pessimism Removal Resolution               :  Nearest Common Node
  Enable Input Delay Default Clock           :  No
  Enable Preset / Clear Arcs                 :  No
  Disable Flight Delays                      :  No
  Ignore I/O Paths                           :  No
  Timing Early Launch at Borrowing Latches   :  No
  Borrow Time for Max Delay Exceptions       :  Yes
  Merge Timing Exceptions                    :  Yes

  Corner  Analyze    Analyze    
  Name    Max Paths  Min Paths  
  ------  ---------  ---------  
  Slow    Yes        Yes        
  Fast    Yes        Yes        



check_timing report

Table of Contents
-----------------
1. checking no_clock (0)
2. checking constant_clock (0)
3. checking pulse_width_clock (0)
4. checking unconstrained_internal_endpoints (0)
5. checking no_input_delay (66)
6. checking no_output_delay (36)
7. checking multiple_clock (0)
8. checking generated_clocks (0)
9. checking loops (0)
10. checking partial_input_delay (0)
11. checking partial_output_delay (0)
12. checking latch_loops (0)

1. checking no_clock (0)
------------------------
 There are 0 register/latch pins with no clock.


2. checking constant_clock (0)
------------------------------
 There are 0 register/latch pins with constant_clock.


3. checking pulse_width_clock (0)
---------------------------------
 There are 0 register/latch pins which need pulse_width check


4. checking unconstrained_internal_endpoints (0)
------------------------------------------------
 There are 0 pins that are not constrained for maximum delay.

 There are 0 pins that are not constrained for maximum delay due to constant clock.


5. checking no_input_delay (66)
-------------------------------
 There are 66 input ports with no input delay specified. (HIGH)

 There are 0 input ports with no input delay but user has a false path constraint.


6. checking no_output_delay (36)
--------------------------------
 There are 36 ports with no output delay specified. (HIGH)

 There are 0 ports with no output delay but user has a false path constraint

 There are 0 ports with no output delay but with a timing clock defined on it or propagating through it


7. checking multiple_clock (0)
------------------------------
 There are 0 register/latch pins with multiple clocks.


8. checking generated_clocks (0)
--------------------------------
 There are 0 generated clocks that are not connected to a clock source.


9. checking loops (0)
---------------------
 There are 0 combinational loops in the design.


10. checking partial_input_delay (0)
------------------------------------
 There are 0 input ports with partial input delay specified.


11. checking partial_output_delay (0)
-------------------------------------
 There are 0 ports with partial output delay specified.


12. checking latch_loops (0)
----------------------------
 There are 0 combinational latch loops in the design through latch input



------------------------------------------------------------------------------------------------
| Design Timing Summary
| ---------------------
------------------------------------------------------------------------------------------------

    WNS(ns)      TNS(ns)  TNS Failing Endpoints  TNS Total Endpoints     WPWS(ns)     TPWS(ns)  TPWS Failing Endpoints  TPWS Total Endpoints  
    -------      -------  ---------------------  -------------------     --------     --------  ----------------------  --------------------  
      0.639        0.000                      0                11538        3.750        0.000                       0                  2931  


All user specified timing constraints are met.


------------------------------------------------------------------------------------------------
| Clock Summary
| -------------
------------------------------------------------------------------------------------------------

Clock   Waveform(ns)       Period(ns)      Frequency(MHz)
-----   ------------       ----------      --------------
ap_clk  {0.000 5.000}      10.000          100.000         


------------------------------------------------------------------------------------------------
| Intra Clock Table
| -----------------
------------------------------------------------------------------------------------------------

Clock             WNS(ns)      TNS(ns)  TNS Failing Endpoints  TNS Total Endpoints     WPWS(ns)     TPWS(ns)  TPWS Failing Endpoints  TPWS Total Endpoints  
-----             -------      -------  ---------------------  -------------------     --------     --------  ----------------------  --------------------  
ap_clk              0.639        0.000                      0                11538        3.750        0.000                       0                  2931  


------------------------------------------------------------------------------------------------
| Inter Clock Table
| -----------------
------------------------------------------------------------------------------------------------

From Clock    To Clock          WNS(ns)      TNS(ns)  TNS Failing Endpoints  TNS Total Endpoints  
----------    --------          -------      -------  ---------------------  -------------------  


------------------------------------------------------------------------------------------------
| Other Path Groups Table
| -----------------------
------------------------------------------------------------------------------------------------

Path Group    From Clock    To Clock          WNS(ns)      TNS(ns)  TNS Failing Endpoints  TNS Total Endpoints  
----------    ----------    --------          -------      -------  ---------------------  -------------------  


------------------------------------------------------------------------------------------------
| Timing Details
| --------------
------------------------------------------------------------------------------------------------


---------------------------------------------------------------------------------------------------
From Clock:  ap_clk
  To Clock:  ap_clk

Setup :            0  Failing Endpoints,  Worst Slack        0.639ns,  Total Violation        0.000ns
Hold  :           NA  Failing Endpoints,  Worst Slack           NA  ,  Total Violation           NA
PW    :            0  Failing Endpoints,  Worst Slack        3.750ns,  Total Violation        0.000ns
---------------------------------------------------------------------------------------------------


Max Delay Paths
--------------------------------------------------------------------------------------
Slack (MET) :             0.639ns  (required time - arrival time)
  Source:                 k_1_reg_1917_pp1_iter5_reg_reg[0]/C
                            (rising edge-triggered cell FDRE clocked by ap_clk  {rise@0.000ns fall@5.000ns period=10.000ns})
  Destination:            hist_V_2_U/fir_multiband_hist_V_1_ram_U/q0_reg[4]/D
                            (rising edge-triggered cell FDRE clocked by ap_clk  {rise@0.000ns fall@5.000ns period=10.000ns})
  Path Group:             ap_clk
  Path Type:              Setup (Max at Slow Process Corner)
  Requirement:            10.000ns  (ap_clk rise@10.000ns - ap_clk rise@0.000ns)
  Data Path Delay:        9.054ns  (logic 3.126ns (34.525%)  route 5.928ns (65.475%))
  Logic Levels:           9  (CARRY4=3 LUT3=1 LUT5=1 LUT6=3 RAMD32=1)
  Clock Path Skew:        0.014ns (DCD - SCD + CPR)
    Destination Clock Delay (DCD):    4.596ns = ( 14.596 - 10.000 ) 
    Source Clock Delay      (SCD):    5.041ns
    Clock Pessimism Removal (CPR):    0.458ns
  Clock Uncertainty:      0.035ns  ((TSJ^2 + TIJ^2)^1/2 + DJ) / 2 + PE
    Total System Jitter     (TSJ):    0.071ns
    Total Input Jitter      (TIJ):    0.000ns
    Discrete Jitter          (DJ):    0.000ns
    Phase Error              (PE):    0.000ns

    Location             Delay type                Incr(ns)  Path(ns)    Netlist Resource(s)
  -------------------------------------------------------------------    -------------------
                         (clock ap_clk rise edge)     0.000     0.000 r  
    U14                                               0.000     0.000 r  ap_clk (IN)
                         net (fo=0)                   0.000     0.000    ap_clk
    U14                  IBUF (Prop_ibuf_I_O)         1.075     1.075 r  ap_clk_IBUF_inst/O
                         net (fo=1, routed)           2.205     3.280    ap_clk_IBUF
    BUFGCTRL_X0Y16       BUFG (Prop_bufg_I_O)         0.101     3.381 r  ap_clk_IBUF_BUFG_inst/O
                         net (fo=2931, routed)        1.660     5.041    ap_clk_IBUF_BUFG
    SLICE_X38Y32         FDRE                                         r  k_1_reg_1917_pp1_iter5_reg_reg[0]/C
  -------------------------------------------------------------------    -------------------
    SLICE_X38Y32         FDRE (Prop_fdre_C_Q)         0.518     5.559 r  k_1_reg_1917_pp1_iter5_reg_reg[0]/Q
                         net (fo=5, routed)           0.558     6.116    mul_7ns_9ns_15_1_1_U4/fir_multiband_mul_7ns_9ns_15_1_1_Multiplier_1_U/k_1_reg_1917_pp1_iter5_reg[0]
    SLICE_X38Y32         CARRY4 (Prop_carry4_S[0]_O[2])
                                                      0.668     6.784 r  mul_7ns_9ns_15_1_1_U4/fir_multiband_mul_7ns_9ns_15_1_1_Multiplier_1_U/p__18_carry/O[2]
                         net (fo=5, routed)           1.124     7.908    mul_7ns_9ns_15_1_1_U4/fir_multiband_mul_7ns_9ns_15_1_1_Multiplier_1_U/p__18_carry_n_5
    SLICE_X38Y31         LUT5 (Prop_lut5_I0_O)        0.301     8.209 r  mul_7ns_9ns_15_1_1_U4/fir_multiband_mul_7ns_9ns_15_1_1_Multiplier_1_U/p__41_carry__0_i_2/O
                         net (fo=2, routed)           0.631     8.840    mul_7ns_9ns_15_1_1_U4/fir_multiband_mul_7ns_9ns_15_1_1_Multiplier_1_U/p__41_carry__0_i_2_n_0
    SLICE_X37Y32         LUT6 (Prop_lut6_I0_O)        0.124     8.964 r  mul_7ns_9ns_15_1_1_U4/fir_multiband_mul_7ns_9ns_15_1_1_Multiplier_1_U/p__41_carry__0_i_6/O
                         net (fo=1, routed)           0.000     8.964    mul_7ns_9ns_15_1_1_U4/fir_multiband_mul_7ns_9ns_15_1_1_Multiplier_1_U/p__41_carry__0_i_6_n_0
    SLICE_X37Y32         CARRY4 (Prop_carry4_S[2]_CO[3])
                                                      0.398     9.362 r  mul_7ns_9ns_15_1_1_U4/fir_multiband_mul_7ns_9ns_15_1_1_Multiplier_1_U/p__41_carry__0/CO[3]
                         net (fo=1, routed)           0.000     9.362    mul_7ns_9ns_15_1_1_U4/fir_multiband_mul_7ns_9ns_15_1_1_Multiplier_1_U/p__41_carry__0_n_0
    SLICE_X37Y33         CARRY4 (Prop_carry4_CI_O[0])
                                                      0.222     9.584 r  mul_7ns_9ns_15_1_1_U4/fir_multiband_mul_7ns_9ns_15_1_1_Multiplier_1_U/p__41_carry__1/O[0]
                         net (fo=1, routed)           0.469    10.053    mul_7ns_9ns_15_1_1_U4/fir_multiband_mul_7ns_9ns_15_1_1_Multiplier_1_U/mul_ln212_1_fu_2146_p2[11]
    SLICE_X33Y33         LUT6 (Prop_lut6_I0_O)        0.299    10.352 r  mul_7ns_9ns_15_1_1_U4/fir_multiband_mul_7ns_9ns_15_1_1_Multiplier_1_U/ram_reg_i_31/O
                         net (fo=2, routed)           0.319    10.671    mul_7ns_9ns_15_1_1_U4/fir_multiband_mul_7ns_9ns_15_1_1_Multiplier_1_U/ram_reg_i_31_n_0
    SLICE_X32Y32         LUT6 (Prop_lut6_I1_O)        0.124    10.795 r  mul_7ns_9ns_15_1_1_U4/fir_multiband_mul_7ns_9ns_15_1_1_Multiplier_1_U/ram_reg_0_15_0_0_i_10/O
                         net (fo=1, routed)           0.557    11.352    mul_7ns_9ns_15_1_1_U4/fir_multiband_mul_7ns_9ns_15_1_1_Multiplier_1_U/ram_reg_0_15_0_0_i_10_n_0
    SLICE_X32Y30         LUT3 (Prop_lut3_I2_O)        0.116    11.468 r  mul_7ns_9ns_15_1_1_U4/fir_multiband_mul_7ns_9ns_15_1_1_Multiplier_1_U/ram_reg_0_15_0_0_i_3/O
                         net (fo=192, routed)         1.653    13.122    hist_V_2_U/fir_multiband_hist_V_1_ram_U/ram_reg_0_15_4_4/A1
    SLICE_X30Y21         RAMD32 (Prop_ramd32_RADR1_O)
                                                      0.356    13.478 r  hist_V_2_U/fir_multiband_hist_V_1_ram_U/ram_reg_0_15_4_4/SP/O
                         net (fo=1, routed)           0.617    14.095    hist_V_2_U/fir_multiband_hist_V_1_ram_U/q00__0[4]
    SLICE_X31Y21         FDRE                                         r  hist_V_2_U/fir_multiband_hist_V_1_ram_U/q0_reg[4]/D
  -------------------------------------------------------------------    -------------------

                         (clock ap_clk rise edge)    10.000    10.000 r  
    U14                                               0.000    10.000 r  ap_clk (IN)
                         net (fo=0)                   0.000    10.000    ap_clk
    U14                  IBUF (Prop_ibuf_I_O)         0.940    10.940 r  ap_clk_IBUF_inst/O
                         net (fo=1, routed)           2.006    12.946    ap_clk_IBUF
    BUFGCTRL_X0Y16       BUFG (Prop_bufg_I_O)         0.091    13.037 r  ap_clk_IBUF_BUFG_inst/O
                         net (fo=2931, routed)        1.559    14.596    hist_V_2_U/fir_multiband_hist_V_1_ram_U/ap_clk_IBUF_BUFG
    SLICE_X31Y21         FDRE                                         r  hist_V_2_U/fir_multiband_hist_V_1_ram_U/q0_reg[4]/C
                         clock pessimism              0.458    15.055    
                         clock uncertainty           -0.035    15.019    
    SLICE_X31Y21         FDRE (Setup_fdre_C_D)       -0.285    14.734    hist_V_2_U/fir_multiband_hist_V_1_ram_U/q0_reg[4]
  -------------------------------------------------------------------
                         required time                         14.734    
                         arrival time                         -14.095    
  -------------------------------------------------------------------
                         slack                                  0.639    

Slack (MET) :             0.648ns  (required time - arrival time)
  Source:                 k_1_reg_1917_pp1_iter5_reg_reg[0]/C
                            (rising edge-triggered cell FDRE clocked by ap_clk  {rise@0.000ns fall@5.000ns period=10.000ns})
  Destination:            hist_V_4_U/fir_multiband_hist_V_1_ram_U/q0_reg[11]/D
                            (rising edge-triggered cell FDRE clocked by ap_clk  {rise@0.000ns fall@5.000ns period=10.000ns})
  Path Group:             ap_clk
  Path Type:              Setup (Max at Slow Process Corner)
  Requirement:            10.000ns  (ap_clk rise@10.000ns - ap_clk rise@0.000ns)
  Data Path Delay:        8.968ns  (logic 3.126ns (34.859%)  route 5.842ns (65.141%))
  Logic Levels:           9  (CARRY4=3 LUT3=1 LUT5=1 LUT6=3 RAMD32=1)
  Clock Path Skew:        -0.064ns (DCD - SCD + CPR)
    Destination Clock Delay (DCD):    4.518ns = ( 14.518 - 10.000 ) 
    Source Clock Delay      (SCD):    5.041ns
    Clock Pessimism Removal (CPR):    0.458ns
  Clock Uncertainty:      0.035ns  ((TSJ^2 + TIJ^2)^1/2 + DJ) / 2 + PE
    Total System Jitter     (TSJ):    0.071ns
    Total Input Jitter      (TIJ):    0.000ns
    Discrete Jitter          (DJ):    0.000ns
    Phase Error              (PE):    0.000ns

    Location             Delay type                Incr(ns)  Path(ns)    Netlist Resource(s)
  -------------------------------------------------------------------    -------------------
                         (clock ap_clk rise edge)     0.000     0.000 r  
    U14                                               0.000     0.000 r  ap_clk (IN)
                         net (fo=0)                   0.000     0.000    ap_clk
    U14                  IBUF (Prop_ibuf_I_O)         1.075     1.075 r  ap_clk_IBUF_inst/O
                         net (fo=1, routed)           2.205     3.280    ap_clk_IBUF
    BUFGCTRL_X0Y16       BUFG (Prop_bufg_I_O)         0.101     3.381 r  ap_clk_IBUF_BUFG_inst/O
                         net (fo=2931, routed)        1.660     5.041    ap_clk_IBUF_BUFG
    SLICE_X38Y32         FDRE                                         r  k_1_reg_1917_pp1_iter5_reg_reg[0]/C
  -------------------------------------------------------------------    -------------------
    SLICE_X38Y32         FDRE (Prop_fdre_C_Q)         0.518     5.559 r  k_1_reg_1917_pp1_iter5_reg_reg[0]/Q
                         net (fo=5, routed)           0.558     6.116    mul_7ns_9ns_15_1_1_U4/fir_multiband_mul_7ns_9ns_15_1_1_Multiplier_1_U/k_1_reg_1917_pp1_iter5_reg[0]
    SLICE_X38Y32         CARRY4 (Prop_carry4_S[0]_O[2])
                                                      0.668     6.784 r  mul_7ns_9ns_15_1_1_U4/fir_multiband_mul_7ns_9ns_15_1_1_Multiplier_1_U/p__18_carry/O[2]
                         net (fo=5, routed)           1.124     7.908    mul_7ns_9ns_15_1_1_U4/fir_multiband_mul_7ns_9ns_15_1_1_Multiplier_1_U/p__18_carry_n_5
    SLICE_X38Y31         LUT5 (Prop_lut5_I0_O)        0.301     8.209 r  mul_7ns_9ns_15_1_1_U4/fir_multiband_mul_7ns_9ns_15_1_1_Multiplier_1_U/p__41_carry__0_i_2/O
                         net (fo=2, routed)           0.631     8.840    mul_7ns_9ns_15_1_1_U4/fir_multiband_mul_7ns_9ns_15_1_1_Multiplier_1_U/p__41_carry__0_i_2_n_0
    SLICE_X37Y32         LUT6 (Prop_lut6_I0_O)        0.124     8.964 r  mul_7ns_9ns_15_1_1_U4/fir_multiband_mul_7ns_9ns_15_1_1_Multiplier_1_U/p__41_carry__0_i_6/O
                         net (fo=1, routed)           0.000     8.964    mul_7ns_9ns_15_1_1_U4/fir_multiband_mul_7ns_9ns_15_1_1_Multiplier_1_U/p__41_carry__0_i_6_n_0
    SLICE_X37Y32         CARRY4 (Prop_carry4_S[2]_CO[3])
                                                      0.398     9.362 r  mul_7ns_9ns_15_1_1_U4/fir_multiband_mul_7ns_9ns_15_1_1_Multiplier_1_U/p__41_carry__0/CO[3]
                         net (fo=1, routed)           0.000     9.362    mul_7ns_9ns_15_1_1_U4/fir_multiband_mul_7ns_9ns_15_1_1_Multiplier_1_U/p__41_carry__0_n_0
    SLICE_X37Y33         CARRY4 (Prop_carry4_CI_O[0])
                                                      0.222     9.584 r  mul_7ns_9ns_15_1_1_U4/fir_multiband_mul_7ns_9ns_15_1_1_Multiplier_1_U/p__41_carry__1/O[0]
                         net (fo=1, routed)           0.469    10.053    mul_7ns_9ns_15_1_1_U4/fir_multiband_mul_7ns_9ns_15_1_1_Multiplier_1_U/mul_ln212_1_fu_2146_p2[11]
    SLICE_X33Y33         LUT6 (Prop_lut6_I0_O)        0.299    10.352 r  mul_7ns_9ns_15_1_1_U4/fir_multiband_mul_7ns_9ns_15_1_1_Multiplier_1_U/ram_reg_i_31/O
                         net (fo=2, routed)           0.319    10.671    mul_7ns_9ns_15_1_1_U4/fir_multiband_mul_7ns_9ns_15_1_1_Multiplier_1_U/ram_reg_i_31_n_0
    SLICE_X32Y32         LUT6 (Prop_lut6_I1_O)        0.124    10.795 r  mul_7ns_9ns_15_1_1_U4/fir_multiband_mul_7ns_9ns_15_1_1_Multiplier_1_U/ram_reg_0_15_0_0_i_10/O
                         net (fo=1, routed)           0.557    11.352    mul_7ns_9ns_15_1_1_U4/fir_multiband_mul_7ns_9ns_15_1_1_Multiplier_1_U/ram_reg_0_15_0_0_i_10_n_0
    SLICE_X32Y30         LUT3 (Prop_lut3_I2_O)        0.116    11.468 r  mul_7ns_9ns_15_1_1_U4/fir_multiband_mul_7ns_9ns_15_1_1_Multiplier_1_U/ram_reg_0_15_0_0_i_3/O
                         net (fo=192, routed)         1.567    13.035    hist_V_4_U/fir_multiband_hist_V_1_ram_U/ram_reg_0_15_11_11/A1
    SLICE_X34Y23         RAMD32 (Prop_ramd32_RADR1_O)
                                                      0.356    13.391 r  hist_V_4_U/fir_multiband_hist_V_1_ram_U/ram_reg_0_15_11_11/SP/O
                         net (fo=1, routed)           0.617    14.008    hist_V_4_U/fir_multiband_hist_V_1_ram_U/q00__2[11]
    SLICE_X35Y23         FDRE                                         r  hist_V_4_U/fir_multiband_hist_V_1_ram_U/q0_reg[11]/D
  -------------------------------------------------------------------    -------------------

                         (clock ap_clk rise edge)    10.000    10.000 r  
    U14                                               0.000    10.000 r  ap_clk (IN)
                         net (fo=0)                   0.000    10.000    ap_clk
    U14                  IBUF (Prop_ibuf_I_O)         0.940    10.940 r  ap_clk_IBUF_inst/O
                         net (fo=1, routed)           2.006    12.946    ap_clk_IBUF
    BUFGCTRL_X0Y16       BUFG (Prop_bufg_I_O)         0.091    13.037 r  ap_clk_IBUF_BUFG_inst/O
                         net (fo=2931, routed)        1.481    14.518    hist_V_4_U/fir_multiband_hist_V_1_ram_U/ap_clk_IBUF_BUFG
    SLICE_X35Y23         FDRE                                         r  hist_V_4_U/fir_multiband_hist_V_1_ram_U/q0_reg[11]/C
                         clock pessimism              0.458    14.977    
                         clock uncertainty           -0.035    14.941    
    SLICE_X35Y23         FDRE (Setup_fdre_C_D)       -0.285    14.656    hist_V_4_U/fir_multiband_hist_V_1_ram_U/q0_reg[11]
  -------------------------------------------------------------------
                         required time                         14.656    
                         arrival time                         -14.008    
  -------------------------------------------------------------------
                         slack                                  0.648    

Slack (MET) :             0.651ns  (required time - arrival time)
  Source:                 k_1_reg_1917_pp1_iter5_reg_reg[0]/C
                            (rising edge-triggered cell FDRE clocked by ap_clk  {rise@0.000ns fall@5.000ns period=10.000ns})
  Destination:            hist_V_4_U/fir_multiband_hist_V_1_ram_U/q0_reg[4]/D
                            (rising edge-triggered cell FDRE clocked by ap_clk  {rise@0.000ns fall@5.000ns period=10.000ns})
  Path Group:             ap_clk
  Path Type:              Setup (Max at Slow Process Corner)
  Requirement:            10.000ns  (ap_clk rise@10.000ns - ap_clk rise@0.000ns)
  Data Path Delay:        8.967ns  (logic 3.126ns (34.862%)  route 5.841ns (65.138%))
  Logic Levels:           9  (CARRY4=3 LUT3=1 LUT5=1 LUT6=3 RAMD32=1)
  Clock Path Skew:        -0.062ns (DCD - SCD + CPR)
    Destination Clock Delay (DCD):    4.520ns = ( 14.520 - 10.000 ) 
    Source Clock Delay      (SCD):    5.041ns
    Clock Pessimism Removal (CPR):    0.458ns
  Clock Uncertainty:      0.035ns  ((TSJ^2 + TIJ^2)^1/2 + DJ) / 2 + PE
    Total System Jitter     (TSJ):    0.071ns
    Total Input Jitter      (TIJ):    0.000ns
    Discrete Jitter          (DJ):    0.000ns
    Phase Error              (PE):    0.000ns

    Location             Delay type                Incr(ns)  Path(ns)    Netlist Resource(s)
  -------------------------------------------------------------------    -------------------
                         (clock ap_clk rise edge)     0.000     0.000 r  
    U14                                               0.000     0.000 r  ap_clk (IN)
                         net (fo=0)                   0.000     0.000    ap_clk
    U14                  IBUF (Prop_ibuf_I_O)         1.075     1.075 r  ap_clk_IBUF_inst/O
                         net (fo=1, routed)           2.205     3.280    ap_clk_IBUF
    BUFGCTRL_X0Y16       BUFG (Prop_bufg_I_O)         0.101     3.381 r  ap_clk_IBUF_BUFG_inst/O
                         net (fo=2931, routed)        1.660     5.041    ap_clk_IBUF_BUFG
    SLICE_X38Y32         FDRE                                         r  k_1_reg_1917_pp1_iter5_reg_reg[0]/C
  -------------------------------------------------------------------    -------------------
    SLICE_X38Y32         FDRE (Prop_fdre_C_Q)         0.518     5.559 r  k_1_reg_1917_pp1_iter5_reg_reg[0]/Q
                         net (fo=5, routed)           0.558     6.116    mul_7ns_9ns_15_1_1_U4/fir_multiband_mul_7ns_9ns_15_1_1_Multiplier_1_U/k_1_reg_1917_pp1_iter5_reg[0]
    SLICE_X38Y32         CARRY4 (Prop_carry4_S[0]_O[2])
                                                      0.668     6.784 r  mul_7ns_9ns_15_1_1_U4/fir_multiband_mul_7ns_9ns_15_1_1_Multiplier_1_U/p__18_carry/O[2]
                         net (fo=5, routed)           1.124     7.908    mul_7ns_9ns_15_1_1_U4/fir_multiband_mul_7ns_9ns_15_1_1_Multiplier_1_U/p__18_carry_n_5
    SLICE_X38Y31         LUT5 (Prop_lut5_I0_O)        0.301     8.209 r  mul_7ns_9ns_15_1_1_U4/fir_multiband_mul_7ns_9ns_15_1_1_Multiplier_1_U/p__41_carry__0_i_2/O
                         net (fo=2, routed)           0.631     8.840    mul_7ns_9ns_15_1_1_U4/fir_multiband_mul_7ns_9ns_15_1_1_Multiplier_1_U/p__41_carry__0_i_2_n_0
    SLICE_X37Y32         LUT6 (Prop_lut6_I0_O)        0.124     8.964 r  mul_7ns_9ns_15_1_1_U4/fir_multiband_mul_7ns_9ns_15_1_1_Multiplier_1_U/p__41_carry__0_i_6/O
                         net (fo=1, routed)           0.000     8.964    mul_7ns_9ns_15_1_1_U4/fir_multiband_mul_7ns_9ns_15_1_1_Multiplier_1_U/p__41_carry__0_i_6_n_0
    SLICE_X37Y32         CARRY4 (Prop_carry4_S[2]_CO[3])
                                                      0.398     9.362 r  mul_7ns_9ns_15_1_1_U4/fir_multiband_mul_7ns_9ns_15_1_1_Multiplier_1_U/p__41_carry__0/CO[3]
                         net (fo=1, routed)           0.000     9.362    mul_7ns_9ns_15_1_1_U4/fir_multiband_mul_7ns_9ns_15_1_1_Multiplier_1_U/p__41_carry__0_n_0
    SLICE_X37Y33         CARRY4 (Prop_carry4_CI_O[0])
                                                      0.222     9.584 r  mul_7ns_9ns_15_1_1_U4/fir_multiband_mul_7ns_9ns_15_1_1_Multiplier_1_U/p__41_carry__1/O[0]
                         net (fo=1, routed)           0.469    10.053    mul_7ns_9ns_15_1_1_U4/fir_multiband_mul_7ns_9ns_15_1_1_Multiplier_1_U/mul_ln212_1_fu_2146_p2[11]
    SLICE_X33Y33         LUT6 (Prop_lut6_I0_O)        0.299    10.352 r  mul_7ns_9ns_15_1_1_U4/fir_multiband_mul_7ns_9ns_15_1_1_Multiplier_1_U/ram_reg_i_31/O
                         net (fo=2, routed)           0.319    10.671    mul_7ns_9ns_15_1_1_U4/fir_multiband_mul_7ns_9ns_15_1_1_Multiplier_1_U/ram_reg_i_31_n_0
    SLICE_X32Y32         LUT6 (Prop_lut6_I1_O)        0.124    10.795 r  mul_7ns_9ns_15_1_1_U4/fir_multiband_mul_7ns_9ns_15_1_1_Multiplier_1_U/ram_reg_0_15_0_0_i_10/O
                         net (fo=1, routed)           0.557    11.352    mul_7ns_9ns_15_1_1_U4/fir_multiband_mul_7ns_9ns_15_1_1_Multiplier_1_U/ram_reg_0_15_0_0_i_10_n_0
    SLICE_X32Y30         LUT3 (Prop_lut3_I2_O)        0.116    11.468 r  mul_7ns_9ns_15_1_1_U4/fir_multiband_mul_7ns_9ns_15_1_1_Multiplier_1_U/ram_reg_0_15_0_0_i_3/O
                         net (fo=192, routed)         1.536    13.005    hist_V_4_U/fir_multiband_hist_V_1_ram_U/ram_reg_0_15_4_4/A1
    SLICE_X32Y21         RAMD32 (Prop_ramd32_RADR1_O)
                                                      0.356    13.361 r  hist_V_4_U/fir_multiband_hist_V_1_ram_U/ram_reg_0_15_4_4/SP/O
                         net (fo=1, routed)           0.647    14.007    hist_V_4_U/fir_multiband_hist_V_1_ram_U/q00__2[4]
    SLICE_X33Y21         FDRE                                         r  hist_V_4_U/fir_multiband_hist_V_1_ram_U/q0_reg[4]/D
  -------------------------------------------------------------------    -------------------

                         (clock ap_clk rise edge)    10.000    10.000 r  
    U14                                               0.000    10.000 r  ap_clk (IN)
                         net (fo=0)                   0.000    10.000    ap_clk
    U14                  IBUF (Prop_ibuf_I_O)         0.940    10.940 r  ap_clk_IBUF_inst/O
                         net (fo=1, routed)           2.006    12.946    ap_clk_IBUF
    BUFGCTRL_X0Y16       BUFG (Prop_bufg_I_O)         0.091    13.037 r  ap_clk_IBUF_BUFG_inst/O
                         net (fo=2931, routed)        1.483    14.520    hist_V_4_U/fir_multiband_hist_V_1_ram_U/ap_clk_IBUF_BUFG
    SLICE_X33Y21         FDRE                                         r  hist_V_4_U/fir_multiband_hist_V_1_ram_U/q0_reg[4]/C
                         clock pessimism              0.458    14.979    
                         clock uncertainty           -0.035    14.943    
    SLICE_X33Y21         FDRE (Setup_fdre_C_D)       -0.285    14.658    hist_V_4_U/fir_multiband_hist_V_1_ram_U/q0_reg[4]
  -------------------------------------------------------------------
                         required time                         14.658    
                         arrival time                         -14.007    
  -------------------------------------------------------------------
                         slack                                  0.651    

Slack (MET) :             0.658ns  (required time - arrival time)
  Source:                 k_1_reg_1917_pp1_iter5_reg_reg[0]/C
                            (rising edge-triggered cell FDRE clocked by ap_clk  {rise@0.000ns fall@5.000ns period=10.000ns})
  Destination:            hist_V_2_U/fir_multiband_hist_V_1_ram_U/q0_reg[8]/D
                            (rising edge-triggered cell FDRE clocked by ap_clk  {rise@0.000ns fall@5.000ns period=10.000ns})
  Path Group:             ap_clk
  Path Type:              Setup (Max at Slow Process Corner)
  Requirement:            10.000ns  (ap_clk rise@10.000ns - ap_clk rise@0.000ns)
  Data Path Delay:        9.033ns  (logic 3.126ns (34.605%)  route 5.907ns (65.395%))
  Logic Levels:           9  (CARRY4=3 LUT3=1 LUT5=1 LUT6=3 RAMD32=1)
  Clock Path Skew:        0.012ns (DCD - SCD + CPR)
    Destination Clock Delay (DCD):    4.594ns = ( 14.594 - 10.000 ) 
    Source Clock Delay      (SCD):    5.041ns
    Clock Pessimism Removal (CPR):    0.458ns
  Clock Uncertainty:      0.035ns  ((TSJ^2 + TIJ^2)^1/2 + DJ) / 2 + PE
    Total System Jitter     (TSJ):    0.071ns
    Total Input Jitter      (TIJ):    0.000ns
    Discrete Jitter          (DJ):    0.000ns
    Phase Error              (PE):    0.000ns

    Location             Delay type                Incr(ns)  Path(ns)    Netlist Resource(s)
  -------------------------------------------------------------------    -------------------
                         (clock ap_clk rise edge)     0.000     0.000 r  
    U14                                               0.000     0.000 r  ap_clk (IN)
                         net (fo=0)                   0.000     0.000    ap_clk
    U14                  IBUF (Prop_ibuf_I_O)         1.075     1.075 r  ap_clk_IBUF_inst/O
                         net (fo=1, routed)           2.205     3.280    ap_clk_IBUF
    BUFGCTRL_X0Y16       BUFG (Prop_bufg_I_O)         0.101     3.381 r  ap_clk_IBUF_BUFG_inst/O
                         net (fo=2931, routed)        1.660     5.041    ap_clk_IBUF_BUFG
    SLICE_X38Y32         FDRE                                         r  k_1_reg_1917_pp1_iter5_reg_reg[0]/C
  -------------------------------------------------------------------    -------------------
    SLICE_X38Y32         FDRE (Prop_fdre_C_Q)         0.518     5.559 r  k_1_reg_1917_pp1_iter5_reg_reg[0]/Q
                         net (fo=5, routed)           0.558     6.116    mul_7ns_9ns_15_1_1_U4/fir_multiband_mul_7ns_9ns_15_1_1_Multiplier_1_U/k_1_reg_1917_pp1_iter5_reg[0]
    SLICE_X38Y32         CARRY4 (Prop_carry4_S[0]_O[2])
                                                      0.668     6.784 r  mul_7ns_9ns_15_1_1_U4/fir_multiband_mul_7ns_9ns_15_1_1_Multiplier_1_U/p__18_carry/O[2]
                         net (fo=5, routed)           1.124     7.908    mul_7ns_9ns_15_1_1_U4/fir_multiband_mul_7ns_9ns_15_1_1_Multiplier_1_U/p__18_carry_n_5
    SLICE_X38Y31         LUT5 (Prop_lut5_I0_O)        0.301     8.209 r  mul_7ns_9ns_15_1_1_U4/fir_multiband_mul_7ns_9ns_15_1_1_Multiplier_1_U/p__41_carry__0_i_2/O
                         net (fo=2, routed)           0.631     8.840    mul_7ns_9ns_15_1_1_U4/fir_multiband_mul_7ns_9ns_15_1_1_Multiplier_1_U/p__41_carry__0_i_2_n_0
    SLICE_X37Y32         LUT6 (Prop_lut6_I0_O)        0.124     8.964 r  mul_7ns_9ns_15_1_1_U4/fir_multiband_mul_7ns_9ns_15_1_1_Multiplier_1_U/p__41_carry__0_i_6/O
                         net (fo=1, routed)           0.000     8.964    mul_7ns_9ns_15_1_1_U4/fir_multiband_mul_7ns_9ns_15_1_1_Multiplier_1_U/p__41_carry__0_i_6_n_0
    SLICE_X37Y32         CARRY4 (Prop_carry4_S[2]_CO[3])
                                                      0.398     9.362 r  mul_7ns_9ns_15_1_1_U4/fir_multiband_mul_7ns_9ns_15_1_1_Multiplier_1_U/p__41_carry__0/CO[3]
                         net (fo=1, routed)           0.000     9.362    mul_7ns_9ns_15_1_1_U4/fir_multiband_mul_7ns_9ns_15_1_1_Multiplier_1_U/p__41_carry__0_n_0
    SLICE_X37Y33         CARRY4 (Prop_carry4_CI_O[0])
                                                      0.222     9.584 r  mul_7ns_9ns_15_1_1_U4/fir_multiband_mul_7ns_9ns_15_1_1_Multiplier_1_U/p__41_carry__1/O[0]
                         net (fo=1, routed)           0.469    10.053    mul_7ns_9ns_15_1_1_U4/fir_multiband_mul_7ns_9ns_15_1_1_Multiplier_1_U/mul_ln212_1_fu_2146_p2[11]
    SLICE_X33Y33         LUT6 (Prop_lut6_I0_O)        0.299    10.352 r  mul_7ns_9ns_15_1_1_U4/fir_multiband_mul_7ns_9ns_15_1_1_Multiplier_1_U/ram_reg_i_31/O
                         net (fo=2, routed)           0.319    10.671    mul_7ns_9ns_15_1_1_U4/fir_multiband_mul_7ns_9ns_15_1_1_Multiplier_1_U/ram_reg_i_31_n_0
    SLICE_X32Y32         LUT6 (Prop_lut6_I1_O)        0.124    10.795 r  mul_7ns_9ns_15_1_1_U4/fir_multiband_mul_7ns_9ns_15_1_1_Multiplier_1_U/ram_reg_0_15_0_0_i_10/O
                         net (fo=1, routed)           0.557    11.352    mul_7ns_9ns_15_1_1_U4/fir_multiband_mul_7ns_9ns_15_1_1_Multiplier_1_U/ram_reg_0_15_0_0_i_10_n_0
    SLICE_X32Y30         LUT3 (Prop_lut3_I2_O)        0.116    11.468 r  mul_7ns_9ns_15_1_1_U4/fir_multiband_mul_7ns_9ns_15_1_1_Multiplier_1_U/ram_reg_0_15_0_0_i_3/O
                         net (fo=192, routed)         1.632    13.101    hist_V_2_U/fir_multiband_hist_V_1_ram_U/ram_reg_0_15_8_8/A1
    SLICE_X30Y22         RAMD32 (Prop_ramd32_RADR1_O)
                                                      0.356    13.457 r  hist_V_2_U/fir_multiband_hist_V_1_ram_U/ram_reg_0_15_8_8/SP/O
                         net (fo=1, routed)           0.617    14.074    hist_V_2_U/fir_multiband_hist_V_1_ram_U/q00__0[8]
    SLICE_X31Y22         FDRE                                         r  hist_V_2_U/fir_multiband_hist_V_1_ram_U/q0_reg[8]/D
  -------------------------------------------------------------------    -------------------

                         (clock ap_clk rise edge)    10.000    10.000 r  
    U14                                               0.000    10.000 r  ap_clk (IN)
                         net (fo=0)                   0.000    10.000    ap_clk
    U14                  IBUF (Prop_ibuf_I_O)         0.940    10.940 r  ap_clk_IBUF_inst/O
                         net (fo=1, routed)           2.006    12.946    ap_clk_IBUF
    BUFGCTRL_X0Y16       BUFG (Prop_bufg_I_O)         0.091    13.037 r  ap_clk_IBUF_BUFG_inst/O
                         net (fo=2931, routed)        1.557    14.594    hist_V_2_U/fir_multiband_hist_V_1_ram_U/ap_clk_IBUF_BUFG
    SLICE_X31Y22         FDRE                                         r  hist_V_2_U/fir_multiband_hist_V_1_ram_U/q0_reg[8]/C
                         clock pessimism              0.458    15.053    
                         clock uncertainty           -0.035    15.017    
    SLICE_X31Y22         FDRE (Setup_fdre_C_D)       -0.285    14.732    hist_V_2_U/fir_multiband_hist_V_1_ram_U/q0_reg[8]
  -------------------------------------------------------------------
                         required time                         14.732    
                         arrival time                         -14.074    
  -------------------------------------------------------------------
                         slack                                  0.658    

Slack (MET) :             0.662ns  (required time - arrival time)
  Source:                 k_1_reg_1917_pp1_iter5_reg_reg[0]/C
                            (rising edge-triggered cell FDRE clocked by ap_clk  {rise@0.000ns fall@5.000ns period=10.000ns})
  Destination:            hist_V_2_U/fir_multiband_hist_V_1_ram_U/q0_reg[11]/D
                            (rising edge-triggered cell FDRE clocked by ap_clk  {rise@0.000ns fall@5.000ns period=10.000ns})
  Path Group:             ap_clk
  Path Type:              Setup (Max at Slow Process Corner)
  Requirement:            10.000ns  (ap_clk rise@10.000ns - ap_clk rise@0.000ns)
  Data Path Delay:        9.029ns  (logic 3.126ns (34.622%)  route 5.903ns (65.378%))
  Logic Levels:           9  (CARRY4=3 LUT3=1 LUT5=1 LUT6=3 RAMD32=1)
  Clock Path Skew:        0.011ns (DCD - SCD + CPR)
    Destination Clock Delay (DCD):    4.593ns = ( 14.593 - 10.000 ) 
    Source Clock Delay      (SCD):    5.041ns
    Clock Pessimism Removal (CPR):    0.458ns
  Clock Uncertainty:      0.035ns  ((TSJ^2 + TIJ^2)^1/2 + DJ) / 2 + PE
    Total System Jitter     (TSJ):    0.071ns
    Total Input Jitter      (TIJ):    0.000ns
    Discrete Jitter          (DJ):    0.000ns
    Phase Error              (PE):    0.000ns

    Location             Delay type                Incr(ns)  Path(ns)    Netlist Resource(s)
  -------------------------------------------------------------------    -------------------
                         (clock ap_clk rise edge)     0.000     0.000 r  
    U14                                               0.000     0.000 r  ap_clk (IN)
                         net (fo=0)                   0.000     0.000    ap_clk
    U14                  IBUF (Prop_ibuf_I_O)         1.075     1.075 r  ap_clk_IBUF_inst/O
                         net (fo=1, routed)           2.205     3.280    ap_clk_IBUF
    BUFGCTRL_X0Y16       BUFG (Prop_bufg_I_O)         0.101     3.381 r  ap_clk_IBUF_BUFG_inst/O
                         net (fo=2931, routed)        1.660     5.041    ap_clk_IBUF_BUFG
    SLICE_X38Y32         FDRE                                         r  k_1_reg_1917_pp1_iter5_reg_reg[0]/C
  -------------------------------------------------------------------    -------------------
    SLICE_X38Y32         FDRE (Prop_fdre_C_Q)         0.518     5.559 r  k_1_reg_1917_pp1_iter5_reg_reg[0]/Q
                         net (fo=5, routed)           0.558     6.116    mul_7ns_9ns_15_1_1_U4/fir_multiband_mul_7ns_9ns_15_1_1_Multiplier_1_U/k_1_reg_1917_pp1_iter5_reg[0]
    SLICE_X38Y32         CARRY4 (Prop_carry4_S[0]_O[2])
                                                      0.668     6.784 r  mul_7ns_9ns_15_1_1_U4/fir_multiband_mul_7ns_9ns_15_1_1_Multiplier_1_U/p__18_carry/O[2]
                         net (fo=5, routed)           1.124     7.908    mul_7ns_9ns_15_1_1_U4/fir_multiband_mul_7ns_9ns_15_1_1_Multiplier_1_U/p__18_carry_n_5
    SLICE_X38Y31         LUT5 (Prop_lut5_I0_O)        0.301     8.209 r  mul_7ns_9ns_15_1_1_U4/fir_multiband_mul_7ns_9ns_15_1_1_Multiplier_1_U/p__41_carry__0_i_2/O
                         net (fo=2, routed)           0.631     8.840    mul_7ns_9ns_15_1_1_U4/fir_multiband_mul_7ns_9ns_15_1_1_Multiplier_1_U/p__41_carry__0_i_2_n_0
    SLICE_X37Y32         LUT6 (Prop_lut6_I0_O)        0.124     8.964 r  mul_7ns_9ns_15_1_1_U4/fir_multiband_mul_7ns_9ns_15_1_1_Multiplier_1_U/p__41_carry__0_i_6/O
                         net (fo=1, routed)           0.000     8.964    mul_7ns_9ns_15_1_1_U4/fir_multiband_mul_7ns_9ns_15_1_1_Multiplier_1_U/p__41_carry__0_i_6_n_0
    SLICE_X37Y32         CARRY4 (Prop_carry4_S[2]_CO[3])
                                                      0.398     9.362 r  mul_7ns_9ns_15_1_1_U4/fir_multiband_mul_7ns_9ns_15_1_1_Multiplier_1_U/p__41_carry__0/CO[3]
                         net (fo=1, routed)           0.000     9.362    mul_7ns_9ns_15_1_1_U4/fir_multiband_mul_7ns_9ns_15_1_1_Multiplier_1_U/p__41_carry__0_n_0
    SLICE_X37Y33         CARRY4 (Prop_carry4_CI_O[0])
                                                      0.222     9.584 r  mul_7ns_9ns_15_1_1_U4/fir_multiband_mul_7ns_9ns_15_1_1_Multiplier_1_U/p__41_carry__1/O[0]
                         net (fo=1, routed)           0.469    10.053    mul_7ns_9ns_15_1_1_U4/fir_multiband_mul_7ns_9ns_15_1_1_Multiplier_1_U/mul_ln212_1_fu_2146_p2[11]
    SLICE_X33Y33         LUT6 (Prop_lut6_I0_O)        0.299    10.352 r  mul_7ns_9ns_15_1_1_U4/fir_multiband_mul_7ns_9ns_15_1_1_Multiplier_1_U/ram_reg_i_31/O
                         net (fo=2, routed)           0.319    10.671    mul_7ns_9ns_15_1_1_U4/fir_multiband_mul_7ns_9ns_15_1_1_Multiplier_1_U/ram_reg_i_31_n_0
    SLICE_X32Y32         LUT6 (Prop_lut6_I1_O)        0.124    10.795 r  mul_7ns_9ns_15_1_1_U4/fir_multiband_mul_7ns_9ns_15_1_1_Multiplier_1_U/ram_reg_0_15_0_0_i_10/O
                         net (fo=1, routed)           0.557    11.352    mul_7ns_9ns_15_1_1_U4/fir_multiband_mul_7ns_9ns_15_1_1_Multiplier_1_U/ram_reg_0_15_0_0_i_10_n_0
    SLICE_X32Y30         LUT3 (Prop_lut3_I2_O)        0.116    11.468 r  mul_7ns_9ns_15_1_1_U4/fir_multiband_mul_7ns_9ns_15_1_1_Multiplier_1_U/ram_reg_0_15_0_0_i_3/O
                         net (fo=192, routed)         1.628    13.096    hist_V_2_U/fir_multiband_hist_V_1_ram_U/ram_reg_0_15_11_11/A1
    SLICE_X30Y23         RAMD32 (Prop_ramd32_RADR1_O)
                                                      0.356    13.452 r  hist_V_2_U/fir_multiband_hist_V_1_ram_U/ram_reg_0_15_11_11/SP/O
                         net (fo=1, routed)           0.617    14.070    hist_V_2_U/fir_multiband_hist_V_1_ram_U/q00__0[11]
    SLICE_X31Y23         FDRE                                         r  hist_V_2_U/fir_multiband_hist_V_1_ram_U/q0_reg[11]/D
  -------------------------------------------------------------------    -------------------

                         (clock ap_clk rise edge)    10.000    10.000 r  
    U14                                               0.000    10.000 r  ap_clk (IN)
                         net (fo=0)                   0.000    10.000    ap_clk
    U14                  IBUF (Prop_ibuf_I_O)         0.940    10.940 r  ap_clk_IBUF_inst/O
                         net (fo=1, routed)           2.006    12.946    ap_clk_IBUF
    BUFGCTRL_X0Y16       BUFG (Prop_bufg_I_O)         0.091    13.037 r  ap_clk_IBUF_BUFG_inst/O
                         net (fo=2931, routed)        1.556    14.593    hist_V_2_U/fir_multiband_hist_V_1_ram_U/ap_clk_IBUF_BUFG
    SLICE_X31Y23         FDRE                                         r  hist_V_2_U/fir_multiband_hist_V_1_ram_U/q0_reg[11]/C
                         clock pessimism              0.458    15.052    
                         clock uncertainty           -0.035    15.016    
    SLICE_X31Y23         FDRE (Setup_fdre_C_D)       -0.285    14.731    hist_V_2_U/fir_multiband_hist_V_1_ram_U/q0_reg[11]
  -------------------------------------------------------------------
                         required time                         14.731    
                         arrival time                         -14.070    
  -------------------------------------------------------------------
                         slack                                  0.662    

Slack (MET) :             0.720ns  (required time - arrival time)
  Source:                 k_1_reg_1917_pp1_iter5_reg_reg[0]/C
                            (rising edge-triggered cell FDRE clocked by ap_clk  {rise@0.000ns fall@5.000ns period=10.000ns})
  Destination:            hist_V_4_U/fir_multiband_hist_V_1_ram_U/q0_reg[15]/D
                            (rising edge-triggered cell FDRE clocked by ap_clk  {rise@0.000ns fall@5.000ns period=10.000ns})
  Path Group:             ap_clk
  Path Type:              Setup (Max at Slow Process Corner)
  Requirement:            10.000ns  (ap_clk rise@10.000ns - ap_clk rise@0.000ns)
  Data Path Delay:        8.888ns  (logic 3.126ns (35.172%)  route 5.762ns (64.828%))
  Logic Levels:           9  (CARRY4=3 LUT3=1 LUT5=1 LUT6=3 RAMD32=1)
  Clock Path Skew:        -0.066ns (DCD - SCD + CPR)
    Destination Clock Delay (DCD):    4.516ns = ( 14.516 - 10.000 ) 
    Source Clock Delay      (SCD):    5.041ns
    Clock Pessimism Removal (CPR):    0.458ns
  Clock Uncertainty:      0.035ns  ((TSJ^2 + TIJ^2)^1/2 + DJ) / 2 + PE
    Total System Jitter     (TSJ):    0.071ns
    Total Input Jitter      (TIJ):    0.000ns
    Discrete Jitter          (DJ):    0.000ns
    Phase Error              (PE):    0.000ns

    Location             Delay type                Incr(ns)  Path(ns)    Netlist Resource(s)
  -------------------------------------------------------------------    -------------------
                         (clock ap_clk rise edge)     0.000     0.000 r  
    U14                                               0.000     0.000 r  ap_clk (IN)
                         net (fo=0)                   0.000     0.000    ap_clk
    U14                  IBUF (Prop_ibuf_I_O)         1.075     1.075 r  ap_clk_IBUF_inst/O
                         net (fo=1, routed)           2.205     3.280    ap_clk_IBUF
    BUFGCTRL_X0Y16       BUFG (Prop_bufg_I_O)         0.101     3.381 r  ap_clk_IBUF_BUFG_inst/O
                         net (fo=2931, routed)        1.660     5.041    ap_clk_IBUF_BUFG
    SLICE_X38Y32         FDRE                                         r  k_1_reg_1917_pp1_iter5_reg_reg[0]/C
  -------------------------------------------------------------------    -------------------
    SLICE_X38Y32         FDRE (Prop_fdre_C_Q)         0.518     5.559 r  k_1_reg_1917_pp1_iter5_reg_reg[0]/Q
                         net (fo=5, routed)           0.558     6.116    mul_7ns_9ns_15_1_1_U4/fir_multiband_mul_7ns_9ns_15_1_1_Multiplier_1_U/k_1_reg_1917_pp1_iter5_reg[0]
    SLICE_X38Y32         CARRY4 (Prop_carry4_S[0]_O[2])
                                                      0.668     6.784 r  mul_7ns_9ns_15_1_1_U4/fir_multiband_mul_7ns_9ns_15_1_1_Multiplier_1_U/p__18_carry/O[2]
                         net (fo=5, routed)           1.124     7.908    mul_7ns_9ns_15_1_1_U4/fir_multiband_mul_7ns_9ns_15_1_1_Multiplier_1_U/p__18_carry_n_5
    SLICE_X38Y31         LUT5 (Prop_lut5_I0_O)        0.301     8.209 r  mul_7ns_9ns_15_1_1_U4/fir_multiband_mul_7ns_9ns_15_1_1_Multiplier_1_U/p__41_carry__0_i_2/O
                         net (fo=2, routed)           0.631     8.840    mul_7ns_9ns_15_1_1_U4/fir_multiband_mul_7ns_9ns_15_1_1_Multiplier_1_U/p__41_carry__0_i_2_n_0
    SLICE_X37Y32         LUT6 (Prop_lut6_I0_O)        0.124     8.964 r  mul_7ns_9ns_15_1_1_U4/fir_multiband_mul_7ns_9ns_15_1_1_Multiplier_1_U/p__41_carry__0_i_6/O
                         net (fo=1, routed)           0.000     8.964    mul_7ns_9ns_15_1_1_U4/fir_multiband_mul_7ns_9ns_15_1_1_Multiplier_1_U/p__41_carry__0_i_6_n_0
    SLICE_X37Y32         CARRY4 (Prop_carry4_S[2]_CO[3])
                                                      0.398     9.362 r  mul_7ns_9ns_15_1_1_U4/fir_multiband_mul_7ns_9ns_15_1_1_Multiplier_1_U/p__41_carry__0/CO[3]
                         net (fo=1, routed)           0.000     9.362    mul_7ns_9ns_15_1_1_U4/fir_multiband_mul_7ns_9ns_15_1_1_Multiplier_1_U/p__41_carry__0_n_0
    SLICE_X37Y33         CARRY4 (Prop_carry4_CI_O[0])
                                                      0.222     9.584 r  mul_7ns_9ns_15_1_1_U4/fir_multiband_mul_7ns_9ns_15_1_1_Multiplier_1_U/p__41_carry__1/O[0]
                         net (fo=1, routed)           0.469    10.053    mul_7ns_9ns_15_1_1_U4/fir_multiband_mul_7ns_9ns_15_1_1_Multiplier_1_U/mul_ln212_1_fu_2146_p2[11]
    SLICE_X33Y33         LUT6 (Prop_lut6_I0_O)        0.299    10.352 r  mul_7ns_9ns_15_1_1_U4/fir_multiband_mul_7ns_9ns_15_1_1_Multiplier_1_U/ram_reg_i_31/O
                         net (fo=2, routed)           0.319    10.671    mul_7ns_9ns_15_1_1_U4/fir_multiband_mul_7ns_9ns_15_1_1_Multiplier_1_U/ram_reg_i_31_n_0
    SLICE_X32Y32         LUT6 (Prop_lut6_I1_O)        0.124    10.795 r  mul_7ns_9ns_15_1_1_U4/fir_multiband_mul_7ns_9ns_15_1_1_Multiplier_1_U/ram_reg_0_15_0_0_i_10/O
                         net (fo=1, routed)           0.557    11.352    mul_7ns_9ns_15_1_1_U4/fir_multiband_mul_7ns_9ns_15_1_1_Multiplier_1_U/ram_reg_0_15_0_0_i_10_n_0
    SLICE_X32Y30         LUT3 (Prop_lut3_I2_O)        0.116    11.468 r  mul_7ns_9ns_15_1_1_U4/fir_multiband_mul_7ns_9ns_15_1_1_Multiplier_1_U/ram_reg_0_15_0_0_i_3/O
                         net (fo=192, routed)         1.598    13.066    hist_V_4_U/fir_multiband_hist_V_1_ram_U/ram_reg_0_15_15_15/A1
    SLICE_X34Y24         RAMD32 (Prop_ramd32_RADR1_O)
                                                      0.356    13.422 r  hist_V_4_U/fir_multiband_hist_V_1_ram_U/ram_reg_0_15_15_15/SP/O
                         net (fo=1, routed)           0.506    13.928    hist_V_4_U/fir_multiband_hist_V_1_ram_U/q00__2[15]
    SLICE_X35Y24         FDRE                                         r  hist_V_4_U/fir_multiband_hist_V_1_ram_U/q0_reg[15]/D
  -------------------------------------------------------------------    -------------------

                         (clock ap_clk rise edge)    10.000    10.000 r  
    U14                                               0.000    10.000 r  ap_clk (IN)
                         net (fo=0)                   0.000    10.000    ap_clk
    U14                  IBUF (Prop_ibuf_I_O)         0.940    10.940 r  ap_clk_IBUF_inst/O
                         net (fo=1, routed)           2.006    12.946    ap_clk_IBUF
    BUFGCTRL_X0Y16       BUFG (Prop_bufg_I_O)         0.091    13.037 r  ap_clk_IBUF_BUFG_inst/O
                         net (fo=2931, routed)        1.479    14.516    hist_V_4_U/fir_multiband_hist_V_1_ram_U/ap_clk_IBUF_BUFG
    SLICE_X35Y24         FDRE                                         r  hist_V_4_U/fir_multiband_hist_V_1_ram_U/q0_reg[15]/C
                         clock pessimism              0.458    14.975    
                         clock uncertainty           -0.035    14.939    
    SLICE_X35Y24         FDRE (Setup_fdre_C_D)       -0.291    14.648    hist_V_4_U/fir_multiband_hist_V_1_ram_U/q0_reg[15]
  -------------------------------------------------------------------
                         required time                         14.648    
                         arrival time                         -13.928    
  -------------------------------------------------------------------
                         slack                                  0.720    

Slack (MET) :             0.732ns  (required time - arrival time)
  Source:                 k_1_reg_1917_pp1_iter5_reg_reg[0]/C
                            (rising edge-triggered cell FDRE clocked by ap_clk  {rise@0.000ns fall@5.000ns period=10.000ns})
  Destination:            hist_V_4_U/fir_multiband_hist_V_1_ram_U/q0_reg[8]/D
                            (rising edge-triggered cell FDRE clocked by ap_clk  {rise@0.000ns fall@5.000ns period=10.000ns})
  Path Group:             ap_clk
  Path Type:              Setup (Max at Slow Process Corner)
  Requirement:            10.000ns  (ap_clk rise@10.000ns - ap_clk rise@0.000ns)
  Data Path Delay:        8.885ns  (logic 3.126ns (35.183%)  route 5.759ns (64.817%))
  Logic Levels:           9  (CARRY4=3 LUT3=1 LUT5=1 LUT6=3 RAMD32=1)
  Clock Path Skew:        -0.063ns (DCD - SCD + CPR)
    Destination Clock Delay (DCD):    4.519ns = ( 14.519 - 10.000 ) 
    Source Clock Delay      (SCD):    5.041ns
    Clock Pessimism Removal (CPR):    0.458ns
  Clock Uncertainty:      0.035ns  ((TSJ^2 + TIJ^2)^1/2 + DJ) / 2 + PE
    Total System Jitter     (TSJ):    0.071ns
    Total Input Jitter      (TIJ):    0.000ns
    Discrete Jitter          (DJ):    0.000ns
    Phase Error              (PE):    0.000ns

    Location             Delay type                Incr(ns)  Path(ns)    Netlist Resource(s)
  -------------------------------------------------------------------    -------------------
                         (clock ap_clk rise edge)     0.000     0.000 r  
    U14                                               0.000     0.000 r  ap_clk (IN)
                         net (fo=0)                   0.000     0.000    ap_clk
    U14                  IBUF (Prop_ibuf_I_O)         1.075     1.075 r  ap_clk_IBUF_inst/O
                         net (fo=1, routed)           2.205     3.280    ap_clk_IBUF
    BUFGCTRL_X0Y16       BUFG (Prop_bufg_I_O)         0.101     3.381 r  ap_clk_IBUF_BUFG_inst/O
                         net (fo=2931, routed)        1.660     5.041    ap_clk_IBUF_BUFG
    SLICE_X38Y32         FDRE                                         r  k_1_reg_1917_pp1_iter5_reg_reg[0]/C
  -------------------------------------------------------------------    -------------------
    SLICE_X38Y32         FDRE (Prop_fdre_C_Q)         0.518     5.559 r  k_1_reg_1917_pp1_iter5_reg_reg[0]/Q
                         net (fo=5, routed)           0.558     6.116    mul_7ns_9ns_15_1_1_U4/fir_multiband_mul_7ns_9ns_15_1_1_Multiplier_1_U/k_1_reg_1917_pp1_iter5_reg[0]
    SLICE_X38Y32         CARRY4 (Prop_carry4_S[0]_O[2])
                                                      0.668     6.784 r  mul_7ns_9ns_15_1_1_U4/fir_multiband_mul_7ns_9ns_15_1_1_Multiplier_1_U/p__18_carry/O[2]
                         net (fo=5, routed)           1.124     7.908    mul_7ns_9ns_15_1_1_U4/fir_multiband_mul_7ns_9ns_15_1_1_Multiplier_1_U/p__18_carry_n_5
    SLICE_X38Y31         LUT5 (Prop_lut5_I0_O)        0.301     8.209 r  mul_7ns_9ns_15_1_1_U4/fir_multiband_mul_7ns_9ns_15_1_1_Multiplier_1_U/p__41_carry__0_i_2/O
                         net (fo=2, routed)           0.631     8.840    mul_7ns_9ns_15_1_1_U4/fir_multiband_mul_7ns_9ns_15_1_1_Multiplier_1_U/p__41_carry__0_i_2_n_0
    SLICE_X37Y32         LUT6 (Prop_lut6_I0_O)        0.124     8.964 r  mul_7ns_9ns_15_1_1_U4/fir_multiband_mul_7ns_9ns_15_1_1_Multiplier_1_U/p__41_carry__0_i_6/O
                         net (fo=1, routed)           0.000     8.964    mul_7ns_9ns_15_1_1_U4/fir_multiband_mul_7ns_9ns_15_1_1_Multiplier_1_U/p__41_carry__0_i_6_n_0
    SLICE_X37Y32         CARRY4 (Prop_carry4_S[2]_CO[3])
                                                      0.398     9.362 r  mul_7ns_9ns_15_1_1_U4/fir_multiband_mul_7ns_9ns_15_1_1_Multiplier_1_U/p__41_carry__0/CO[3]
                         net (fo=1, routed)           0.000     9.362    mul_7ns_9ns_15_1_1_U4/fir_multiband_mul_7ns_9ns_15_1_1_Multiplier_1_U/p__41_carry__0_n_0
    SLICE_X37Y33         CARRY4 (Prop_carry4_CI_O[0])
                                                      0.222     9.584 r  mul_7ns_9ns_15_1_1_U4/fir_multiband_mul_7ns_9ns_15_1_1_Multiplier_1_U/p__41_carry__1/O[0]
                         net (fo=1, routed)           0.469    10.053    mul_7ns_9ns_15_1_1_U4/fir_multiband_mul_7ns_9ns_15_1_1_Multiplier_1_U/mul_ln212_1_fu_2146_p2[11]
    SLICE_X33Y33         LUT6 (Prop_lut6_I0_O)        0.299    10.352 r  mul_7ns_9ns_15_1_1_U4/fir_multiband_mul_7ns_9ns_15_1_1_Multiplier_1_U/ram_reg_i_31/O
                         net (fo=2, routed)           0.319    10.671    mul_7ns_9ns_15_1_1_U4/fir_multiband_mul_7ns_9ns_15_1_1_Multiplier_1_U/ram_reg_i_31_n_0
    SLICE_X32Y32         LUT6 (Prop_lut6_I1_O)        0.124    10.795 r  mul_7ns_9ns_15_1_1_U4/fir_multiband_mul_7ns_9ns_15_1_1_Multiplier_1_U/ram_reg_0_15_0_0_i_10/O
                         net (fo=1, routed)           0.557    11.352    mul_7ns_9ns_15_1_1_U4/fir_multiband_mul_7ns_9ns_15_1_1_Multiplier_1_U/ram_reg_0_15_0_0_i_10_n_0
    SLICE_X32Y30         LUT3 (Prop_lut3_I2_O)        0.116    11.468 r  mul_7ns_9ns_15_1_1_U4/fir_multiband_mul_7ns_9ns_15_1_1_Multiplier_1_U/ram_reg_0_15_0_0_i_3/O
                         net (fo=192, routed)         1.484    12.953    hist_V_4_U/fir_multiband_hist_V_1_ram_U/ram_reg_0_15_8_8/A1
    SLICE_X34Y22         RAMD32 (Prop_ramd32_RADR1_O)
                                                      0.356    13.309 r  hist_V_4_U/fir_multiband_hist_V_1_ram_U/ram_reg_0_15_8_8/SP/O
                         net (fo=1, routed)           0.617    13.926    hist_V_4_U/fir_multiband_hist_V_1_ram_U/q00__2[8]
    SLICE_X35Y22         FDRE                                         r  hist_V_4_U/fir_multiband_hist_V_1_ram_U/q0_reg[8]/D
  -------------------------------------------------------------------    -------------------

                         (clock ap_clk rise edge)    10.000    10.000 r  
    U14                                               0.000    10.000 r  ap_clk (IN)
                         net (fo=0)                   0.000    10.000    ap_clk
    U14                  IBUF (Prop_ibuf_I_O)         0.940    10.940 r  ap_clk_IBUF_inst/O
                         net (fo=1, routed)           2.006    12.946    ap_clk_IBUF
    BUFGCTRL_X0Y16       BUFG (Prop_bufg_I_O)         0.091    13.037 r  ap_clk_IBUF_BUFG_inst/O
                         net (fo=2931, routed)        1.482    14.519    hist_V_4_U/fir_multiband_hist_V_1_ram_U/ap_clk_IBUF_BUFG
    SLICE_X35Y22         FDRE                                         r  hist_V_4_U/fir_multiband_hist_V_1_ram_U/q0_reg[8]/C
                         clock pessimism              0.458    14.978    
                         clock uncertainty           -0.035    14.942    
    SLICE_X35Y22         FDRE (Setup_fdre_C_D)       -0.285    14.657    hist_V_4_U/fir_multiband_hist_V_1_ram_U/q0_reg[8]
  -------------------------------------------------------------------
                         required time                         14.657    
                         arrival time                         -13.926    
  -------------------------------------------------------------------
                         slack                                  0.732    

Slack (MET) :             0.753ns  (required time - arrival time)
  Source:                 k_1_reg_1917_pp1_iter5_reg_reg[0]/C
                            (rising edge-triggered cell FDRE clocked by ap_clk  {rise@0.000ns fall@5.000ns period=10.000ns})
  Destination:            hist_V_3_U/fir_multiband_hist_V_1_ram_U/q0_reg[8]/D
                            (rising edge-triggered cell FDRE clocked by ap_clk  {rise@0.000ns fall@5.000ns period=10.000ns})
  Path Group:             ap_clk
  Path Type:              Setup (Max at Slow Process Corner)
  Requirement:            10.000ns  (ap_clk rise@10.000ns - ap_clk rise@0.000ns)
  Data Path Delay:        8.862ns  (logic 3.126ns (35.273%)  route 5.736ns (64.727%))
  Logic Levels:           9  (CARRY4=3 LUT3=1 LUT5=1 LUT6=3 RAMD32=1)
  Clock Path Skew:        -0.064ns (DCD - SCD + CPR)
    Destination Clock Delay (DCD):    4.518ns = ( 14.518 - 10.000 ) 
    Source Clock Delay      (SCD):    5.041ns
    Clock Pessimism Removal (CPR):    0.458ns
  Clock Uncertainty:      0.035ns  ((TSJ^2 + TIJ^2)^1/2 + DJ) / 2 + PE
    Total System Jitter     (TSJ):    0.071ns
    Total Input Jitter      (TIJ):    0.000ns
    Discrete Jitter          (DJ):    0.000ns
    Phase Error              (PE):    0.000ns

    Location             Delay type                Incr(ns)  Path(ns)    Netlist Resource(s)
  -------------------------------------------------------------------    -------------------
                         (clock ap_clk rise edge)     0.000     0.000 r  
    U14                                               0.000     0.000 r  ap_clk (IN)
                         net (fo=0)                   0.000     0.000    ap_clk
    U14                  IBUF (Prop_ibuf_I_O)         1.075     1.075 r  ap_clk_IBUF_inst/O
                         net (fo=1, routed)           2.205     3.280    ap_clk_IBUF
    BUFGCTRL_X0Y16       BUFG (Prop_bufg_I_O)         0.101     3.381 r  ap_clk_IBUF_BUFG_inst/O
                         net (fo=2931, routed)        1.660     5.041    ap_clk_IBUF_BUFG
    SLICE_X38Y32         FDRE                                         r  k_1_reg_1917_pp1_iter5_reg_reg[0]/C
  -------------------------------------------------------------------    -------------------
    SLICE_X38Y32         FDRE (Prop_fdre_C_Q)         0.518     5.559 r  k_1_reg_1917_pp1_iter5_reg_reg[0]/Q
                         net (fo=5, routed)           0.558     6.116    mul_7ns_9ns_15_1_1_U4/fir_multiband_mul_7ns_9ns_15_1_1_Multiplier_1_U/k_1_reg_1917_pp1_iter5_reg[0]
    SLICE_X38Y32         CARRY4 (Prop_carry4_S[0]_O[2])
                                                      0.668     6.784 r  mul_7ns_9ns_15_1_1_U4/fir_multiband_mul_7ns_9ns_15_1_1_Multiplier_1_U/p__18_carry/O[2]
                         net (fo=5, routed)           1.124     7.908    mul_7ns_9ns_15_1_1_U4/fir_multiband_mul_7ns_9ns_15_1_1_Multiplier_1_U/p__18_carry_n_5
    SLICE_X38Y31         LUT5 (Prop_lut5_I0_O)        0.301     8.209 r  mul_7ns_9ns_15_1_1_U4/fir_multiband_mul_7ns_9ns_15_1_1_Multiplier_1_U/p__41_carry__0_i_2/O
                         net (fo=2, routed)           0.631     8.840    mul_7ns_9ns_15_1_1_U4/fir_multiband_mul_7ns_9ns_15_1_1_Multiplier_1_U/p__41_carry__0_i_2_n_0
    SLICE_X37Y32         LUT6 (Prop_lut6_I0_O)        0.124     8.964 r  mul_7ns_9ns_15_1_1_U4/fir_multiband_mul_7ns_9ns_15_1_1_Multiplier_1_U/p__41_carry__0_i_6/O
                         net (fo=1, routed)           0.000     8.964    mul_7ns_9ns_15_1_1_U4/fir_multiband_mul_7ns_9ns_15_1_1_Multiplier_1_U/p__41_carry__0_i_6_n_0
    SLICE_X37Y32         CARRY4 (Prop_carry4_S[2]_CO[3])
                                                      0.398     9.362 r  mul_7ns_9ns_15_1_1_U4/fir_multiband_mul_7ns_9ns_15_1_1_Multiplier_1_U/p__41_carry__0/CO[3]
                         net (fo=1, routed)           0.000     9.362    mul_7ns_9ns_15_1_1_U4/fir_multiband_mul_7ns_9ns_15_1_1_Multiplier_1_U/p__41_carry__0_n_0
    SLICE_X37Y33         CARRY4 (Prop_carry4_CI_O[0])
                                                      0.222     9.584 r  mul_7ns_9ns_15_1_1_U4/fir_multiband_mul_7ns_9ns_15_1_1_Multiplier_1_U/p__41_carry__1/O[0]
                         net (fo=1, routed)           0.469    10.053    mul_7ns_9ns_15_1_1_U4/fir_multiband_mul_7ns_9ns_15_1_1_Multiplier_1_U/mul_ln212_1_fu_2146_p2[11]
    SLICE_X33Y33         LUT6 (Prop_lut6_I0_O)        0.299    10.352 r  mul_7ns_9ns_15_1_1_U4/fir_multiband_mul_7ns_9ns_15_1_1_Multiplier_1_U/ram_reg_i_31/O
                         net (fo=2, routed)           0.319    10.671    mul_7ns_9ns_15_1_1_U4/fir_multiband_mul_7ns_9ns_15_1_1_Multiplier_1_U/ram_reg_i_31_n_0
    SLICE_X32Y32         LUT6 (Prop_lut6_I1_O)        0.124    10.795 r  mul_7ns_9ns_15_1_1_U4/fir_multiband_mul_7ns_9ns_15_1_1_Multiplier_1_U/ram_reg_0_15_0_0_i_10/O
                         net (fo=1, routed)           0.557    11.352    mul_7ns_9ns_15_1_1_U4/fir_multiband_mul_7ns_9ns_15_1_1_Multiplier_1_U/ram_reg_0_15_0_0_i_10_n_0
    SLICE_X32Y30         LUT3 (Prop_lut3_I2_O)        0.116    11.468 r  mul_7ns_9ns_15_1_1_U4/fir_multiband_mul_7ns_9ns_15_1_1_Multiplier_1_U/ram_reg_0_15_0_0_i_3/O
                         net (fo=192, routed)         1.461    12.930    hist_V_3_U/fir_multiband_hist_V_1_ram_U/ram_reg_0_15_8_8/A1
    SLICE_X32Y22         RAMD32 (Prop_ramd32_RADR1_O)
                                                      0.356    13.286 r  hist_V_3_U/fir_multiband_hist_V_1_ram_U/ram_reg_0_15_8_8/SP/O
                         net (fo=1, routed)           0.617    13.903    hist_V_3_U/fir_multiband_hist_V_1_ram_U/q00__1[8]
    SLICE_X33Y22         FDRE                                         r  hist_V_3_U/fir_multiband_hist_V_1_ram_U/q0_reg[8]/D
  -------------------------------------------------------------------    -------------------

                         (clock ap_clk rise edge)    10.000    10.000 r  
    U14                                               0.000    10.000 r  ap_clk (IN)
                         net (fo=0)                   0.000    10.000    ap_clk
    U14                  IBUF (Prop_ibuf_I_O)         0.940    10.940 r  ap_clk_IBUF_inst/O
                         net (fo=1, routed)           2.006    12.946    ap_clk_IBUF
    BUFGCTRL_X0Y16       BUFG (Prop_bufg_I_O)         0.091    13.037 r  ap_clk_IBUF_BUFG_inst/O
                         net (fo=2931, routed)        1.481    14.518    hist_V_3_U/fir_multiband_hist_V_1_ram_U/ap_clk_IBUF_BUFG
    SLICE_X33Y22         FDRE                                         r  hist_V_3_U/fir_multiband_hist_V_1_ram_U/q0_reg[8]/C
                         clock pessimism              0.458    14.977    
                         clock uncertainty           -0.035    14.941    
    SLICE_X33Y22         FDRE (Setup_fdre_C_D)       -0.285    14.656    hist_V_3_U/fir_multiband_hist_V_1_ram_U/q0_reg[8]
  -------------------------------------------------------------------
                         required time                         14.656    
                         arrival time                         -13.903    
  -------------------------------------------------------------------
                         slack                                  0.753    

Slack (MET) :             0.771ns  (required time - arrival time)
  Source:                 k_1_reg_1917_pp1_iter5_reg_reg[0]/C
                            (rising edge-triggered cell FDRE clocked by ap_clk  {rise@0.000ns fall@5.000ns period=10.000ns})
  Destination:            hist_V_2_U/fir_multiband_hist_V_1_ram_U/q0_reg[15]/D
                            (rising edge-triggered cell FDRE clocked by ap_clk  {rise@0.000ns fall@5.000ns period=10.000ns})
  Path Group:             ap_clk
  Path Type:              Setup (Max at Slow Process Corner)
  Requirement:            10.000ns  (ap_clk rise@10.000ns - ap_clk rise@0.000ns)
  Data Path Delay:        8.917ns  (logic 3.126ns (35.056%)  route 5.791ns (64.944%))
  Logic Levels:           9  (CARRY4=3 LUT3=1 LUT5=1 LUT6=3 RAMD32=1)
  Clock Path Skew:        0.009ns (DCD - SCD + CPR)
    Destination Clock Delay (DCD):    4.591ns = ( 14.591 - 10.000 ) 
    Source Clock Delay      (SCD):    5.041ns
    Clock Pessimism Removal (CPR):    0.458ns
  Clock Uncertainty:      0.035ns  ((TSJ^2 + TIJ^2)^1/2 + DJ) / 2 + PE
    Total System Jitter     (TSJ):    0.071ns
    Total Input Jitter      (TIJ):    0.000ns
    Discrete Jitter          (DJ):    0.000ns
    Phase Error              (PE):    0.000ns

    Location             Delay type                Incr(ns)  Path(ns)    Netlist Resource(s)
  -------------------------------------------------------------------    -------------------
                         (clock ap_clk rise edge)     0.000     0.000 r  
    U14                                               0.000     0.000 r  ap_clk (IN)
                         net (fo=0)                   0.000     0.000    ap_clk
    U14                  IBUF (Prop_ibuf_I_O)         1.075     1.075 r  ap_clk_IBUF_inst/O
                         net (fo=1, routed)           2.205     3.280    ap_clk_IBUF
    BUFGCTRL_X0Y16       BUFG (Prop_bufg_I_O)         0.101     3.381 r  ap_clk_IBUF_BUFG_inst/O
                         net (fo=2931, routed)        1.660     5.041    ap_clk_IBUF_BUFG
    SLICE_X38Y32         FDRE                                         r  k_1_reg_1917_pp1_iter5_reg_reg[0]/C
  -------------------------------------------------------------------    -------------------
    SLICE_X38Y32         FDRE (Prop_fdre_C_Q)         0.518     5.559 r  k_1_reg_1917_pp1_iter5_reg_reg[0]/Q
                         net (fo=5, routed)           0.558     6.116    mul_7ns_9ns_15_1_1_U4/fir_multiband_mul_7ns_9ns_15_1_1_Multiplier_1_U/k_1_reg_1917_pp1_iter5_reg[0]
    SLICE_X38Y32         CARRY4 (Prop_carry4_S[0]_O[2])
                                                      0.668     6.784 r  mul_7ns_9ns_15_1_1_U4/fir_multiband_mul_7ns_9ns_15_1_1_Multiplier_1_U/p__18_carry/O[2]
                         net (fo=5, routed)           1.124     7.908    mul_7ns_9ns_15_1_1_U4/fir_multiband_mul_7ns_9ns_15_1_1_Multiplier_1_U/p__18_carry_n_5
    SLICE_X38Y31         LUT5 (Prop_lut5_I0_O)        0.301     8.209 r  mul_7ns_9ns_15_1_1_U4/fir_multiband_mul_7ns_9ns_15_1_1_Multiplier_1_U/p__41_carry__0_i_2/O
                         net (fo=2, routed)           0.631     8.840    mul_7ns_9ns_15_1_1_U4/fir_multiband_mul_7ns_9ns_15_1_1_Multiplier_1_U/p__41_carry__0_i_2_n_0
    SLICE_X37Y32         LUT6 (Prop_lut6_I0_O)        0.124     8.964 r  mul_7ns_9ns_15_1_1_U4/fir_multiband_mul_7ns_9ns_15_1_1_Multiplier_1_U/p__41_carry__0_i_6/O
                         net (fo=1, routed)           0.000     8.964    mul_7ns_9ns_15_1_1_U4/fir_multiband_mul_7ns_9ns_15_1_1_Multiplier_1_U/p__41_carry__0_i_6_n_0
    SLICE_X37Y32         CARRY4 (Prop_carry4_S[2]_CO[3])
                                                      0.398     9.362 r  mul_7ns_9ns_15_1_1_U4/fir_multiband_mul_7ns_9ns_15_1_1_Multiplier_1_U/p__41_carry__0/CO[3]
                         net (fo=1, routed)           0.000     9.362    mul_7ns_9ns_15_1_1_U4/fir_multiband_mul_7ns_9ns_15_1_1_Multiplier_1_U/p__41_carry__0_n_0
    SLICE_X37Y33         CARRY4 (Prop_carry4_CI_O[0])
                                                      0.222     9.584 r  mul_7ns_9ns_15_1_1_U4/fir_multiband_mul_7ns_9ns_15_1_1_Multiplier_1_U/p__41_carry__1/O[0]
                         net (fo=1, routed)           0.469    10.053    mul_7ns_9ns_15_1_1_U4/fir_multiband_mul_7ns_9ns_15_1_1_Multiplier_1_U/mul_ln212_1_fu_2146_p2[11]
    SLICE_X33Y33         LUT6 (Prop_lut6_I0_O)        0.299    10.352 r  mul_7ns_9ns_15_1_1_U4/fir_multiband_mul_7ns_9ns_15_1_1_Multiplier_1_U/ram_reg_i_31/O
                         net (fo=2, routed)           0.319    10.671    mul_7ns_9ns_15_1_1_U4/fir_multiband_mul_7ns_9ns_15_1_1_Multiplier_1_U/ram_reg_i_31_n_0
    SLICE_X32Y32         LUT6 (Prop_lut6_I1_O)        0.124    10.795 r  mul_7ns_9ns_15_1_1_U4/fir_multiband_mul_7ns_9ns_15_1_1_Multiplier_1_U/ram_reg_0_15_0_0_i_10/O
                         net (fo=1, routed)           0.557    11.352    mul_7ns_9ns_15_1_1_U4/fir_multiband_mul_7ns_9ns_15_1_1_Multiplier_1_U/ram_reg_0_15_0_0_i_10_n_0
    SLICE_X32Y30         LUT3 (Prop_lut3_I2_O)        0.116    11.468 r  mul_7ns_9ns_15_1_1_U4/fir_multiband_mul_7ns_9ns_15_1_1_Multiplier_1_U/ram_reg_0_15_0_0_i_3/O
                         net (fo=192, routed)         1.516    12.985    hist_V_2_U/fir_multiband_hist_V_1_ram_U/ram_reg_0_15_15_15/A1
    SLICE_X30Y24         RAMD32 (Prop_ramd32_RADR1_O)
                                                      0.356    13.341 r  hist_V_2_U/fir_multiband_hist_V_1_ram_U/ram_reg_0_15_15_15/SP/O
                         net (fo=1, routed)           0.617    13.958    hist_V_2_U/fir_multiband_hist_V_1_ram_U/q00__0[15]
    SLICE_X31Y24         FDRE                                         r  hist_V_2_U/fir_multiband_hist_V_1_ram_U/q0_reg[15]/D
  -------------------------------------------------------------------    -------------------

                         (clock ap_clk rise edge)    10.000    10.000 r  
    U14                                               0.000    10.000 r  ap_clk (IN)
                         net (fo=0)                   0.000    10.000    ap_clk
    U14                  IBUF (Prop_ibuf_I_O)         0.940    10.940 r  ap_clk_IBUF_inst/O
                         net (fo=1, routed)           2.006    12.946    ap_clk_IBUF
    BUFGCTRL_X0Y16       BUFG (Prop_bufg_I_O)         0.091    13.037 r  ap_clk_IBUF_BUFG_inst/O
                         net (fo=2931, routed)        1.554    14.591    hist_V_2_U/fir_multiband_hist_V_1_ram_U/ap_clk_IBUF_BUFG
    SLICE_X31Y24         FDRE                                         r  hist_V_2_U/fir_multiband_hist_V_1_ram_U/q0_reg[15]/C
                         clock pessimism              0.458    15.050    
                         clock uncertainty           -0.035    15.014    
    SLICE_X31Y24         FDRE (Setup_fdre_C_D)       -0.285    14.729    hist_V_2_U/fir_multiband_hist_V_1_ram_U/q0_reg[15]
  -------------------------------------------------------------------
                         required time                         14.729    
                         arrival time                         -13.958    
  -------------------------------------------------------------------
                         slack                                  0.771    

Slack (MET) :             0.820ns  (required time - arrival time)
  Source:                 k_1_reg_1917_pp1_iter5_reg_reg[0]/C
                            (rising edge-triggered cell FDRE clocked by ap_clk  {rise@0.000ns fall@5.000ns period=10.000ns})
  Destination:            hist_V_3_U/fir_multiband_hist_V_1_ram_U/q0_reg[4]/D
                            (rising edge-triggered cell FDRE clocked by ap_clk  {rise@0.000ns fall@5.000ns period=10.000ns})
  Path Group:             ap_clk
  Path Type:              Setup (Max at Slow Process Corner)
  Requirement:            10.000ns  (ap_clk rise@10.000ns - ap_clk rise@0.000ns)
  Data Path Delay:        8.795ns  (logic 3.126ns (35.543%)  route 5.669ns (64.457%))
  Logic Levels:           9  (CARRY4=3 LUT3=1 LUT5=1 LUT6=3 RAMD32=1)
  Clock Path Skew:        -0.065ns (DCD - SCD + CPR)
    Destination Clock Delay (DCD):    4.517ns = ( 14.517 - 10.000 ) 
    Source Clock Delay      (SCD):    5.041ns
    Clock Pessimism Removal (CPR):    0.458ns
  Clock Uncertainty:      0.035ns  ((TSJ^2 + TIJ^2)^1/2 + DJ) / 2 + PE
    Total System Jitter     (TSJ):    0.071ns
    Total Input Jitter      (TIJ):    0.000ns
    Discrete Jitter          (DJ):    0.000ns
    Phase Error              (PE):    0.000ns

    Location             Delay type                Incr(ns)  Path(ns)    Netlist Resource(s)
  -------------------------------------------------------------------    -------------------
                         (clock ap_clk rise edge)     0.000     0.000 r  
    U14                                               0.000     0.000 r  ap_clk (IN)
                         net (fo=0)                   0.000     0.000    ap_clk
    U14                  IBUF (Prop_ibuf_I_O)         1.075     1.075 r  ap_clk_IBUF_inst/O
                         net (fo=1, routed)           2.205     3.280    ap_clk_IBUF
    BUFGCTRL_X0Y16       BUFG (Prop_bufg_I_O)         0.101     3.381 r  ap_clk_IBUF_BUFG_inst/O
                         net (fo=2931, routed)        1.660     5.041    ap_clk_IBUF_BUFG
    SLICE_X38Y32         FDRE                                         r  k_1_reg_1917_pp1_iter5_reg_reg[0]/C
  -------------------------------------------------------------------    -------------------
    SLICE_X38Y32         FDRE (Prop_fdre_C_Q)         0.518     5.559 r  k_1_reg_1917_pp1_iter5_reg_reg[0]/Q
                         net (fo=5, routed)           0.558     6.116    mul_7ns_9ns_15_1_1_U4/fir_multiband_mul_7ns_9ns_15_1_1_Multiplier_1_U/k_1_reg_1917_pp1_iter5_reg[0]
    SLICE_X38Y32         CARRY4 (Prop_carry4_S[0]_O[2])
                                                      0.668     6.784 r  mul_7ns_9ns_15_1_1_U4/fir_multiband_mul_7ns_9ns_15_1_1_Multiplier_1_U/p__18_carry/O[2]
                         net (fo=5, routed)           1.124     7.908    mul_7ns_9ns_15_1_1_U4/fir_multiband_mul_7ns_9ns_15_1_1_Multiplier_1_U/p__18_carry_n_5
    SLICE_X38Y31         LUT5 (Prop_lut5_I0_O)        0.301     8.209 r  mul_7ns_9ns_15_1_1_U4/fir_multiband_mul_7ns_9ns_15_1_1_Multiplier_1_U/p__41_carry__0_i_2/O
                         net (fo=2, routed)           0.631     8.840    mul_7ns_9ns_15_1_1_U4/fir_multiband_mul_7ns_9ns_15_1_1_Multiplier_1_U/p__41_carry__0_i_2_n_0
    SLICE_X37Y32         LUT6 (Prop_lut6_I0_O)        0.124     8.964 r  mul_7ns_9ns_15_1_1_U4/fir_multiband_mul_7ns_9ns_15_1_1_Multiplier_1_U/p__41_carry__0_i_6/O
                         net (fo=1, routed)           0.000     8.964    mul_7ns_9ns_15_1_1_U4/fir_multiband_mul_7ns_9ns_15_1_1_Multiplier_1_U/p__41_carry__0_i_6_n_0
    SLICE_X37Y32         CARRY4 (Prop_carry4_S[2]_CO[3])
                                                      0.398     9.362 r  mul_7ns_9ns_15_1_1_U4/fir_multiband_mul_7ns_9ns_15_1_1_Multiplier_1_U/p__41_carry__0/CO[3]
                         net (fo=1, routed)           0.000     9.362    mul_7ns_9ns_15_1_1_U4/fir_multiband_mul_7ns_9ns_15_1_1_Multiplier_1_U/p__41_carry__0_n_0
    SLICE_X37Y33         CARRY4 (Prop_carry4_CI_O[0])
                                                      0.222     9.584 r  mul_7ns_9ns_15_1_1_U4/fir_multiband_mul_7ns_9ns_15_1_1_Multiplier_1_U/p__41_carry__1/O[0]
                         net (fo=1, routed)           0.469    10.053    mul_7ns_9ns_15_1_1_U4/fir_multiband_mul_7ns_9ns_15_1_1_Multiplier_1_U/mul_ln212_1_fu_2146_p2[11]
    SLICE_X33Y33         LUT6 (Prop_lut6_I0_O)        0.299    10.352 r  mul_7ns_9ns_15_1_1_U4/fir_multiband_mul_7ns_9ns_15_1_1_Multiplier_1_U/ram_reg_i_31/O
                         net (fo=2, routed)           0.319    10.671    mul_7ns_9ns_15_1_1_U4/fir_multiband_mul_7ns_9ns_15_1_1_Multiplier_1_U/ram_reg_i_31_n_0
    SLICE_X32Y32         LUT6 (Prop_lut6_I1_O)        0.124    10.795 r  mul_7ns_9ns_15_1_1_U4/fir_multiband_mul_7ns_9ns_15_1_1_Multiplier_1_U/ram_reg_0_15_0_0_i_10/O
                         net (fo=1, routed)           0.557    11.352    mul_7ns_9ns_15_1_1_U4/fir_multiband_mul_7ns_9ns_15_1_1_Multiplier_1_U/ram_reg_0_15_0_0_i_10_n_0
    SLICE_X32Y30         LUT3 (Prop_lut3_I2_O)        0.116    11.468 r  mul_7ns_9ns_15_1_1_U4/fir_multiband_mul_7ns_9ns_15_1_1_Multiplier_1_U/ram_reg_0_15_0_0_i_3/O
                         net (fo=192, routed)         1.393    12.861    hist_V_3_U/fir_multiband_hist_V_1_ram_U/ram_reg_0_15_4_4/A1
    SLICE_X32Y23         RAMD32 (Prop_ramd32_RADR1_O)
                                                      0.356    13.217 r  hist_V_3_U/fir_multiband_hist_V_1_ram_U/ram_reg_0_15_4_4/SP/O
                         net (fo=1, routed)           0.618    13.835    hist_V_3_U/fir_multiband_hist_V_1_ram_U/q00__1[4]
    SLICE_X33Y23         FDRE                                         r  hist_V_3_U/fir_multiband_hist_V_1_ram_U/q0_reg[4]/D
  -------------------------------------------------------------------    -------------------

                         (clock ap_clk rise edge)    10.000    10.000 r  
    U14                                               0.000    10.000 r  ap_clk (IN)
                         net (fo=0)                   0.000    10.000    ap_clk
    U14                  IBUF (Prop_ibuf_I_O)         0.940    10.940 r  ap_clk_IBUF_inst/O
                         net (fo=1, routed)           2.006    12.946    ap_clk_IBUF
    BUFGCTRL_X0Y16       BUFG (Prop_bufg_I_O)         0.091    13.037 r  ap_clk_IBUF_BUFG_inst/O
                         net (fo=2931, routed)        1.480    14.517    hist_V_3_U/fir_multiband_hist_V_1_ram_U/ap_clk_IBUF_BUFG
    SLICE_X33Y23         FDRE                                         r  hist_V_3_U/fir_multiband_hist_V_1_ram_U/q0_reg[4]/C
                         clock pessimism              0.458    14.976    
                         clock uncertainty           -0.035    14.940    
    SLICE_X33Y23         FDRE (Setup_fdre_C_D)       -0.285    14.655    hist_V_3_U/fir_multiband_hist_V_1_ram_U/q0_reg[4]
  -------------------------------------------------------------------
                         required time                         14.655    
                         arrival time                         -13.835    
  -------------------------------------------------------------------
                         slack                                  0.820    





Pulse Width Checks
--------------------------------------------------------------------------------------
Clock Name:         ap_clk
Waveform(ns):       { 0.000 5.000 }
Period(ns):         10.000
Sources:            { ap_clk }

Check Type        Corner  Lib Pin             Reference Pin  Required(ns)  Actual(ns)  Slack(ns)  Location      Pin
Min Period        n/a     DSP48E1/CLK         n/a            3.884         10.000      6.116      DSP48_X3Y20   mul_47ns_24s_71_5_1_U7/fir_multiband_mul_47ns_24s_71_5_1_Multiplier_3_U/buff0_reg/CLK
Min Period        n/a     DSP48E1/CLK         n/a            3.687         10.000      6.313      DSP48_X3Y19   mul_25ns_23ns_47_1_1_U6/fir_multiband_mul_25ns_23ns_47_1_1_Multiplier_2_U/p__0/CLK
Min Period        n/a     RAMB18E1/CLKARDCLK  n/a            2.944         10.000      7.056      RAMB18_X2Y15  hist_V_0_U/fir_multiband_hist_V_0_ram_U/ram_reg/CLKARDCLK
Min Period        n/a     RAMB18E1/CLKBWRCLK  n/a            2.944         10.000      7.056      RAMB18_X2Y15  hist_V_0_U/fir_multiband_hist_V_0_ram_U/ram_reg/CLKBWRCLK
Min Period        n/a     RAMB18E1/CLKARDCLK  n/a            2.576         10.000      7.424      RAMB18_X2Y14  FIR_COEFFS_V_U/fir_multiband_FIR_COEFFS_V_rom_U/q10_reg/CLKARDCLK
Min Period        n/a     RAMB18E1/CLKBWRCLK  n/a            2.576         10.000      7.424      RAMB18_X2Y14  FIR_COEFFS_V_U/fir_multiband_FIR_COEFFS_V_rom_U/q10_reg/CLKBWRCLK
Min Period        n/a     RAMB18E1/CLKARDCLK  n/a            2.576         10.000      7.424      RAMB18_X0Y8   FIR_COEFFS_V_U/fir_multiband_FIR_COEFFS_V_rom_U/q12_reg/CLKARDCLK
Min Period        n/a     RAMB18E1/CLKBWRCLK  n/a            2.576         10.000      7.424      RAMB18_X0Y8   FIR_COEFFS_V_U/fir_multiband_FIR_COEFFS_V_rom_U/q12_reg/CLKBWRCLK
Min Period        n/a     RAMB18E1/CLKARDCLK  n/a            2.576         10.000      7.424      RAMB18_X0Y16  FIR_COEFFS_V_U/fir_multiband_FIR_COEFFS_V_rom_U/q13_reg/CLKARDCLK
Min Period        n/a     RAMB18E1/CLKBWRCLK  n/a            2.576         10.000      7.424      RAMB18_X0Y16  FIR_COEFFS_V_U/fir_multiband_FIR_COEFFS_V_rom_U/q13_reg/CLKBWRCLK
Low Pulse Width   Fast    RAMD32/CLK          n/a            1.250         5.000       3.750      SLICE_X30Y29  hist_V_1_U/fir_multiband_hist_V_1_ram_U/ram_reg_0_15_13_13/DP/CLK
Low Pulse Width   Fast    RAMD32/CLK          n/a            1.250         5.000       3.750      SLICE_X30Y29  hist_V_1_U/fir_multiband_hist_V_1_ram_U/ram_reg_0_15_13_13/SP/CLK
Low Pulse Width   Fast    RAMD32/CLK          n/a            1.250         5.000       3.750      SLICE_X30Y29  hist_V_1_U/fir_multiband_hist_V_1_ram_U/ram_reg_0_15_14_14/DP/CLK
Low Pulse Width   Fast    RAMD32/CLK          n/a            1.250         5.000       3.750      SLICE_X30Y29  hist_V_1_U/fir_multiband_hist_V_1_ram_U/ram_reg_0_15_14_14/SP/CLK
Low Pulse Width   Fast    RAMD32/CLK          n/a            1.250         5.000       3.750      SLICE_X30Y29  hist_V_1_U/fir_multiband_hist_V_1_ram_U/ram_reg_0_15_15_15/DP/CLK
Low Pulse Width   Fast    RAMD32/CLK          n/a            1.250         5.000       3.750      SLICE_X30Y29  hist_V_1_U/fir_multiband_hist_V_1_ram_U/ram_reg_0_15_15_15/SP/CLK
Low Pulse Width   Fast    RAMD32/CLK          n/a            1.250         5.000       3.750      SLICE_X30Y29  hist_V_1_U/fir_multiband_hist_V_1_ram_U/ram_reg_0_15_1_1/DP/CLK
Low Pulse Width   Fast    RAMD32/CLK          n/a            1.250         5.000       3.750      SLICE_X30Y29  hist_V_1_U/fir_multiband_hist_V_1_ram_U/ram_reg_0_15_1_1/SP/CLK
Low Pulse Width   Fast    RAMD32/CLK          n/a            1.250         5.000       3.750      SLICE_X32Y28  hist_V_1_U/fir_multiband_hist_V_1_ram_U/ram_reg_0_15_0_0/DP/CLK
Low Pulse Width   Fast    RAMD32/CLK          n/a            1.250         5.000       3.750      SLICE_X32Y28  hist_V_1_U/fir_multiband_hist_V_1_ram_U/ram_reg_0_15_0_0/SP/CLK
High Pulse Width  Slow    RAMD32/CLK          n/a            1.250         5.000       3.750      SLICE_X32Y28  hist_V_1_U/fir_multiband_hist_V_1_ram_U/ram_reg_0_15_0_0/DP/CLK
High Pulse Width  Slow    RAMD32/CLK          n/a            1.250         5.000       3.750      SLICE_X32Y28  hist_V_1_U/fir_multiband_hist_V_1_ram_U/ram_reg_0_15_0_0/SP/CLK
High Pulse Width  Slow    RAMD32/CLK          n/a            1.250         5.000       3.750      SLICE_X32Y28  hist_V_1_U/fir_multiband_hist_V_1_ram_U/ram_reg_0_15_10_10/DP/CLK
High Pulse Width  Slow    RAMD32/CLK          n/a            1.250         5.000       3.750      SLICE_X32Y28  hist_V_1_U/fir_multiband_hist_V_1_ram_U/ram_reg_0_15_10_10/SP/CLK
High Pulse Width  Slow    RAMD32/CLK          n/a            1.250         5.000       3.750      SLICE_X32Y28  hist_V_1_U/fir_multiband_hist_V_1_ram_U/ram_reg_0_15_11_11/DP/CLK
High Pulse Width  Slow    RAMD32/CLK          n/a            1.250         5.000       3.750      SLICE_X32Y28  hist_V_1_U/fir_multiband_hist_V_1_ram_U/ram_reg_0_15_11_11/SP/CLK
High Pulse Width  Slow    RAMD32/CLK          n/a            1.250         5.000       3.750      SLICE_X32Y28  hist_V_1_U/fir_multiband_hist_V_1_ram_U/ram_reg_0_15_12_12/DP/CLK
High Pulse Width  Slow    RAMD32/CLK          n/a            1.250         5.000       3.750      SLICE_X32Y28  hist_V_1_U/fir_multiband_hist_V_1_ram_U/ram_reg_0_15_12_12/SP/CLK
High Pulse Width  Slow    RAMD32/CLK          n/a            1.250         5.000       3.750      SLICE_X30Y29  hist_V_1_U/fir_multiband_hist_V_1_ram_U/ram_reg_0_15_13_13/DP/CLK
High Pulse Width  Slow    RAMD32/CLK          n/a            1.250         5.000       3.750      SLICE_X30Y29  hist_V_1_U/fir_multiband_hist_V_1_ram_U/ram_reg_0_15_13_13/SP/CLK



