Copyright 1986-2020 Xilinx, Inc. All Rights Reserved.
------------------------------------------------------------------------------------------------------------------------------------------------------------------------------
| Tool Version : Vivado v.2020.2 (win64) Build 3064766 Wed Nov 18 09:12:45 MST 2020
| Date         : Tue Sep 29 20:44:33 2026
| Host         : yu running 64-bit major release  (build 9200)
| Command      : report_timing_summary -delay_type max -max_paths 10 -file D:/pynq-multiband-audio-accel/build/hls/reports/v11_fixed_nosat_mul5_impl/timing_impl_io_1.5ns.rpt
| Design       : fir_multiband
| Device       : 7z020-clg400
| Speed File   : -1  PRODUCTION 1.12 2019-11-22
------------------------------------------------------------------------------------------------------------------------------------------------------------------------------

Timing Summary Report

------------------------------------------------------------------------------------------------
| Timer Settings
| --------------
------------------------------------------------------------------------------------------------

  Enable Multi Corner Analysis               :  Yes
  Enable Pessimism Removal                   :  Yes
  Pessimism Removal Resolution               :  Nearest Common Node
  Enable Input Delay Default Clock           :  No
  Enable Preset / Clear Arcs                 :  No
  Disable Flight Delays                      :  No
  Ignore I/O Paths                           :  No
  Timing Early Launch at Borrowing Latches   :  No
  Borrow Time for Max Delay Exceptions       :  Yes
  Merge Timing Exceptions                    :  Yes

  Corner  Analyze    Analyze    
  Name    Max Paths  Min Paths  
  ------  ---------  ---------  
  Slow    Yes        Yes        
  Fast    Yes        Yes        



check_timing report

Table of Contents
-----------------
1. checking no_clock (0)
2. checking constant_clock (0)
3. checking pulse_width_clock (0)
4. checking unconstrained_internal_endpoints (0)
5. checking no_input_delay (1)
6. checking no_output_delay (0)
7. checking multiple_clock (0)
8. checking generated_clocks (0)
9. checking loops (0)
10. checking partial_input_delay (0)
11. checking partial_output_delay (0)
12. checking latch_loops (0)

1. checking no_clock (0)
------------------------
 There are 0 register/latch pins with no clock.


2. checking constant_clock (0)
------------------------------
 There are 0 register/latch pins with constant_clock.


3. checking pulse_width_clock (0)
---------------------------------
 There are 0 register/latch pins which need pulse_width check


4. checking unconstrained_internal_endpoints (0)
------------------------------------------------
 There are 0 pins that are not constrained for maximum delay.

 There are 0 pins that are not constrained for maximum delay due to constant clock.


5. checking no_input_delay (1)
------------------------------
 There is 1 input port with no input delay specified. (HIGH)

 There are 0 input ports with no input delay but user has a false path constraint.


6. checking no_output_delay (0)
-------------------------------
 There are 0 ports with no output delay specified.

 There are 0 ports with no output delay but user has a false path constraint

 There are 0 ports with no output delay but with a timing clock defined on it or propagating through it


7. checking multiple_clock (0)
------------------------------
 There are 0 register/latch pins with multiple clocks.


8. checking generated_clocks (0)
--------------------------------
 There are 0 generated clocks that are not connected to a clock source.


9. checking loops (0)
---------------------
 There are 0 combinational loops in the design.


10. checking partial_input_delay (0)
------------------------------------
 There are 0 input ports with partial input delay specified.


11. checking partial_output_delay (0)
-------------------------------------
 There are 0 ports with partial output delay specified.


12. checking latch_loops (0)
----------------------------
 There are 0 combinational latch loops in the design through latch input



------------------------------------------------------------------------------------------------
| Design Timing Summary
| ---------------------
------------------------------------------------------------------------------------------------

    WNS(ns)      TNS(ns)  TNS Failing Endpoints  TNS Total Endpoints     WPWS(ns)     TPWS(ns)  TPWS Failing Endpoints  TPWS Total Endpoints  
    -------      -------  ---------------------  -------------------     --------     --------  ----------------------  --------------------  
    -11.783    -1507.022                   1359                12634        3.750        0.000                       0                  5220  


Timing constraints are not met.


------------------------------------------------------------------------------------------------
| Clock Summary
| -------------
------------------------------------------------------------------------------------------------

Clock   Waveform(ns)       Period(ns)      Frequency(MHz)
-----   ------------       ----------      --------------
ap_clk  {0.000 5.000}      10.000          100.000         


------------------------------------------------------------------------------------------------
| Intra Clock Table
| -----------------
------------------------------------------------------------------------------------------------

Clock             WNS(ns)      TNS(ns)  TNS Failing Endpoints  TNS Total Endpoints     WPWS(ns)     TPWS(ns)  TPWS Failing Endpoints  TPWS Total Endpoints  
-----             -------      -------  ---------------------  -------------------     --------     --------  ----------------------  --------------------  
ap_clk            -11.783    -1507.022                   1359                12634        3.750        0.000                       0                  5220  


------------------------------------------------------------------------------------------------
| Inter Clock Table
| -----------------
------------------------------------------------------------------------------------------------

From Clock    To Clock          WNS(ns)      TNS(ns)  TNS Failing Endpoints  TNS Total Endpoints  
----------    --------          -------      -------  ---------------------  -------------------  


------------------------------------------------------------------------------------------------
| Other Path Groups Table
| -----------------------
------------------------------------------------------------------------------------------------

Path Group    From Clock    To Clock          WNS(ns)      TNS(ns)  TNS Failing Endpoints  TNS Total Endpoints  
----------    ----------    --------          -------      -------  ---------------------  -------------------  


------------------------------------------------------------------------------------------------
| Timing Details
| --------------
------------------------------------------------------------------------------------------------


---------------------------------------------------------------------------------------------------
From Clock:  ap_clk
  To Clock:  ap_clk

Setup :         1359  Failing Endpoints,  Worst Slack      -11.783ns,  Total Violation    -1507.022ns
Hold  :           NA  Failing Endpoints,  Worst Slack           NA  ,  Total Violation           NA
PW    :            0  Failing Endpoints,  Worst Slack        3.750ns,  Total Violation        0.000ns
---------------------------------------------------------------------------------------------------


Max Delay Paths
--------------------------------------------------------------------------------------
Slack (VIOLATED) :        -11.783ns  (required time - arrival time)
  Source:                 reg_1670_reg[17]/C
                            (rising edge-triggered cell FDRE clocked by ap_clk  {rise@0.000ns fall@5.000ns period=10.000ns})
  Destination:            ap_ready
                            (output port clocked by ap_clk  {rise@0.000ns fall@5.000ns period=10.000ns})
  Path Group:             ap_clk
  Path Type:              Max at Slow Process Corner
  Requirement:            10.000ns  (ap_clk rise@10.000ns - ap_clk rise@0.000ns)
  Data Path Delay:        14.209ns  (logic 4.508ns (31.724%)  route 9.701ns (68.276%))
  Logic Levels:           5  (CARRY4=2 LUT2=1 LUT6=1 OBUF=1)
  Output Delay:           1.500ns
  Clock Path Skew:        -6.039ns (DCD - SCD + CPR)
    Destination Clock Delay (DCD):    0.000ns = ( 10.000 - 10.000 ) 
    Source Clock Delay      (SCD):    6.039ns
    Clock Pessimism Removal (CPR):    0.000ns
  Clock Uncertainty:      0.035ns  ((TSJ^2 + TIJ^2)^1/2 + DJ) / 2 + PE
    Total System Jitter     (TSJ):    0.071ns
    Total Input Jitter      (TIJ):    0.000ns
    Discrete Jitter          (DJ):    0.000ns
    Phase Error              (PE):    0.000ns

    Location             Delay type                Incr(ns)  Path(ns)    Netlist Resource(s)
  -------------------------------------------------------------------    -------------------
                         (clock ap_clk rise edge)     0.000     0.000 r  
    U14                                               0.000     0.000 r  ap_clk (IN)
                         net (fo=0)                   0.000     0.000    ap_clk
    U14                  IBUF (Prop_ibuf_I_O)         1.075     1.075 r  ap_clk_IBUF_inst/O
                         net (fo=1, routed)           2.205     3.280    ap_clk_IBUF
    BUFGCTRL_X0Y20       BUFG (Prop_bufg_I_O)         0.101     3.381 r  ap_clk_IBUF_BUFG_inst_replica_3/O
                         net (fo=3, routed)           0.146     3.527    ap_clk_IBUF_BUFG_repN_3
    BUFGCTRL_X0Y19       BUFG (Prop_bufg_I_O)         0.101     3.628 r  ap_clk_IBUF_BUFG_inst_replica_2/O
                         net (fo=24, routed)          0.146     3.774    ap_clk_IBUF_BUFG_repN_2
    BUFGCTRL_X0Y18       BUFG (Prop_bufg_I_O)         0.101     3.875 r  ap_clk_IBUF_BUFG_inst_replica_1/O
                         net (fo=30, routed)          0.146     4.021    ap_clk_IBUF_BUFG_repN_1
    BUFGCTRL_X0Y17       BUFG (Prop_bufg_I_O)         0.101     4.122 r  ap_clk_IBUF_BUFG_inst_replica/O
                         net (fo=32, routed)          0.146     4.268    ap_clk_IBUF_BUFG_repN
    BUFGCTRL_X0Y16       BUFG (Prop_bufg_I_O)         0.101     4.369 r  ap_clk_IBUF_BUFG_inst/O
                         net (fo=5141, routed)        1.670     6.039    ap_clk_IBUF_BUFG
    SLICE_X37Y1          FDRE                                         r  reg_1670_reg[17]/C
  -------------------------------------------------------------------    -------------------
    SLICE_X37Y1          FDRE (Prop_fdre_C_Q)         0.456     6.495 r  reg_1670_reg[17]/Q
                         net (fo=3, routed)           3.805    10.300    reg_1670_reg_n_0_[17]
    SLICE_X94Y39         LUT6 (Prop_lut6_I5_O)        0.124    10.424 r  ap_done_OBUF_inst_i_10/O
                         net (fo=1, routed)           0.000    10.424    ap_done_OBUF_inst_i_10_n_0
    SLICE_X94Y39         CARRY4 (Prop_carry4_S[1]_CO[3])
                                                      0.533    10.957 r  ap_done_OBUF_inst_i_3/CO[3]
                         net (fo=1, routed)           0.000    10.957    ap_done_OBUF_inst_i_3_n_0
    SLICE_X94Y40         CARRY4 (Prop_carry4_CI_CO[2])
                                                      0.229    11.186 r  ap_done_OBUF_inst_i_2/CO[2]
                         net (fo=6, routed)           2.344    13.530    icmp_ln204_fu_2302_p2
    SLICE_X93Y15         LUT2 (Prop_lut2_I0_O)        0.336    13.866 r  ap_done_OBUF_inst_i_1/O
                         net (fo=2, routed)           3.551    17.418    ap_ready_OBUF
    P15                  OBUF (Prop_obuf_I_O)         2.830    20.247 r  ap_ready_OBUF_inst/O
                         net (fo=0)                   0.000    20.247    ap_ready
    P15                                                               r  ap_ready (OUT)
  -------------------------------------------------------------------    -------------------

                         (clock ap_clk rise edge)    10.000    10.000 r  
                         clock pessimism              0.000    10.000    
                         clock uncertainty           -0.035     9.965    
                         output delay                -1.500     8.465    
  -------------------------------------------------------------------
                         required time                          8.465    
                         arrival time                         -20.247    
  -------------------------------------------------------------------
                         slack                                -11.783    

Slack (VIOLATED) :        -11.646ns  (required time - arrival time)
  Source:                 reg_1670_reg[17]/C
                            (rising edge-triggered cell FDRE clocked by ap_clk  {rise@0.000ns fall@5.000ns period=10.000ns})
  Destination:            ap_done
                            (output port clocked by ap_clk  {rise@0.000ns fall@5.000ns period=10.000ns})
  Path Group:             ap_clk
  Path Type:              Max at Slow Process Corner
  Requirement:            10.000ns  (ap_clk rise@10.000ns - ap_clk rise@0.000ns)
  Data Path Delay:        14.072ns  (logic 4.514ns (32.079%)  route 9.558ns (67.921%))
  Logic Levels:           5  (CARRY4=2 LUT2=1 LUT6=1 OBUF=1)
  Output Delay:           1.500ns
  Clock Path Skew:        -6.039ns (DCD - SCD + CPR)
    Destination Clock Delay (DCD):    0.000ns = ( 10.000 - 10.000 ) 
    Source Clock Delay      (SCD):    6.039ns
    Clock Pessimism Removal (CPR):    0.000ns
  Clock Uncertainty:      0.035ns  ((TSJ^2 + TIJ^2)^1/2 + DJ) / 2 + PE
    Total System Jitter     (TSJ):    0.071ns
    Total Input Jitter      (TIJ):    0.000ns
    Discrete Jitter          (DJ):    0.000ns
    Phase Error              (PE):    0.000ns

    Location             Delay type                Incr(ns)  Path(ns)    Netlist Resource(s)
  -------------------------------------------------------------------    -------------------
                         (clock ap_clk rise edge)     0.000     0.000 r  
    U14                                               0.000     0.000 r  ap_clk (IN)
                         net (fo=0)                   0.000     0.000    ap_clk
    U14                  IBUF (Prop_ibuf_I_O)         1.075     1.075 r  ap_clk_IBUF_inst/O
                         net (fo=1, routed)           2.205     3.280    ap_clk_IBUF
    BUFGCTRL_X0Y20       BUFG (Prop_bufg_I_O)         0.101     3.381 r  ap_clk_IBUF_BUFG_inst_replica_3/O
                         net (fo=3, routed)           0.146     3.527    ap_clk_IBUF_BUFG_repN_3
    BUFGCTRL_X0Y19       BUFG (Prop_bufg_I_O)         0.101     3.628 r  ap_clk_IBUF_BUFG_inst_replica_2/O
                         net (fo=24, routed)          0.146     3.774    ap_clk_IBUF_BUFG_repN_2
    BUFGCTRL_X0Y18       BUFG (Prop_bufg_I_O)         0.101     3.875 r  ap_clk_IBUF_BUFG_inst_replica_1/O
                         net (fo=30, routed)          0.146     4.021    ap_clk_IBUF_BUFG_repN_1
    BUFGCTRL_X0Y17       BUFG (Prop_bufg_I_O)         0.101     4.122 r  ap_clk_IBUF_BUFG_inst_replica/O
                         net (fo=32, routed)          0.146     4.268    ap_clk_IBUF_BUFG_repN
    BUFGCTRL_X0Y16       BUFG (Prop_bufg_I_O)         0.101     4.369 r  ap_clk_IBUF_BUFG_inst/O
                         net (fo=5141, routed)        1.670     6.039    ap_clk_IBUF_BUFG
    SLICE_X37Y1          FDRE                                         r  reg_1670_reg[17]/C
  -------------------------------------------------------------------    -------------------
    SLICE_X37Y1          FDRE (Prop_fdre_C_Q)         0.456     6.495 r  reg_1670_reg[17]/Q
                         net (fo=3, routed)           3.805    10.300    reg_1670_reg_n_0_[17]
    SLICE_X94Y39         LUT6 (Prop_lut6_I5_O)        0.124    10.424 r  ap_done_OBUF_inst_i_10/O
                         net (fo=1, routed)           0.000    10.424    ap_done_OBUF_inst_i_10_n_0
    SLICE_X94Y39         CARRY4 (Prop_carry4_S[1]_CO[3])
                                                      0.533    10.957 r  ap_done_OBUF_inst_i_3/CO[3]
                         net (fo=1, routed)           0.000    10.957    ap_done_OBUF_inst_i_3_n_0
    SLICE_X94Y40         CARRY4 (Prop_carry4_CI_CO[2])
                                                      0.229    11.186 r  ap_done_OBUF_inst_i_2/CO[2]
                         net (fo=6, routed)           2.344    13.530    icmp_ln204_fu_2302_p2
    SLICE_X93Y15         LUT2 (Prop_lut2_I0_O)        0.336    13.866 r  ap_done_OBUF_inst_i_1/O
                         net (fo=2, routed)           3.408    17.275    ap_ready_OBUF
    T19                  OBUF (Prop_obuf_I_O)         2.836    20.111 r  ap_done_OBUF_inst/O
                         net (fo=0)                   0.000    20.111    ap_done
    T19                                                               r  ap_done (OUT)
  -------------------------------------------------------------------    -------------------

                         (clock ap_clk rise edge)    10.000    10.000 r  
                         clock pessimism              0.000    10.000    
                         clock uncertainty           -0.035     9.965    
                         output delay                -1.500     8.465    
  -------------------------------------------------------------------
                         required time                          8.465    
                         arrival time                         -20.111    
  -------------------------------------------------------------------
                         slack                                -11.646    

Slack (VIOLATED) :        -11.310ns  (required time - arrival time)
  Source:                 acc_V_reg_1705_reg[23]/C
                            (rising edge-triggered cell FDRE clocked by ap_clk  {rise@0.000ns fall@5.000ns period=10.000ns})
  Destination:            out_r[21]
                            (output port clocked by ap_clk  {rise@0.000ns fall@5.000ns period=10.000ns})
  Path Group:             ap_clk
  Path Type:              Max at Slow Process Corner
  Requirement:            10.000ns  (ap_clk rise@10.000ns - ap_clk rise@0.000ns)
  Data Path Delay:        13.622ns  (logic 3.621ns (26.584%)  route 10.001ns (73.416%))
  Logic Levels:           5  (LUT2=1 LUT4=1 LUT5=1 LUT6=1 OBUF=1)
  Output Delay:           1.500ns
  Clock Path Skew:        -6.153ns (DCD - SCD + CPR)
    Destination Clock Delay (DCD):    0.000ns = ( 10.000 - 10.000 ) 
    Source Clock Delay      (SCD):    6.153ns
    Clock Pessimism Removal (CPR):    0.000ns
  Clock Uncertainty:      0.035ns  ((TSJ^2 + TIJ^2)^1/2 + DJ) / 2 + PE
    Total System Jitter     (TSJ):    0.071ns
    Total Input Jitter      (TIJ):    0.000ns
    Discrete Jitter          (DJ):    0.000ns
    Phase Error              (PE):    0.000ns

    Location             Delay type                Incr(ns)  Path(ns)    Netlist Resource(s)
  -------------------------------------------------------------------    -------------------
                         (clock ap_clk rise edge)     0.000     0.000 r  
    U14                                               0.000     0.000 r  ap_clk (IN)
                         net (fo=0)                   0.000     0.000    ap_clk
    U14                  IBUF (Prop_ibuf_I_O)         1.075     1.075 r  ap_clk_IBUF_inst/O
                         net (fo=1, routed)           2.205     3.280    ap_clk_IBUF
    BUFGCTRL_X0Y20       BUFG (Prop_bufg_I_O)         0.101     3.381 r  ap_clk_IBUF_BUFG_inst_replica_3/O
                         net (fo=3, routed)           0.146     3.527    ap_clk_IBUF_BUFG_repN_3
    BUFGCTRL_X0Y19       BUFG (Prop_bufg_I_O)         0.101     3.628 r  ap_clk_IBUF_BUFG_inst_replica_2/O
                         net (fo=24, routed)          0.146     3.774    ap_clk_IBUF_BUFG_repN_2
    BUFGCTRL_X0Y18       BUFG (Prop_bufg_I_O)         0.101     3.875 r  ap_clk_IBUF_BUFG_inst_replica_1/O
                         net (fo=30, routed)          0.146     4.021    ap_clk_IBUF_BUFG_repN_1
    BUFGCTRL_X0Y17       BUFG (Prop_bufg_I_O)         0.101     4.122 r  ap_clk_IBUF_BUFG_inst_replica/O
                         net (fo=32, routed)          0.146     4.268    ap_clk_IBUF_BUFG_repN
    BUFGCTRL_X0Y16       BUFG (Prop_bufg_I_O)         0.101     4.369 r  ap_clk_IBUF_BUFG_inst/O
                         net (fo=5141, routed)        1.784     6.153    ap_clk_IBUF_BUFG
    SLICE_X96Y23         FDRE                                         r  acc_V_reg_1705_reg[23]/C
  -------------------------------------------------------------------    -------------------
    SLICE_X96Y23         FDRE (Prop_fdre_C_Q)         0.518     6.671 r  acc_V_reg_1705_reg[23]/Q
                         net (fo=4, routed)           1.619     8.289    acc_V_reg_1705_reg_n_0_[23]
    SLICE_X88Y31         LUT4 (Prop_lut4_I3_O)        0.124     8.413 r  out_r_OBUF[31]_inst_i_8/O
                         net (fo=1, routed)           0.375     8.788    out_r_OBUF[31]_inst_i_8_n_0
    SLICE_X88Y31         LUT5 (Prop_lut5_I4_O)        0.124     8.912 r  out_r_OBUF[31]_inst_i_5/O
                         net (fo=1, routed)           0.954     9.866    out_r_OBUF[31]_inst_i_5_n_0
    SLICE_X88Y30         LUT6 (Prop_lut6_I5_O)        0.124     9.990 f  out_r_OBUF[31]_inst_i_2/O
                         net (fo=32, routed)          1.713    11.703    out_r_OBUF[31]_inst_i_2_n_0
    SLICE_X88Y43         LUT2 (Prop_lut2_I1_O)        0.124    11.827 r  out_r_OBUF[21]_inst_i_1/O
                         net (fo=1, routed)           5.340    17.168    out_r_OBUF[21]
    H18                  OBUF (Prop_obuf_I_O)         2.607    19.775 r  out_r_OBUF[21]_inst/O
                         net (fo=0)                   0.000    19.775    out_r[21]
    H18                                                               r  out_r[21] (OUT)
  -------------------------------------------------------------------    -------------------

                         (clock ap_clk rise edge)    10.000    10.000 r  
                         clock pessimism              0.000    10.000    
                         clock uncertainty           -0.035     9.965    
                         output delay                -1.500     8.465    
  -------------------------------------------------------------------
                         required time                          8.465    
                         arrival time                         -19.775    
  -------------------------------------------------------------------
                         slack                                -11.310    

Slack (VIOLATED) :        -11.230ns  (required time - arrival time)
  Source:                 acc_V_reg_1705_reg[23]/C
                            (rising edge-triggered cell FDRE clocked by ap_clk  {rise@0.000ns fall@5.000ns period=10.000ns})
  Destination:            out_r[25]
                            (output port clocked by ap_clk  {rise@0.000ns fall@5.000ns period=10.000ns})
  Path Group:             ap_clk
  Path Type:              Max at Slow Process Corner
  Requirement:            10.000ns  (ap_clk rise@10.000ns - ap_clk rise@0.000ns)
  Data Path Delay:        13.542ns  (logic 3.881ns (28.656%)  route 9.662ns (71.344%))
  Logic Levels:           5  (LUT4=1 LUT5=2 LUT6=1 OBUF=1)
  Output Delay:           1.500ns
  Clock Path Skew:        -6.153ns (DCD - SCD + CPR)
    Destination Clock Delay (DCD):    0.000ns = ( 10.000 - 10.000 ) 
    Source Clock Delay      (SCD):    6.153ns
    Clock Pessimism Removal (CPR):    0.000ns
  Clock Uncertainty:      0.035ns  ((TSJ^2 + TIJ^2)^1/2 + DJ) / 2 + PE
    Total System Jitter     (TSJ):    0.071ns
    Total Input Jitter      (TIJ):    0.000ns
    Discrete Jitter          (DJ):    0.000ns
    Phase Error              (PE):    0.000ns

    Location             Delay type                Incr(ns)  Path(ns)    Netlist Resource(s)
  -------------------------------------------------------------------    -------------------
                         (clock ap_clk rise edge)     0.000     0.000 r  
    U14                                               0.000     0.000 r  ap_clk (IN)
                         net (fo=0)                   0.000     0.000    ap_clk
    U14                  IBUF (Prop_ibuf_I_O)         1.075     1.075 r  ap_clk_IBUF_inst/O
                         net (fo=1, routed)           2.205     3.280    ap_clk_IBUF
    BUFGCTRL_X0Y20       BUFG (Prop_bufg_I_O)         0.101     3.381 r  ap_clk_IBUF_BUFG_inst_replica_3/O
                         net (fo=3, routed)           0.146     3.527    ap_clk_IBUF_BUFG_repN_3
    BUFGCTRL_X0Y19       BUFG (Prop_bufg_I_O)         0.101     3.628 r  ap_clk_IBUF_BUFG_inst_replica_2/O
                         net (fo=24, routed)          0.146     3.774    ap_clk_IBUF_BUFG_repN_2
    BUFGCTRL_X0Y18       BUFG (Prop_bufg_I_O)         0.101     3.875 r  ap_clk_IBUF_BUFG_inst_replica_1/O
                         net (fo=30, routed)          0.146     4.021    ap_clk_IBUF_BUFG_repN_1
    BUFGCTRL_X0Y17       BUFG (Prop_bufg_I_O)         0.101     4.122 r  ap_clk_IBUF_BUFG_inst_replica/O
                         net (fo=32, routed)          0.146     4.268    ap_clk_IBUF_BUFG_repN
    BUFGCTRL_X0Y16       BUFG (Prop_bufg_I_O)         0.101     4.369 r  ap_clk_IBUF_BUFG_inst/O
                         net (fo=5141, routed)        1.784     6.153    ap_clk_IBUF_BUFG
    SLICE_X96Y23         FDRE                                         r  acc_V_reg_1705_reg[23]/C
  -------------------------------------------------------------------    -------------------
    SLICE_X96Y23         FDRE (Prop_fdre_C_Q)         0.518     6.671 r  acc_V_reg_1705_reg[23]/Q
                         net (fo=4, routed)           1.619     8.289    acc_V_reg_1705_reg_n_0_[23]
    SLICE_X88Y31         LUT4 (Prop_lut4_I3_O)        0.124     8.413 r  out_r_OBUF[31]_inst_i_8/O
                         net (fo=1, routed)           0.375     8.788    out_r_OBUF[31]_inst_i_8_n_0
    SLICE_X88Y31         LUT5 (Prop_lut5_I4_O)        0.124     8.912 r  out_r_OBUF[31]_inst_i_5/O
                         net (fo=1, routed)           0.954     9.866    out_r_OBUF[31]_inst_i_5_n_0
    SLICE_X88Y30         LUT6 (Prop_lut6_I5_O)        0.124     9.990 f  out_r_OBUF[31]_inst_i_2/O
                         net (fo=32, routed)          1.352    11.343    out_r_OBUF[31]_inst_i_2_n_0
    SLICE_X88Y39         LUT5 (Prop_lut5_I0_O)        0.152    11.495 r  out_r_OBUF[25]_inst_i_1/O
                         net (fo=1, routed)           5.362    16.856    out_r_OBUF[25]
    K18                  OBUF (Prop_obuf_I_O)         2.839    19.695 r  out_r_OBUF[25]_inst/O
                         net (fo=0)                   0.000    19.695    out_r[25]
    K18                                                               r  out_r[25] (OUT)
  -------------------------------------------------------------------    -------------------

                         (clock ap_clk rise edge)    10.000    10.000 r  
                         clock pessimism              0.000    10.000    
                         clock uncertainty           -0.035     9.965    
                         output delay                -1.500     8.465    
  -------------------------------------------------------------------
                         required time                          8.465    
                         arrival time                         -19.695    
  -------------------------------------------------------------------
                         slack                                -11.230    

Slack (VIOLATED) :        -11.182ns  (required time - arrival time)
  Source:                 acc_V_reg_1705_reg[23]/C
                            (rising edge-triggered cell FDRE clocked by ap_clk  {rise@0.000ns fall@5.000ns period=10.000ns})
  Destination:            out_r[29]
                            (output port clocked by ap_clk  {rise@0.000ns fall@5.000ns period=10.000ns})
  Path Group:             ap_clk
  Path Type:              Max at Slow Process Corner
  Requirement:            10.000ns  (ap_clk rise@10.000ns - ap_clk rise@0.000ns)
  Data Path Delay:        13.495ns  (logic 3.907ns (28.954%)  route 9.587ns (71.046%))
  Logic Levels:           5  (LUT3=1 LUT4=1 LUT5=1 LUT6=1 OBUF=1)
  Output Delay:           1.500ns
  Clock Path Skew:        -6.153ns (DCD - SCD + CPR)
    Destination Clock Delay (DCD):    0.000ns = ( 10.000 - 10.000 ) 
    Source Clock Delay      (SCD):    6.153ns
    Clock Pessimism Removal (CPR):    0.000ns
  Clock Uncertainty:      0.035ns  ((TSJ^2 + TIJ^2)^1/2 + DJ) / 2 + PE
    Total System Jitter     (TSJ):    0.071ns
    Total Input Jitter      (TIJ):    0.000ns
    Discrete Jitter          (DJ):    0.000ns
    Phase Error              (PE):    0.000ns

    Location             Delay type                Incr(ns)  Path(ns)    Netlist Resource(s)
  -------------------------------------------------------------------    -------------------
                         (clock ap_clk rise edge)     0.000     0.000 r  
    U14                                               0.000     0.000 r  ap_clk (IN)
                         net (fo=0)                   0.000     0.000    ap_clk
    U14                  IBUF (Prop_ibuf_I_O)         1.075     1.075 r  ap_clk_IBUF_inst/O
                         net (fo=1, routed)           2.205     3.280    ap_clk_IBUF
    BUFGCTRL_X0Y20       BUFG (Prop_bufg_I_O)         0.101     3.381 r  ap_clk_IBUF_BUFG_inst_replica_3/O
                         net (fo=3, routed)           0.146     3.527    ap_clk_IBUF_BUFG_repN_3
    BUFGCTRL_X0Y19       BUFG (Prop_bufg_I_O)         0.101     3.628 r  ap_clk_IBUF_BUFG_inst_replica_2/O
                         net (fo=24, routed)          0.146     3.774    ap_clk_IBUF_BUFG_repN_2
    BUFGCTRL_X0Y18       BUFG (Prop_bufg_I_O)         0.101     3.875 r  ap_clk_IBUF_BUFG_inst_replica_1/O
                         net (fo=30, routed)          0.146     4.021    ap_clk_IBUF_BUFG_repN_1
    BUFGCTRL_X0Y17       BUFG (Prop_bufg_I_O)         0.101     4.122 r  ap_clk_IBUF_BUFG_inst_replica/O
                         net (fo=32, routed)          0.146     4.268    ap_clk_IBUF_BUFG_repN
    BUFGCTRL_X0Y16       BUFG (Prop_bufg_I_O)         0.101     4.369 r  ap_clk_IBUF_BUFG_inst/O
                         net (fo=5141, routed)        1.784     6.153    ap_clk_IBUF_BUFG
    SLICE_X96Y23         FDRE                                         r  acc_V_reg_1705_reg[23]/C
  -------------------------------------------------------------------    -------------------
    SLICE_X96Y23         FDRE (Prop_fdre_C_Q)         0.518     6.671 r  acc_V_reg_1705_reg[23]/Q
                         net (fo=4, routed)           1.619     8.289    acc_V_reg_1705_reg_n_0_[23]
    SLICE_X88Y31         LUT4 (Prop_lut4_I3_O)        0.124     8.413 r  out_r_OBUF[31]_inst_i_8/O
                         net (fo=1, routed)           0.375     8.788    out_r_OBUF[31]_inst_i_8_n_0
    SLICE_X88Y31         LUT5 (Prop_lut5_I4_O)        0.124     8.912 r  out_r_OBUF[31]_inst_i_5/O
                         net (fo=1, routed)           0.954     9.866    out_r_OBUF[31]_inst_i_5_n_0
    SLICE_X88Y30         LUT6 (Prop_lut6_I5_O)        0.124     9.990 f  out_r_OBUF[31]_inst_i_2/O
                         net (fo=32, routed)          1.355    11.345    out_r_OBUF[31]_inst_i_2_n_0
    SLICE_X88Y39         LUT3 (Prop_lut3_I0_O)        0.152    11.497 r  out_r_OBUF[29]_inst_i_1/O
                         net (fo=1, routed)           5.285    16.782    out_r_OBUF[29]
    J19                  OBUF (Prop_obuf_I_O)         2.865    19.647 r  out_r_OBUF[29]_inst/O
                         net (fo=0)                   0.000    19.647    out_r[29]
    J19                                                               r  out_r[29] (OUT)
  -------------------------------------------------------------------    -------------------

                         (clock ap_clk rise edge)    10.000    10.000 r  
                         clock pessimism              0.000    10.000    
                         clock uncertainty           -0.035     9.965    
                         output delay                -1.500     8.465    
  -------------------------------------------------------------------
                         required time                          8.465    
                         arrival time                         -19.647    
  -------------------------------------------------------------------
                         slack                                -11.182    

Slack (VIOLATED) :        -11.046ns  (required time - arrival time)
  Source:                 acc_V_reg_1705_reg[23]/C
                            (rising edge-triggered cell FDRE clocked by ap_clk  {rise@0.000ns fall@5.000ns period=10.000ns})
  Destination:            out_r[28]
                            (output port clocked by ap_clk  {rise@0.000ns fall@5.000ns period=10.000ns})
  Path Group:             ap_clk
  Path Type:              Max at Slow Process Corner
  Requirement:            10.000ns  (ap_clk rise@10.000ns - ap_clk rise@0.000ns)
  Data Path Delay:        13.358ns  (logic 3.725ns (27.889%)  route 9.633ns (72.111%))
  Logic Levels:           5  (LUT3=1 LUT4=1 LUT5=1 LUT6=1 OBUF=1)
  Output Delay:           1.500ns
  Clock Path Skew:        -6.153ns (DCD - SCD + CPR)
    Destination Clock Delay (DCD):    0.000ns = ( 10.000 - 10.000 ) 
    Source Clock Delay      (SCD):    6.153ns
    Clock Pessimism Removal (CPR):    0.000ns
  Clock Uncertainty:      0.035ns  ((TSJ^2 + TIJ^2)^1/2 + DJ) / 2 + PE
    Total System Jitter     (TSJ):    0.071ns
    Total Input Jitter      (TIJ):    0.000ns
    Discrete Jitter          (DJ):    0.000ns
    Phase Error              (PE):    0.000ns

    Location             Delay type                Incr(ns)  Path(ns)    Netlist Resource(s)
  -------------------------------------------------------------------    -------------------
                         (clock ap_clk rise edge)     0.000     0.000 r  
    U14                                               0.000     0.000 r  ap_clk (IN)
                         net (fo=0)                   0.000     0.000    ap_clk
    U14                  IBUF (Prop_ibuf_I_O)         1.075     1.075 r  ap_clk_IBUF_inst/O
                         net (fo=1, routed)           2.205     3.280    ap_clk_IBUF
    BUFGCTRL_X0Y20       BUFG (Prop_bufg_I_O)         0.101     3.381 r  ap_clk_IBUF_BUFG_inst_replica_3/O
                         net (fo=3, routed)           0.146     3.527    ap_clk_IBUF_BUFG_repN_3
    BUFGCTRL_X0Y19       BUFG (Prop_bufg_I_O)         0.101     3.628 r  ap_clk_IBUF_BUFG_inst_replica_2/O
                         net (fo=24, routed)          0.146     3.774    ap_clk_IBUF_BUFG_repN_2
    BUFGCTRL_X0Y18       BUFG (Prop_bufg_I_O)         0.101     3.875 r  ap_clk_IBUF_BUFG_inst_replica_1/O
                         net (fo=30, routed)          0.146     4.021    ap_clk_IBUF_BUFG_repN_1
    BUFGCTRL_X0Y17       BUFG (Prop_bufg_I_O)         0.101     4.122 r  ap_clk_IBUF_BUFG_inst_replica/O
                         net (fo=32, routed)          0.146     4.268    ap_clk_IBUF_BUFG_repN
    BUFGCTRL_X0Y16       BUFG (Prop_bufg_I_O)         0.101     4.369 r  ap_clk_IBUF_BUFG_inst/O
                         net (fo=5141, routed)        1.784     6.153    ap_clk_IBUF_BUFG
    SLICE_X96Y23         FDRE                                         r  acc_V_reg_1705_reg[23]/C
  -------------------------------------------------------------------    -------------------
    SLICE_X96Y23         FDRE (Prop_fdre_C_Q)         0.518     6.671 r  acc_V_reg_1705_reg[23]/Q
                         net (fo=4, routed)           1.619     8.289    acc_V_reg_1705_reg_n_0_[23]
    SLICE_X88Y31         LUT4 (Prop_lut4_I3_O)        0.124     8.413 r  out_r_OBUF[31]_inst_i_8/O
                         net (fo=1, routed)           0.375     8.788    out_r_OBUF[31]_inst_i_8_n_0
    SLICE_X88Y31         LUT5 (Prop_lut5_I4_O)        0.124     8.912 r  out_r_OBUF[31]_inst_i_5/O
                         net (fo=1, routed)           0.954     9.866    out_r_OBUF[31]_inst_i_5_n_0
    SLICE_X88Y30         LUT6 (Prop_lut6_I5_O)        0.124     9.990 f  out_r_OBUF[31]_inst_i_2/O
                         net (fo=32, routed)          1.355    11.345    out_r_OBUF[31]_inst_i_2_n_0
    SLICE_X88Y39         LUT3 (Prop_lut3_I0_O)        0.124    11.469 r  out_r_OBUF[28]_inst_i_1/O
                         net (fo=1, routed)           5.330    16.799    out_r_OBUF[28]
    L16                  OBUF (Prop_obuf_I_O)         2.711    19.511 r  out_r_OBUF[28]_inst/O
                         net (fo=0)                   0.000    19.511    out_r[28]
    L16                                                               r  out_r[28] (OUT)
  -------------------------------------------------------------------    -------------------

                         (clock ap_clk rise edge)    10.000    10.000 r  
                         clock pessimism              0.000    10.000    
                         clock uncertainty           -0.035     9.965    
                         output delay                -1.500     8.465    
  -------------------------------------------------------------------
                         required time                          8.465    
                         arrival time                         -19.511    
  -------------------------------------------------------------------
                         slack                                -11.046    

Slack (VIOLATED) :        -10.962ns  (required time - arrival time)
  Source:                 acc_V_reg_1705_reg[23]/C
                            (rising edge-triggered cell FDRE clocked by ap_clk  {rise@0.000ns fall@5.000ns period=10.000ns})
  Destination:            out_r[22]
                            (output port clocked by ap_clk  {rise@0.000ns fall@5.000ns period=10.000ns})
  Path Group:             ap_clk
  Path Type:              Max at Slow Process Corner
  Requirement:            10.000ns  (ap_clk rise@10.000ns - ap_clk rise@0.000ns)
  Data Path Delay:        13.274ns  (logic 3.870ns (29.156%)  route 9.404ns (70.844%))
  Logic Levels:           5  (LUT2=1 LUT4=1 LUT5=1 LUT6=1 OBUF=1)
  Output Delay:           1.500ns
  Clock Path Skew:        -6.153ns (DCD - SCD + CPR)
    Destination Clock Delay (DCD):    0.000ns = ( 10.000 - 10.000 ) 
    Source Clock Delay      (SCD):    6.153ns
    Clock Pessimism Removal (CPR):    0.000ns
  Clock Uncertainty:      0.035ns  ((TSJ^2 + TIJ^2)^1/2 + DJ) / 2 + PE
    Total System Jitter     (TSJ):    0.071ns
    Total Input Jitter      (TIJ):    0.000ns
    Discrete Jitter          (DJ):    0.000ns
    Phase Error              (PE):    0.000ns

    Location             Delay type                Incr(ns)  Path(ns)    Netlist Resource(s)
  -------------------------------------------------------------------    -------------------
                         (clock ap_clk rise edge)     0.000     0.000 r  
    U14                                               0.000     0.000 r  ap_clk (IN)
                         net (fo=0)                   0.000     0.000    ap_clk
    U14                  IBUF (Prop_ibuf_I_O)         1.075     1.075 r  ap_clk_IBUF_inst/O
                         net (fo=1, routed)           2.205     3.280    ap_clk_IBUF
    BUFGCTRL_X0Y20       BUFG (Prop_bufg_I_O)         0.101     3.381 r  ap_clk_IBUF_BUFG_inst_replica_3/O
                         net (fo=3, routed)           0.146     3.527    ap_clk_IBUF_BUFG_repN_3
    BUFGCTRL_X0Y19       BUFG (Prop_bufg_I_O)         0.101     3.628 r  ap_clk_IBUF_BUFG_inst_replica_2/O
                         net (fo=24, routed)          0.146     3.774    ap_clk_IBUF_BUFG_repN_2
    BUFGCTRL_X0Y18       BUFG (Prop_bufg_I_O)         0.101     3.875 r  ap_clk_IBUF_BUFG_inst_replica_1/O
                         net (fo=30, routed)          0.146     4.021    ap_clk_IBUF_BUFG_repN_1
    BUFGCTRL_X0Y17       BUFG (Prop_bufg_I_O)         0.101     4.122 r  ap_clk_IBUF_BUFG_inst_replica/O
                         net (fo=32, routed)          0.146     4.268    ap_clk_IBUF_BUFG_repN
    BUFGCTRL_X0Y16       BUFG (Prop_bufg_I_O)         0.101     4.369 r  ap_clk_IBUF_BUFG_inst/O
                         net (fo=5141, routed)        1.784     6.153    ap_clk_IBUF_BUFG
    SLICE_X96Y23         FDRE                                         r  acc_V_reg_1705_reg[23]/C
  -------------------------------------------------------------------    -------------------
    SLICE_X96Y23         FDRE (Prop_fdre_C_Q)         0.518     6.671 r  acc_V_reg_1705_reg[23]/Q
                         net (fo=4, routed)           1.619     8.289    acc_V_reg_1705_reg_n_0_[23]
    SLICE_X88Y31         LUT4 (Prop_lut4_I3_O)        0.124     8.413 r  out_r_OBUF[31]_inst_i_8/O
                         net (fo=1, routed)           0.375     8.788    out_r_OBUF[31]_inst_i_8_n_0
    SLICE_X88Y31         LUT5 (Prop_lut5_I4_O)        0.124     8.912 r  out_r_OBUF[31]_inst_i_5/O
                         net (fo=1, routed)           0.954     9.866    out_r_OBUF[31]_inst_i_5_n_0
    SLICE_X88Y30         LUT6 (Prop_lut6_I5_O)        0.124     9.990 f  out_r_OBUF[31]_inst_i_2/O
                         net (fo=32, routed)          1.713    11.703    out_r_OBUF[31]_inst_i_2_n_0
    SLICE_X88Y43         LUT2 (Prop_lut2_I1_O)        0.154    11.857 r  out_r_OBUF[22]_inst_i_1/O
                         net (fo=1, routed)           4.743    16.600    out_r_OBUF[22]
    J18                  OBUF (Prop_obuf_I_O)         2.826    19.427 r  out_r_OBUF[22]_inst/O
                         net (fo=0)                   0.000    19.427    out_r[22]
    J18                                                               r  out_r[22] (OUT)
  -------------------------------------------------------------------    -------------------

                         (clock ap_clk rise edge)    10.000    10.000 r  
                         clock pessimism              0.000    10.000    
                         clock uncertainty           -0.035     9.965    
                         output delay                -1.500     8.465    
  -------------------------------------------------------------------
                         required time                          8.465    
                         arrival time                         -19.427    
  -------------------------------------------------------------------
                         slack                                -10.962    

Slack (VIOLATED) :        -10.898ns  (required time - arrival time)
  Source:                 acc_V_reg_1705_reg[23]/C
                            (rising edge-triggered cell FDRE clocked by ap_clk  {rise@0.000ns fall@5.000ns period=10.000ns})
  Destination:            out_r[23]
                            (output port clocked by ap_clk  {rise@0.000ns fall@5.000ns period=10.000ns})
  Path Group:             ap_clk
  Path Type:              Max at Slow Process Corner
  Requirement:            10.000ns  (ap_clk rise@10.000ns - ap_clk rise@0.000ns)
  Data Path Delay:        13.210ns  (logic 3.815ns (28.884%)  route 9.394ns (71.116%))
  Logic Levels:           5  (LUT3=1 LUT4=1 LUT5=1 LUT6=1 OBUF=1)
  Output Delay:           1.500ns
  Clock Path Skew:        -6.153ns (DCD - SCD + CPR)
    Destination Clock Delay (DCD):    0.000ns = ( 10.000 - 10.000 ) 
    Source Clock Delay      (SCD):    6.153ns
    Clock Pessimism Removal (CPR):    0.000ns
  Clock Uncertainty:      0.035ns  ((TSJ^2 + TIJ^2)^1/2 + DJ) / 2 + PE
    Total System Jitter     (TSJ):    0.071ns
    Total Input Jitter      (TIJ):    0.000ns
    Discrete Jitter          (DJ):    0.000ns
    Phase Error              (PE):    0.000ns

    Location             Delay type                Incr(ns)  Path(ns)    Netlist Resource(s)
  -------------------------------------------------------------------    -------------------
                         (clock ap_clk rise edge)     0.000     0.000 r  
    U14                                               0.000     0.000 r  ap_clk (IN)
                         net (fo=0)                   0.000     0.000    ap_clk
    U14                  IBUF (Prop_ibuf_I_O)         1.075     1.075 r  ap_clk_IBUF_inst/O
                         net (fo=1, routed)           2.205     3.280    ap_clk_IBUF
    BUFGCTRL_X0Y20       BUFG (Prop_bufg_I_O)         0.101     3.381 r  ap_clk_IBUF_BUFG_inst_replica_3/O
                         net (fo=3, routed)           0.146     3.527    ap_clk_IBUF_BUFG_repN_3
    BUFGCTRL_X0Y19       BUFG (Prop_bufg_I_O)         0.101     3.628 r  ap_clk_IBUF_BUFG_inst_replica_2/O
                         net (fo=24, routed)          0.146     3.774    ap_clk_IBUF_BUFG_repN_2
    BUFGCTRL_X0Y18       BUFG (Prop_bufg_I_O)         0.101     3.875 r  ap_clk_IBUF_BUFG_inst_replica_1/O
                         net (fo=30, routed)          0.146     4.021    ap_clk_IBUF_BUFG_repN_1
    BUFGCTRL_X0Y17       BUFG (Prop_bufg_I_O)         0.101     4.122 r  ap_clk_IBUF_BUFG_inst_replica/O
                         net (fo=32, routed)          0.146     4.268    ap_clk_IBUF_BUFG_repN
    BUFGCTRL_X0Y16       BUFG (Prop_bufg_I_O)         0.101     4.369 r  ap_clk_IBUF_BUFG_inst/O
                         net (fo=5141, routed)        1.784     6.153    ap_clk_IBUF_BUFG
    SLICE_X96Y23         FDRE                                         r  acc_V_reg_1705_reg[23]/C
  -------------------------------------------------------------------    -------------------
    SLICE_X96Y23         FDRE (Prop_fdre_C_Q)         0.518     6.671 r  acc_V_reg_1705_reg[23]/Q
                         net (fo=4, routed)           1.619     8.289    acc_V_reg_1705_reg_n_0_[23]
    SLICE_X88Y31         LUT4 (Prop_lut4_I3_O)        0.124     8.413 r  out_r_OBUF[31]_inst_i_8/O
                         net (fo=1, routed)           0.375     8.788    out_r_OBUF[31]_inst_i_8_n_0
    SLICE_X88Y31         LUT5 (Prop_lut5_I4_O)        0.124     8.912 r  out_r_OBUF[31]_inst_i_5/O
                         net (fo=1, routed)           0.954     9.866    out_r_OBUF[31]_inst_i_5_n_0
    SLICE_X88Y30         LUT6 (Prop_lut6_I5_O)        0.124     9.990 f  out_r_OBUF[31]_inst_i_2/O
                         net (fo=32, routed)          1.319    11.309    out_r_OBUF[31]_inst_i_2_n_0
    SLICE_X88Y43         LUT3 (Prop_lut3_I0_O)        0.118    11.427 r  out_r_OBUF[23]_inst_i_1/O
                         net (fo=1, routed)           5.127    16.555    out_r_OBUF[23]
    H17                  OBUF (Prop_obuf_I_O)         2.807    19.362 r  out_r_OBUF[23]_inst/O
                         net (fo=0)                   0.000    19.362    out_r[23]
    H17                                                               r  out_r[23] (OUT)
  -------------------------------------------------------------------    -------------------

                         (clock ap_clk rise edge)    10.000    10.000 r  
                         clock pessimism              0.000    10.000    
                         clock uncertainty           -0.035     9.965    
                         output delay                -1.500     8.465    
  -------------------------------------------------------------------
                         required time                          8.465    
                         arrival time                         -19.362    
  -------------------------------------------------------------------
                         slack                                -10.898    

Slack (VIOLATED) :        -10.889ns  (required time - arrival time)
  Source:                 acc_V_reg_1705_reg[23]/C
                            (rising edge-triggered cell FDRE clocked by ap_clk  {rise@0.000ns fall@5.000ns period=10.000ns})
  Destination:            out_r[14]
                            (output port clocked by ap_clk  {rise@0.000ns fall@5.000ns period=10.000ns})
  Path Group:             ap_clk
  Path Type:              Max at Slow Process Corner
  Requirement:            10.000ns  (ap_clk rise@10.000ns - ap_clk rise@0.000ns)
  Data Path Delay:        13.201ns  (logic 3.842ns (29.101%)  route 9.359ns (70.899%))
  Logic Levels:           5  (LUT2=1 LUT4=1 LUT5=1 LUT6=1 OBUF=1)
  Output Delay:           1.500ns
  Clock Path Skew:        -6.153ns (DCD - SCD + CPR)
    Destination Clock Delay (DCD):    0.000ns = ( 10.000 - 10.000 ) 
    Source Clock Delay      (SCD):    6.153ns
    Clock Pessimism Removal (CPR):    0.000ns
  Clock Uncertainty:      0.035ns  ((TSJ^2 + TIJ^2)^1/2 + DJ) / 2 + PE
    Total System Jitter     (TSJ):    0.071ns
    Total Input Jitter      (TIJ):    0.000ns
    Discrete Jitter          (DJ):    0.000ns
    Phase Error              (PE):    0.000ns

    Location             Delay type                Incr(ns)  Path(ns)    Netlist Resource(s)
  -------------------------------------------------------------------    -------------------
                         (clock ap_clk rise edge)     0.000     0.000 r  
    U14                                               0.000     0.000 r  ap_clk (IN)
                         net (fo=0)                   0.000     0.000    ap_clk
    U14                  IBUF (Prop_ibuf_I_O)         1.075     1.075 r  ap_clk_IBUF_inst/O
                         net (fo=1, routed)           2.205     3.280    ap_clk_IBUF
    BUFGCTRL_X0Y20       BUFG (Prop_bufg_I_O)         0.101     3.381 r  ap_clk_IBUF_BUFG_inst_replica_3/O
                         net (fo=3, routed)           0.146     3.527    ap_clk_IBUF_BUFG_repN_3
    BUFGCTRL_X0Y19       BUFG (Prop_bufg_I_O)         0.101     3.628 r  ap_clk_IBUF_BUFG_inst_replica_2/O
                         net (fo=24, routed)          0.146     3.774    ap_clk_IBUF_BUFG_repN_2
    BUFGCTRL_X0Y18       BUFG (Prop_bufg_I_O)         0.101     3.875 r  ap_clk_IBUF_BUFG_inst_replica_1/O
                         net (fo=30, routed)          0.146     4.021    ap_clk_IBUF_BUFG_repN_1
    BUFGCTRL_X0Y17       BUFG (Prop_bufg_I_O)         0.101     4.122 r  ap_clk_IBUF_BUFG_inst_replica/O
                         net (fo=32, routed)          0.146     4.268    ap_clk_IBUF_BUFG_repN
    BUFGCTRL_X0Y16       BUFG (Prop_bufg_I_O)         0.101     4.369 r  ap_clk_IBUF_BUFG_inst/O
                         net (fo=5141, routed)        1.784     6.153    ap_clk_IBUF_BUFG
    SLICE_X96Y23         FDRE                                         r  acc_V_reg_1705_reg[23]/C
  -------------------------------------------------------------------    -------------------
    SLICE_X96Y23         FDRE (Prop_fdre_C_Q)         0.518     6.671 r  acc_V_reg_1705_reg[23]/Q
                         net (fo=4, routed)           1.619     8.289    acc_V_reg_1705_reg_n_0_[23]
    SLICE_X88Y31         LUT4 (Prop_lut4_I3_O)        0.124     8.413 r  out_r_OBUF[31]_inst_i_8/O
                         net (fo=1, routed)           0.375     8.788    out_r_OBUF[31]_inst_i_8_n_0
    SLICE_X88Y31         LUT5 (Prop_lut5_I4_O)        0.124     8.912 r  out_r_OBUF[31]_inst_i_5/O
                         net (fo=1, routed)           0.954     9.866    out_r_OBUF[31]_inst_i_5_n_0
    SLICE_X88Y30         LUT6 (Prop_lut6_I5_O)        0.124     9.990 f  out_r_OBUF[31]_inst_i_2/O
                         net (fo=32, routed)          1.390    11.380    out_r_OBUF[31]_inst_i_2_n_0
    SLICE_X88Y42         LUT2 (Prop_lut2_I1_O)        0.150    11.530 r  out_r_OBUF[14]_inst_i_1/O
                         net (fo=1, routed)           5.021    16.552    out_r_OBUF[14]
    G19                  OBUF (Prop_obuf_I_O)         2.802    19.353 r  out_r_OBUF[14]_inst/O
                         net (fo=0)                   0.000    19.353    out_r[14]
    G19                                                               r  out_r[14] (OUT)
  -------------------------------------------------------------------    -------------------

                         (clock ap_clk rise edge)    10.000    10.000 r  
                         clock pessimism              0.000    10.000    
                         clock uncertainty           -0.035     9.965    
                         output delay                -1.500     8.465    
  -------------------------------------------------------------------
                         required time                          8.465    
                         arrival time                         -19.353    
  -------------------------------------------------------------------
                         slack                                -10.889    

Slack (VIOLATED) :        -10.857ns  (required time - arrival time)
  Source:                 acc_V_reg_1705_reg[23]/C
                            (rising edge-triggered cell FDRE clocked by ap_clk  {rise@0.000ns fall@5.000ns period=10.000ns})
  Destination:            out_r[20]
                            (output port clocked by ap_clk  {rise@0.000ns fall@5.000ns period=10.000ns})
  Path Group:             ap_clk
  Path Type:              Max at Slow Process Corner
  Requirement:            10.000ns  (ap_clk rise@10.000ns - ap_clk rise@0.000ns)
  Data Path Delay:        13.170ns  (logic 3.818ns (28.989%)  route 9.352ns (71.011%))
  Logic Levels:           5  (LUT2=1 LUT4=1 LUT5=1 LUT6=1 OBUF=1)
  Output Delay:           1.500ns
  Clock Path Skew:        -6.153ns (DCD - SCD + CPR)
    Destination Clock Delay (DCD):    0.000ns = ( 10.000 - 10.000 ) 
    Source Clock Delay      (SCD):    6.153ns
    Clock Pessimism Removal (CPR):    0.000ns
  Clock Uncertainty:      0.035ns  ((TSJ^2 + TIJ^2)^1/2 + DJ) / 2 + PE
    Total System Jitter     (TSJ):    0.071ns
    Total Input Jitter      (TIJ):    0.000ns
    Discrete Jitter          (DJ):    0.000ns
    Phase Error              (PE):    0.000ns

    Location             Delay type                Incr(ns)  Path(ns)    Netlist Resource(s)
  -------------------------------------------------------------------    -------------------
                         (clock ap_clk rise edge)     0.000     0.000 r  
    U14                                               0.000     0.000 r  ap_clk (IN)
                         net (fo=0)                   0.000     0.000    ap_clk
    U14                  IBUF (Prop_ibuf_I_O)         1.075     1.075 r  ap_clk_IBUF_inst/O
                         net (fo=1, routed)           2.205     3.280    ap_clk_IBUF
    BUFGCTRL_X0Y20       BUFG (Prop_bufg_I_O)         0.101     3.381 r  ap_clk_IBUF_BUFG_inst_replica_3/O
                         net (fo=3, routed)           0.146     3.527    ap_clk_IBUF_BUFG_repN_3
    BUFGCTRL_X0Y19       BUFG (Prop_bufg_I_O)         0.101     3.628 r  ap_clk_IBUF_BUFG_inst_replica_2/O
                         net (fo=24, routed)          0.146     3.774    ap_clk_IBUF_BUFG_repN_2
    BUFGCTRL_X0Y18       BUFG (Prop_bufg_I_O)         0.101     3.875 r  ap_clk_IBUF_BUFG_inst_replica_1/O
                         net (fo=30, routed)          0.146     4.021    ap_clk_IBUF_BUFG_repN_1
    BUFGCTRL_X0Y17       BUFG (Prop_bufg_I_O)         0.101     4.122 r  ap_clk_IBUF_BUFG_inst_replica/O
                         net (fo=32, routed)          0.146     4.268    ap_clk_IBUF_BUFG_repN
    BUFGCTRL_X0Y16       BUFG (Prop_bufg_I_O)         0.101     4.369 r  ap_clk_IBUF_BUFG_inst/O
                         net (fo=5141, routed)        1.784     6.153    ap_clk_IBUF_BUFG
    SLICE_X96Y23         FDRE                                         r  acc_V_reg_1705_reg[23]/C
  -------------------------------------------------------------------    -------------------
    SLICE_X96Y23         FDRE (Prop_fdre_C_Q)         0.518     6.671 r  acc_V_reg_1705_reg[23]/Q
                         net (fo=4, routed)           1.619     8.289    acc_V_reg_1705_reg_n_0_[23]
    SLICE_X88Y31         LUT4 (Prop_lut4_I3_O)        0.124     8.413 r  out_r_OBUF[31]_inst_i_8/O
                         net (fo=1, routed)           0.375     8.788    out_r_OBUF[31]_inst_i_8_n_0
    SLICE_X88Y31         LUT5 (Prop_lut5_I4_O)        0.124     8.912 r  out_r_OBUF[31]_inst_i_5/O
                         net (fo=1, routed)           0.954     9.866    out_r_OBUF[31]_inst_i_5_n_0
    SLICE_X88Y30         LUT6 (Prop_lut6_I5_O)        0.124     9.990 f  out_r_OBUF[31]_inst_i_2/O
                         net (fo=32, routed)          1.323    11.313    out_r_OBUF[31]_inst_i_2_n_0
    SLICE_X88Y43         LUT2 (Prop_lut2_I1_O)        0.119    11.432 r  out_r_OBUF[20]_inst_i_1/O
                         net (fo=1, routed)           5.081    16.513    out_r_OBUF[20]
    F19                  OBUF (Prop_obuf_I_O)         2.809    19.322 r  out_r_OBUF[20]_inst/O
                         net (fo=0)                   0.000    19.322    out_r[20]
    F19                                                               r  out_r[20] (OUT)
  -------------------------------------------------------------------    -------------------

                         (clock ap_clk rise edge)    10.000    10.000 r  
                         clock pessimism              0.000    10.000    
                         clock uncertainty           -0.035     9.965    
                         output delay                -1.500     8.465    
  -------------------------------------------------------------------
                         required time                          8.465    
                         arrival time                         -19.322    
  -------------------------------------------------------------------
                         slack                                -10.857    





Pulse Width Checks
--------------------------------------------------------------------------------------
Clock Name:         ap_clk
Waveform(ns):       { 0.000 5.000 }
Period(ns):         10.000
Sources:            { ap_clk }

Check Type        Corner  Lib Pin             Reference Pin  Required(ns)  Actual(ns)  Slack(ns)  Location        Pin
Min Period        n/a     DSP48E1/CLK         n/a            3.884         10.000      6.116      DSP48_X4Y2      mul_47ns_24s_71_5_1_U6/fir_multiband_mul_47ns_24s_71_5_1_Multiplier_2_U/buff0_reg/CLK
Min Period        n/a     RAMB18E1/CLKARDCLK  n/a            2.944         10.000      7.056      RAMB18_X3Y8     hist_V_0_U/fir_multiband_hist_V_0_ram_U/ram_reg/CLKARDCLK
Min Period        n/a     RAMB18E1/CLKBWRCLK  n/a            2.944         10.000      7.056      RAMB18_X3Y8     hist_V_0_U/fir_multiband_hist_V_0_ram_U/ram_reg/CLKBWRCLK
Min Period        n/a     RAMB18E1/CLKARDCLK  n/a            2.576         10.000      7.424      RAMB18_X3Y5     FIR_COEFFS_V_U/fir_multiband_FIR_COEFFS_V_rom_U/q2_reg/CLKARDCLK
Min Period        n/a     RAMB18E1/CLKBWRCLK  n/a            2.576         10.000      7.424      RAMB18_X3Y5     FIR_COEFFS_V_U/fir_multiband_FIR_COEFFS_V_rom_U/q2_reg/CLKBWRCLK
Min Period        n/a     RAMB18E1/CLKARDCLK  n/a            2.576         10.000      7.424      RAMB18_X3Y4     FIR_COEFFS_V_U/fir_multiband_FIR_COEFFS_V_rom_U/q3_reg/CLKARDCLK
Min Period        n/a     RAMB18E1/CLKBWRCLK  n/a            2.576         10.000      7.424      RAMB18_X3Y4     FIR_COEFFS_V_U/fir_multiband_FIR_COEFFS_V_rom_U/q3_reg/CLKBWRCLK
Min Period        n/a     RAMB18E1/CLKARDCLK  n/a            2.576         10.000      7.424      RAMB18_X3Y7     FIR_COEFFS_V_U/fir_multiband_FIR_COEFFS_V_rom_U/q4_reg/CLKARDCLK
Min Period        n/a     BUFG/I              n/a            2.155         10.000      7.845      BUFGCTRL_X0Y20  ap_clk_IBUF_BUFG_inst_replica_3/I
Min Period        n/a     BUFG/I              n/a            2.155         10.000      7.845      BUFGCTRL_X0Y19  ap_clk_IBUF_BUFG_inst_replica_2/I
Low Pulse Width   Fast    RAMD32/CLK          n/a            1.250         5.000       3.750      SLICE_X54Y26    hist_V_1_U/fir_multiband_hist_V_1_ram_U/ram_reg_0_15_2_2/DP/CLK
Low Pulse Width   Fast    RAMD32/CLK          n/a            1.250         5.000       3.750      SLICE_X54Y26    hist_V_1_U/fir_multiband_hist_V_1_ram_U/ram_reg_0_15_2_2/SP/CLK
Low Pulse Width   Fast    RAMD32/CLK          n/a            1.250         5.000       3.750      SLICE_X54Y26    hist_V_1_U/fir_multiband_hist_V_1_ram_U/ram_reg_0_15_3_3/DP/CLK
Low Pulse Width   Fast    RAMD32/CLK          n/a            1.250         5.000       3.750      SLICE_X54Y26    hist_V_1_U/fir_multiband_hist_V_1_ram_U/ram_reg_0_15_3_3/SP/CLK
Low Pulse Width   Fast    RAMD32/CLK          n/a            1.250         5.000       3.750      SLICE_X54Y26    hist_V_1_U/fir_multiband_hist_V_1_ram_U/ram_reg_0_15_4_4/DP/CLK
Low Pulse Width   Fast    RAMD32/CLK          n/a            1.250         5.000       3.750      SLICE_X54Y26    hist_V_1_U/fir_multiband_hist_V_1_ram_U/ram_reg_0_15_4_4/SP/CLK
Low Pulse Width   Fast    RAMD32/CLK          n/a            1.250         5.000       3.750      SLICE_X54Y26    hist_V_1_U/fir_multiband_hist_V_1_ram_U/ram_reg_0_15_5_5/DP/CLK
Low Pulse Width   Fast    RAMD32/CLK          n/a            1.250         5.000       3.750      SLICE_X54Y26    hist_V_1_U/fir_multiband_hist_V_1_ram_U/ram_reg_0_15_5_5/SP/CLK
Low Pulse Width   Fast    RAMD32/CLK          n/a            1.250         5.000       3.750      SLICE_X58Y24    hist_V_2_U/fir_multiband_hist_V_1_ram_U/ram_reg_0_15_6_6/DP/CLK
Low Pulse Width   Fast    RAMD32/CLK          n/a            1.250         5.000       3.750      SLICE_X58Y24    hist_V_2_U/fir_multiband_hist_V_1_ram_U/ram_reg_0_15_6_6/SP/CLK
High Pulse Width  Slow    RAMD32/CLK          n/a            1.250         5.000       3.750      SLICE_X54Y21    hist_V_1_U/fir_multiband_hist_V_1_ram_U/ram_reg_0_15_13_13/DP/CLK
High Pulse Width  Slow    RAMD32/CLK          n/a            1.250         5.000       3.750      SLICE_X54Y21    hist_V_1_U/fir_multiband_hist_V_1_ram_U/ram_reg_0_15_13_13/SP/CLK
High Pulse Width  Slow    RAMD32/CLK          n/a            1.250         5.000       3.750      SLICE_X54Y21    hist_V_1_U/fir_multiband_hist_V_1_ram_U/ram_reg_0_15_14_14/DP/CLK
High Pulse Width  Slow    RAMD32/CLK          n/a            1.250         5.000       3.750      SLICE_X54Y21    hist_V_1_U/fir_multiband_hist_V_1_ram_U/ram_reg_0_15_14_14/SP/CLK
High Pulse Width  Slow    RAMD32/CLK          n/a            1.250         5.000       3.750      SLICE_X54Y21    hist_V_1_U/fir_multiband_hist_V_1_ram_U/ram_reg_0_15_15_15/DP/CLK
High Pulse Width  Slow    RAMD32/CLK          n/a            1.250         5.000       3.750      SLICE_X54Y21    hist_V_1_U/fir_multiband_hist_V_1_ram_U/ram_reg_0_15_15_15/SP/CLK
High Pulse Width  Slow    RAMD32/CLK          n/a            1.250         5.000       3.750      SLICE_X54Y21    hist_V_1_U/fir_multiband_hist_V_1_ram_U/ram_reg_0_15_1_1/DP/CLK
High Pulse Width  Slow    RAMD32/CLK          n/a            1.250         5.000       3.750      SLICE_X54Y21    hist_V_1_U/fir_multiband_hist_V_1_ram_U/ram_reg_0_15_1_1/SP/CLK
High Pulse Width  Slow    RAMD32/CLK          n/a            1.250         5.000       3.750      SLICE_X54Y20    hist_V_1_U/fir_multiband_hist_V_1_ram_U/ram_reg_0_15_0_0/DP/CLK
High Pulse Width  Slow    RAMD32/CLK          n/a            1.250         5.000       3.750      SLICE_X54Y20    hist_V_1_U/fir_multiband_hist_V_1_ram_U/ram_reg_0_15_0_0/SP/CLK



