Copyright 1986-2020 Xilinx, Inc. All Rights Reserved.
----------------------------------------------------------------------------------------------------------------------------------------------------------------------------------------------------------------
| Tool Version : Vivado v.2020.2 (win64) Build 3064766 Wed Nov 18 09:12:45 MST 2020
| Date         : Tue Sep 29 20:44:33 2026
| Host         : yu running 64-bit major release  (build 9200)
| Command      : report_timing -delay_type max -max_paths 5 -path_type full_clock_expanded -file D:/pynq-multiband-audio-accel/build/hls/reports/v11_fixed_nosat_mul5_impl/timing_impl_io_1.5ns_worst_paths.rpt
| Design       : fir_multiband
| Device       : 7z020-clg400
| Speed File   : -1  PRODUCTION 1.12 2019-11-22
----------------------------------------------------------------------------------------------------------------------------------------------------------------------------------------------------------------

Timing Report

Slack (VIOLATED) :        -11.783ns  (required time - arrival time)
  Source:                 reg_1670_reg[17]/C
                            (rising edge-triggered cell FDRE clocked by ap_clk  {rise@0.000ns fall@5.000ns period=10.000ns})
  Destination:            ap_ready
                            (output port clocked by ap_clk  {rise@0.000ns fall@5.000ns period=10.000ns})
  Path Group:             ap_clk
  Path Type:              Max at Slow Process Corner
  Requirement:            10.000ns  (ap_clk rise@10.000ns - ap_clk rise@0.000ns)
  Data Path Delay:        14.209ns  (logic 4.508ns (31.724%)  route 9.701ns (68.276%))
  Logic Levels:           5  (CARRY4=2 LUT2=1 LUT6=1 OBUF=1)
  Output Delay:           1.500ns
  Clock Path Skew:        -6.039ns (DCD - SCD + CPR)
    Destination Clock Delay (DCD):    0.000ns = ( 10.000 - 10.000 ) 
    Source Clock Delay      (SCD):    6.039ns
    Clock Pessimism Removal (CPR):    0.000ns
  Clock Uncertainty:      0.035ns  ((TSJ^2 + TIJ^2)^1/2 + DJ) / 2 + PE
    Total System Jitter     (TSJ):    0.071ns
    Total Input Jitter      (TIJ):    0.000ns
    Discrete Jitter          (DJ):    0.000ns
    Phase Error              (PE):    0.000ns

    Location             Delay type                Incr(ns)  Path(ns)    Netlist Resource(s)
  -------------------------------------------------------------------    -------------------
                         (clock ap_clk rise edge)     0.000     0.000 r  
    U14                                               0.000     0.000 r  ap_clk (IN)
                         net (fo=0)                   0.000     0.000    ap_clk
    U14                  IBUF (Prop_ibuf_I_O)         1.075     1.075 r  ap_clk_IBUF_inst/O
                         net (fo=1, routed)           2.205     3.280    ap_clk_IBUF
    BUFGCTRL_X0Y20       BUFG (Prop_bufg_I_O)         0.101     3.381 r  ap_clk_IBUF_BUFG_inst_replica_3/O
                         net (fo=3, routed)           0.146     3.527    ap_clk_IBUF_BUFG_repN_3
    BUFGCTRL_X0Y19       BUFG (Prop_bufg_I_O)         0.101     3.628 r  ap_clk_IBUF_BUFG_inst_replica_2/O
                         net (fo=24, routed)          0.146     3.774    ap_clk_IBUF_BUFG_repN_2
    BUFGCTRL_X0Y18       BUFG (Prop_bufg_I_O)         0.101     3.875 r  ap_clk_IBUF_BUFG_inst_replica_1/O
                         net (fo=30, routed)          0.146     4.021    ap_clk_IBUF_BUFG_repN_1
    BUFGCTRL_X0Y17       BUFG (Prop_bufg_I_O)         0.101     4.122 r  ap_clk_IBUF_BUFG_inst_replica/O
                         net (fo=32, routed)          0.146     4.268    ap_clk_IBUF_BUFG_repN
    BUFGCTRL_X0Y16       BUFG (Prop_bufg_I_O)         0.101     4.369 r  ap_clk_IBUF_BUFG_inst/O
                         net (fo=5141, routed)        1.670     6.039    ap_clk_IBUF_BUFG
    SLICE_X37Y1          FDRE                                         r  reg_1670_reg[17]/C
  -------------------------------------------------------------------    -------------------
    SLICE_X37Y1          FDRE (Prop_fdre_C_Q)         0.456     6.495 r  reg_1670_reg[17]/Q
                         net (fo=3, routed)           3.805    10.300    reg_1670_reg_n_0_[17]
    SLICE_X94Y39         LUT6 (Prop_lut6_I5_O)        0.124    10.424 r  ap_done_OBUF_inst_i_10/O
                         net (fo=1, routed)           0.000    10.424    ap_done_OBUF_inst_i_10_n_0
    SLICE_X94Y39         CARRY4 (Prop_carry4_S[1]_CO[3])
                                                      0.533    10.957 r  ap_done_OBUF_inst_i_3/CO[3]
                         net (fo=1, routed)           0.000    10.957    ap_done_OBUF_inst_i_3_n_0
    SLICE_X94Y40         CARRY4 (Prop_carry4_CI_CO[2])
                                                      0.229    11.186 r  ap_done_OBUF_inst_i_2/CO[2]
                         net (fo=6, routed)           2.344    13.530    icmp_ln204_fu_2302_p2
    SLICE_X93Y15         LUT2 (Prop_lut2_I0_O)        0.336    13.866 r  ap_done_OBUF_inst_i_1/O
                         net (fo=2, routed)           3.551    17.418    ap_ready_OBUF
    P15                  OBUF (Prop_obuf_I_O)         2.830    20.247 r  ap_ready_OBUF_inst/O
                         net (fo=0)                   0.000    20.247    ap_ready
    P15                                                               r  ap_ready (OUT)
  -------------------------------------------------------------------    -------------------

                         (clock ap_clk rise edge)    10.000    10.000 r  
                         clock pessimism              0.000    10.000    
                         clock uncertainty           -0.035     9.965    
                         output delay                -1.500     8.465    
  -------------------------------------------------------------------
                         required time                          8.465    
                         arrival time                         -20.247    
  -------------------------------------------------------------------
                         slack                                -11.783    

Slack (VIOLATED) :        -11.646ns  (required time - arrival time)
  Source:                 reg_1670_reg[17]/C
                            (rising edge-triggered cell FDRE clocked by ap_clk  {rise@0.000ns fall@5.000ns period=10.000ns})
  Destination:            ap_done
                            (output port clocked by ap_clk  {rise@0.000ns fall@5.000ns period=10.000ns})
  Path Group:             ap_clk
  Path Type:              Max at Slow Process Corner
  Requirement:            10.000ns  (ap_clk rise@10.000ns - ap_clk rise@0.000ns)
  Data Path Delay:        14.072ns  (logic 4.514ns (32.079%)  route 9.558ns (67.921%))
  Logic Levels:           5  (CARRY4=2 LUT2=1 LUT6=1 OBUF=1)
  Output Delay:           1.500ns
  Clock Path Skew:        -6.039ns (DCD - SCD + CPR)
    Destination Clock Delay (DCD):    0.000ns = ( 10.000 - 10.000 ) 
    Source Clock Delay      (SCD):    6.039ns
    Clock Pessimism Removal (CPR):    0.000ns
  Clock Uncertainty:      0.035ns  ((TSJ^2 + TIJ^2)^1/2 + DJ) / 2 + PE
    Total System Jitter     (TSJ):    0.071ns
    Total Input Jitter      (TIJ):    0.000ns
    Discrete Jitter          (DJ):    0.000ns
    Phase Error              (PE):    0.000ns

    Location             Delay type                Incr(ns)  Path(ns)    Netlist Resource(s)
  -------------------------------------------------------------------    -------------------
                         (clock ap_clk rise edge)     0.000     0.000 r  
    U14                                               0.000     0.000 r  ap_clk (IN)
                         net (fo=0)                   0.000     0.000    ap_clk
    U14                  IBUF (Prop_ibuf_I_O)         1.075     1.075 r  ap_clk_IBUF_inst/O
                         net (fo=1, routed)           2.205     3.280    ap_clk_IBUF
    BUFGCTRL_X0Y20       BUFG (Prop_bufg_I_O)         0.101     3.381 r  ap_clk_IBUF_BUFG_inst_replica_3/O
                         net (fo=3, routed)           0.146     3.527    ap_clk_IBUF_BUFG_repN_3
    BUFGCTRL_X0Y19       BUFG (Prop_bufg_I_O)         0.101     3.628 r  ap_clk_IBUF_BUFG_inst_replica_2/O
                         net (fo=24, routed)          0.146     3.774    ap_clk_IBUF_BUFG_repN_2
    BUFGCTRL_X0Y18       BUFG (Prop_bufg_I_O)         0.101     3.875 r  ap_clk_IBUF_BUFG_inst_replica_1/O
                         net (fo=30, routed)          0.146     4.021    ap_clk_IBUF_BUFG_repN_1
    BUFGCTRL_X0Y17       BUFG (Prop_bufg_I_O)         0.101     4.122 r  ap_clk_IBUF_BUFG_inst_replica/O
                         net (fo=32, routed)          0.146     4.268    ap_clk_IBUF_BUFG_repN
    BUFGCTRL_X0Y16       BUFG (Prop_bufg_I_O)         0.101     4.369 r  ap_clk_IBUF_BUFG_inst/O
                         net (fo=5141, routed)        1.670     6.039    ap_clk_IBUF_BUFG
    SLICE_X37Y1          FDRE                                         r  reg_1670_reg[17]/C
  -------------------------------------------------------------------    -------------------
    SLICE_X37Y1          FDRE (Prop_fdre_C_Q)         0.456     6.495 r  reg_1670_reg[17]/Q
                         net (fo=3, routed)           3.805    10.300    reg_1670_reg_n_0_[17]
    SLICE_X94Y39         LUT6 (Prop_lut6_I5_O)        0.124    10.424 r  ap_done_OBUF_inst_i_10/O
                         net (fo=1, routed)           0.000    10.424    ap_done_OBUF_inst_i_10_n_0
    SLICE_X94Y39         CARRY4 (Prop_carry4_S[1]_CO[3])
                                                      0.533    10.957 r  ap_done_OBUF_inst_i_3/CO[3]
                         net (fo=1, routed)           0.000    10.957    ap_done_OBUF_inst_i_3_n_0
    SLICE_X94Y40         CARRY4 (Prop_carry4_CI_CO[2])
                                                      0.229    11.186 r  ap_done_OBUF_inst_i_2/CO[2]
                         net (fo=6, routed)           2.344    13.530    icmp_ln204_fu_2302_p2
    SLICE_X93Y15         LUT2 (Prop_lut2_I0_O)        0.336    13.866 r  ap_done_OBUF_inst_i_1/O
                         net (fo=2, routed)           3.408    17.275    ap_ready_OBUF
    T19                  OBUF (Prop_obuf_I_O)         2.836    20.111 r  ap_done_OBUF_inst/O
                         net (fo=0)                   0.000    20.111    ap_done
    T19                                                               r  ap_done (OUT)
  -------------------------------------------------------------------    -------------------

                         (clock ap_clk rise edge)    10.000    10.000 r  
                         clock pessimism              0.000    10.000    
                         clock uncertainty           -0.035     9.965    
                         output delay                -1.500     8.465    
  -------------------------------------------------------------------
                         required time                          8.465    
                         arrival time                         -20.111    
  -------------------------------------------------------------------
                         slack                                -11.646    

Slack (VIOLATED) :        -11.310ns  (required time - arrival time)
  Source:                 acc_V_reg_1705_reg[23]/C
                            (rising edge-triggered cell FDRE clocked by ap_clk  {rise@0.000ns fall@5.000ns period=10.000ns})
  Destination:            out_r[21]
                            (output port clocked by ap_clk  {rise@0.000ns fall@5.000ns period=10.000ns})
  Path Group:             ap_clk
  Path Type:              Max at Slow Process Corner
  Requirement:            10.000ns  (ap_clk rise@10.000ns - ap_clk rise@0.000ns)
  Data Path Delay:        13.622ns  (logic 3.621ns (26.584%)  route 10.001ns (73.416%))
  Logic Levels:           5  (LUT2=1 LUT4=1 LUT5=1 LUT6=1 OBUF=1)
  Output Delay:           1.500ns
  Clock Path Skew:        -6.153ns (DCD - SCD + CPR)
    Destination Clock Delay (DCD):    0.000ns = ( 10.000 - 10.000 ) 
    Source Clock Delay      (SCD):    6.153ns
    Clock Pessimism Removal (CPR):    0.000ns
  Clock Uncertainty:      0.035ns  ((TSJ^2 + TIJ^2)^1/2 + DJ) / 2 + PE
    Total System Jitter     (TSJ):    0.071ns
    Total Input Jitter      (TIJ):    0.000ns
    Discrete Jitter          (DJ):    0.000ns
    Phase Error              (PE):    0.000ns

    Location             Delay type                Incr(ns)  Path(ns)    Netlist Resource(s)
  -------------------------------------------------------------------    -------------------
                         (clock ap_clk rise edge)     0.000     0.000 r  
    U14                                               0.000     0.000 r  ap_clk (IN)
                         net (fo=0)                   0.000     0.000    ap_clk
    U14                  IBUF (Prop_ibuf_I_O)         1.075     1.075 r  ap_clk_IBUF_inst/O
                         net (fo=1, routed)           2.205     3.280    ap_clk_IBUF
    BUFGCTRL_X0Y20       BUFG (Prop_bufg_I_O)         0.101     3.381 r  ap_clk_IBUF_BUFG_inst_replica_3/O
                         net (fo=3, routed)           0.146     3.527    ap_clk_IBUF_BUFG_repN_3
    BUFGCTRL_X0Y19       BUFG (Prop_bufg_I_O)         0.101     3.628 r  ap_clk_IBUF_BUFG_inst_replica_2/O
                         net (fo=24, routed)          0.146     3.774    ap_clk_IBUF_BUFG_repN_2
    BUFGCTRL_X0Y18       BUFG (Prop_bufg_I_O)         0.101     3.875 r  ap_clk_IBUF_BUFG_inst_replica_1/O
                         net (fo=30, routed)          0.146     4.021    ap_clk_IBUF_BUFG_repN_1
    BUFGCTRL_X0Y17       BUFG (Prop_bufg_I_O)         0.101     4.122 r  ap_clk_IBUF_BUFG_inst_replica/O
                         net (fo=32, routed)          0.146     4.268    ap_clk_IBUF_BUFG_repN
    BUFGCTRL_X0Y16       BUFG (Prop_bufg_I_O)         0.101     4.369 r  ap_clk_IBUF_BUFG_inst/O
                         net (fo=5141, routed)        1.784     6.153    ap_clk_IBUF_BUFG
    SLICE_X96Y23         FDRE                                         r  acc_V_reg_1705_reg[23]/C
  -------------------------------------------------------------------    -------------------
    SLICE_X96Y23         FDRE (Prop_fdre_C_Q)         0.518     6.671 r  acc_V_reg_1705_reg[23]/Q
                         net (fo=4, routed)           1.619     8.289    acc_V_reg_1705_reg_n_0_[23]
    SLICE_X88Y31         LUT4 (Prop_lut4_I3_O)        0.124     8.413 r  out_r_OBUF[31]_inst_i_8/O
                         net (fo=1, routed)           0.375     8.788    out_r_OBUF[31]_inst_i_8_n_0
    SLICE_X88Y31         LUT5 (Prop_lut5_I4_O)        0.124     8.912 r  out_r_OBUF[31]_inst_i_5/O
                         net (fo=1, routed)           0.954     9.866    out_r_OBUF[31]_inst_i_5_n_0
    SLICE_X88Y30         LUT6 (Prop_lut6_I5_O)        0.124     9.990 f  out_r_OBUF[31]_inst_i_2/O
                         net (fo=32, routed)          1.713    11.703    out_r_OBUF[31]_inst_i_2_n_0
    SLICE_X88Y43         LUT2 (Prop_lut2_I1_O)        0.124    11.827 r  out_r_OBUF[21]_inst_i_1/O
                         net (fo=1, routed)           5.340    17.168    out_r_OBUF[21]
    H18                  OBUF (Prop_obuf_I_O)         2.607    19.775 r  out_r_OBUF[21]_inst/O
                         net (fo=0)                   0.000    19.775    out_r[21]
    H18                                                               r  out_r[21] (OUT)
  -------------------------------------------------------------------    -------------------

                         (clock ap_clk rise edge)    10.000    10.000 r  
                         clock pessimism              0.000    10.000    
                         clock uncertainty           -0.035     9.965    
                         output delay                -1.500     8.465    
  -------------------------------------------------------------------
                         required time                          8.465    
                         arrival time                         -19.775    
  -------------------------------------------------------------------
                         slack                                -11.310    

Slack (VIOLATED) :        -11.230ns  (required time - arrival time)
  Source:                 acc_V_reg_1705_reg[23]/C
                            (rising edge-triggered cell FDRE clocked by ap_clk  {rise@0.000ns fall@5.000ns period=10.000ns})
  Destination:            out_r[25]
                            (output port clocked by ap_clk  {rise@0.000ns fall@5.000ns period=10.000ns})
  Path Group:             ap_clk
  Path Type:              Max at Slow Process Corner
  Requirement:            10.000ns  (ap_clk rise@10.000ns - ap_clk rise@0.000ns)
  Data Path Delay:        13.542ns  (logic 3.881ns (28.656%)  route 9.662ns (71.344%))
  Logic Levels:           5  (LUT4=1 LUT5=2 LUT6=1 OBUF=1)
  Output Delay:           1.500ns
  Clock Path Skew:        -6.153ns (DCD - SCD + CPR)
    Destination Clock Delay (DCD):    0.000ns = ( 10.000 - 10.000 ) 
    Source Clock Delay      (SCD):    6.153ns
    Clock Pessimism Removal (CPR):    0.000ns
  Clock Uncertainty:      0.035ns  ((TSJ^2 + TIJ^2)^1/2 + DJ) / 2 + PE
    Total System Jitter     (TSJ):    0.071ns
    Total Input Jitter      (TIJ):    0.000ns
    Discrete Jitter          (DJ):    0.000ns
    Phase Error              (PE):    0.000ns

    Location             Delay type                Incr(ns)  Path(ns)    Netlist Resource(s)
  -------------------------------------------------------------------    -------------------
                         (clock ap_clk rise edge)     0.000     0.000 r  
    U14                                               0.000     0.000 r  ap_clk (IN)
                         net (fo=0)                   0.000     0.000    ap_clk
    U14                  IBUF (Prop_ibuf_I_O)         1.075     1.075 r  ap_clk_IBUF_inst/O
                         net (fo=1, routed)           2.205     3.280    ap_clk_IBUF
    BUFGCTRL_X0Y20       BUFG (Prop_bufg_I_O)         0.101     3.381 r  ap_clk_IBUF_BUFG_inst_replica_3/O
                         net (fo=3, routed)           0.146     3.527    ap_clk_IBUF_BUFG_repN_3
    BUFGCTRL_X0Y19       BUFG (Prop_bufg_I_O)         0.101     3.628 r  ap_clk_IBUF_BUFG_inst_replica_2/O
                         net (fo=24, routed)          0.146     3.774    ap_clk_IBUF_BUFG_repN_2
    BUFGCTRL_X0Y18       BUFG (Prop_bufg_I_O)         0.101     3.875 r  ap_clk_IBUF_BUFG_inst_replica_1/O
                         net (fo=30, routed)          0.146     4.021    ap_clk_IBUF_BUFG_repN_1
    BUFGCTRL_X0Y17       BUFG (Prop_bufg_I_O)         0.101     4.122 r  ap_clk_IBUF_BUFG_inst_replica/O
                         net (fo=32, routed)          0.146     4.268    ap_clk_IBUF_BUFG_repN
    BUFGCTRL_X0Y16       BUFG (Prop_bufg_I_O)         0.101     4.369 r  ap_clk_IBUF_BUFG_inst/O
                         net (fo=5141, routed)        1.784     6.153    ap_clk_IBUF_BUFG
    SLICE_X96Y23         FDRE                                         r  acc_V_reg_1705_reg[23]/C
  -------------------------------------------------------------------    -------------------
    SLICE_X96Y23         FDRE (Prop_fdre_C_Q)         0.518     6.671 r  acc_V_reg_1705_reg[23]/Q
                         net (fo=4, routed)           1.619     8.289    acc_V_reg_1705_reg_n_0_[23]
    SLICE_X88Y31         LUT4 (Prop_lut4_I3_O)        0.124     8.413 r  out_r_OBUF[31]_inst_i_8/O
                         net (fo=1, routed)           0.375     8.788    out_r_OBUF[31]_inst_i_8_n_0
    SLICE_X88Y31         LUT5 (Prop_lut5_I4_O)        0.124     8.912 r  out_r_OBUF[31]_inst_i_5/O
                         net (fo=1, routed)           0.954     9.866    out_r_OBUF[31]_inst_i_5_n_0
    SLICE_X88Y30         LUT6 (Prop_lut6_I5_O)        0.124     9.990 f  out_r_OBUF[31]_inst_i_2/O
                         net (fo=32, routed)          1.352    11.343    out_r_OBUF[31]_inst_i_2_n_0
    SLICE_X88Y39         LUT5 (Prop_lut5_I0_O)        0.152    11.495 r  out_r_OBUF[25]_inst_i_1/O
                         net (fo=1, routed)           5.362    16.856    out_r_OBUF[25]
    K18                  OBUF (Prop_obuf_I_O)         2.839    19.695 r  out_r_OBUF[25]_inst/O
                         net (fo=0)                   0.000    19.695    out_r[25]
    K18                                                               r  out_r[25] (OUT)
  -------------------------------------------------------------------    -------------------

                         (clock ap_clk rise edge)    10.000    10.000 r  
                         clock pessimism              0.000    10.000    
                         clock uncertainty           -0.035     9.965    
                         output delay                -1.500     8.465    
  -------------------------------------------------------------------
                         required time                          8.465    
                         arrival time                         -19.695    
  -------------------------------------------------------------------
                         slack                                -11.230    

Slack (VIOLATED) :        -11.182ns  (required time - arrival time)
  Source:                 acc_V_reg_1705_reg[23]/C
                            (rising edge-triggered cell FDRE clocked by ap_clk  {rise@0.000ns fall@5.000ns period=10.000ns})
  Destination:            out_r[29]
                            (output port clocked by ap_clk  {rise@0.000ns fall@5.000ns period=10.000ns})
  Path Group:             ap_clk
  Path Type:              Max at Slow Process Corner
  Requirement:            10.000ns  (ap_clk rise@10.000ns - ap_clk rise@0.000ns)
  Data Path Delay:        13.495ns  (logic 3.907ns (28.954%)  route 9.587ns (71.046%))
  Logic Levels:           5  (LUT3=1 LUT4=1 LUT5=1 LUT6=1 OBUF=1)
  Output Delay:           1.500ns
  Clock Path Skew:        -6.153ns (DCD - SCD + CPR)
    Destination Clock Delay (DCD):    0.000ns = ( 10.000 - 10.000 ) 
    Source Clock Delay      (SCD):    6.153ns
    Clock Pessimism Removal (CPR):    0.000ns
  Clock Uncertainty:      0.035ns  ((TSJ^2 + TIJ^2)^1/2 + DJ) / 2 + PE
    Total System Jitter     (TSJ):    0.071ns
    Total Input Jitter      (TIJ):    0.000ns
    Discrete Jitter          (DJ):    0.000ns
    Phase Error              (PE):    0.000ns

    Location             Delay type                Incr(ns)  Path(ns)    Netlist Resource(s)
  -------------------------------------------------------------------    -------------------
                         (clock ap_clk rise edge)     0.000     0.000 r  
    U14                                               0.000     0.000 r  ap_clk (IN)
                         net (fo=0)                   0.000     0.000    ap_clk
    U14                  IBUF (Prop_ibuf_I_O)         1.075     1.075 r  ap_clk_IBUF_inst/O
                         net (fo=1, routed)           2.205     3.280    ap_clk_IBUF
    BUFGCTRL_X0Y20       BUFG (Prop_bufg_I_O)         0.101     3.381 r  ap_clk_IBUF_BUFG_inst_replica_3/O
                         net (fo=3, routed)           0.146     3.527    ap_clk_IBUF_BUFG_repN_3
    BUFGCTRL_X0Y19       BUFG (Prop_bufg_I_O)         0.101     3.628 r  ap_clk_IBUF_BUFG_inst_replica_2/O
                         net (fo=24, routed)          0.146     3.774    ap_clk_IBUF_BUFG_repN_2
    BUFGCTRL_X0Y18       BUFG (Prop_bufg_I_O)         0.101     3.875 r  ap_clk_IBUF_BUFG_inst_replica_1/O
                         net (fo=30, routed)          0.146     4.021    ap_clk_IBUF_BUFG_repN_1
    BUFGCTRL_X0Y17       BUFG (Prop_bufg_I_O)         0.101     4.122 r  ap_clk_IBUF_BUFG_inst_replica/O
                         net (fo=32, routed)          0.146     4.268    ap_clk_IBUF_BUFG_repN
    BUFGCTRL_X0Y16       BUFG (Prop_bufg_I_O)         0.101     4.369 r  ap_clk_IBUF_BUFG_inst/O
                         net (fo=5141, routed)        1.784     6.153    ap_clk_IBUF_BUFG
    SLICE_X96Y23         FDRE                                         r  acc_V_reg_1705_reg[23]/C
  -------------------------------------------------------------------    -------------------
    SLICE_X96Y23         FDRE (Prop_fdre_C_Q)         0.518     6.671 r  acc_V_reg_1705_reg[23]/Q
                         net (fo=4, routed)           1.619     8.289    acc_V_reg_1705_reg_n_0_[23]
    SLICE_X88Y31         LUT4 (Prop_lut4_I3_O)        0.124     8.413 r  out_r_OBUF[31]_inst_i_8/O
                         net (fo=1, routed)           0.375     8.788    out_r_OBUF[31]_inst_i_8_n_0
    SLICE_X88Y31         LUT5 (Prop_lut5_I4_O)        0.124     8.912 r  out_r_OBUF[31]_inst_i_5/O
                         net (fo=1, routed)           0.954     9.866    out_r_OBUF[31]_inst_i_5_n_0
    SLICE_X88Y30         LUT6 (Prop_lut6_I5_O)        0.124     9.990 f  out_r_OBUF[31]_inst_i_2/O
                         net (fo=32, routed)          1.355    11.345    out_r_OBUF[31]_inst_i_2_n_0
    SLICE_X88Y39         LUT3 (Prop_lut3_I0_O)        0.152    11.497 r  out_r_OBUF[29]_inst_i_1/O
                         net (fo=1, routed)           5.285    16.782    out_r_OBUF[29]
    J19                  OBUF (Prop_obuf_I_O)         2.865    19.647 r  out_r_OBUF[29]_inst/O
                         net (fo=0)                   0.000    19.647    out_r[29]
    J19                                                               r  out_r[29] (OUT)
  -------------------------------------------------------------------    -------------------

                         (clock ap_clk rise edge)    10.000    10.000 r  
                         clock pessimism              0.000    10.000    
                         clock uncertainty           -0.035     9.965    
                         output delay                -1.500     8.465    
  -------------------------------------------------------------------
                         required time                          8.465    
                         arrival time                         -19.647    
  -------------------------------------------------------------------
                         slack                                -11.182    




