

================================================================
== Synthesis Summary Report of 'fir_multiband'
================================================================
+ General Information: 
    * Date:           Tue Sep 29 15:34:33 2026
    * Version:        2020.2 (Build 3064766 on Wed Nov 18 09:12:45 MST 2020)
    * Project:        synth_proj
    * Solution:       solution1 (Vivado IP Flow Target)
    * Product family: zynq
    * Target device:  xc7z020-clg400-1
    

+ Performance & Resource Estimates: 
    
    PS: '+' for module; 'o' for loop; '*' for dataflow
    +----------------------+--------+-------+---------+-----------+----------+---------+------+----------+---------+----------+-------------+-------------+-----+
    |        Modules       |  Issue |       | Latency |  Latency  | Iteration|         | Trip |          |         |          |             |             |     |
    |        & Loops       |  Type  | Slack | (cycles)|    (ns)   |  Latency | Interval| Count| Pipelined|  BRAM   |    DSP   |      FF     |     LUT     | URAM|
    +----------------------+--------+-------+---------+-----------+----------+---------+------+----------+---------+----------+-------------+-------------+-----+
    |+ fir_multiband       |  Timing|   1.27|        -|          -|         -|        -|     -|        no|  18 (6%)|  52 (23%)|  17569 (16%)|  14699 (27%)|    -|
    | o VITIS_LOOP_91_1    |       -|  -7.30|       65|    650.000|         1|        1|    65|       yes|        -|         -|            -|            -|    -|
    | o VITIS_LOOP_95_2    |       -|  -7.30|        -|          -|       299|        -|     -|        no|        -|         -|            -|            -|    -|
    |  o VITIS_LOOP_102_3  |      II|  -7.30|      137|  1.370e+03|        12|        2|    64|       yes|        -|         -|            -|            -|    -|
    |  o VITIS_LOOP_109_4  |      II|  -7.30|      150|  1.500e+03|       130|        7|     4|       yes|        -|         -|            -|            -|    -|
    +----------------------+--------+-------+---------+-----------+----------+---------+------+----------+---------+----------+-------------+-------------+-----+

