

================================================================
== Vitis HLS Report for 'fir_multiband'
================================================================
* Date:           Tue Sep 29 15:34:32 2026

* Version:        2020.2 (Build 3064766 on Wed Nov 18 09:12:45 MST 2020)
* Project:        synth_proj
* Solution:       solution1 (Vivado IP Flow Target)
* Product family: zynq
* Target device:  xc7z020-clg400-1


================================================================
== Performance Estimates
================================================================
+ Timing: 
    * Summary: 
    +--------+----------+----------+------------+
    |  Clock |  Target  | Estimated| Uncertainty|
    +--------+----------+----------+------------+
    |ap_clk  |  10.00 ns|  8.567 ns|     2.70 ns|
    +--------+----------+----------+------------+

+ Latency: 
    * Summary: 
    +---------+---------+----------+----------+-----+-----+---------+
    |  Latency (cycles) |  Latency (absolute) |  Interval | Pipeline|
    |   min   |   max   |    min   |    max   | min | max |   Type  |
    +---------+---------+----------+----------+-----+-----+---------+
    |        ?|        ?|         ?|         ?|    ?|    ?|     none|
    +---------+---------+----------+----------+-----+-----+---------+

    + Detail: 
        * Instance: 
        N/A

        * Loop: 
        +---------------------+---------+---------+----------+-----------+-----------+------+----------+
        |                     |  Latency (cycles) | Iteration|  Initiation Interval  | Trip |          |
        |      Loop Name      |   min   |   max   |  Latency |  achieved |   target  | Count| Pipelined|
        +---------------------+---------+---------+----------+-----------+-----------+------+----------+
        |- VITIS_LOOP_91_1    |       65|       65|         1|          1|          1|    65|       yes|
        |- VITIS_LOOP_95_2    |        ?|        ?|       299|          -|          -|     ?|        no|
        | + VITIS_LOOP_102_3  |      137|      137|        12|          2|          1|    64|       yes|
        | + VITIS_LOOP_109_4  |      150|      150|       130|          7|          1|     4|       yes|
        +---------------------+---------+---------+----------+-----------+-----------+------+----------+



================================================================
== Utilization Estimates
================================================================
* Summary: 
+-----------------+---------+-----+--------+-------+-----+
|       Name      | BRAM_18K| DSP |   FF   |  LUT  | URAM|
+-----------------+---------+-----+--------+-------+-----+
|DSP              |        -|    -|       -|      -|    -|
|Expression       |        -|    -|       0|   1303|    -|
|FIFO             |        -|    -|       -|      -|    -|
|Instance         |        -|   52|    4159|   8440|    -|
|Memory           |       18|    -|     320|     35|    -|
|Multiplexer      |        -|    -|       -|   2873|    -|
|Register         |        -|    -|   13090|   2048|    -|
+-----------------+---------+-----+--------+-------+-----+
|Total            |       18|   52|   17569|  14699|    0|
+-----------------+---------+-----+--------+-------+-----+
|Available        |      280|  220|  106400|  53200|    0|
+-----------------+---------+-----+--------+-------+-----+
|Utilization (%)  |        6|   23|      16|     27|    0|
+-----------------+---------+-----+--------+-------+-----+

+ Detail: 
    * Instance: 
    +--------------------------------------+----------------------------------+---------+----+-----+-----+-----+
    |               Instance               |              Module              | BRAM_18K| DSP|  FF | LUT | URAM|
    +--------------------------------------+----------------------------------+---------+----+-----+-----+-----+
    |facc_32ns_32ns_1ns_32_6_no_dsp_1_U27  |facc_32ns_32ns_1ns_32_6_no_dsp_1  |        0|   0|  312|  721|    0|
    |fadd_32ns_32ns_32_5_full_dsp_1_U11    |fadd_32ns_32ns_32_5_full_dsp_1    |        0|   2|  205|  390|    0|
    |fadd_32ns_32ns_32_5_full_dsp_1_U12    |fadd_32ns_32ns_32_5_full_dsp_1    |        0|   2|  205|  390|    0|
    |fadd_32ns_32ns_32_5_full_dsp_1_U13    |fadd_32ns_32ns_32_5_full_dsp_1    |        0|   2|  205|  390|    0|
    |fadd_32ns_32ns_32_5_full_dsp_1_U14    |fadd_32ns_32ns_32_5_full_dsp_1    |        0|   2|  205|  390|    0|
    |fadd_32ns_32ns_32_5_full_dsp_1_U15    |fadd_32ns_32ns_32_5_full_dsp_1    |        0|   2|  205|  390|    0|
    |fadd_32ns_32ns_32_5_full_dsp_1_U16    |fadd_32ns_32ns_32_5_full_dsp_1    |        0|   2|  205|  390|    0|
    |fadd_32ns_32ns_32_5_full_dsp_1_U17    |fadd_32ns_32ns_32_5_full_dsp_1    |        0|   2|  205|  390|    0|
    |fadd_32ns_32ns_32_5_full_dsp_1_U18    |fadd_32ns_32ns_32_5_full_dsp_1    |        0|   2|  205|  390|    0|
    |fadd_32ns_32ns_32_5_full_dsp_1_U19    |fadd_32ns_32ns_32_5_full_dsp_1    |        0|   2|  205|  390|    0|
    |fadd_32ns_32ns_32_5_full_dsp_1_U20    |fadd_32ns_32ns_32_5_full_dsp_1    |        0|   2|  205|  390|    0|
    |fadd_32ns_32ns_32_5_full_dsp_1_U21    |fadd_32ns_32ns_32_5_full_dsp_1    |        0|   2|  205|  390|    0|
    |fcmp_32ns_32ns_1_2_no_dsp_1_U22       |fcmp_32ns_32ns_1_2_no_dsp_1       |        0|   0|    0|    0|    0|
    |fmul_32ns_32ns_32_4_max_dsp_1_U1      |fmul_32ns_32ns_32_4_max_dsp_1     |        0|   3|  143|  321|    0|
    |fmul_32ns_32ns_32_4_max_dsp_1_U2      |fmul_32ns_32ns_32_4_max_dsp_1     |        0|   3|  143|  321|    0|
    |fmul_32ns_32ns_32_4_max_dsp_1_U3      |fmul_32ns_32ns_32_4_max_dsp_1     |        0|   3|  143|  321|    0|
    |fmul_32ns_32ns_32_4_max_dsp_1_U4      |fmul_32ns_32ns_32_4_max_dsp_1     |        0|   3|  143|  321|    0|
    |fmul_32ns_32ns_32_4_max_dsp_1_U5      |fmul_32ns_32ns_32_4_max_dsp_1     |        0|   3|  143|  321|    0|
    |fmul_32ns_32ns_32_4_max_dsp_1_U6      |fmul_32ns_32ns_32_4_max_dsp_1     |        0|   3|  143|  321|    0|
    |fmul_32ns_32ns_32_4_max_dsp_1_U7      |fmul_32ns_32ns_32_4_max_dsp_1     |        0|   3|  143|  321|    0|
    |fmul_32ns_32ns_32_4_max_dsp_1_U8      |fmul_32ns_32ns_32_4_max_dsp_1     |        0|   3|  143|  321|    0|
    |fmul_32ns_32ns_32_4_max_dsp_1_U9      |fmul_32ns_32ns_32_4_max_dsp_1     |        0|   3|  143|  321|    0|
    |fmul_32ns_32ns_32_4_max_dsp_1_U10     |fmul_32ns_32ns_32_4_max_dsp_1     |        0|   3|  143|  321|    0|
    |mul_6ns_8ns_13_1_1_U24                |mul_6ns_8ns_13_1_1                |        0|   0|    0|   41|    0|
    |mul_7ns_9ns_15_1_1_U26                |mul_7ns_9ns_15_1_1                |        0|   0|    0|   51|    0|
    |mux_564_32_1_1_U25                    |mux_564_32_1_1                    |        0|   0|    0|   25|    0|
    |urem_7ns_4ns_7_11_1_U23               |urem_7ns_4ns_7_11_1               |        0|   0|  162|  102|    0|
    +--------------------------------------+----------------------------------+---------+----+-----+-----+-----+
    |Total                                 |                                  |        0|  52| 4159| 8440|    0|
    +--------------------------------------+----------------------------------+---------+----+-----+-----+-----+

    * DSP: 
    N/A

    * Memory: 
    +--------------+------------+---------+----+----+-----+------+-----+------+-------------+
    |    Memory    |   Module   | BRAM_18K| FF | LUT| URAM| Words| Bits| Banks| W*Bits*Banks|
    +--------------+------------+---------+----+----+-----+------+-----+------+-------------+
    |FIR_COEFFS_U  |FIR_COEFFS  |       18|   0|   0|    0|   260|   32|     1|         8320|
    |hist_0_U      |hist_0      |        0|  64|   7|    0|    13|   32|     1|          416|
    |hist_1_U      |hist_1      |        0|  64|   7|    0|    13|   32|     1|          416|
    |hist_2_U      |hist_1      |        0|  64|   7|    0|    13|   32|     1|          416|
    |hist_3_U      |hist_1      |        0|  64|   7|    0|    13|   32|     1|          416|
    |hist_4_U      |hist_1      |        0|  64|   7|    0|    13|   32|     1|          416|
    +--------------+------------+---------+----+----+-----+------+-----+------+-------------+
    |Total         |            |       18| 320|  35|    0|   325|  192|     6|        10400|
    +--------------+------------+---------+----+----+-----+------+-----+------+-------------+

    * FIFO: 
    N/A

    * Expression: 
    +-------------------------+----------+----+---+----+------------+------------+
    |      Variable Name      | Operation| DSP| FF| LUT| Bitwidth P0| Bitwidth P1|
    +-------------------------+----------+----+---+----+------------+------------+
    |add_ln102_fu_2273_p2     |         +|   0|  0|  14|           7|           2|
    |add_ln103_fu_2283_p2     |         +|   0|  0|  14|           6|           2|
    |add_ln109_fu_2374_p2     |         +|   0|  0|  11|           3|           1|
    |add_ln127_10_fu_2475_p2  |         +|   0|  0|  14|           9|           4|
    |add_ln127_11_fu_2486_p2  |         +|   0|  0|  14|           9|           4|
    |add_ln127_12_fu_2538_p2  |         +|   0|  0|  14|           9|           4|
    |add_ln127_13_fu_2548_p2  |         +|   0|  0|  14|           9|           4|
    |add_ln127_14_fu_2608_p2  |         +|   0|  0|  14|           9|           4|
    |add_ln127_15_fu_2497_p2  |         +|   0|  0|  14|           9|           4|
    |add_ln127_16_fu_2558_p2  |         +|   0|  0|  14|           9|           5|
    |add_ln127_17_fu_2568_p2  |         +|   0|  0|  14|           9|           5|
    |add_ln127_18_fu_2618_p2  |         +|   0|  0|  14|           9|           5|
    |add_ln127_19_fu_2628_p2  |         +|   0|  0|  14|           9|           5|
    |add_ln127_1_fu_2409_p2   |         +|   0|  0|  14|           9|           1|
    |add_ln127_20_fu_2578_p2  |         +|   0|  0|  14|           9|           5|
    |add_ln127_21_fu_2588_p2  |         +|   0|  0|  14|           9|           5|
    |add_ln127_22_fu_2638_p2  |         +|   0|  0|  14|           9|           5|
    |add_ln127_23_fu_2648_p2  |         +|   0|  0|  14|           9|           5|
    |add_ln127_24_fu_2708_p2  |         +|   0|  0|  14|           9|           5|
    |add_ln127_25_fu_2598_p2  |         +|   0|  0|  14|           9|           5|
    |add_ln127_26_fu_2658_p2  |         +|   0|  0|  14|           9|           5|
    |add_ln127_27_fu_2668_p2  |         +|   0|  0|  14|           9|           5|
    |add_ln127_28_fu_2718_p2  |         +|   0|  0|  14|           9|           5|
    |add_ln127_29_fu_2728_p2  |         +|   0|  0|  14|           9|           5|
    |add_ln127_2_fu_2420_p2   |         +|   0|  0|  14|           9|           2|
    |add_ln127_30_fu_2678_p2  |         +|   0|  0|  14|           9|           5|
    |add_ln127_31_fu_2688_p2  |         +|   0|  0|  14|           9|           5|
    |add_ln127_32_fu_2738_p2  |         +|   0|  0|  14|           9|           6|
    |add_ln127_33_fu_2748_p2  |         +|   0|  0|  14|           9|           6|
    |add_ln127_34_fu_2808_p2  |         +|   0|  0|  14|           9|           6|
    |add_ln127_35_fu_2698_p2  |         +|   0|  0|  14|           9|           6|
    |add_ln127_36_fu_2758_p2  |         +|   0|  0|  14|           9|           6|
    |add_ln127_37_fu_2768_p2  |         +|   0|  0|  14|           9|           6|
    |add_ln127_38_fu_2818_p2  |         +|   0|  0|  14|           9|           6|
    |add_ln127_39_fu_2828_p2  |         +|   0|  0|  14|           9|           6|
    |add_ln127_3_fu_2431_p2   |         +|   0|  0|  14|           9|           2|
    |add_ln127_40_fu_2778_p2  |         +|   0|  0|  14|           9|           6|
    |add_ln127_41_fu_2788_p2  |         +|   0|  0|  14|           9|           6|
    |add_ln127_42_fu_2838_p2  |         +|   0|  0|  14|           9|           6|
    |add_ln127_43_fu_2848_p2  |         +|   0|  0|  14|           9|           6|
    |add_ln127_44_fu_2908_p2  |         +|   0|  0|  14|           9|           6|
    |add_ln127_45_fu_2798_p2  |         +|   0|  0|  14|           9|           6|
    |add_ln127_46_fu_2858_p2  |         +|   0|  0|  14|           9|           6|
    |add_ln127_47_fu_2868_p2  |         +|   0|  0|  14|           9|           6|
    |add_ln127_48_fu_2918_p2  |         +|   0|  0|  14|           9|           6|
    |add_ln127_49_fu_2928_p2  |         +|   0|  0|  14|           9|           6|
    |add_ln127_4_fu_2508_p2   |         +|   0|  0|  14|           9|           3|
    |add_ln127_50_fu_2878_p2  |         +|   0|  0|  14|           9|           6|
    |add_ln127_51_fu_2888_p2  |         +|   0|  0|  14|           9|           6|
    |add_ln127_52_fu_2938_p2  |         +|   0|  0|  14|           9|           6|
    |add_ln127_53_fu_2948_p2  |         +|   0|  0|  14|           9|           6|
    |add_ln127_54_fu_2958_p2  |         +|   0|  0|  14|           9|           6|
    |add_ln127_55_fu_2898_p2  |         +|   0|  0|  14|           9|           6|
    |add_ln127_56_fu_2968_p2  |         +|   0|  0|  14|           9|           6|
    |add_ln127_57_fu_2978_p2  |         +|   0|  0|  14|           9|           6|
    |add_ln127_58_fu_3008_p2  |         +|   0|  0|  14|           9|           6|
    |add_ln127_59_fu_3018_p2  |         +|   0|  0|  14|           9|           6|
    |add_ln127_5_fu_2442_p2   |         +|   0|  0|  14|           9|           3|
    |add_ln127_60_fu_2988_p2  |         +|   0|  0|  14|           9|           6|
    |add_ln127_61_fu_2998_p2  |         +|   0|  0|  14|           9|           6|
    |add_ln127_62_fu_3028_p2  |         +|   0|  0|  14|           9|           6|
    |add_ln127_63_fu_3038_p2  |         +|   0|  0|  14|           9|           6|
    |add_ln127_64_fu_3048_p2  |         +|   0|  0|  14|           9|           7|
    |add_ln127_6_fu_2453_p2   |         +|   0|  0|  14|           9|           3|
    |add_ln127_7_fu_2464_p2   |         +|   0|  0|  14|           9|           3|
    |add_ln127_8_fu_2518_p2   |         +|   0|  0|  14|           9|           4|
    |add_ln127_9_fu_2528_p2   |         +|   0|  0|  14|           9|           4|
    |add_ln127_fu_2398_p2     |         +|   0|  0|  14|           9|           9|
    |add_ln91_fu_2185_p2      |         +|   0|  0|  14|           7|           1|
    |add_ln92_fu_2201_p2      |         +|   0|  0|  17|          14|           8|
    |add_ln95_fu_2250_p2      |         +|   0|  0|  39|          32|           1|
    |next_urem_fu_2226_p2     |         +|   0|  0|  14|           7|           1|
    |and_ln67_fu_3098_p2      |       and|   0|  0|   2|           1|           1|
    |and_ln68_fu_3161_p2      |       and|   0|  0|   2|           1|           1|
    |ap_condition_2644        |       and|   0|  0|   2|           1|           1|
    |ap_condition_2650        |       and|   0|  0|   2|           1|           1|
    |empty_18_fu_2232_p2      |      icmp|   0|  0|  10|           7|           3|
    |icmp_ln102_fu_2261_p2    |      icmp|   0|  0|  10|           7|           1|
    |icmp_ln109_fu_2380_p2    |      icmp|   0|  0|   9|           3|           4|
    |icmp_ln137_fu_3058_p2    |      icmp|   0|  0|   9|           3|           4|
    |icmp_ln67_1_fu_3086_p2   |      icmp|   0|  0|  15|          23|           1|
    |icmp_ln67_fu_3080_p2     |      icmp|   0|  0|  11|           8|           2|
    |icmp_ln68_1_fu_3143_p2   |      icmp|   0|  0|  15|          23|           1|
    |icmp_ln68_fu_3137_p2     |      icmp|   0|  0|  11|           8|           2|
    |icmp_ln91_fu_2191_p2     |      icmp|   0|  0|  10|           7|           7|
    |icmp_ln95_fu_2256_p2     |      icmp|   0|  0|  18|          32|          32|
    |or_ln67_fu_3092_p2       |        or|   0|  0|   2|           1|           1|
    |or_ln68_fu_3157_p2       |        or|   0|  0|   2|           1|           1|
    |a_fu_3113_p3             |    select|   0|  0|  32|           1|          32|
    |idx_urem_fu_2238_p3      |    select|   0|  0|   7|           1|           7|
    |select_ln68_fu_3166_p3   |    select|   0|  0|  32|           1|          32|
    |sign_fu_3149_p3          |    select|   0|  0|  32|           1|          32|
    |ap_enable_pp1            |       xor|   0|  0|   2|           1|           2|
    |ap_enable_pp2            |       xor|   0|  0|   2|           1|           2|
    |xor_ln67_fu_3104_p2      |       xor|   0|  0|  33|          32|          33|
    +-------------------------+----------+----+---+----+------------+------------+
    |Total                    |          |   0|  0|1303|         826|         556|
    +-------------------------+----------+----+---+----+------------+------------+

    * Multiplexer: 
    +-------------------------------+-----+-----------+-----+-----------+
    |              Name             | LUT | Input Size| Bits| Total Bits|
    +-------------------------------+-----+-----------+-----+-----------+
    |FIR_COEFFS_address0            |   42|          8|    9|         72|
    |FIR_COEFFS_address1            |   42|          8|    9|         72|
    |FIR_COEFFS_address2            |   42|          8|    9|         72|
    |FIR_COEFFS_address3            |   42|          8|    9|         72|
    |FIR_COEFFS_address4            |   42|          8|    9|         72|
    |FIR_COEFFS_address5            |   37|          7|    9|         63|
    |FIR_COEFFS_address6            |   37|          7|    9|         63|
    |FIR_COEFFS_address7            |   37|          7|    9|         63|
    |FIR_COEFFS_address8            |   37|          7|    9|         63|
    |FIR_COEFFS_address9            |   37|          7|    9|         63|
    |acc_reg_1568                   |    9|          2|   32|         64|
    |ap_NS_fsm                      |  113|         23|    1|         23|
    |ap_enable_reg_pp1_iter5        |    9|          2|    1|          2|
    |ap_enable_reg_pp2_iter18       |    9|          2|    1|          2|
    |ap_phi_mux_b_phi_fu_1561_p4    |    9|          2|    3|          6|
    |ap_phi_mux_k_1_phi_fu_1549_p4  |    9|          2|    7|         14|
    |b_reg_1557                     |    9|          2|    3|          6|
    |grp_fu_1580_p0                 |   42|          8|   32|        256|
    |grp_fu_1580_p1                 |   42|          8|   32|        256|
    |grp_fu_1581_p0                 |   37|          7|   32|        224|
    |grp_fu_1581_p1                 |   37|          7|   32|        224|
    |grp_fu_1582_p0                 |   42|          8|   32|        256|
    |grp_fu_1582_p1                 |   42|          8|   32|        256|
    |grp_fu_1583_p0                 |   42|          8|   32|        256|
    |grp_fu_1583_p1                 |   42|          8|   32|        256|
    |grp_fu_1584_p0                 |   37|          7|   32|        224|
    |grp_fu_1584_p1                 |   37|          7|   32|        224|
    |grp_fu_1585_p0                 |   42|          8|   32|        256|
    |grp_fu_1585_p1                 |   42|          8|   32|        256|
    |grp_fu_1586_p0                 |   42|          8|   32|        256|
    |grp_fu_1586_p1                 |   42|          8|   32|        256|
    |grp_fu_1587_p0                 |   42|          8|   32|        256|
    |grp_fu_1587_p1                 |   42|          8|   32|        256|
    |grp_fu_1588_p0                 |   37|          7|   32|        224|
    |grp_fu_1588_p1                 |   37|          7|   32|        224|
    |grp_fu_1589_p0                 |   42|          8|   32|        256|
    |grp_fu_1589_p1                 |   42|          8|   32|        256|
    |grp_fu_2128_p0                 |   42|          8|   32|        256|
    |grp_fu_2128_p1                 |   37|          7|   32|        224|
    |grp_fu_2133_p0                 |   42|          8|   32|        256|
    |grp_fu_2133_p1                 |   42|          8|   32|        256|
    |grp_fu_2138_p0                 |   42|          8|   32|        256|
    |grp_fu_2138_p1                 |   42|          8|   32|        256|
    |grp_fu_2143_p0                 |   42|          8|   32|        256|
    |grp_fu_2143_p1                 |   42|          8|   32|        256|
    |grp_fu_2148_p0                 |   42|          8|   32|        256|
    |grp_fu_2148_p1                 |   42|          8|   32|        256|
    |grp_fu_2152_p0                 |   42|          8|   32|        256|
    |grp_fu_2152_p1                 |   42|          8|   32|        256|
    |grp_fu_2156_p0                 |   42|          8|   32|        256|
    |grp_fu_2156_p1                 |   42|          8|   32|        256|
    |grp_fu_2160_p0                 |   42|          8|   32|        256|
    |grp_fu_2160_p1                 |   42|          8|   32|        256|
    |grp_fu_2164_p0                 |   37|          7|   32|        224|
    |grp_fu_2164_p1                 |   37|          7|   32|        224|
    |grp_fu_2168_p0                 |   37|          7|   32|        224|
    |grp_fu_2168_p1                 |   37|          7|   32|        224|
    |grp_fu_2173_p0                 |   25|          5|   32|        160|
    |grp_fu_2173_p1                 |   25|          5|   32|        160|
    |grp_fu_2179_opcode             |   14|          3|    5|         15|
    |grp_fu_2179_p0                 |   14|          3|   32|         96|
    |grp_fu_2179_p1                 |   14|          3|   32|         96|
    |hist_0_address0                |   53|         10|    4|         40|
    |hist_0_address1                |   42|          8|    4|         32|
    |hist_0_d0                      |   14|          3|   32|         96|
    |hist_1_address0                |   59|         11|    4|         44|
    |hist_1_address1                |   37|          7|    4|         28|
    |hist_1_d0                      |   14|          3|   32|         96|
    |hist_2_address0                |   59|         11|    4|         44|
    |hist_2_address1                |   37|          7|    4|         28|
    |hist_2_d0                      |   14|          3|   32|         96|
    |hist_3_address0                |   59|         11|    4|         44|
    |hist_3_address1                |   37|          7|    4|         28|
    |hist_3_d0                      |   14|          3|   32|         96|
    |hist_4_address0                |   59|         11|    4|         44|
    |hist_4_address1                |   37|          7|    4|         28|
    |hist_4_d0                      |   14|          3|   32|         96|
    |k_1_reg_1545                   |    9|          2|    7|         14|
    |k_reg_1501                     |    9|          2|    7|         14|
    |n_reg_1534                     |    9|          2|   32|         64|
    |phi_mul_reg_1512               |    9|          2|   14|         28|
    |phi_urem_reg_1523              |    9|          2|    7|         14|
    +-------------------------------+-----+-----------+-----+-----------+
    |Total                          | 2873|        553| 1818|      12181|
    +-------------------------------+-----+-----------+-----+-----------+

    * Register: 
    +----------------------------------+-----+----+-----+-----------+
    |               Name               |  FF | LUT| Bits| Const Bits|
    +----------------------------------+-----+----+-----+-----------+
    |FIR_COEFFS_load_10_reg_4122       |   32|   0|   32|          0|
    |FIR_COEFFS_load_11_reg_4127       |   32|   0|   32|          0|
    |FIR_COEFFS_load_12_reg_4202       |   32|   0|   32|          0|
    |FIR_COEFFS_load_13_reg_4207       |   32|   0|   32|          0|
    |FIR_COEFFS_load_14_reg_4287       |   32|   0|   32|          0|
    |FIR_COEFFS_load_15_reg_4132       |   32|   0|   32|          0|
    |FIR_COEFFS_load_16_reg_4212       |   32|   0|   32|          0|
    |FIR_COEFFS_load_17_reg_4217       |   32|   0|   32|          0|
    |FIR_COEFFS_load_18_reg_4292       |   32|   0|   32|          0|
    |FIR_COEFFS_load_19_reg_4297       |   32|   0|   32|          0|
    |FIR_COEFFS_load_1_reg_4092        |   32|   0|   32|          0|
    |FIR_COEFFS_load_20_reg_4222       |   32|   0|   32|          0|
    |FIR_COEFFS_load_21_reg_4227       |   32|   0|   32|          0|
    |FIR_COEFFS_load_22_reg_4302       |   32|   0|   32|          0|
    |FIR_COEFFS_load_23_reg_4307       |   32|   0|   32|          0|
    |FIR_COEFFS_load_24_reg_4387       |   32|   0|   32|          0|
    |FIR_COEFFS_load_25_reg_4232       |   32|   0|   32|          0|
    |FIR_COEFFS_load_26_reg_4312       |   32|   0|   32|          0|
    |FIR_COEFFS_load_27_reg_4317       |   32|   0|   32|          0|
    |FIR_COEFFS_load_28_reg_4392       |   32|   0|   32|          0|
    |FIR_COEFFS_load_29_reg_4397       |   32|   0|   32|          0|
    |FIR_COEFFS_load_2_reg_4097        |   32|   0|   32|          0|
    |FIR_COEFFS_load_30_reg_4322       |   32|   0|   32|          0|
    |FIR_COEFFS_load_31_reg_4327       |   32|   0|   32|          0|
    |FIR_COEFFS_load_32_reg_4402       |   32|   0|   32|          0|
    |FIR_COEFFS_load_33_reg_4407       |   32|   0|   32|          0|
    |FIR_COEFFS_load_34_reg_4537       |   32|   0|   32|          0|
    |FIR_COEFFS_load_35_reg_4332       |   32|   0|   32|          0|
    |FIR_COEFFS_load_36_reg_4412       |   32|   0|   32|          0|
    |FIR_COEFFS_load_37_reg_4417       |   32|   0|   32|          0|
    |FIR_COEFFS_load_38_reg_4542       |   32|   0|   32|          0|
    |FIR_COEFFS_load_39_reg_4547       |   32|   0|   32|          0|
    |FIR_COEFFS_load_3_reg_4102        |   32|   0|   32|          0|
    |FIR_COEFFS_load_40_reg_4422       |   32|   0|   32|          0|
    |FIR_COEFFS_load_41_reg_4427       |   32|   0|   32|          0|
    |FIR_COEFFS_load_42_reg_4552       |   32|   0|   32|          0|
    |FIR_COEFFS_load_43_reg_4557       |   32|   0|   32|          0|
    |FIR_COEFFS_load_44_reg_4662       |   32|   0|   32|          0|
    |FIR_COEFFS_load_45_reg_4432       |   32|   0|   32|          0|
    |FIR_COEFFS_load_46_reg_4562       |   32|   0|   32|          0|
    |FIR_COEFFS_load_47_reg_4567       |   32|   0|   32|          0|
    |FIR_COEFFS_load_48_reg_4667       |   32|   0|   32|          0|
    |FIR_COEFFS_load_49_reg_4672       |   32|   0|   32|          0|
    |FIR_COEFFS_load_4_reg_4187        |   32|   0|   32|          0|
    |FIR_COEFFS_load_50_reg_4572       |   32|   0|   32|          0|
    |FIR_COEFFS_load_51_reg_4577       |   32|   0|   32|          0|
    |FIR_COEFFS_load_52_reg_4677       |   32|   0|   32|          0|
    |FIR_COEFFS_load_53_reg_4682       |   32|   0|   32|          0|
    |FIR_COEFFS_load_54_reg_4687       |   32|   0|   32|          0|
    |FIR_COEFFS_load_55_reg_4582       |   32|   0|   32|          0|
    |FIR_COEFFS_load_56_reg_4692       |   32|   0|   32|          0|
    |FIR_COEFFS_load_57_reg_4697       |   32|   0|   32|          0|
    |FIR_COEFFS_load_58_reg_4762       |   32|   0|   32|          0|
    |FIR_COEFFS_load_59_reg_4767       |   32|   0|   32|          0|
    |FIR_COEFFS_load_5_reg_4107        |   32|   0|   32|          0|
    |FIR_COEFFS_load_60_reg_4702       |   32|   0|   32|          0|
    |FIR_COEFFS_load_61_reg_4707       |   32|   0|   32|          0|
    |FIR_COEFFS_load_62_reg_4772       |   32|   0|   32|          0|
    |FIR_COEFFS_load_63_reg_4777       |   32|   0|   32|          0|
    |FIR_COEFFS_load_64_reg_4782       |   32|   0|   32|          0|
    |FIR_COEFFS_load_6_reg_4112        |   32|   0|   32|          0|
    |FIR_COEFFS_load_7_reg_4117        |   32|   0|   32|          0|
    |FIR_COEFFS_load_8_reg_4192        |   32|   0|   32|          0|
    |FIR_COEFFS_load_9_reg_4197        |   32|   0|   32|          0|
    |FIR_COEFFS_load_reg_4087          |   32|   0|   32|          0|
    |a_reg_5331                        |   32|   0|   32|          0|
    |acc_reg_1568                      |   32|   0|   32|          0|
    |add29_10_1_reg_5247               |   32|   0|   32|          0|
    |add29_10_2_reg_5252               |   32|   0|   32|          0|
    |add29_10_3_reg_5257               |   32|   0|   32|          0|
    |add29_10_4_reg_5262               |   32|   0|   32|          0|
    |add29_10_reg_5242                 |   32|   0|   32|          0|
    |add29_11_1_reg_5272               |   32|   0|   32|          0|
    |add29_11_2_reg_5277               |   32|   0|   32|          0|
    |add29_11_3_reg_5282               |   32|   0|   32|          0|
    |add29_11_4_reg_5287               |   32|   0|   32|          0|
    |add29_11_reg_5267                 |   32|   0|   32|          0|
    |add29_1_1_reg_4997                |   32|   0|   32|          0|
    |add29_1_22_reg_5222               |   32|   0|   32|          0|
    |add29_1_2_reg_5002                |   32|   0|   32|          0|
    |add29_1_3_reg_5007                |   32|   0|   32|          0|
    |add29_1_4_reg_5012                |   32|   0|   32|          0|
    |add29_1_reg_4992                  |   32|   0|   32|          0|
    |add29_2_1_reg_5022                |   32|   0|   32|          0|
    |add29_2_24_reg_5227               |   32|   0|   32|          0|
    |add29_2_2_reg_5027                |   32|   0|   32|          0|
    |add29_2_3_reg_5032                |   32|   0|   32|          0|
    |add29_2_4_reg_5037                |   32|   0|   32|          0|
    |add29_2_reg_5017                  |   32|   0|   32|          0|
    |add29_3_1_reg_5047                |   32|   0|   32|          0|
    |add29_3_26_reg_5232               |   32|   0|   32|          0|
    |add29_3_2_reg_5052                |   32|   0|   32|          0|
    |add29_3_3_reg_5057                |   32|   0|   32|          0|
    |add29_3_4_reg_5062                |   32|   0|   32|          0|
    |add29_3_reg_5042                  |   32|   0|   32|          0|
    |add29_4_1_reg_5072                |   32|   0|   32|          0|
    |add29_4_28_reg_5237               |   32|   0|   32|          0|
    |add29_4_2_reg_5077                |   32|   0|   32|          0|
    |add29_4_3_reg_5082                |   32|   0|   32|          0|
    |add29_4_4_reg_5087                |   32|   0|   32|          0|
    |add29_4_reg_5067                  |   32|   0|   32|          0|
    |add29_5_1_reg_5097                |   32|   0|   32|          0|
    |add29_5_2_reg_5102                |   32|   0|   32|          0|
    |add29_5_3_reg_5107                |   32|   0|   32|          0|
    |add29_5_4_reg_5112                |   32|   0|   32|          0|
    |add29_5_reg_5092                  |   32|   0|   32|          0|
    |add29_6_1_reg_5122                |   32|   0|   32|          0|
    |add29_6_2_reg_5127                |   32|   0|   32|          0|
    |add29_6_3_reg_5132                |   32|   0|   32|          0|
    |add29_6_4_reg_5137                |   32|   0|   32|          0|
    |add29_6_reg_5117                  |   32|   0|   32|          0|
    |add29_7_1_reg_5147                |   32|   0|   32|          0|
    |add29_7_2_reg_5152                |   32|   0|   32|          0|
    |add29_7_3_reg_5157                |   32|   0|   32|          0|
    |add29_7_4_reg_5162                |   32|   0|   32|          0|
    |add29_7_reg_5142                  |   32|   0|   32|          0|
    |add29_8_1_reg_5172                |   32|   0|   32|          0|
    |add29_8_2_reg_5177                |   32|   0|   32|          0|
    |add29_8_3_reg_5182                |   32|   0|   32|          0|
    |add29_8_4_reg_5187                |   32|   0|   32|          0|
    |add29_8_reg_5167                  |   32|   0|   32|          0|
    |add29_9_1_reg_5197                |   32|   0|   32|          0|
    |add29_9_2_reg_5202                |   32|   0|   32|          0|
    |add29_9_3_reg_5207                |   32|   0|   32|          0|
    |add29_9_4_reg_5212                |   32|   0|   32|          0|
    |add29_9_reg_5192                  |   32|   0|   32|          0|
    |add29_s_reg_5217                  |   32|   0|   32|          0|
    |add_1_reg_4892                    |   32|   0|   32|          0|
    |add_2_reg_4897                    |   32|   0|   32|          0|
    |add_3_reg_4902                    |   32|   0|   32|          0|
    |add_4_reg_4957                    |   32|   0|   32|          0|
    |add_i_reg_5363                    |   32|   0|   32|          0|
    |add_ln102_reg_3554                |    7|   0|    7|          0|
    |add_ln103_reg_3559                |    6|   0|    6|          0|
    |add_ln109_reg_3918                |    3|   0|    3|          0|
    |add_ln109_reg_3918_pp2_iter1_reg  |    3|   0|    3|          0|
    |add_ln127_reg_3928                |    9|   0|    9|          0|
    |add_ln95_reg_3541                 |   32|   0|   32|          0|
    |add_reg_4887                      |   32|   0|   32|          0|
    |and_ln67_reg_5325                 |    1|   0|    1|          0|
    |ap_CS_fsm                         |   22|   0|   22|          0|
    |ap_enable_reg_pp1_iter0           |    1|   0|    1|          0|
    |ap_enable_reg_pp1_iter1           |    1|   0|    1|          0|
    |ap_enable_reg_pp1_iter2           |    1|   0|    1|          0|
    |ap_enable_reg_pp1_iter3           |    1|   0|    1|          0|
    |ap_enable_reg_pp1_iter4           |    1|   0|    1|          0|
    |ap_enable_reg_pp1_iter5           |    1|   0|    1|          0|
    |ap_enable_reg_pp2_iter0           |    1|   0|    1|          0|
    |ap_enable_reg_pp2_iter1           |    1|   0|    1|          0|
    |ap_enable_reg_pp2_iter10          |    1|   0|    1|          0|
    |ap_enable_reg_pp2_iter11          |    1|   0|    1|          0|
    |ap_enable_reg_pp2_iter12          |    1|   0|    1|          0|
    |ap_enable_reg_pp2_iter13          |    1|   0|    1|          0|
    |ap_enable_reg_pp2_iter14          |    1|   0|    1|          0|
    |ap_enable_reg_pp2_iter15          |    1|   0|    1|          0|
    |ap_enable_reg_pp2_iter16          |    1|   0|    1|          0|
    |ap_enable_reg_pp2_iter17          |    1|   0|    1|          0|
    |ap_enable_reg_pp2_iter18          |    1|   0|    1|          0|
    |ap_enable_reg_pp2_iter2           |    1|   0|    1|          0|
    |ap_enable_reg_pp2_iter3           |    1|   0|    1|          0|
    |ap_enable_reg_pp2_iter4           |    1|   0|    1|          0|
    |ap_enable_reg_pp2_iter5           |    1|   0|    1|          0|
    |ap_enable_reg_pp2_iter6           |    1|   0|    1|          0|
    |ap_enable_reg_pp2_iter7           |    1|   0|    1|          0|
    |ap_enable_reg_pp2_iter8           |    1|   0|    1|          0|
    |ap_enable_reg_pp2_iter9           |    1|   0|    1|          0|
    |b_reg_1557                        |    3|   0|    3|          0|
    |bitcast_ln105_reg_3215            |   32|   0|   32|          0|
    |bitcast_ln67_reg_5320             |   32|   0|   32|          0|
    |hist_0_load_10_reg_3868           |   32|   0|   32|          0|
    |hist_0_load_11_reg_3893           |   32|   0|   32|          0|
    |hist_0_load_1_reg_3643            |   32|   0|   32|          0|
    |hist_0_load_2_reg_3668            |   32|   0|   32|          0|
    |hist_0_load_3_reg_3693            |   32|   0|   32|          0|
    |hist_0_load_4_reg_3718            |   32|   0|   32|          0|
    |hist_0_load_5_reg_3743            |   32|   0|   32|          0|
    |hist_0_load_6_reg_3768            |   32|   0|   32|          0|
    |hist_0_load_7_reg_3793            |   32|   0|   32|          0|
    |hist_0_load_8_reg_3818            |   32|   0|   32|          0|
    |hist_0_load_9_reg_3843            |   32|   0|   32|          0|
    |hist_0_load_reg_3618              |   32|   0|   32|          0|
    |hist_1_load_10_reg_3848           |   32|   0|   32|          0|
    |hist_1_load_11_reg_3873           |   32|   0|   32|          0|
    |hist_1_load_12_reg_3898           |   32|   0|   32|          0|
    |hist_1_load_1_reg_3623            |   32|   0|   32|          0|
    |hist_1_load_2_reg_3648            |   32|   0|   32|          0|
    |hist_1_load_3_reg_3673            |   32|   0|   32|          0|
    |hist_1_load_4_reg_3698            |   32|   0|   32|          0|
    |hist_1_load_5_reg_3723            |   32|   0|   32|          0|
    |hist_1_load_6_reg_3748            |   32|   0|   32|          0|
    |hist_1_load_7_reg_3773            |   32|   0|   32|          0|
    |hist_1_load_8_reg_3798            |   32|   0|   32|          0|
    |hist_1_load_9_reg_3823            |   32|   0|   32|          0|
    |hist_1_load_reg_3598              |   32|   0|   32|          0|
    |hist_2_load_10_reg_3853           |   32|   0|   32|          0|
    |hist_2_load_11_reg_3878           |   32|   0|   32|          0|
    |hist_2_load_12_reg_3903           |   32|   0|   32|          0|
    |hist_2_load_1_reg_3628            |   32|   0|   32|          0|
    |hist_2_load_2_reg_3653            |   32|   0|   32|          0|
    |hist_2_load_3_reg_3678            |   32|   0|   32|          0|
    |hist_2_load_4_reg_3703            |   32|   0|   32|          0|
    |hist_2_load_5_reg_3728            |   32|   0|   32|          0|
    |hist_2_load_6_reg_3753            |   32|   0|   32|          0|
    |hist_2_load_7_reg_3778            |   32|   0|   32|          0|
    |hist_2_load_8_reg_3803            |   32|   0|   32|          0|
    |hist_2_load_9_reg_3828            |   32|   0|   32|          0|
    |hist_2_load_reg_3603              |   32|   0|   32|          0|
    |hist_3_load_10_reg_3858           |   32|   0|   32|          0|
    |hist_3_load_11_reg_3883           |   32|   0|   32|          0|
    |hist_3_load_12_reg_3908           |   32|   0|   32|          0|
    |hist_3_load_1_reg_3633            |   32|   0|   32|          0|
    |hist_3_load_2_reg_3658            |   32|   0|   32|          0|
    |hist_3_load_3_reg_3683            |   32|   0|   32|          0|
    |hist_3_load_4_reg_3708            |   32|   0|   32|          0|
    |hist_3_load_5_reg_3733            |   32|   0|   32|          0|
    |hist_3_load_6_reg_3758            |   32|   0|   32|          0|
    |hist_3_load_7_reg_3783            |   32|   0|   32|          0|
    |hist_3_load_8_reg_3808            |   32|   0|   32|          0|
    |hist_3_load_9_reg_3833            |   32|   0|   32|          0|
    |hist_3_load_reg_3608              |   32|   0|   32|          0|
    |hist_4_load_10_reg_3863           |   32|   0|   32|          0|
    |hist_4_load_11_reg_3888           |   32|   0|   32|          0|
    |hist_4_load_12_reg_3913           |   32|   0|   32|          0|
    |hist_4_load_1_reg_3638            |   32|   0|   32|          0|
    |hist_4_load_2_reg_3663            |   32|   0|   32|          0|
    |hist_4_load_3_reg_3688            |   32|   0|   32|          0|
    |hist_4_load_4_reg_3713            |   32|   0|   32|          0|
    |hist_4_load_5_reg_3738            |   32|   0|   32|          0|
    |hist_4_load_6_reg_3763            |   32|   0|   32|          0|
    |hist_4_load_7_reg_3788            |   32|   0|   32|          0|
    |hist_4_load_8_reg_3813            |   32|   0|   32|          0|
    |hist_4_load_9_reg_3838            |   32|   0|   32|          0|
    |hist_4_load_reg_3613              |   32|   0|   32|          0|
    |icmp_ln102_reg_3550               |    1|   0|    1|          0|
    |icmp_ln109_reg_3924               |    1|   0|    1|          0|
    |icmp_ln137_reg_4987               |    1|   0|    1|          0|
    |icmp_ln68_1_reg_5343              |    1|   0|    1|          0|
    |icmp_ln68_reg_5338                |    1|   0|    1|          0|
    |k_1_reg_1545                      |    7|   0|    7|          0|
    |k_reg_1501                        |    7|   0|    7|          0|
    |mul_10_1_reg_4937                 |   32|   0|   32|          0|
    |mul_10_2_reg_4942                 |   32|   0|   32|          0|
    |mul_10_3_reg_4962                 |   32|   0|   32|          0|
    |mul_10_4_reg_4967                 |   32|   0|   32|          0|
    |mul_10_reg_4872                   |   32|   0|   32|          0|
    |mul_11_1_reg_4952                 |   32|   0|   32|          0|
    |mul_11_2_reg_4972                 |   32|   0|   32|          0|
    |mul_11_3_reg_4977                 |   32|   0|   32|          0|
    |mul_11_4_reg_4982                 |   32|   0|   32|          0|
    |mul_11_reg_4507                   |   32|   0|   32|          0|
    |mul_12_reg_4522                   |   32|   0|   32|          0|
    |mul_13_reg_4532                   |   32|   0|   32|          0|
    |mul_14_reg_4882                   |   32|   0|   32|          0|
    |mul_15_reg_4947                   |   32|   0|   32|          0|
    |mul_1_1_reg_4512                  |   32|   0|   32|          0|
    |mul_1_21_reg_4877                 |   32|   0|   32|          0|
    |mul_1_2_reg_4517                  |   32|   0|   32|          0|
    |mul_1_3_reg_4617                  |   32|   0|   32|          0|
    |mul_1_4_reg_4622                  |   32|   0|   32|          0|
    |mul_1_reg_4497                    |   32|   0|   32|          0|
    |mul_2_1_reg_4527                  |   32|   0|   32|          0|
    |mul_2_23_reg_4922                 |   32|   0|   32|          0|
    |mul_2_2_reg_4627                  |   32|   0|   32|          0|
    |mul_2_2_reg_4627_pp2_iter1_reg    |   32|   0|   32|          0|
    |mul_2_3_reg_4632                  |   32|   0|   32|          0|
    |mul_2_3_reg_4632_pp2_iter1_reg    |   32|   0|   32|          0|
    |mul_2_4_reg_4712                  |   32|   0|   32|          0|
    |mul_2_4_reg_4712_pp2_iter2_reg    |   32|   0|   32|          0|
    |mul_2_reg_4502                    |   32|   0|   32|          0|
    |mul_3_1_reg_4637                  |   32|   0|   32|          0|
    |mul_3_25_reg_4927                 |   32|   0|   32|          0|
    |mul_3_2_reg_4642                  |   32|   0|   32|          0|
    |mul_3_3_reg_4717                  |   32|   0|   32|          0|
    |mul_3_4_reg_4722                  |   32|   0|   32|          0|
    |mul_3_reg_4612                    |   32|   0|   32|          0|
    |mul_4_1_reg_4652                  |   32|   0|   32|          0|
    |mul_4_27_reg_4932                 |   32|   0|   32|          0|
    |mul_4_2_reg_4727                  |   32|   0|   32|          0|
    |mul_4_3_reg_4732                  |   32|   0|   32|          0|
    |mul_4_4_reg_4787                  |   32|   0|   32|          0|
    |mul_4_reg_4647                    |   32|   0|   32|          0|
    |mul_5_1_reg_4737                  |   32|   0|   32|          0|
    |mul_5_2_reg_4742                  |   32|   0|   32|          0|
    |mul_5_3_reg_4792                  |   32|   0|   32|          0|
    |mul_5_4_reg_4797                  |   32|   0|   32|          0|
    |mul_5_reg_4657                    |   32|   0|   32|          0|
    |mul_6_1_reg_4752                  |   32|   0|   32|          0|
    |mul_6_2_reg_4802                  |   32|   0|   32|          0|
    |mul_6_3_reg_4807                  |   32|   0|   32|          0|
    |mul_6_4_reg_4837                  |   32|   0|   32|          0|
    |mul_6_reg_4747                    |   32|   0|   32|          0|
    |mul_7_1_reg_4812                  |   32|   0|   32|          0|
    |mul_7_2_reg_4817                  |   32|   0|   32|          0|
    |mul_7_3_reg_4842                  |   32|   0|   32|          0|
    |mul_7_4_reg_4847                  |   32|   0|   32|          0|
    |mul_7_reg_4757                    |   32|   0|   32|          0|
    |mul_8_1_reg_4827                  |   32|   0|   32|          0|
    |mul_8_2_reg_4852                  |   32|   0|   32|          0|
    |mul_8_3_reg_4857                  |   32|   0|   32|          0|
    |mul_8_4_reg_4907                  |   32|   0|   32|          0|
    |mul_8_reg_4822                    |   32|   0|   32|          0|
    |mul_9_1_reg_4862                  |   32|   0|   32|          0|
    |mul_9_2_reg_4867                  |   32|   0|   32|          0|
    |mul_9_3_reg_4912                  |   32|   0|   32|          0|
    |mul_9_4_reg_4917                  |   32|   0|   32|          0|
    |mul_9_reg_4832                    |   32|   0|   32|          0|
    |mul_i_reg_5358                    |   32|   0|   32|          0|
    |mul_reg_4487                      |   32|   0|   32|          0|
    |mul_s_reg_4492                    |   32|   0|   32|          0|
    |n_reg_1534                        |   32|   0|   32|          0|
    |phi_mul_reg_1512                  |   14|   0|   14|          0|
    |phi_urem_reg_1523                 |    7|   0|    7|          0|
    |select_ln68_reg_5373              |   32|   0|   32|          0|
    |sub4_i_reg_5353                   |   32|   0|   32|          0|
    |tmp_4_reg_5348                    |    1|   0|    1|          0|
    |trunc_ln103_reg_3569              |    3|   0|    3|          0|
    |urem_ln103_reg_3564               |    7|   0|    7|          0|
    |ys_1_1_reg_5297                   |   32|   0|   32|          0|
    |ys_1_2_reg_5302                   |   32|   0|   32|          0|
    |ys_1_3_reg_5307                   |   32|   0|   32|          0|
    |ys_1_4_reg_5312                   |   32|   0|   32|          0|
    |ys_1_reg_5292                     |   32|   0|   32|          0|
    |add29_11_2_reg_5277               |   64|  32|   32|          0|
    |add29_11_3_reg_5282               |   64|  32|   32|          0|
    |add29_11_4_reg_5287               |   64|  32|   32|          0|
    |and_ln67_reg_5325                 |   64|  32|    1|          0|
    |icmp_ln102_reg_3550               |   64|  32|    1|          0|
    |icmp_ln109_reg_3924               |   64|  32|    1|          0|
    |icmp_ln137_reg_4987               |   64|  32|    1|          0|
    |icmp_ln68_1_reg_5343              |   64|  32|    1|          0|
    |icmp_ln68_reg_5338                |   64|  32|    1|          0|
    |k_1_reg_1545                      |   64|  32|    7|          0|
    |mul_10_1_reg_4937                 |   64|  32|   32|          0|
    |mul_10_2_reg_4942                 |   64|  32|   32|          0|
    |mul_10_3_reg_4962                 |   64|  32|   32|          0|
    |mul_10_4_reg_4967                 |   64|  32|   32|          0|
    |mul_10_reg_4872                   |   64|  32|   32|          0|
    |mul_11_1_reg_4952                 |   64|  32|   32|          0|
    |mul_11_2_reg_4972                 |   64|  32|   32|          0|
    |mul_11_3_reg_4977                 |   64|  32|   32|          0|
    |mul_11_4_reg_4982                 |   64|  32|   32|          0|
    |mul_12_reg_4522                   |   64|  32|   32|          0|
    |mul_13_reg_4532                   |   64|  32|   32|          0|
    |mul_14_reg_4882                   |   64|  32|   32|          0|
    |mul_15_reg_4947                   |   64|  32|   32|          0|
    |mul_1_21_reg_4877                 |   64|  32|   32|          0|
    |mul_2_1_reg_4527                  |   64|  32|   32|          0|
    |mul_2_23_reg_4922                 |   64|  32|   32|          0|
    |mul_3_1_reg_4637                  |   64|  32|   32|          0|
    |mul_3_25_reg_4927                 |   64|  32|   32|          0|
    |mul_3_2_reg_4642                  |   64|  32|   32|          0|
    |mul_3_3_reg_4717                  |   64|  32|   32|          0|
    |mul_3_4_reg_4722                  |   64|  32|   32|          0|
    |mul_4_1_reg_4652                  |   64|  32|   32|          0|
    |mul_4_27_reg_4932                 |   64|  32|   32|          0|
    |mul_4_2_reg_4727                  |   64|  32|   32|          0|
    |mul_4_3_reg_4732                  |   64|  32|   32|          0|
    |mul_4_4_reg_4787                  |   64|  32|   32|          0|
    |mul_4_reg_4647                    |   64|  32|   32|          0|
    |mul_5_1_reg_4737                  |   64|  32|   32|          0|
    |mul_5_2_reg_4742                  |   64|  32|   32|          0|
    |mul_5_3_reg_4792                  |   64|  32|   32|          0|
    |mul_5_4_reg_4797                  |   64|  32|   32|          0|
    |mul_5_reg_4657                    |   64|  32|   32|          0|
    |mul_6_1_reg_4752                  |   64|  32|   32|          0|
    |mul_6_2_reg_4802                  |   64|  32|   32|          0|
    |mul_6_3_reg_4807                  |   64|  32|   32|          0|
    |mul_6_4_reg_4837                  |   64|  32|   32|          0|
    |mul_6_reg_4747                    |   64|  32|   32|          0|
    |mul_7_1_reg_4812                  |   64|  32|   32|          0|
    |mul_7_2_reg_4817                  |   64|  32|   32|          0|
    |mul_7_3_reg_4842                  |   64|  32|   32|          0|
    |mul_7_4_reg_4847                  |   64|  32|   32|          0|
    |mul_7_reg_4757                    |   64|  32|   32|          0|
    |mul_8_1_reg_4827                  |   64|  32|   32|          0|
    |mul_8_2_reg_4852                  |   64|  32|   32|          0|
    |mul_8_3_reg_4857                  |   64|  32|   32|          0|
    |mul_8_4_reg_4907                  |   64|  32|   32|          0|
    |mul_8_reg_4822                    |   64|  32|   32|          0|
    |mul_9_1_reg_4862                  |   64|  32|   32|          0|
    |mul_9_2_reg_4867                  |   64|  32|   32|          0|
    |mul_9_3_reg_4912                  |   64|  32|   32|          0|
    |mul_9_4_reg_4917                  |   64|  32|   32|          0|
    |mul_9_reg_4832                    |   64|  32|   32|          0|
    |tmp_4_reg_5348                    |   64|  32|    1|          0|
    |ys_1_4_reg_5312                   |   64|  32|   32|          0|
    +----------------------------------+-----+----+-----+-----------+
    |Total                             |13090|2048|10800|          0|
    +----------------------------------+-----+----+-----+-----------+



================================================================
== Interface
================================================================
* Summary: 
+--------------+-----+-----+------------+---------------+--------------+
|   RTL Ports  | Dir | Bits|  Protocol  | Source Object |    C Type    |
+--------------+-----+-----+------------+---------------+--------------+
|ap_clk        |   in|    1|  ap_ctrl_hs|  fir_multiband|  return value|
|ap_rst        |   in|    1|  ap_ctrl_hs|  fir_multiband|  return value|
|ap_start      |   in|    1|  ap_ctrl_hs|  fir_multiband|  return value|
|ap_done       |  out|    1|  ap_ctrl_hs|  fir_multiband|  return value|
|ap_idle       |  out|    1|  ap_ctrl_hs|  fir_multiband|  return value|
|ap_ready      |  out|    1|  ap_ctrl_hs|  fir_multiband|  return value|
|in_r          |   in|   32|     ap_none|           in_r|       pointer|
|out_r         |  out|   32|      ap_vld|          out_r|       pointer|
|out_r_ap_vld  |  out|    1|      ap_vld|          out_r|       pointer|
|length_r      |   in|   32|     ap_none|       length_r|        scalar|
+--------------+-----+-----+------------+---------------+--------------+

