

================================================================
== Synthesis Summary Report of 'fir_multiband'
================================================================
+ General Information: 
    * Date:           Tue Sep 29 15:31:55 2026
    * Version:        2020.2 (Build 3064766 on Wed Nov 18 09:12:45 MST 2020)
    * Project:        synth_proj
    * Solution:       solution1 (Vivado IP Flow Target)
    * Product family: zynq
    * Target device:  xc7z020-clg400-1
    

+ Performance & Resource Estimates: 
    
    PS: '+' for module; 'o' for loop; '*' for dataflow
    +---------------------+------+-------+---------+-----------+----------+---------+------+----------+-----------+------------+-------------+-------------+-----+
    |       Modules       | Issue|       | Latency |  Latency  | Iteration|         | Trip |          |           |            |             |             |     |
    |       & Loops       | Type | Slack | (cycles)|    (ns)   |  Latency | Interval| Count| Pipelined|   BRAM    |     DSP    |      FF     |     LUT     | URAM|
    +---------------------+------+-------+---------+-----------+----------+---------+------+----------+-----------+------------+-------------+-------------+-----+
    |+ fir_multiband      |     -|  -0.04|        -|          -|         -|        -|     -|        no|  130 (46%)|  345 (156%)|  34174 (32%)|  52437 (98%)|    -|
    | o VITIS_LOOP_73_1   |     -|  -7.30|       65|    650.000|         1|        1|    65|       yes|          -|           -|            -|            -|    -|
    | o VITIS_LOOP_77_2   |     -|  -7.30|        -|          -|       226|        -|     -|        no|          -|           -|            -|            -|    -|
    |  o VITIS_LOOP_79_3  |     -|  -7.30|       64|    640.000|         2|        1|    64|       yes|          -|           -|            -|            -|    -|
    |  o VITIS_LOOP_86_4  |     -|  -7.30|      125|  1.250e+03|       123|        1|     4|       yes|          -|           -|            -|            -|    -|
    +---------------------+------+-------+---------+-----------+----------+---------+------+----------+-----------+------------+-------------+-------------+-----+

