Copyright 1986-2020 Xilinx, Inc. All Rights Reserved.
---------------------------------------------------------------------------------------------------------------------------------------------------------------------
| Tool Version : Vivado v.2020.2 (win64) Build 3064766 Wed Nov 18 09:12:45 MST 2020
| Date         : Tue Sep 29 19:44:42 2026
| Host         : yu running 64-bit major release  (build 9200)
| Command      : report_timing_summary -delay_type max -max_paths 10 -file D:/pynq-multiband-audio-accel/build/hls/reports/v11_fixed_nosat_mul5_impl/timing_impl.rpt
| Design       : fir_multiband
| Device       : 7z020-clg400
| Speed File   : -1  PRODUCTION 1.12 2019-11-22
---------------------------------------------------------------------------------------------------------------------------------------------------------------------

Timing Summary Report

------------------------------------------------------------------------------------------------
| Timer Settings
| --------------
------------------------------------------------------------------------------------------------

  Enable Multi Corner Analysis               :  Yes
  Enable Pessimism Removal                   :  Yes
  Pessimism Removal Resolution               :  Nearest Common Node
  Enable Input Delay Default Clock           :  No
  Enable Preset / Clear Arcs                 :  No
  Disable Flight Delays                      :  No
  Ignore I/O Paths                           :  No
  Timing Early Launch at Borrowing Latches   :  No
  Borrow Time for Max Delay Exceptions       :  Yes
  Merge Timing Exceptions                    :  Yes

  Corner  Analyze    Analyze    
  Name    Max Paths  Min Paths  
  ------  ---------  ---------  
  Slow    Yes        Yes        
  Fast    Yes        Yes        



check_timing report

Table of Contents
-----------------
1. checking no_clock (0)
2. checking constant_clock (0)
3. checking pulse_width_clock (0)
4. checking unconstrained_internal_endpoints (0)
5. checking no_input_delay (66)
6. checking no_output_delay (36)
7. checking multiple_clock (0)
8. checking generated_clocks (0)
9. checking loops (0)
10. checking partial_input_delay (0)
11. checking partial_output_delay (0)
12. checking latch_loops (0)

1. checking no_clock (0)
------------------------
 There are 0 register/latch pins with no clock.


2. checking constant_clock (0)
------------------------------
 There are 0 register/latch pins with constant_clock.


3. checking pulse_width_clock (0)
---------------------------------
 There are 0 register/latch pins which need pulse_width check


4. checking unconstrained_internal_endpoints (0)
------------------------------------------------
 There are 0 pins that are not constrained for maximum delay.

 There are 0 pins that are not constrained for maximum delay due to constant clock.


5. checking no_input_delay (66)
-------------------------------
 There are 66 input ports with no input delay specified. (HIGH)

 There are 0 input ports with no input delay but user has a false path constraint.


6. checking no_output_delay (36)
--------------------------------
 There are 36 ports with no output delay specified. (HIGH)

 There are 0 ports with no output delay but user has a false path constraint

 There are 0 ports with no output delay but with a timing clock defined on it or propagating through it


7. checking multiple_clock (0)
------------------------------
 There are 0 register/latch pins with multiple clocks.


8. checking generated_clocks (0)
--------------------------------
 There are 0 generated clocks that are not connected to a clock source.


9. checking loops (0)
---------------------
 There are 0 combinational loops in the design.


10. checking partial_input_delay (0)
------------------------------------
 There are 0 input ports with partial input delay specified.


11. checking partial_output_delay (0)
-------------------------------------
 There are 0 ports with partial output delay specified.


12. checking latch_loops (0)
----------------------------
 There are 0 combinational latch loops in the design through latch input



------------------------------------------------------------------------------------------------
| Design Timing Summary
| ---------------------
------------------------------------------------------------------------------------------------

    WNS(ns)      TNS(ns)  TNS Failing Endpoints  TNS Total Endpoints     WPWS(ns)     TPWS(ns)  TPWS Failing Endpoints  TPWS Total Endpoints  
    -------      -------  ---------------------  -------------------     --------     --------  ----------------------  --------------------  
     -3.331    -2980.982                   1699                12098        3.750        0.000                       0                  4816  


Timing constraints are not met.


------------------------------------------------------------------------------------------------
| Clock Summary
| -------------
------------------------------------------------------------------------------------------------

Clock   Waveform(ns)       Period(ns)      Frequency(MHz)
-----   ------------       ----------      --------------
ap_clk  {0.000 5.000}      10.000          100.000         


------------------------------------------------------------------------------------------------
| Intra Clock Table
| -----------------
------------------------------------------------------------------------------------------------

Clock             WNS(ns)      TNS(ns)  TNS Failing Endpoints  TNS Total Endpoints     WPWS(ns)     TPWS(ns)  TPWS Failing Endpoints  TPWS Total Endpoints  
-----             -------      -------  ---------------------  -------------------     --------     --------  ----------------------  --------------------  
ap_clk             -3.331    -2980.982                   1699                12098        3.750        0.000                       0                  4816  


------------------------------------------------------------------------------------------------
| Inter Clock Table
| -----------------
------------------------------------------------------------------------------------------------

From Clock    To Clock          WNS(ns)      TNS(ns)  TNS Failing Endpoints  TNS Total Endpoints  
----------    --------          -------      -------  ---------------------  -------------------  


------------------------------------------------------------------------------------------------
| Other Path Groups Table
| -----------------------
------------------------------------------------------------------------------------------------

Path Group    From Clock    To Clock          WNS(ns)      TNS(ns)  TNS Failing Endpoints  TNS Total Endpoints  
----------    ----------    --------          -------      -------  ---------------------  -------------------  


------------------------------------------------------------------------------------------------
| Timing Details
| --------------
------------------------------------------------------------------------------------------------


---------------------------------------------------------------------------------------------------
From Clock:  ap_clk
  To Clock:  ap_clk

Setup :         1699  Failing Endpoints,  Worst Slack       -3.331ns,  Total Violation    -2980.982ns
Hold  :           NA  Failing Endpoints,  Worst Slack           NA  ,  Total Violation           NA
PW    :            0  Failing Endpoints,  Worst Slack        3.750ns,  Total Violation        0.000ns
---------------------------------------------------------------------------------------------------


Max Delay Paths
--------------------------------------------------------------------------------------
Slack (VIOLATED) :        -3.331ns  (required time - arrival time)
  Source:                 ap_CS_fsm_reg[23]/C
                            (rising edge-triggered cell FDRE clocked by ap_clk  {rise@0.000ns fall@5.000ns period=10.000ns})
  Destination:            hist_V_2_U/fir_multiband_hist_V_1_ram_U/q0_reg[8]/D
                            (rising edge-triggered cell FDRE clocked by ap_clk  {rise@0.000ns fall@5.000ns period=10.000ns})
  Path Group:             ap_clk
  Path Type:              Setup (Max at Slow Process Corner)
  Requirement:            10.000ns  (ap_clk rise@10.000ns - ap_clk rise@0.000ns)
  Data Path Delay:        12.914ns  (logic 5.205ns (40.306%)  route 7.709ns (59.694%))
  Logic Levels:           7  (DSP48E1=1 LUT2=1 LUT3=2 LUT6=2 RAMD32=1)
  Clock Path Skew:        -0.063ns (DCD - SCD + CPR)
    Destination Clock Delay (DCD):    4.593ns = ( 14.593 - 10.000 ) 
    Source Clock Delay      (SCD):    5.115ns
    Clock Pessimism Removal (CPR):    0.458ns
  Clock Uncertainty:      0.035ns  ((TSJ^2 + TIJ^2)^1/2 + DJ) / 2 + PE
    Total System Jitter     (TSJ):    0.071ns
    Total Input Jitter      (TIJ):    0.000ns
    Discrete Jitter          (DJ):    0.000ns
    Phase Error              (PE):    0.000ns

    Location             Delay type                Incr(ns)  Path(ns)    Netlist Resource(s)
  -------------------------------------------------------------------    -------------------
                         (clock ap_clk rise edge)     0.000     0.000 r  
    U14                                               0.000     0.000 r  ap_clk (IN)
                         net (fo=0)                   0.000     0.000    ap_clk
    U14                  IBUF (Prop_ibuf_I_O)         1.075     1.075 r  ap_clk_IBUF_inst/O
                         net (fo=1, routed)           2.205     3.280    ap_clk_IBUF
    BUFGCTRL_X0Y16       BUFG (Prop_bufg_I_O)         0.101     3.381 r  ap_clk_IBUF_BUFG_inst/O
                         net (fo=4826, routed)        1.734     5.115    ap_clk_IBUF_BUFG
    SLICE_X85Y13         FDRE                                         r  ap_CS_fsm_reg[23]/C
  -------------------------------------------------------------------    -------------------
    SLICE_X85Y13         FDRE (Prop_fdre_C_Q)         0.419     5.534 f  ap_CS_fsm_reg[23]/Q
                         net (fo=32, routed)          0.590     6.123    FIR_COEFFS_V_U/fir_multiband_FIR_COEFFS_V_rom_U/add_ln703_42_reg_7078_reg_0[7]
    SLICE_X84Y13         LUT2 (Prop_lut2_I1_O)        0.297     6.420 f  FIR_COEFFS_V_U/fir_multiband_FIR_COEFFS_V_rom_U/add_ln220_reg_7083[2]_i_2/O
                         net (fo=107, routed)         1.140     7.561    FIR_COEFFS_V_U/fir_multiband_FIR_COEFFS_V_rom_U/ap_enable_reg_pp2_iter1_reg_rep
    SLICE_X62Y13         LUT3 (Prop_lut3_I0_O)        0.124     7.685 r  FIR_COEFFS_V_U/fir_multiband_FIR_COEFFS_V_rom_U/q2_reg_i_81/O
                         net (fo=2, routed)           0.446     8.131    mul_18s_16s_34_1_1_U3/fir_multiband_mul_18s_16s_34_1_1_Multiplier_0_U/add_ln703_46_fu_3533_p2
    SLICE_X61Y12         LUT6 (Prop_lut6_I2_O)        0.124     8.255 r  mul_18s_16s_34_1_1_U3/fir_multiband_mul_18s_16s_34_1_1_Multiplier_0_U/p_i_78/O
                         net (fo=42, routed)          0.731     8.986    FIR_COEFFS_V_U/fir_multiband_FIR_COEFFS_V_rom_U/add_ln703_46_fu_3533_p2
    SLICE_X59Y12         LUT3 (Prop_lut3_I1_O)        0.124     9.110 r  FIR_COEFFS_V_U/fir_multiband_FIR_COEFFS_V_rom_U/p_i_27__2/O
                         net (fo=8, routed)           1.325    10.435    mul_18s_16s_34_1_1_U2/fir_multiband_mul_18s_16s_34_1_1_Multiplier_0_U/A[4]
    DSP48_X2Y4           DSP48E1 (Prop_dsp48e1_A[4]_P[10])
                                                      3.841    14.276 r  mul_18s_16s_34_1_1_U2/fir_multiband_mul_18s_16s_34_1_1_Multiplier_0_U/p/P[10]
                         net (fo=6, routed)           1.434    15.710    mul_18s_16s_34_1_1_U2/fir_multiband_mul_18s_16s_34_1_1_Multiplier_0_U/P[10]
    SLICE_X69Y12         LUT6 (Prop_lut6_I3_O)        0.124    15.834 r  mul_18s_16s_34_1_1_U2/fir_multiband_mul_18s_16s_34_1_1_Multiplier_0_U/ram_reg_0_15_0_0_i_3_comp/O
                         net (fo=192, routed)         1.460    17.294    hist_V_2_U/fir_multiband_hist_V_1_ram_U/ram_reg_0_15_8_8/A1
    SLICE_X86Y16         RAMD32 (Prop_ramd32_RADR1_O)
                                                      0.152    17.446 r  hist_V_2_U/fir_multiband_hist_V_1_ram_U/ram_reg_0_15_8_8/SP/O
                         net (fo=1, routed)           0.582    18.028    hist_V_2_U/fir_multiband_hist_V_1_ram_U/q00__0[8]
    SLICE_X87Y16         FDRE                                         r  hist_V_2_U/fir_multiband_hist_V_1_ram_U/q0_reg[8]/D
  -------------------------------------------------------------------    -------------------

                         (clock ap_clk rise edge)    10.000    10.000 r  
    U14                                               0.000    10.000 r  ap_clk (IN)
                         net (fo=0)                   0.000    10.000    ap_clk
    U14                  IBUF (Prop_ibuf_I_O)         0.940    10.940 r  ap_clk_IBUF_inst/O
                         net (fo=1, routed)           2.006    12.946    ap_clk_IBUF
    BUFGCTRL_X0Y16       BUFG (Prop_bufg_I_O)         0.091    13.037 r  ap_clk_IBUF_BUFG_inst/O
                         net (fo=4826, routed)        1.556    14.593    hist_V_2_U/fir_multiband_hist_V_1_ram_U/ap_clk_IBUF_BUFG
    SLICE_X87Y16         FDRE                                         r  hist_V_2_U/fir_multiband_hist_V_1_ram_U/q0_reg[8]/C
                         clock pessimism              0.458    15.052    
                         clock uncertainty           -0.035    15.016    
    SLICE_X87Y16         FDRE (Setup_fdre_C_D)       -0.319    14.697    hist_V_2_U/fir_multiband_hist_V_1_ram_U/q0_reg[8]
  -------------------------------------------------------------------
                         required time                         14.697    
                         arrival time                         -18.028    
  -------------------------------------------------------------------
                         slack                                 -3.331    

Slack (VIOLATED) :        -3.330ns  (required time - arrival time)
  Source:                 ap_CS_fsm_reg[23]/C
                            (rising edge-triggered cell FDRE clocked by ap_clk  {rise@0.000ns fall@5.000ns period=10.000ns})
  Destination:            hist_V_1_U/fir_multiband_hist_V_1_ram_U/q0_reg[7]/D
                            (rising edge-triggered cell FDRE clocked by ap_clk  {rise@0.000ns fall@5.000ns period=10.000ns})
  Path Group:             ap_clk
  Path Type:              Setup (Max at Slow Process Corner)
  Requirement:            10.000ns  (ap_clk rise@10.000ns - ap_clk rise@0.000ns)
  Data Path Delay:        12.912ns  (logic 5.209ns (40.343%)  route 7.703ns (59.657%))
  Logic Levels:           7  (DSP48E1=1 LUT2=1 LUT3=2 LUT5=1 LUT6=1 RAMD32=1)
  Clock Path Skew:        -0.059ns (DCD - SCD + CPR)
    Destination Clock Delay (DCD):    4.597ns = ( 14.597 - 10.000 ) 
    Source Clock Delay      (SCD):    5.115ns
    Clock Pessimism Removal (CPR):    0.458ns
  Clock Uncertainty:      0.035ns  ((TSJ^2 + TIJ^2)^1/2 + DJ) / 2 + PE
    Total System Jitter     (TSJ):    0.071ns
    Total Input Jitter      (TIJ):    0.000ns
    Discrete Jitter          (DJ):    0.000ns
    Phase Error              (PE):    0.000ns

    Location             Delay type                Incr(ns)  Path(ns)    Netlist Resource(s)
  -------------------------------------------------------------------    -------------------
                         (clock ap_clk rise edge)     0.000     0.000 r  
    U14                                               0.000     0.000 r  ap_clk (IN)
                         net (fo=0)                   0.000     0.000    ap_clk
    U14                  IBUF (Prop_ibuf_I_O)         1.075     1.075 r  ap_clk_IBUF_inst/O
                         net (fo=1, routed)           2.205     3.280    ap_clk_IBUF
    BUFGCTRL_X0Y16       BUFG (Prop_bufg_I_O)         0.101     3.381 r  ap_clk_IBUF_BUFG_inst/O
                         net (fo=4826, routed)        1.734     5.115    ap_clk_IBUF_BUFG
    SLICE_X85Y13         FDRE                                         r  ap_CS_fsm_reg[23]/C
  -------------------------------------------------------------------    -------------------
    SLICE_X85Y13         FDRE (Prop_fdre_C_Q)         0.419     5.534 f  ap_CS_fsm_reg[23]/Q
                         net (fo=32, routed)          0.590     6.123    FIR_COEFFS_V_U/fir_multiband_FIR_COEFFS_V_rom_U/add_ln703_42_reg_7078_reg_0[7]
    SLICE_X84Y13         LUT2 (Prop_lut2_I1_O)        0.297     6.420 f  FIR_COEFFS_V_U/fir_multiband_FIR_COEFFS_V_rom_U/add_ln220_reg_7083[2]_i_2/O
                         net (fo=107, routed)         1.140     7.561    FIR_COEFFS_V_U/fir_multiband_FIR_COEFFS_V_rom_U/ap_enable_reg_pp2_iter1_reg_rep
    SLICE_X62Y13         LUT3 (Prop_lut3_I0_O)        0.124     7.685 r  FIR_COEFFS_V_U/fir_multiband_FIR_COEFFS_V_rom_U/q2_reg_i_81/O
                         net (fo=2, routed)           0.446     8.131    mul_18s_16s_34_1_1_U3/fir_multiband_mul_18s_16s_34_1_1_Multiplier_0_U/add_ln703_46_fu_3533_p2
    SLICE_X61Y12         LUT6 (Prop_lut6_I2_O)        0.124     8.255 r  mul_18s_16s_34_1_1_U3/fir_multiband_mul_18s_16s_34_1_1_Multiplier_0_U/p_i_78/O
                         net (fo=42, routed)          0.731     8.986    FIR_COEFFS_V_U/fir_multiband_FIR_COEFFS_V_rom_U/add_ln703_46_fu_3533_p2
    SLICE_X59Y12         LUT3 (Prop_lut3_I1_O)        0.124     9.110 r  FIR_COEFFS_V_U/fir_multiband_FIR_COEFFS_V_rom_U/p_i_27__2/O
                         net (fo=8, routed)           1.325    10.435    mul_18s_16s_34_1_1_U2/fir_multiband_mul_18s_16s_34_1_1_Multiplier_0_U/A[4]
    DSP48_X2Y4           DSP48E1 (Prop_dsp48e1_A[4]_P[9])
                                                      3.841    14.276 r  mul_18s_16s_34_1_1_U2/fir_multiband_mul_18s_16s_34_1_1_Multiplier_0_U/p/P[9]
                         net (fo=6, routed)           0.720    14.996    mul_18s_16s_34_1_1_U2/fir_multiband_mul_18s_16s_34_1_1_Multiplier_0_U/P[9]
    SLICE_X45Y12         LUT5 (Prop_lut5_I2_O)        0.124    15.120 r  mul_18s_16s_34_1_1_U2/fir_multiband_mul_18s_16s_34_1_1_Multiplier_0_U/ram_reg_0_15_0_0_i_2__0_comp/O
                         net (fo=192, routed)         2.169    17.289    hist_V_1_U/fir_multiband_hist_V_1_ram_U/ram_reg_0_15_7_7/A0
    SLICE_X86Y11         RAMD32 (Prop_ramd32_RADR0_O)
                                                      0.156    17.445 r  hist_V_1_U/fir_multiband_hist_V_1_ram_U/ram_reg_0_15_7_7/SP/O
                         net (fo=1, routed)           0.582    18.026    hist_V_1_U/fir_multiband_hist_V_1_ram_U/q00[7]
    SLICE_X87Y11         FDRE                                         r  hist_V_1_U/fir_multiband_hist_V_1_ram_U/q0_reg[7]/D
  -------------------------------------------------------------------    -------------------

                         (clock ap_clk rise edge)    10.000    10.000 r  
    U14                                               0.000    10.000 r  ap_clk (IN)
                         net (fo=0)                   0.000    10.000    ap_clk
    U14                  IBUF (Prop_ibuf_I_O)         0.940    10.940 r  ap_clk_IBUF_inst/O
                         net (fo=1, routed)           2.006    12.946    ap_clk_IBUF
    BUFGCTRL_X0Y16       BUFG (Prop_bufg_I_O)         0.091    13.037 r  ap_clk_IBUF_BUFG_inst/O
                         net (fo=4826, routed)        1.560    14.597    hist_V_1_U/fir_multiband_hist_V_1_ram_U/ap_clk_IBUF_BUFG
    SLICE_X87Y11         FDRE                                         r  hist_V_1_U/fir_multiband_hist_V_1_ram_U/q0_reg[7]/C
                         clock pessimism              0.458    15.056    
                         clock uncertainty           -0.035    15.020    
    SLICE_X87Y11         FDRE (Setup_fdre_C_D)       -0.324    14.696    hist_V_1_U/fir_multiband_hist_V_1_ram_U/q0_reg[7]
  -------------------------------------------------------------------
                         required time                         14.696    
                         arrival time                         -18.026    
  -------------------------------------------------------------------
                         slack                                 -3.330    

Slack (VIOLATED) :        -3.309ns  (required time - arrival time)
  Source:                 ap_CS_fsm_reg[29]/C
                            (rising edge-triggered cell FDRE clocked by ap_clk  {rise@0.000ns fall@5.000ns period=10.000ns})
  Destination:            reg_2179_reg/C[13]
                            (rising edge-triggered cell DSP48E1 clocked by ap_clk  {rise@0.000ns fall@5.000ns period=10.000ns})
  Path Group:             ap_clk
  Path Type:              Setup (Max at Slow Process Corner)
  Requirement:            10.000ns  (ap_clk rise@10.000ns - ap_clk rise@0.000ns)
  Data Path Delay:        13.123ns  (logic 4.856ns (37.004%)  route 8.267ns (62.996%))
  Logic Levels:           7  (DSP48E1=1 LUT5=2 LUT6=4)
  Clock Path Skew:        0.083ns (DCD - SCD + CPR)
    Destination Clock Delay (DCD):    4.739ns = ( 14.739 - 10.000 ) 
    Source Clock Delay      (SCD):    5.115ns
    Clock Pessimism Removal (CPR):    0.458ns
  Clock Uncertainty:      0.035ns  ((TSJ^2 + TIJ^2)^1/2 + DJ) / 2 + PE
    Total System Jitter     (TSJ):    0.071ns
    Total Input Jitter      (TIJ):    0.000ns
    Discrete Jitter          (DJ):    0.000ns
    Phase Error              (PE):    0.000ns

    Location             Delay type                Incr(ns)  Path(ns)    Netlist Resource(s)
  -------------------------------------------------------------------    -------------------
                         (clock ap_clk rise edge)     0.000     0.000 r  
    U14                                               0.000     0.000 r  ap_clk (IN)
                         net (fo=0)                   0.000     0.000    ap_clk
    U14                  IBUF (Prop_ibuf_I_O)         1.075     1.075 r  ap_clk_IBUF_inst/O
                         net (fo=1, routed)           2.205     3.280    ap_clk_IBUF
    BUFGCTRL_X0Y16       BUFG (Prop_bufg_I_O)         0.101     3.381 r  ap_clk_IBUF_BUFG_inst/O
                         net (fo=4826, routed)        1.734     5.115    ap_clk_IBUF_BUFG
    SLICE_X81Y12         FDRE                                         r  ap_CS_fsm_reg[29]/C
  -------------------------------------------------------------------    -------------------
    SLICE_X81Y12         FDRE (Prop_fdre_C_Q)         0.456     5.571 r  ap_CS_fsm_reg[29]/Q
                         net (fo=23, routed)          0.669     6.240    mul_18s_16s_34_1_1_U3/fir_multiband_mul_18s_16s_34_1_1_Multiplier_0_U/p_i_78_0[12]
    SLICE_X81Y12         LUT5 (Prop_lut5_I0_O)        0.124     6.364 f  mul_18s_16s_34_1_1_U3/fir_multiband_mul_18s_16s_34_1_1_Multiplier_0_U/p_i_124__1/O
                         net (fo=32, routed)          1.198     7.562    mul_18s_16s_34_1_1_U3/fir_multiband_mul_18s_16s_34_1_1_Multiplier_0_U/ap_CS_fsm_reg[29]
    SLICE_X94Y7          LUT6 (Prop_lut6_I0_O)        0.124     7.686 r  mul_18s_16s_34_1_1_U3/fir_multiband_mul_18s_16s_34_1_1_Multiplier_0_U/p_i_116__0/O
                         net (fo=1, routed)           0.161     7.847    mul_18s_16s_34_1_1_U3/fir_multiband_mul_18s_16s_34_1_1_Multiplier_0_U/p_i_116__0_n_0
    SLICE_X94Y7          LUT6 (Prop_lut6_I2_O)        0.124     7.971 r  mul_18s_16s_34_1_1_U3/fir_multiband_mul_18s_16s_34_1_1_Multiplier_0_U/p_i_97/O
                         net (fo=1, routed)           0.806     8.777    mul_18s_16s_34_1_1_U3/fir_multiband_mul_18s_16s_34_1_1_Multiplier_0_U/p_i_97_n_0
    SLICE_X95Y5          LUT6 (Prop_lut6_I1_O)        0.124     8.901 f  mul_18s_16s_34_1_1_U3/fir_multiband_mul_18s_16s_34_1_1_Multiplier_0_U/p_i_66__1/O
                         net (fo=1, routed)           0.433     9.334    mul_18s_16s_34_1_1_U3/fir_multiband_mul_18s_16s_34_1_1_Multiplier_0_U/p_i_66__1_n_0
    SLICE_X95Y7          LUT6 (Prop_lut6_I5_O)        0.124     9.458 r  mul_18s_16s_34_1_1_U3/fir_multiband_mul_18s_16s_34_1_1_Multiplier_0_U/p_i_14__0/O
                         net (fo=9, routed)           2.018    11.476    mul_18s_16s_34_1_1_U3/fir_multiband_mul_18s_16s_34_1_1_Multiplier_0_U/B[2]
    DSP48_X2Y5           DSP48E1 (Prop_dsp48e1_B[2]_P[13])
                                                      3.656    15.132 r  mul_18s_16s_34_1_1_U3/fir_multiband_mul_18s_16s_34_1_1_Multiplier_0_U/p/P[13]
                         net (fo=5, routed)           1.648    16.780    mul_26s_24s_47_1_1_U4/fir_multiband_mul_26s_24s_47_1_1_Multiplier_1_U/P[13]
    SLICE_X75Y12         LUT5 (Prop_lut5_I2_O)        0.124    16.904 r  mul_26s_24s_47_1_1_U4/fir_multiband_mul_26s_24s_47_1_1_Multiplier_1_U/reg_1872[13]_i_1/O
                         net (fo=4, routed)           1.333    18.237    mul_26s_24s_47_1_1_U4_n_70
    DSP48_X3Y7           DSP48E1                                      r  reg_2179_reg/C[13]
  -------------------------------------------------------------------    -------------------

                         (clock ap_clk rise edge)    10.000    10.000 r  
    U14                                               0.000    10.000 r  ap_clk (IN)
                         net (fo=0)                   0.000    10.000    ap_clk
    U14                  IBUF (Prop_ibuf_I_O)         0.940    10.940 r  ap_clk_IBUF_inst/O
                         net (fo=1, routed)           2.006    12.946    ap_clk_IBUF
    BUFGCTRL_X0Y16       BUFG (Prop_bufg_I_O)         0.091    13.037 r  ap_clk_IBUF_BUFG_inst/O
                         net (fo=4826, routed)        1.702    14.739    ap_clk_IBUF_BUFG
    DSP48_X3Y7           DSP48E1                                      r  reg_2179_reg/CLK
                         clock pessimism              0.458    15.197    
                         clock uncertainty           -0.035    15.162    
    DSP48_X3Y7           DSP48E1 (Setup_dsp48e1_CLK_C[13])
                                                     -0.233    14.929    reg_2179_reg
  -------------------------------------------------------------------
                         required time                         14.929    
                         arrival time                         -18.237    
  -------------------------------------------------------------------
                         slack                                 -3.309    

Slack (VIOLATED) :        -3.306ns  (required time - arrival time)
  Source:                 ap_CS_fsm_reg[29]/C
                            (rising edge-triggered cell FDRE clocked by ap_clk  {rise@0.000ns fall@5.000ns period=10.000ns})
  Destination:            add_ln703_57_fu_3982_p2/C[13]
                            (rising edge-triggered cell DSP48E1 clocked by ap_clk  {rise@0.000ns fall@5.000ns period=10.000ns})
  Path Group:             ap_clk
  Path Type:              Setup (Max at Slow Process Corner)
  Requirement:            10.000ns  (ap_clk rise@10.000ns - ap_clk rise@0.000ns)
  Data Path Delay:        13.123ns  (logic 4.856ns (37.004%)  route 8.267ns (62.996%))
  Logic Levels:           7  (DSP48E1=1 LUT5=2 LUT6=4)
  Clock Path Skew:        0.086ns (DCD - SCD + CPR)
    Destination Clock Delay (DCD):    4.742ns = ( 14.742 - 10.000 ) 
    Source Clock Delay      (SCD):    5.115ns
    Clock Pessimism Removal (CPR):    0.458ns
  Clock Uncertainty:      0.035ns  ((TSJ^2 + TIJ^2)^1/2 + DJ) / 2 + PE
    Total System Jitter     (TSJ):    0.071ns
    Total Input Jitter      (TIJ):    0.000ns
    Discrete Jitter          (DJ):    0.000ns
    Phase Error              (PE):    0.000ns

    Location             Delay type                Incr(ns)  Path(ns)    Netlist Resource(s)
  -------------------------------------------------------------------    -------------------
                         (clock ap_clk rise edge)     0.000     0.000 r  
    U14                                               0.000     0.000 r  ap_clk (IN)
                         net (fo=0)                   0.000     0.000    ap_clk
    U14                  IBUF (Prop_ibuf_I_O)         1.075     1.075 r  ap_clk_IBUF_inst/O
                         net (fo=1, routed)           2.205     3.280    ap_clk_IBUF
    BUFGCTRL_X0Y16       BUFG (Prop_bufg_I_O)         0.101     3.381 r  ap_clk_IBUF_BUFG_inst/O
                         net (fo=4826, routed)        1.734     5.115    ap_clk_IBUF_BUFG
    SLICE_X81Y12         FDRE                                         r  ap_CS_fsm_reg[29]/C
  -------------------------------------------------------------------    -------------------
    SLICE_X81Y12         FDRE (Prop_fdre_C_Q)         0.456     5.571 r  ap_CS_fsm_reg[29]/Q
                         net (fo=23, routed)          0.669     6.240    mul_18s_16s_34_1_1_U3/fir_multiband_mul_18s_16s_34_1_1_Multiplier_0_U/p_i_78_0[12]
    SLICE_X81Y12         LUT5 (Prop_lut5_I0_O)        0.124     6.364 f  mul_18s_16s_34_1_1_U3/fir_multiband_mul_18s_16s_34_1_1_Multiplier_0_U/p_i_124__1/O
                         net (fo=32, routed)          1.198     7.562    mul_18s_16s_34_1_1_U3/fir_multiband_mul_18s_16s_34_1_1_Multiplier_0_U/ap_CS_fsm_reg[29]
    SLICE_X94Y7          LUT6 (Prop_lut6_I0_O)        0.124     7.686 r  mul_18s_16s_34_1_1_U3/fir_multiband_mul_18s_16s_34_1_1_Multiplier_0_U/p_i_116__0/O
                         net (fo=1, routed)           0.161     7.847    mul_18s_16s_34_1_1_U3/fir_multiband_mul_18s_16s_34_1_1_Multiplier_0_U/p_i_116__0_n_0
    SLICE_X94Y7          LUT6 (Prop_lut6_I2_O)        0.124     7.971 r  mul_18s_16s_34_1_1_U3/fir_multiband_mul_18s_16s_34_1_1_Multiplier_0_U/p_i_97/O
                         net (fo=1, routed)           0.806     8.777    mul_18s_16s_34_1_1_U3/fir_multiband_mul_18s_16s_34_1_1_Multiplier_0_U/p_i_97_n_0
    SLICE_X95Y5          LUT6 (Prop_lut6_I1_O)        0.124     8.901 f  mul_18s_16s_34_1_1_U3/fir_multiband_mul_18s_16s_34_1_1_Multiplier_0_U/p_i_66__1/O
                         net (fo=1, routed)           0.433     9.334    mul_18s_16s_34_1_1_U3/fir_multiband_mul_18s_16s_34_1_1_Multiplier_0_U/p_i_66__1_n_0
    SLICE_X95Y7          LUT6 (Prop_lut6_I5_O)        0.124     9.458 r  mul_18s_16s_34_1_1_U3/fir_multiband_mul_18s_16s_34_1_1_Multiplier_0_U/p_i_14__0/O
                         net (fo=9, routed)           2.018    11.476    mul_18s_16s_34_1_1_U3/fir_multiband_mul_18s_16s_34_1_1_Multiplier_0_U/B[2]
    DSP48_X2Y5           DSP48E1 (Prop_dsp48e1_B[2]_P[13])
                                                      3.656    15.132 r  mul_18s_16s_34_1_1_U3/fir_multiband_mul_18s_16s_34_1_1_Multiplier_0_U/p/P[13]
                         net (fo=5, routed)           1.648    16.780    mul_26s_24s_47_1_1_U4/fir_multiband_mul_26s_24s_47_1_1_Multiplier_1_U/P[13]
    SLICE_X75Y12         LUT5 (Prop_lut5_I2_O)        0.124    16.904 r  mul_26s_24s_47_1_1_U4/fir_multiband_mul_26s_24s_47_1_1_Multiplier_1_U/reg_1872[13]_i_1/O
                         net (fo=4, routed)           1.333    18.237    mul_26s_24s_47_1_1_U4_n_70
    DSP48_X3Y6           DSP48E1                                      r  add_ln703_57_fu_3982_p2/C[13]
  -------------------------------------------------------------------    -------------------

                         (clock ap_clk rise edge)    10.000    10.000 r  
    U14                                               0.000    10.000 r  ap_clk (IN)
                         net (fo=0)                   0.000    10.000    ap_clk
    U14                  IBUF (Prop_ibuf_I_O)         0.940    10.940 r  ap_clk_IBUF_inst/O
                         net (fo=1, routed)           2.006    12.946    ap_clk_IBUF
    BUFGCTRL_X0Y16       BUFG (Prop_bufg_I_O)         0.091    13.037 r  ap_clk_IBUF_BUFG_inst/O
                         net (fo=4826, routed)        1.705    14.742    ap_clk_IBUF_BUFG
    DSP48_X3Y6           DSP48E1                                      r  add_ln703_57_fu_3982_p2/CLK
                         clock pessimism              0.458    15.200    
                         clock uncertainty           -0.035    15.165    
    DSP48_X3Y6           DSP48E1 (Setup_dsp48e1_CLK_C[13])
                                                     -0.233    14.932    add_ln703_57_fu_3982_p2
  -------------------------------------------------------------------
                         required time                         14.932    
                         arrival time                         -18.237    
  -------------------------------------------------------------------
                         slack                                 -3.306    

Slack (VIOLATED) :        -3.287ns  (required time - arrival time)
  Source:                 ap_CS_fsm_reg[23]/C
                            (rising edge-triggered cell FDRE clocked by ap_clk  {rise@0.000ns fall@5.000ns period=10.000ns})
  Destination:            hist_V_1_U/fir_multiband_hist_V_1_ram_U/q0_reg[4]/D
                            (rising edge-triggered cell FDRE clocked by ap_clk  {rise@0.000ns fall@5.000ns period=10.000ns})
  Path Group:             ap_clk
  Path Type:              Setup (Max at Slow Process Corner)
  Requirement:            10.000ns  (ap_clk rise@10.000ns - ap_clk rise@0.000ns)
  Data Path Delay:        12.965ns  (logic 5.205ns (40.148%)  route 7.760ns (59.852%))
  Logic Levels:           7  (DSP48E1=1 LUT2=1 LUT3=2 LUT6=2 RAMD32=1)
  Clock Path Skew:        -0.020ns (DCD - SCD + CPR)
    Destination Clock Delay (DCD):    4.599ns = ( 14.599 - 10.000 ) 
    Source Clock Delay      (SCD):    5.115ns
    Clock Pessimism Removal (CPR):    0.495ns
  Clock Uncertainty:      0.035ns  ((TSJ^2 + TIJ^2)^1/2 + DJ) / 2 + PE
    Total System Jitter     (TSJ):    0.071ns
    Total Input Jitter      (TIJ):    0.000ns
    Discrete Jitter          (DJ):    0.000ns
    Phase Error              (PE):    0.000ns

    Location             Delay type                Incr(ns)  Path(ns)    Netlist Resource(s)
  -------------------------------------------------------------------    -------------------
                         (clock ap_clk rise edge)     0.000     0.000 r  
    U14                                               0.000     0.000 r  ap_clk (IN)
                         net (fo=0)                   0.000     0.000    ap_clk
    U14                  IBUF (Prop_ibuf_I_O)         1.075     1.075 r  ap_clk_IBUF_inst/O
                         net (fo=1, routed)           2.205     3.280    ap_clk_IBUF
    BUFGCTRL_X0Y16       BUFG (Prop_bufg_I_O)         0.101     3.381 r  ap_clk_IBUF_BUFG_inst/O
                         net (fo=4826, routed)        1.734     5.115    ap_clk_IBUF_BUFG
    SLICE_X85Y13         FDRE                                         r  ap_CS_fsm_reg[23]/C
  -------------------------------------------------------------------    -------------------
    SLICE_X85Y13         FDRE (Prop_fdre_C_Q)         0.419     5.534 f  ap_CS_fsm_reg[23]/Q
                         net (fo=32, routed)          0.590     6.123    FIR_COEFFS_V_U/fir_multiband_FIR_COEFFS_V_rom_U/add_ln703_42_reg_7078_reg_0[7]
    SLICE_X84Y13         LUT2 (Prop_lut2_I1_O)        0.297     6.420 f  FIR_COEFFS_V_U/fir_multiband_FIR_COEFFS_V_rom_U/add_ln220_reg_7083[2]_i_2/O
                         net (fo=107, routed)         1.140     7.561    FIR_COEFFS_V_U/fir_multiband_FIR_COEFFS_V_rom_U/ap_enable_reg_pp2_iter1_reg_rep
    SLICE_X62Y13         LUT3 (Prop_lut3_I0_O)        0.124     7.685 r  FIR_COEFFS_V_U/fir_multiband_FIR_COEFFS_V_rom_U/q2_reg_i_81/O
                         net (fo=2, routed)           0.446     8.131    mul_18s_16s_34_1_1_U3/fir_multiband_mul_18s_16s_34_1_1_Multiplier_0_U/add_ln703_46_fu_3533_p2
    SLICE_X61Y12         LUT6 (Prop_lut6_I2_O)        0.124     8.255 r  mul_18s_16s_34_1_1_U3/fir_multiband_mul_18s_16s_34_1_1_Multiplier_0_U/p_i_78/O
                         net (fo=42, routed)          0.731     8.986    FIR_COEFFS_V_U/fir_multiband_FIR_COEFFS_V_rom_U/add_ln703_46_fu_3533_p2
    SLICE_X59Y12         LUT3 (Prop_lut3_I1_O)        0.124     9.110 r  FIR_COEFFS_V_U/fir_multiband_FIR_COEFFS_V_rom_U/p_i_27__2/O
                         net (fo=8, routed)           1.325    10.435    mul_18s_16s_34_1_1_U2/fir_multiband_mul_18s_16s_34_1_1_Multiplier_0_U/A[4]
    DSP48_X2Y4           DSP48E1 (Prop_dsp48e1_A[4]_P[10])
                                                      3.841    14.276 r  mul_18s_16s_34_1_1_U2/fir_multiband_mul_18s_16s_34_1_1_Multiplier_0_U/p/P[10]
                         net (fo=6, routed)           1.434    15.710    mul_18s_16s_34_1_1_U2/fir_multiband_mul_18s_16s_34_1_1_Multiplier_0_U/P[10]
    SLICE_X69Y12         LUT6 (Prop_lut6_I3_O)        0.124    15.834 r  mul_18s_16s_34_1_1_U2/fir_multiband_mul_18s_16s_34_1_1_Multiplier_0_U/ram_reg_0_15_0_0_i_3_comp/O
                         net (fo=192, routed)         1.476    17.310    hist_V_1_U/fir_multiband_hist_V_1_ram_U/ram_reg_0_15_4_4/A1
    SLICE_X82Y5          RAMD32 (Prop_ramd32_RADR1_O)
                                                      0.152    17.462 r  hist_V_1_U/fir_multiband_hist_V_1_ram_U/ram_reg_0_15_4_4/SP/O
                         net (fo=1, routed)           0.617    18.079    hist_V_1_U/fir_multiband_hist_V_1_ram_U/q00[4]
    SLICE_X83Y5          FDRE                                         r  hist_V_1_U/fir_multiband_hist_V_1_ram_U/q0_reg[4]/D
  -------------------------------------------------------------------    -------------------

                         (clock ap_clk rise edge)    10.000    10.000 r  
    U14                                               0.000    10.000 r  ap_clk (IN)
                         net (fo=0)                   0.000    10.000    ap_clk
    U14                  IBUF (Prop_ibuf_I_O)         0.940    10.940 r  ap_clk_IBUF_inst/O
                         net (fo=1, routed)           2.006    12.946    ap_clk_IBUF
    BUFGCTRL_X0Y16       BUFG (Prop_bufg_I_O)         0.091    13.037 r  ap_clk_IBUF_BUFG_inst/O
                         net (fo=4826, routed)        1.562    14.599    hist_V_1_U/fir_multiband_hist_V_1_ram_U/ap_clk_IBUF_BUFG
    SLICE_X83Y5          FDRE                                         r  hist_V_1_U/fir_multiband_hist_V_1_ram_U/q0_reg[4]/C
                         clock pessimism              0.495    15.095    
                         clock uncertainty           -0.035    15.059    
    SLICE_X83Y5          FDRE (Setup_fdre_C_D)       -0.267    14.792    hist_V_1_U/fir_multiband_hist_V_1_ram_U/q0_reg[4]
  -------------------------------------------------------------------
                         required time                         14.792    
                         arrival time                         -18.079    
  -------------------------------------------------------------------
                         slack                                 -3.287    

Slack (VIOLATED) :        -3.273ns  (required time - arrival time)
  Source:                 ap_CS_fsm_reg[29]/C
                            (rising edge-triggered cell FDRE clocked by ap_clk  {rise@0.000ns fall@5.000ns period=10.000ns})
  Destination:            add_ln703_49_fu_3684_p2/C[7]
                            (rising edge-triggered cell DSP48E1 clocked by ap_clk  {rise@0.000ns fall@5.000ns period=10.000ns})
  Path Group:             ap_clk
  Path Type:              Setup (Max at Slow Process Corner)
  Requirement:            10.000ns  (ap_clk rise@10.000ns - ap_clk rise@0.000ns)
  Data Path Delay:        13.090ns  (logic 4.856ns (37.098%)  route 8.234ns (62.902%))
  Logic Levels:           7  (DSP48E1=1 LUT5=2 LUT6=4)
  Clock Path Skew:        0.086ns (DCD - SCD + CPR)
    Destination Clock Delay (DCD):    4.742ns = ( 14.742 - 10.000 ) 
    Source Clock Delay      (SCD):    5.115ns
    Clock Pessimism Removal (CPR):    0.458ns
  Clock Uncertainty:      0.035ns  ((TSJ^2 + TIJ^2)^1/2 + DJ) / 2 + PE
    Total System Jitter     (TSJ):    0.071ns
    Total Input Jitter      (TIJ):    0.000ns
    Discrete Jitter          (DJ):    0.000ns
    Phase Error              (PE):    0.000ns

    Location             Delay type                Incr(ns)  Path(ns)    Netlist Resource(s)
  -------------------------------------------------------------------    -------------------
                         (clock ap_clk rise edge)     0.000     0.000 r  
    U14                                               0.000     0.000 r  ap_clk (IN)
                         net (fo=0)                   0.000     0.000    ap_clk
    U14                  IBUF (Prop_ibuf_I_O)         1.075     1.075 r  ap_clk_IBUF_inst/O
                         net (fo=1, routed)           2.205     3.280    ap_clk_IBUF
    BUFGCTRL_X0Y16       BUFG (Prop_bufg_I_O)         0.101     3.381 r  ap_clk_IBUF_BUFG_inst/O
                         net (fo=4826, routed)        1.734     5.115    ap_clk_IBUF_BUFG
    SLICE_X81Y12         FDRE                                         r  ap_CS_fsm_reg[29]/C
  -------------------------------------------------------------------    -------------------
    SLICE_X81Y12         FDRE (Prop_fdre_C_Q)         0.456     5.571 r  ap_CS_fsm_reg[29]/Q
                         net (fo=23, routed)          0.669     6.240    mul_18s_16s_34_1_1_U3/fir_multiband_mul_18s_16s_34_1_1_Multiplier_0_U/p_i_78_0[12]
    SLICE_X81Y12         LUT5 (Prop_lut5_I0_O)        0.124     6.364 f  mul_18s_16s_34_1_1_U3/fir_multiband_mul_18s_16s_34_1_1_Multiplier_0_U/p_i_124__1/O
                         net (fo=32, routed)          1.198     7.562    mul_18s_16s_34_1_1_U3/fir_multiband_mul_18s_16s_34_1_1_Multiplier_0_U/ap_CS_fsm_reg[29]
    SLICE_X94Y7          LUT6 (Prop_lut6_I0_O)        0.124     7.686 r  mul_18s_16s_34_1_1_U3/fir_multiband_mul_18s_16s_34_1_1_Multiplier_0_U/p_i_116__0/O
                         net (fo=1, routed)           0.161     7.847    mul_18s_16s_34_1_1_U3/fir_multiband_mul_18s_16s_34_1_1_Multiplier_0_U/p_i_116__0_n_0
    SLICE_X94Y7          LUT6 (Prop_lut6_I2_O)        0.124     7.971 r  mul_18s_16s_34_1_1_U3/fir_multiband_mul_18s_16s_34_1_1_Multiplier_0_U/p_i_97/O
                         net (fo=1, routed)           0.806     8.777    mul_18s_16s_34_1_1_U3/fir_multiband_mul_18s_16s_34_1_1_Multiplier_0_U/p_i_97_n_0
    SLICE_X95Y5          LUT6 (Prop_lut6_I1_O)        0.124     8.901 f  mul_18s_16s_34_1_1_U3/fir_multiband_mul_18s_16s_34_1_1_Multiplier_0_U/p_i_66__1/O
                         net (fo=1, routed)           0.433     9.334    mul_18s_16s_34_1_1_U3/fir_multiband_mul_18s_16s_34_1_1_Multiplier_0_U/p_i_66__1_n_0
    SLICE_X95Y7          LUT6 (Prop_lut6_I5_O)        0.124     9.458 r  mul_18s_16s_34_1_1_U3/fir_multiband_mul_18s_16s_34_1_1_Multiplier_0_U/p_i_14__0/O
                         net (fo=9, routed)           2.018    11.476    mul_18s_16s_34_1_1_U3/fir_multiband_mul_18s_16s_34_1_1_Multiplier_0_U/B[2]
    DSP48_X2Y5           DSP48E1 (Prop_dsp48e1_B[2]_P[7])
                                                      3.656    15.132 r  mul_18s_16s_34_1_1_U3/fir_multiband_mul_18s_16s_34_1_1_Multiplier_0_U/p/P[7]
                         net (fo=3, routed)           2.035    17.168    mul_26s_24s_47_1_1_U4/fir_multiband_mul_26s_24s_47_1_1_Multiplier_1_U/P[7]
    SLICE_X93Y12         LUT5 (Prop_lut5_I2_O)        0.124    17.292 r  mul_26s_24s_47_1_1_U4/fir_multiband_mul_26s_24s_47_1_1_Multiplier_1_U/reg_1872[7]_i_1/O
                         net (fo=6, routed)           0.913    18.204    mul_26s_24s_47_1_1_U4_n_76
    DSP48_X4Y7           DSP48E1                                      r  add_ln703_49_fu_3684_p2/C[7]
  -------------------------------------------------------------------    -------------------

                         (clock ap_clk rise edge)    10.000    10.000 r  
    U14                                               0.000    10.000 r  ap_clk (IN)
                         net (fo=0)                   0.000    10.000    ap_clk
    U14                  IBUF (Prop_ibuf_I_O)         0.940    10.940 r  ap_clk_IBUF_inst/O
                         net (fo=1, routed)           2.006    12.946    ap_clk_IBUF
    BUFGCTRL_X0Y16       BUFG (Prop_bufg_I_O)         0.091    13.037 r  ap_clk_IBUF_BUFG_inst/O
                         net (fo=4826, routed)        1.705    14.742    ap_clk_IBUF_BUFG
    DSP48_X4Y7           DSP48E1                                      r  add_ln703_49_fu_3684_p2/CLK
                         clock pessimism              0.458    15.200    
                         clock uncertainty           -0.035    15.165    
    DSP48_X4Y7           DSP48E1 (Setup_dsp48e1_CLK_C[7])
                                                     -0.233    14.932    add_ln703_49_fu_3684_p2
  -------------------------------------------------------------------
                         required time                         14.932    
                         arrival time                         -18.204    
  -------------------------------------------------------------------
                         slack                                 -3.273    

Slack (VIOLATED) :        -3.270ns  (required time - arrival time)
  Source:                 ap_CS_fsm_reg[29]/C
                            (rising edge-triggered cell FDRE clocked by ap_clk  {rise@0.000ns fall@5.000ns period=10.000ns})
  Destination:            add_ln703_46_fu_3533_p2/C[7]
                            (rising edge-triggered cell DSP48E1 clocked by ap_clk  {rise@0.000ns fall@5.000ns period=10.000ns})
  Path Group:             ap_clk
  Path Type:              Setup (Max at Slow Process Corner)
  Requirement:            10.000ns  (ap_clk rise@10.000ns - ap_clk rise@0.000ns)
  Data Path Delay:        13.090ns  (logic 4.856ns (37.098%)  route 8.234ns (62.902%))
  Logic Levels:           7  (DSP48E1=1 LUT5=2 LUT6=4)
  Clock Path Skew:        0.089ns (DCD - SCD + CPR)
    Destination Clock Delay (DCD):    4.745ns = ( 14.745 - 10.000 ) 
    Source Clock Delay      (SCD):    5.115ns
    Clock Pessimism Removal (CPR):    0.458ns
  Clock Uncertainty:      0.035ns  ((TSJ^2 + TIJ^2)^1/2 + DJ) / 2 + PE
    Total System Jitter     (TSJ):    0.071ns
    Total Input Jitter      (TIJ):    0.000ns
    Discrete Jitter          (DJ):    0.000ns
    Phase Error              (PE):    0.000ns

    Location             Delay type                Incr(ns)  Path(ns)    Netlist Resource(s)
  -------------------------------------------------------------------    -------------------
                         (clock ap_clk rise edge)     0.000     0.000 r  
    U14                                               0.000     0.000 r  ap_clk (IN)
                         net (fo=0)                   0.000     0.000    ap_clk
    U14                  IBUF (Prop_ibuf_I_O)         1.075     1.075 r  ap_clk_IBUF_inst/O
                         net (fo=1, routed)           2.205     3.280    ap_clk_IBUF
    BUFGCTRL_X0Y16       BUFG (Prop_bufg_I_O)         0.101     3.381 r  ap_clk_IBUF_BUFG_inst/O
                         net (fo=4826, routed)        1.734     5.115    ap_clk_IBUF_BUFG
    SLICE_X81Y12         FDRE                                         r  ap_CS_fsm_reg[29]/C
  -------------------------------------------------------------------    -------------------
    SLICE_X81Y12         FDRE (Prop_fdre_C_Q)         0.456     5.571 r  ap_CS_fsm_reg[29]/Q
                         net (fo=23, routed)          0.669     6.240    mul_18s_16s_34_1_1_U3/fir_multiband_mul_18s_16s_34_1_1_Multiplier_0_U/p_i_78_0[12]
    SLICE_X81Y12         LUT5 (Prop_lut5_I0_O)        0.124     6.364 f  mul_18s_16s_34_1_1_U3/fir_multiband_mul_18s_16s_34_1_1_Multiplier_0_U/p_i_124__1/O
                         net (fo=32, routed)          1.198     7.562    mul_18s_16s_34_1_1_U3/fir_multiband_mul_18s_16s_34_1_1_Multiplier_0_U/ap_CS_fsm_reg[29]
    SLICE_X94Y7          LUT6 (Prop_lut6_I0_O)        0.124     7.686 r  mul_18s_16s_34_1_1_U3/fir_multiband_mul_18s_16s_34_1_1_Multiplier_0_U/p_i_116__0/O
                         net (fo=1, routed)           0.161     7.847    mul_18s_16s_34_1_1_U3/fir_multiband_mul_18s_16s_34_1_1_Multiplier_0_U/p_i_116__0_n_0
    SLICE_X94Y7          LUT6 (Prop_lut6_I2_O)        0.124     7.971 r  mul_18s_16s_34_1_1_U3/fir_multiband_mul_18s_16s_34_1_1_Multiplier_0_U/p_i_97/O
                         net (fo=1, routed)           0.806     8.777    mul_18s_16s_34_1_1_U3/fir_multiband_mul_18s_16s_34_1_1_Multiplier_0_U/p_i_97_n_0
    SLICE_X95Y5          LUT6 (Prop_lut6_I1_O)        0.124     8.901 f  mul_18s_16s_34_1_1_U3/fir_multiband_mul_18s_16s_34_1_1_Multiplier_0_U/p_i_66__1/O
                         net (fo=1, routed)           0.433     9.334    mul_18s_16s_34_1_1_U3/fir_multiband_mul_18s_16s_34_1_1_Multiplier_0_U/p_i_66__1_n_0
    SLICE_X95Y7          LUT6 (Prop_lut6_I5_O)        0.124     9.458 r  mul_18s_16s_34_1_1_U3/fir_multiband_mul_18s_16s_34_1_1_Multiplier_0_U/p_i_14__0/O
                         net (fo=9, routed)           2.018    11.476    mul_18s_16s_34_1_1_U3/fir_multiband_mul_18s_16s_34_1_1_Multiplier_0_U/B[2]
    DSP48_X2Y5           DSP48E1 (Prop_dsp48e1_B[2]_P[7])
                                                      3.656    15.132 r  mul_18s_16s_34_1_1_U3/fir_multiband_mul_18s_16s_34_1_1_Multiplier_0_U/p/P[7]
                         net (fo=3, routed)           2.035    17.168    mul_26s_24s_47_1_1_U4/fir_multiband_mul_26s_24s_47_1_1_Multiplier_1_U/P[7]
    SLICE_X93Y12         LUT5 (Prop_lut5_I2_O)        0.124    17.292 r  mul_26s_24s_47_1_1_U4/fir_multiband_mul_26s_24s_47_1_1_Multiplier_1_U/reg_1872[7]_i_1/O
                         net (fo=6, routed)           0.913    18.204    mul_26s_24s_47_1_1_U4_n_76
    DSP48_X4Y6           DSP48E1                                      r  add_ln703_46_fu_3533_p2/C[7]
  -------------------------------------------------------------------    -------------------

                         (clock ap_clk rise edge)    10.000    10.000 r  
    U14                                               0.000    10.000 r  ap_clk (IN)
                         net (fo=0)                   0.000    10.000    ap_clk
    U14                  IBUF (Prop_ibuf_I_O)         0.940    10.940 r  ap_clk_IBUF_inst/O
                         net (fo=1, routed)           2.006    12.946    ap_clk_IBUF
    BUFGCTRL_X0Y16       BUFG (Prop_bufg_I_O)         0.091    13.037 r  ap_clk_IBUF_BUFG_inst/O
                         net (fo=4826, routed)        1.708    14.745    ap_clk_IBUF_BUFG
    DSP48_X4Y6           DSP48E1                                      r  add_ln703_46_fu_3533_p2/CLK
                         clock pessimism              0.458    15.203    
                         clock uncertainty           -0.035    15.168    
    DSP48_X4Y6           DSP48E1 (Setup_dsp48e1_CLK_C[7])
                                                     -0.233    14.935    add_ln703_46_fu_3533_p2
  -------------------------------------------------------------------
                         required time                         14.935    
                         arrival time                         -18.204    
  -------------------------------------------------------------------
                         slack                                 -3.270    

Slack (VIOLATED) :        -3.268ns  (required time - arrival time)
  Source:                 ap_CS_fsm_reg[29]/C
                            (rising edge-triggered cell FDRE clocked by ap_clk  {rise@0.000ns fall@5.000ns period=10.000ns})
  Destination:            add_ln703_49_fu_3684_p2/C[13]
                            (rising edge-triggered cell DSP48E1 clocked by ap_clk  {rise@0.000ns fall@5.000ns period=10.000ns})
  Path Group:             ap_clk
  Path Type:              Setup (Max at Slow Process Corner)
  Requirement:            10.000ns  (ap_clk rise@10.000ns - ap_clk rise@0.000ns)
  Data Path Delay:        13.085ns  (logic 4.856ns (37.110%)  route 8.229ns (62.890%))
  Logic Levels:           7  (DSP48E1=1 LUT5=2 LUT6=4)
  Clock Path Skew:        0.086ns (DCD - SCD + CPR)
    Destination Clock Delay (DCD):    4.742ns = ( 14.742 - 10.000 ) 
    Source Clock Delay      (SCD):    5.115ns
    Clock Pessimism Removal (CPR):    0.458ns
  Clock Uncertainty:      0.035ns  ((TSJ^2 + TIJ^2)^1/2 + DJ) / 2 + PE
    Total System Jitter     (TSJ):    0.071ns
    Total Input Jitter      (TIJ):    0.000ns
    Discrete Jitter          (DJ):    0.000ns
    Phase Error              (PE):    0.000ns

    Location             Delay type                Incr(ns)  Path(ns)    Netlist Resource(s)
  -------------------------------------------------------------------    -------------------
                         (clock ap_clk rise edge)     0.000     0.000 r  
    U14                                               0.000     0.000 r  ap_clk (IN)
                         net (fo=0)                   0.000     0.000    ap_clk
    U14                  IBUF (Prop_ibuf_I_O)         1.075     1.075 r  ap_clk_IBUF_inst/O
                         net (fo=1, routed)           2.205     3.280    ap_clk_IBUF
    BUFGCTRL_X0Y16       BUFG (Prop_bufg_I_O)         0.101     3.381 r  ap_clk_IBUF_BUFG_inst/O
                         net (fo=4826, routed)        1.734     5.115    ap_clk_IBUF_BUFG
    SLICE_X81Y12         FDRE                                         r  ap_CS_fsm_reg[29]/C
  -------------------------------------------------------------------    -------------------
    SLICE_X81Y12         FDRE (Prop_fdre_C_Q)         0.456     5.571 r  ap_CS_fsm_reg[29]/Q
                         net (fo=23, routed)          0.669     6.240    mul_18s_16s_34_1_1_U3/fir_multiband_mul_18s_16s_34_1_1_Multiplier_0_U/p_i_78_0[12]
    SLICE_X81Y12         LUT5 (Prop_lut5_I0_O)        0.124     6.364 f  mul_18s_16s_34_1_1_U3/fir_multiband_mul_18s_16s_34_1_1_Multiplier_0_U/p_i_124__1/O
                         net (fo=32, routed)          1.198     7.562    mul_18s_16s_34_1_1_U3/fir_multiband_mul_18s_16s_34_1_1_Multiplier_0_U/ap_CS_fsm_reg[29]
    SLICE_X94Y7          LUT6 (Prop_lut6_I0_O)        0.124     7.686 r  mul_18s_16s_34_1_1_U3/fir_multiband_mul_18s_16s_34_1_1_Multiplier_0_U/p_i_116__0/O
                         net (fo=1, routed)           0.161     7.847    mul_18s_16s_34_1_1_U3/fir_multiband_mul_18s_16s_34_1_1_Multiplier_0_U/p_i_116__0_n_0
    SLICE_X94Y7          LUT6 (Prop_lut6_I2_O)        0.124     7.971 r  mul_18s_16s_34_1_1_U3/fir_multiband_mul_18s_16s_34_1_1_Multiplier_0_U/p_i_97/O
                         net (fo=1, routed)           0.806     8.777    mul_18s_16s_34_1_1_U3/fir_multiband_mul_18s_16s_34_1_1_Multiplier_0_U/p_i_97_n_0
    SLICE_X95Y5          LUT6 (Prop_lut6_I1_O)        0.124     8.901 f  mul_18s_16s_34_1_1_U3/fir_multiband_mul_18s_16s_34_1_1_Multiplier_0_U/p_i_66__1/O
                         net (fo=1, routed)           0.433     9.334    mul_18s_16s_34_1_1_U3/fir_multiband_mul_18s_16s_34_1_1_Multiplier_0_U/p_i_66__1_n_0
    SLICE_X95Y7          LUT6 (Prop_lut6_I5_O)        0.124     9.458 r  mul_18s_16s_34_1_1_U3/fir_multiband_mul_18s_16s_34_1_1_Multiplier_0_U/p_i_14__0/O
                         net (fo=9, routed)           2.018    11.476    mul_18s_16s_34_1_1_U3/fir_multiband_mul_18s_16s_34_1_1_Multiplier_0_U/B[2]
    DSP48_X2Y5           DSP48E1 (Prop_dsp48e1_B[2]_P[13])
                                                      3.656    15.132 r  mul_18s_16s_34_1_1_U3/fir_multiband_mul_18s_16s_34_1_1_Multiplier_0_U/p/P[13]
                         net (fo=5, routed)           1.648    16.780    mul_26s_24s_47_1_1_U4/fir_multiband_mul_26s_24s_47_1_1_Multiplier_1_U/P[13]
    SLICE_X75Y12         LUT5 (Prop_lut5_I2_O)        0.124    16.904 r  mul_26s_24s_47_1_1_U4/fir_multiband_mul_26s_24s_47_1_1_Multiplier_1_U/reg_1872[13]_i_1/O
                         net (fo=4, routed)           1.296    18.200    mul_26s_24s_47_1_1_U4_n_70
    DSP48_X4Y7           DSP48E1                                      r  add_ln703_49_fu_3684_p2/C[13]
  -------------------------------------------------------------------    -------------------

                         (clock ap_clk rise edge)    10.000    10.000 r  
    U14                                               0.000    10.000 r  ap_clk (IN)
                         net (fo=0)                   0.000    10.000    ap_clk
    U14                  IBUF (Prop_ibuf_I_O)         0.940    10.940 r  ap_clk_IBUF_inst/O
                         net (fo=1, routed)           2.006    12.946    ap_clk_IBUF
    BUFGCTRL_X0Y16       BUFG (Prop_bufg_I_O)         0.091    13.037 r  ap_clk_IBUF_BUFG_inst/O
                         net (fo=4826, routed)        1.705    14.742    ap_clk_IBUF_BUFG
    DSP48_X4Y7           DSP48E1                                      r  add_ln703_49_fu_3684_p2/CLK
                         clock pessimism              0.458    15.200    
                         clock uncertainty           -0.035    15.165    
    DSP48_X4Y7           DSP48E1 (Setup_dsp48e1_CLK_C[13])
                                                     -0.233    14.932    add_ln703_49_fu_3684_p2
  -------------------------------------------------------------------
                         required time                         14.932    
                         arrival time                         -18.200    
  -------------------------------------------------------------------
                         slack                                 -3.268    

Slack (VIOLATED) :        -3.265ns  (required time - arrival time)
  Source:                 ap_CS_fsm_reg[29]/C
                            (rising edge-triggered cell FDRE clocked by ap_clk  {rise@0.000ns fall@5.000ns period=10.000ns})
  Destination:            add_ln703_46_fu_3533_p2/C[13]
                            (rising edge-triggered cell DSP48E1 clocked by ap_clk  {rise@0.000ns fall@5.000ns period=10.000ns})
  Path Group:             ap_clk
  Path Type:              Setup (Max at Slow Process Corner)
  Requirement:            10.000ns  (ap_clk rise@10.000ns - ap_clk rise@0.000ns)
  Data Path Delay:        13.085ns  (logic 4.856ns (37.110%)  route 8.229ns (62.890%))
  Logic Levels:           7  (DSP48E1=1 LUT5=2 LUT6=4)
  Clock Path Skew:        0.089ns (DCD - SCD + CPR)
    Destination Clock Delay (DCD):    4.745ns = ( 14.745 - 10.000 ) 
    Source Clock Delay      (SCD):    5.115ns
    Clock Pessimism Removal (CPR):    0.458ns
  Clock Uncertainty:      0.035ns  ((TSJ^2 + TIJ^2)^1/2 + DJ) / 2 + PE
    Total System Jitter     (TSJ):    0.071ns
    Total Input Jitter      (TIJ):    0.000ns
    Discrete Jitter          (DJ):    0.000ns
    Phase Error              (PE):    0.000ns

    Location             Delay type                Incr(ns)  Path(ns)    Netlist Resource(s)
  -------------------------------------------------------------------    -------------------
                         (clock ap_clk rise edge)     0.000     0.000 r  
    U14                                               0.000     0.000 r  ap_clk (IN)
                         net (fo=0)                   0.000     0.000    ap_clk
    U14                  IBUF (Prop_ibuf_I_O)         1.075     1.075 r  ap_clk_IBUF_inst/O
                         net (fo=1, routed)           2.205     3.280    ap_clk_IBUF
    BUFGCTRL_X0Y16       BUFG (Prop_bufg_I_O)         0.101     3.381 r  ap_clk_IBUF_BUFG_inst/O
                         net (fo=4826, routed)        1.734     5.115    ap_clk_IBUF_BUFG
    SLICE_X81Y12         FDRE                                         r  ap_CS_fsm_reg[29]/C
  -------------------------------------------------------------------    -------------------
    SLICE_X81Y12         FDRE (Prop_fdre_C_Q)         0.456     5.571 r  ap_CS_fsm_reg[29]/Q
                         net (fo=23, routed)          0.669     6.240    mul_18s_16s_34_1_1_U3/fir_multiband_mul_18s_16s_34_1_1_Multiplier_0_U/p_i_78_0[12]
    SLICE_X81Y12         LUT5 (Prop_lut5_I0_O)        0.124     6.364 f  mul_18s_16s_34_1_1_U3/fir_multiband_mul_18s_16s_34_1_1_Multiplier_0_U/p_i_124__1/O
                         net (fo=32, routed)          1.198     7.562    mul_18s_16s_34_1_1_U3/fir_multiband_mul_18s_16s_34_1_1_Multiplier_0_U/ap_CS_fsm_reg[29]
    SLICE_X94Y7          LUT6 (Prop_lut6_I0_O)        0.124     7.686 r  mul_18s_16s_34_1_1_U3/fir_multiband_mul_18s_16s_34_1_1_Multiplier_0_U/p_i_116__0/O
                         net (fo=1, routed)           0.161     7.847    mul_18s_16s_34_1_1_U3/fir_multiband_mul_18s_16s_34_1_1_Multiplier_0_U/p_i_116__0_n_0
    SLICE_X94Y7          LUT6 (Prop_lut6_I2_O)        0.124     7.971 r  mul_18s_16s_34_1_1_U3/fir_multiband_mul_18s_16s_34_1_1_Multiplier_0_U/p_i_97/O
                         net (fo=1, routed)           0.806     8.777    mul_18s_16s_34_1_1_U3/fir_multiband_mul_18s_16s_34_1_1_Multiplier_0_U/p_i_97_n_0
    SLICE_X95Y5          LUT6 (Prop_lut6_I1_O)        0.124     8.901 f  mul_18s_16s_34_1_1_U3/fir_multiband_mul_18s_16s_34_1_1_Multiplier_0_U/p_i_66__1/O
                         net (fo=1, routed)           0.433     9.334    mul_18s_16s_34_1_1_U3/fir_multiband_mul_18s_16s_34_1_1_Multiplier_0_U/p_i_66__1_n_0
    SLICE_X95Y7          LUT6 (Prop_lut6_I5_O)        0.124     9.458 r  mul_18s_16s_34_1_1_U3/fir_multiband_mul_18s_16s_34_1_1_Multiplier_0_U/p_i_14__0/O
                         net (fo=9, routed)           2.018    11.476    mul_18s_16s_34_1_1_U3/fir_multiband_mul_18s_16s_34_1_1_Multiplier_0_U/B[2]
    DSP48_X2Y5           DSP48E1 (Prop_dsp48e1_B[2]_P[13])
                                                      3.656    15.132 r  mul_18s_16s_34_1_1_U3/fir_multiband_mul_18s_16s_34_1_1_Multiplier_0_U/p/P[13]
                         net (fo=5, routed)           1.648    16.780    mul_26s_24s_47_1_1_U4/fir_multiband_mul_26s_24s_47_1_1_Multiplier_1_U/P[13]
    SLICE_X75Y12         LUT5 (Prop_lut5_I2_O)        0.124    16.904 r  mul_26s_24s_47_1_1_U4/fir_multiband_mul_26s_24s_47_1_1_Multiplier_1_U/reg_1872[13]_i_1/O
                         net (fo=4, routed)           1.296    18.200    mul_26s_24s_47_1_1_U4_n_70
    DSP48_X4Y6           DSP48E1                                      r  add_ln703_46_fu_3533_p2/C[13]
  -------------------------------------------------------------------    -------------------

                         (clock ap_clk rise edge)    10.000    10.000 r  
    U14                                               0.000    10.000 r  ap_clk (IN)
                         net (fo=0)                   0.000    10.000    ap_clk
    U14                  IBUF (Prop_ibuf_I_O)         0.940    10.940 r  ap_clk_IBUF_inst/O
                         net (fo=1, routed)           2.006    12.946    ap_clk_IBUF
    BUFGCTRL_X0Y16       BUFG (Prop_bufg_I_O)         0.091    13.037 r  ap_clk_IBUF_BUFG_inst/O
                         net (fo=4826, routed)        1.708    14.745    ap_clk_IBUF_BUFG
    DSP48_X4Y6           DSP48E1                                      r  add_ln703_46_fu_3533_p2/CLK
                         clock pessimism              0.458    15.203    
                         clock uncertainty           -0.035    15.168    
    DSP48_X4Y6           DSP48E1 (Setup_dsp48e1_CLK_C[13])
                                                     -0.233    14.935    add_ln703_46_fu_3533_p2
  -------------------------------------------------------------------
                         required time                         14.935    
                         arrival time                         -18.200    
  -------------------------------------------------------------------
                         slack                                 -3.265    

Slack (VIOLATED) :        -3.250ns  (required time - arrival time)
  Source:                 ap_CS_fsm_reg[29]/C
                            (rising edge-triggered cell FDRE clocked by ap_clk  {rise@0.000ns fall@5.000ns period=10.000ns})
  Destination:            add_ln703_49_fu_3684_p2/C[9]
                            (rising edge-triggered cell DSP48E1 clocked by ap_clk  {rise@0.000ns fall@5.000ns period=10.000ns})
  Path Group:             ap_clk
  Path Type:              Setup (Max at Slow Process Corner)
  Requirement:            10.000ns  (ap_clk rise@10.000ns - ap_clk rise@0.000ns)
  Data Path Delay:        13.068ns  (logic 4.856ns (37.161%)  route 8.212ns (62.839%))
  Logic Levels:           7  (DSP48E1=1 LUT5=2 LUT6=4)
  Clock Path Skew:        0.086ns (DCD - SCD + CPR)
    Destination Clock Delay (DCD):    4.742ns = ( 14.742 - 10.000 ) 
    Source Clock Delay      (SCD):    5.115ns
    Clock Pessimism Removal (CPR):    0.458ns
  Clock Uncertainty:      0.035ns  ((TSJ^2 + TIJ^2)^1/2 + DJ) / 2 + PE
    Total System Jitter     (TSJ):    0.071ns
    Total Input Jitter      (TIJ):    0.000ns
    Discrete Jitter          (DJ):    0.000ns
    Phase Error              (PE):    0.000ns

    Location             Delay type                Incr(ns)  Path(ns)    Netlist Resource(s)
  -------------------------------------------------------------------    -------------------
                         (clock ap_clk rise edge)     0.000     0.000 r  
    U14                                               0.000     0.000 r  ap_clk (IN)
                         net (fo=0)                   0.000     0.000    ap_clk
    U14                  IBUF (Prop_ibuf_I_O)         1.075     1.075 r  ap_clk_IBUF_inst/O
                         net (fo=1, routed)           2.205     3.280    ap_clk_IBUF
    BUFGCTRL_X0Y16       BUFG (Prop_bufg_I_O)         0.101     3.381 r  ap_clk_IBUF_BUFG_inst/O
                         net (fo=4826, routed)        1.734     5.115    ap_clk_IBUF_BUFG
    SLICE_X81Y12         FDRE                                         r  ap_CS_fsm_reg[29]/C
  -------------------------------------------------------------------    -------------------
    SLICE_X81Y12         FDRE (Prop_fdre_C_Q)         0.456     5.571 r  ap_CS_fsm_reg[29]/Q
                         net (fo=23, routed)          0.669     6.240    mul_18s_16s_34_1_1_U3/fir_multiband_mul_18s_16s_34_1_1_Multiplier_0_U/p_i_78_0[12]
    SLICE_X81Y12         LUT5 (Prop_lut5_I0_O)        0.124     6.364 f  mul_18s_16s_34_1_1_U3/fir_multiband_mul_18s_16s_34_1_1_Multiplier_0_U/p_i_124__1/O
                         net (fo=32, routed)          1.198     7.562    mul_18s_16s_34_1_1_U3/fir_multiband_mul_18s_16s_34_1_1_Multiplier_0_U/ap_CS_fsm_reg[29]
    SLICE_X94Y7          LUT6 (Prop_lut6_I0_O)        0.124     7.686 r  mul_18s_16s_34_1_1_U3/fir_multiband_mul_18s_16s_34_1_1_Multiplier_0_U/p_i_116__0/O
                         net (fo=1, routed)           0.161     7.847    mul_18s_16s_34_1_1_U3/fir_multiband_mul_18s_16s_34_1_1_Multiplier_0_U/p_i_116__0_n_0
    SLICE_X94Y7          LUT6 (Prop_lut6_I2_O)        0.124     7.971 r  mul_18s_16s_34_1_1_U3/fir_multiband_mul_18s_16s_34_1_1_Multiplier_0_U/p_i_97/O
                         net (fo=1, routed)           0.806     8.777    mul_18s_16s_34_1_1_U3/fir_multiband_mul_18s_16s_34_1_1_Multiplier_0_U/p_i_97_n_0
    SLICE_X95Y5          LUT6 (Prop_lut6_I1_O)        0.124     8.901 f  mul_18s_16s_34_1_1_U3/fir_multiband_mul_18s_16s_34_1_1_Multiplier_0_U/p_i_66__1/O
                         net (fo=1, routed)           0.433     9.334    mul_18s_16s_34_1_1_U3/fir_multiband_mul_18s_16s_34_1_1_Multiplier_0_U/p_i_66__1_n_0
    SLICE_X95Y7          LUT6 (Prop_lut6_I5_O)        0.124     9.458 r  mul_18s_16s_34_1_1_U3/fir_multiband_mul_18s_16s_34_1_1_Multiplier_0_U/p_i_14__0/O
                         net (fo=9, routed)           2.018    11.476    mul_18s_16s_34_1_1_U3/fir_multiband_mul_18s_16s_34_1_1_Multiplier_0_U/B[2]
    DSP48_X2Y5           DSP48E1 (Prop_dsp48e1_B[2]_P[9])
                                                      3.656    15.132 r  mul_18s_16s_34_1_1_U3/fir_multiband_mul_18s_16s_34_1_1_Multiplier_0_U/p/P[9]
                         net (fo=3, routed)           1.623    16.756    mul_26s_24s_47_1_1_U4/fir_multiband_mul_26s_24s_47_1_1_Multiplier_1_U/P[9]
    SLICE_X72Y13         LUT5 (Prop_lut5_I2_O)        0.124    16.880 r  mul_26s_24s_47_1_1_U4/fir_multiband_mul_26s_24s_47_1_1_Multiplier_1_U/reg_1872[9]_i_1/O
                         net (fo=6, routed)           1.302    18.182    mul_26s_24s_47_1_1_U4_n_74
    DSP48_X4Y7           DSP48E1                                      r  add_ln703_49_fu_3684_p2/C[9]
  -------------------------------------------------------------------    -------------------

                         (clock ap_clk rise edge)    10.000    10.000 r  
    U14                                               0.000    10.000 r  ap_clk (IN)
                         net (fo=0)                   0.000    10.000    ap_clk
    U14                  IBUF (Prop_ibuf_I_O)         0.940    10.940 r  ap_clk_IBUF_inst/O
                         net (fo=1, routed)           2.006    12.946    ap_clk_IBUF
    BUFGCTRL_X0Y16       BUFG (Prop_bufg_I_O)         0.091    13.037 r  ap_clk_IBUF_BUFG_inst/O
                         net (fo=4826, routed)        1.705    14.742    ap_clk_IBUF_BUFG
    DSP48_X4Y7           DSP48E1                                      r  add_ln703_49_fu_3684_p2/CLK
                         clock pessimism              0.458    15.200    
                         clock uncertainty           -0.035    15.165    
    DSP48_X4Y7           DSP48E1 (Setup_dsp48e1_CLK_C[9])
                                                     -0.233    14.932    add_ln703_49_fu_3684_p2
  -------------------------------------------------------------------
                         required time                         14.932    
                         arrival time                         -18.182    
  -------------------------------------------------------------------
                         slack                                 -3.250    





Pulse Width Checks
--------------------------------------------------------------------------------------
Clock Name:         ap_clk
Waveform(ns):       { 0.000 5.000 }
Period(ns):         10.000
Sources:            { ap_clk }

Check Type        Corner  Lib Pin             Reference Pin  Required(ns)  Actual(ns)  Slack(ns)  Location        Pin
Min Period        n/a     DSP48E1/CLK         n/a            3.884         10.000      6.116      DSP48_X4Y15     mul_47ns_24s_71_5_1_U6/fir_multiband_mul_47ns_24s_71_5_1_Multiplier_2_U/buff0_reg/CLK
Min Period        n/a     RAMB18E1/CLKARDCLK  n/a            2.944         10.000      7.056      RAMB18_X3Y2     hist_V_0_U/fir_multiband_hist_V_0_ram_U/ram_reg/CLKARDCLK
Min Period        n/a     RAMB18E1/CLKBWRCLK  n/a            2.944         10.000      7.056      RAMB18_X3Y2     hist_V_0_U/fir_multiband_hist_V_0_ram_U/ram_reg/CLKBWRCLK
Min Period        n/a     RAMB18E1/CLKARDCLK  n/a            2.576         10.000      7.424      RAMB18_X3Y6     FIR_COEFFS_V_U/fir_multiband_FIR_COEFFS_V_rom_U/q2_reg/CLKARDCLK
Min Period        n/a     RAMB18E1/CLKBWRCLK  n/a            2.576         10.000      7.424      RAMB18_X3Y6     FIR_COEFFS_V_U/fir_multiband_FIR_COEFFS_V_rom_U/q2_reg/CLKBWRCLK
Min Period        n/a     RAMB18E1/CLKARDCLK  n/a            2.576         10.000      7.424      RAMB18_X3Y7     FIR_COEFFS_V_U/fir_multiband_FIR_COEFFS_V_rom_U/q3_reg/CLKARDCLK
Min Period        n/a     RAMB18E1/CLKBWRCLK  n/a            2.576         10.000      7.424      RAMB18_X3Y7     FIR_COEFFS_V_U/fir_multiband_FIR_COEFFS_V_rom_U/q3_reg/CLKBWRCLK
Min Period        n/a     RAMB18E1/CLKARDCLK  n/a            2.576         10.000      7.424      RAMB18_X3Y8     FIR_COEFFS_V_U/fir_multiband_FIR_COEFFS_V_rom_U/q4_reg/CLKARDCLK
Min Period        n/a     BUFG/I              n/a            2.155         10.000      7.845      BUFGCTRL_X0Y16  ap_clk_IBUF_BUFG_inst/I
Min Period        n/a     DSP48E1/CLK         n/a            2.154         10.000      7.846      DSP48_X2Y7      add_ln703_35_reg_6963_reg/CLK
Low Pulse Width   Fast    RAMD32/CLK          n/a            1.250         5.000       3.750      SLICE_X82Y17    hist_V_1_U/fir_multiband_hist_V_1_ram_U/ram_reg_0_15_13_13/DP/CLK
Low Pulse Width   Fast    RAMD32/CLK          n/a            1.250         5.000       3.750      SLICE_X82Y17    hist_V_1_U/fir_multiband_hist_V_1_ram_U/ram_reg_0_15_13_13/SP/CLK
Low Pulse Width   Fast    RAMD32/CLK          n/a            1.250         5.000       3.750      SLICE_X82Y17    hist_V_1_U/fir_multiband_hist_V_1_ram_U/ram_reg_0_15_14_14/DP/CLK
Low Pulse Width   Fast    RAMD32/CLK          n/a            1.250         5.000       3.750      SLICE_X82Y17    hist_V_1_U/fir_multiband_hist_V_1_ram_U/ram_reg_0_15_14_14/SP/CLK
Low Pulse Width   Fast    RAMD32/CLK          n/a            1.250         5.000       3.750      SLICE_X82Y17    hist_V_1_U/fir_multiband_hist_V_1_ram_U/ram_reg_0_15_15_15/DP/CLK
Low Pulse Width   Fast    RAMD32/CLK          n/a            1.250         5.000       3.750      SLICE_X82Y17    hist_V_1_U/fir_multiband_hist_V_1_ram_U/ram_reg_0_15_15_15/SP/CLK
Low Pulse Width   Fast    RAMD32/CLK          n/a            1.250         5.000       3.750      SLICE_X82Y17    hist_V_1_U/fir_multiband_hist_V_1_ram_U/ram_reg_0_15_1_1/DP/CLK
Low Pulse Width   Fast    RAMD32/CLK          n/a            1.250         5.000       3.750      SLICE_X82Y17    hist_V_1_U/fir_multiband_hist_V_1_ram_U/ram_reg_0_15_1_1/SP/CLK
Low Pulse Width   Fast    RAMD32/CLK          n/a            1.250         5.000       3.750      SLICE_X82Y9     hist_V_2_U/fir_multiband_hist_V_1_ram_U/ram_reg_0_15_0_0/DP/CLK
Low Pulse Width   Fast    RAMD32/CLK          n/a            1.250         5.000       3.750      SLICE_X82Y9     hist_V_2_U/fir_multiband_hist_V_1_ram_U/ram_reg_0_15_0_0/SP/CLK
High Pulse Width  Slow    RAMD32/CLK          n/a            1.250         5.000       3.750      SLICE_X82Y14    hist_V_2_U/fir_multiband_hist_V_1_ram_U/ram_reg_0_15_2_2/DP/CLK
High Pulse Width  Slow    RAMD32/CLK          n/a            1.250         5.000       3.750      SLICE_X82Y14    hist_V_2_U/fir_multiband_hist_V_1_ram_U/ram_reg_0_15_2_2/SP/CLK
High Pulse Width  Slow    RAMD32/CLK          n/a            1.250         5.000       3.750      SLICE_X82Y14    hist_V_2_U/fir_multiband_hist_V_1_ram_U/ram_reg_0_15_3_3/DP/CLK
High Pulse Width  Slow    RAMD32/CLK          n/a            1.250         5.000       3.750      SLICE_X82Y14    hist_V_2_U/fir_multiband_hist_V_1_ram_U/ram_reg_0_15_3_3/SP/CLK
High Pulse Width  Slow    RAMD32/CLK          n/a            1.250         5.000       3.750      SLICE_X82Y14    hist_V_2_U/fir_multiband_hist_V_1_ram_U/ram_reg_0_15_4_4/DP/CLK
High Pulse Width  Slow    RAMD32/CLK          n/a            1.250         5.000       3.750      SLICE_X82Y14    hist_V_2_U/fir_multiband_hist_V_1_ram_U/ram_reg_0_15_4_4/SP/CLK
High Pulse Width  Slow    RAMD32/CLK          n/a            1.250         5.000       3.750      SLICE_X82Y14    hist_V_2_U/fir_multiband_hist_V_1_ram_U/ram_reg_0_15_5_5/DP/CLK
High Pulse Width  Slow    RAMD32/CLK          n/a            1.250         5.000       3.750      SLICE_X82Y14    hist_V_2_U/fir_multiband_hist_V_1_ram_U/ram_reg_0_15_5_5/SP/CLK
High Pulse Width  Slow    RAMD32/CLK          n/a            1.250         5.000       3.750      SLICE_X82Y13    hist_V_3_U/fir_multiband_hist_V_1_ram_U/ram_reg_0_15_0_0/DP/CLK
High Pulse Width  Slow    RAMD32/CLK          n/a            1.250         5.000       3.750      SLICE_X82Y13    hist_V_3_U/fir_multiband_hist_V_1_ram_U/ram_reg_0_15_0_0/SP/CLK



