Copyright 1986-2020 Xilinx, Inc. All Rights Reserved.
----------------------------------------------------------------------------------------------------------------------------------------------------------------------
| Tool Version : Vivado v.2020.2 (win64) Build 3064766 Wed Nov 18 09:12:45 MST 2020
| Date         : Tue Sep 29 19:42:42 2026
| Host         : yu running 64-bit major release  (build 9200)
| Command      : report_timing_summary -delay_type max -max_paths 10 -file D:/pynq-multiband-audio-accel/build/hls/reports/v11_fixed_nosat_mul5_impl/timing_synth.rpt
| Design       : fir_multiband
| Device       : 7z020-clg400
| Speed File   : -1  PRODUCTION 1.12 2019-11-22
----------------------------------------------------------------------------------------------------------------------------------------------------------------------

Timing Summary Report

------------------------------------------------------------------------------------------------
| Timer Settings
| --------------
------------------------------------------------------------------------------------------------

  Enable Multi Corner Analysis               :  Yes
  Enable Pessimism Removal                   :  Yes
  Pessimism Removal Resolution               :  Nearest Common Node
  Enable Input Delay Default Clock           :  No
  Enable Preset / Clear Arcs                 :  No
  Disable Flight Delays                      :  No
  Ignore I/O Paths                           :  No
  Timing Early Launch at Borrowing Latches   :  No
  Borrow Time for Max Delay Exceptions       :  Yes
  Merge Timing Exceptions                    :  Yes

  Corner  Analyze    Analyze    
  Name    Max Paths  Min Paths  
  ------  ---------  ---------  
  Slow    Yes        Yes        
  Fast    Yes        Yes        



check_timing report

Table of Contents
-----------------
1. checking no_clock (0)
2. checking constant_clock (0)
3. checking pulse_width_clock (0)
4. checking unconstrained_internal_endpoints (0)
5. checking no_input_delay (66)
6. checking no_output_delay (36)
7. checking multiple_clock (0)
8. checking generated_clocks (0)
9. checking loops (0)
10. checking partial_input_delay (0)
11. checking partial_output_delay (0)
12. checking latch_loops (0)

1. checking no_clock (0)
------------------------
 There are 0 register/latch pins with no clock.


2. checking constant_clock (0)
------------------------------
 There are 0 register/latch pins with constant_clock.


3. checking pulse_width_clock (0)
---------------------------------
 There are 0 register/latch pins which need pulse_width check


4. checking unconstrained_internal_endpoints (0)
------------------------------------------------
 There are 0 pins that are not constrained for maximum delay.

 There are 0 pins that are not constrained for maximum delay due to constant clock.


5. checking no_input_delay (66)
-------------------------------
 There are 66 input ports with no input delay specified. (HIGH)

 There are 0 input ports with no input delay but user has a false path constraint.


6. checking no_output_delay (36)
--------------------------------
 There are 36 ports with no output delay specified. (HIGH)

 There are 0 ports with no output delay but user has a false path constraint

 There are 0 ports with no output delay but with a timing clock defined on it or propagating through it


7. checking multiple_clock (0)
------------------------------
 There are 0 register/latch pins with multiple clocks.


8. checking generated_clocks (0)
--------------------------------
 There are 0 generated clocks that are not connected to a clock source.


9. checking loops (0)
---------------------
 There are 0 combinational loops in the design.


10. checking partial_input_delay (0)
------------------------------------
 There are 0 input ports with partial input delay specified.


11. checking partial_output_delay (0)
-------------------------------------
 There are 0 ports with partial output delay specified.


12. checking latch_loops (0)
----------------------------
 There are 0 combinational latch loops in the design through latch input



------------------------------------------------------------------------------------------------
| Design Timing Summary
| ---------------------
------------------------------------------------------------------------------------------------

    WNS(ns)      TNS(ns)  TNS Failing Endpoints  TNS Total Endpoints     WPWS(ns)     TPWS(ns)  TPWS Failing Endpoints  TPWS Total Endpoints  
    -------      -------  ---------------------  -------------------     --------     --------  ----------------------  --------------------  
     -2.955    -2002.478                   1443                11199        3.750        0.000                       0                  4146  


Timing constraints are not met.


------------------------------------------------------------------------------------------------
| Clock Summary
| -------------
------------------------------------------------------------------------------------------------

Clock   Waveform(ns)       Period(ns)      Frequency(MHz)
-----   ------------       ----------      --------------
ap_clk  {0.000 5.000}      10.000          100.000         


------------------------------------------------------------------------------------------------
| Intra Clock Table
| -----------------
------------------------------------------------------------------------------------------------

Clock             WNS(ns)      TNS(ns)  TNS Failing Endpoints  TNS Total Endpoints     WPWS(ns)     TPWS(ns)  TPWS Failing Endpoints  TPWS Total Endpoints  
-----             -------      -------  ---------------------  -------------------     --------     --------  ----------------------  --------------------  
ap_clk             -2.955    -2002.478                   1443                11199        3.750        0.000                       0                  4146  


------------------------------------------------------------------------------------------------
| Inter Clock Table
| -----------------
------------------------------------------------------------------------------------------------

From Clock    To Clock          WNS(ns)      TNS(ns)  TNS Failing Endpoints  TNS Total Endpoints  
----------    --------          -------      -------  ---------------------  -------------------  


------------------------------------------------------------------------------------------------
| Other Path Groups Table
| -----------------------
------------------------------------------------------------------------------------------------

Path Group    From Clock    To Clock          WNS(ns)      TNS(ns)  TNS Failing Endpoints  TNS Total Endpoints  
----------    ----------    --------          -------      -------  ---------------------  -------------------  


------------------------------------------------------------------------------------------------
| Timing Details
| --------------
------------------------------------------------------------------------------------------------


---------------------------------------------------------------------------------------------------
From Clock:  ap_clk
  To Clock:  ap_clk

Setup :         1443  Failing Endpoints,  Worst Slack       -2.955ns,  Total Violation    -2002.478ns
Hold  :           NA  Failing Endpoints,  Worst Slack           NA  ,  Total Violation           NA
PW    :            0  Failing Endpoints,  Worst Slack        3.750ns,  Total Violation        0.000ns
---------------------------------------------------------------------------------------------------


Max Delay Paths
--------------------------------------------------------------------------------------
Slack (VIOLATED) :        -2.955ns  (required time - arrival time)
  Source:                 ap_CS_fsm_reg[28]/C
                            (rising edge-triggered cell FDRE clocked by ap_clk  {rise@0.000ns fall@5.000ns period=10.000ns})
  Destination:            add_ln703_18_reg_7144_reg/C[17]
                            (rising edge-triggered cell DSP48E1 clocked by ap_clk  {rise@0.000ns fall@5.000ns period=10.000ns})
  Path Group:             ap_clk
  Path Type:              Setup (Max at Slow Process Corner)
  Requirement:            10.000ns  (ap_clk rise@10.000ns - ap_clk rise@0.000ns)
  Data Path Delay:        12.542ns  (logic 6.947ns (55.389%)  route 5.595ns (44.611%))
  Logic Levels:           8  (DSP48E1=2 LUT3=1 LUT6=5)
  Clock Path Skew:        -0.145ns (DCD - SCD + CPR)
    Destination Clock Delay (DCD):    2.128ns = ( 12.128 - 10.000 ) 
    Source Clock Delay      (SCD):    2.456ns
    Clock Pessimism Removal (CPR):    0.184ns
  Clock Uncertainty:      0.035ns  ((TSJ^2 + TIJ^2)^1/2 + DJ) / 2 + PE
    Total System Jitter     (TSJ):    0.071ns
    Total Input Jitter      (TIJ):    0.000ns
    Discrete Jitter          (DJ):    0.000ns
    Phase Error              (PE):    0.000ns

    Location             Delay type                Incr(ns)  Path(ns)    Netlist Resource(s)
  -------------------------------------------------------------------    -------------------
                         (clock ap_clk rise edge)     0.000     0.000 r  
                                                      0.000     0.000 r  ap_clk (IN)
                         net (fo=0)                   0.000     0.000    ap_clk
                         IBUF (Prop_ibuf_I_O)         0.972     0.972 r  ap_clk_IBUF_inst/O
                         net (fo=1, unplaced)         0.800     1.771    ap_clk_IBUF
                         BUFG (Prop_bufg_I_O)         0.101     1.872 r  ap_clk_IBUF_BUFG_inst/O
                         net (fo=4156, unplaced)      0.584     2.456    ap_clk_IBUF_BUFG
                         FDRE                                         r  ap_CS_fsm_reg[28]/C
  -------------------------------------------------------------------    -------------------
                         FDRE (Prop_fdre_C_Q)         0.478     2.934 f  ap_CS_fsm_reg[28]/Q
                         net (fo=101, unplaced)       0.841     3.775    FIR_COEFFS_V_U/fir_multiband_FIR_COEFFS_V_rom_U/add_ln703_42_reg_7078_reg_0[12]
                         LUT3 (Prop_lut3_I0_O)        0.295     4.070 f  FIR_COEFFS_V_U/fir_multiband_FIR_COEFFS_V_rom_U/q2_reg_i_34/O
                         net (fo=14, unplaced)        0.953     5.023    mul_26s_24s_47_1_1_U4/fir_multiband_mul_26s_24s_47_1_1_Multiplier_1_U/p_i_69__0_0
                         LUT6 (Prop_lut6_I2_O)        0.124     5.147 r  mul_26s_24s_47_1_1_U4/fir_multiband_mul_26s_24s_47_1_1_Multiplier_1_U/p_i_124__0/O
                         net (fo=1, unplaced)         0.449     5.596    mul_26s_24s_47_1_1_U4/fir_multiband_mul_26s_24s_47_1_1_Multiplier_1_U/p_i_124__0_n_0
                         LUT6 (Prop_lut6_I0_O)        0.124     5.720 r  mul_26s_24s_47_1_1_U4/fir_multiband_mul_26s_24s_47_1_1_Multiplier_1_U/p_i_109__1/O
                         net (fo=1, unplaced)         0.449     6.169    mul_26s_24s_47_1_1_U4/fir_multiband_mul_26s_24s_47_1_1_Multiplier_1_U/p_i_109__1_n_0
                         LUT6 (Prop_lut6_I0_O)        0.124     6.293 r  mul_26s_24s_47_1_1_U4/fir_multiband_mul_26s_24s_47_1_1_Multiplier_1_U/p_i_65__0/O
                         net (fo=1, unplaced)         0.449     6.742    mul_26s_24s_47_1_1_U4/fir_multiband_mul_26s_24s_47_1_1_Multiplier_1_U/p_i_65__0_n_0
                         LUT6 (Prop_lut6_I0_O)        0.124     6.866 r  mul_26s_24s_47_1_1_U4/fir_multiband_mul_26s_24s_47_1_1_Multiplier_1_U/p_i_31/O
                         net (fo=2, unplaced)         0.800     7.666    mul_26s_24s_47_1_1_U4/fir_multiband_mul_26s_24s_47_1_1_Multiplier_1_U/p_i_31_n_0
                         DSP48E1 (Prop_dsp48e1_A[3]_PCOUT[47])
                                                      4.036    11.702 r  mul_26s_24s_47_1_1_U4/fir_multiband_mul_26s_24s_47_1_1_Multiplier_1_U/p/PCOUT[47]
                         net (fo=1, unplaced)         0.055    11.757    mul_26s_24s_47_1_1_U4/fir_multiband_mul_26s_24s_47_1_1_Multiplier_1_U/p_n_106
                         DSP48E1 (Prop_dsp48e1_PCIN[47]_P[0])
                                                      1.518    13.275 r  mul_26s_24s_47_1_1_U4/fir_multiband_mul_26s_24s_47_1_1_Multiplier_1_U/p__0/P[0]
                         net (fo=9, unplaced)         0.800    14.075    mul_18s_16s_34_1_1_U5/fir_multiband_mul_18s_16s_34_1_1_Multiplier_0_U/P[0]
                         LUT6 (Prop_lut6_I3_O)        0.124    14.199 r  mul_18s_16s_34_1_1_U5/fir_multiband_mul_18s_16s_34_1_1_Multiplier_0_U/reg_1912[17]_i_1/O
                         net (fo=5, unplaced)         0.800    14.999    mul_18s_16s_34_1_1_U5_n_68
                         DSP48E1                                      r  add_ln703_18_reg_7144_reg/C[17]
  -------------------------------------------------------------------    -------------------

                         (clock ap_clk rise edge)    10.000    10.000 r  
                                                      0.000    10.000 r  ap_clk (IN)
                         net (fo=0)                   0.000    10.000    ap_clk
                         IBUF (Prop_ibuf_I_O)         0.838    10.838 r  ap_clk_IBUF_inst/O
                         net (fo=1, unplaced)         0.760    11.598    ap_clk_IBUF
                         BUFG (Prop_bufg_I_O)         0.091    11.689 r  ap_clk_IBUF_BUFG_inst/O
                         net (fo=4156, unplaced)      0.439    12.128    ap_clk_IBUF_BUFG
                         DSP48E1                                      r  add_ln703_18_reg_7144_reg/CLK
                         clock pessimism              0.184    12.311    
                         clock uncertainty           -0.035    12.276    
                         DSP48E1 (Setup_dsp48e1_CLK_C[17])
                                                     -0.233    12.043    add_ln703_18_reg_7144_reg
  -------------------------------------------------------------------
                         required time                         12.043    
                         arrival time                         -14.999    
  -------------------------------------------------------------------
                         slack                                 -2.955    

Slack (VIOLATED) :        -2.955ns  (required time - arrival time)
  Source:                 ap_CS_fsm_reg[28]/C
                            (rising edge-triggered cell FDRE clocked by ap_clk  {rise@0.000ns fall@5.000ns period=10.000ns})
  Destination:            add_ln703_18_reg_7144_reg/C[18]
                            (rising edge-triggered cell DSP48E1 clocked by ap_clk  {rise@0.000ns fall@5.000ns period=10.000ns})
  Path Group:             ap_clk
  Path Type:              Setup (Max at Slow Process Corner)
  Requirement:            10.000ns  (ap_clk rise@10.000ns - ap_clk rise@0.000ns)
  Data Path Delay:        12.542ns  (logic 6.947ns (55.389%)  route 5.595ns (44.611%))
  Logic Levels:           8  (DSP48E1=2 LUT3=1 LUT6=5)
  Clock Path Skew:        -0.145ns (DCD - SCD + CPR)
    Destination Clock Delay (DCD):    2.128ns = ( 12.128 - 10.000 ) 
    Source Clock Delay      (SCD):    2.456ns
    Clock Pessimism Removal (CPR):    0.184ns
  Clock Uncertainty:      0.035ns  ((TSJ^2 + TIJ^2)^1/2 + DJ) / 2 + PE
    Total System Jitter     (TSJ):    0.071ns
    Total Input Jitter      (TIJ):    0.000ns
    Discrete Jitter          (DJ):    0.000ns
    Phase Error              (PE):    0.000ns

    Location             Delay type                Incr(ns)  Path(ns)    Netlist Resource(s)
  -------------------------------------------------------------------    -------------------
                         (clock ap_clk rise edge)     0.000     0.000 r  
                                                      0.000     0.000 r  ap_clk (IN)
                         net (fo=0)                   0.000     0.000    ap_clk
                         IBUF (Prop_ibuf_I_O)         0.972     0.972 r  ap_clk_IBUF_inst/O
                         net (fo=1, unplaced)         0.800     1.771    ap_clk_IBUF
                         BUFG (Prop_bufg_I_O)         0.101     1.872 r  ap_clk_IBUF_BUFG_inst/O
                         net (fo=4156, unplaced)      0.584     2.456    ap_clk_IBUF_BUFG
                         FDRE                                         r  ap_CS_fsm_reg[28]/C
  -------------------------------------------------------------------    -------------------
                         FDRE (Prop_fdre_C_Q)         0.478     2.934 f  ap_CS_fsm_reg[28]/Q
                         net (fo=101, unplaced)       0.841     3.775    FIR_COEFFS_V_U/fir_multiband_FIR_COEFFS_V_rom_U/add_ln703_42_reg_7078_reg_0[12]
                         LUT3 (Prop_lut3_I0_O)        0.295     4.070 f  FIR_COEFFS_V_U/fir_multiband_FIR_COEFFS_V_rom_U/q2_reg_i_34/O
                         net (fo=14, unplaced)        0.953     5.023    mul_26s_24s_47_1_1_U4/fir_multiband_mul_26s_24s_47_1_1_Multiplier_1_U/p_i_69__0_0
                         LUT6 (Prop_lut6_I2_O)        0.124     5.147 r  mul_26s_24s_47_1_1_U4/fir_multiband_mul_26s_24s_47_1_1_Multiplier_1_U/p_i_124__0/O
                         net (fo=1, unplaced)         0.449     5.596    mul_26s_24s_47_1_1_U4/fir_multiband_mul_26s_24s_47_1_1_Multiplier_1_U/p_i_124__0_n_0
                         LUT6 (Prop_lut6_I0_O)        0.124     5.720 r  mul_26s_24s_47_1_1_U4/fir_multiband_mul_26s_24s_47_1_1_Multiplier_1_U/p_i_109__1/O
                         net (fo=1, unplaced)         0.449     6.169    mul_26s_24s_47_1_1_U4/fir_multiband_mul_26s_24s_47_1_1_Multiplier_1_U/p_i_109__1_n_0
                         LUT6 (Prop_lut6_I0_O)        0.124     6.293 r  mul_26s_24s_47_1_1_U4/fir_multiband_mul_26s_24s_47_1_1_Multiplier_1_U/p_i_65__0/O
                         net (fo=1, unplaced)         0.449     6.742    mul_26s_24s_47_1_1_U4/fir_multiband_mul_26s_24s_47_1_1_Multiplier_1_U/p_i_65__0_n_0
                         LUT6 (Prop_lut6_I0_O)        0.124     6.866 r  mul_26s_24s_47_1_1_U4/fir_multiband_mul_26s_24s_47_1_1_Multiplier_1_U/p_i_31/O
                         net (fo=2, unplaced)         0.800     7.666    mul_26s_24s_47_1_1_U4/fir_multiband_mul_26s_24s_47_1_1_Multiplier_1_U/p_i_31_n_0
                         DSP48E1 (Prop_dsp48e1_A[3]_PCOUT[47])
                                                      4.036    11.702 r  mul_26s_24s_47_1_1_U4/fir_multiband_mul_26s_24s_47_1_1_Multiplier_1_U/p/PCOUT[47]
                         net (fo=1, unplaced)         0.055    11.757    mul_26s_24s_47_1_1_U4/fir_multiband_mul_26s_24s_47_1_1_Multiplier_1_U/p_n_106
                         DSP48E1 (Prop_dsp48e1_PCIN[47]_P[1])
                                                      1.518    13.275 r  mul_26s_24s_47_1_1_U4/fir_multiband_mul_26s_24s_47_1_1_Multiplier_1_U/p__0/P[1]
                         net (fo=9, unplaced)         0.800    14.075    mul_18s_16s_34_1_1_U5/fir_multiband_mul_18s_16s_34_1_1_Multiplier_0_U/P[1]
                         LUT6 (Prop_lut6_I3_O)        0.124    14.199 r  mul_18s_16s_34_1_1_U5/fir_multiband_mul_18s_16s_34_1_1_Multiplier_0_U/reg_1912[18]_i_1/O
                         net (fo=5, unplaced)         0.800    14.999    mul_18s_16s_34_1_1_U5_n_67
                         DSP48E1                                      r  add_ln703_18_reg_7144_reg/C[18]
  -------------------------------------------------------------------    -------------------

                         (clock ap_clk rise edge)    10.000    10.000 r  
                                                      0.000    10.000 r  ap_clk (IN)
                         net (fo=0)                   0.000    10.000    ap_clk
                         IBUF (Prop_ibuf_I_O)         0.838    10.838 r  ap_clk_IBUF_inst/O
                         net (fo=1, unplaced)         0.760    11.598    ap_clk_IBUF
                         BUFG (Prop_bufg_I_O)         0.091    11.689 r  ap_clk_IBUF_BUFG_inst/O
                         net (fo=4156, unplaced)      0.439    12.128    ap_clk_IBUF_BUFG
                         DSP48E1                                      r  add_ln703_18_reg_7144_reg/CLK
                         clock pessimism              0.184    12.311    
                         clock uncertainty           -0.035    12.276    
                         DSP48E1 (Setup_dsp48e1_CLK_C[18])
                                                     -0.233    12.043    add_ln703_18_reg_7144_reg
  -------------------------------------------------------------------
                         required time                         12.043    
                         arrival time                         -14.999    
  -------------------------------------------------------------------
                         slack                                 -2.955    

Slack (VIOLATED) :        -2.955ns  (required time - arrival time)
  Source:                 ap_CS_fsm_reg[28]/C
                            (rising edge-triggered cell FDRE clocked by ap_clk  {rise@0.000ns fall@5.000ns period=10.000ns})
  Destination:            add_ln703_18_reg_7144_reg/C[19]
                            (rising edge-triggered cell DSP48E1 clocked by ap_clk  {rise@0.000ns fall@5.000ns period=10.000ns})
  Path Group:             ap_clk
  Path Type:              Setup (Max at Slow Process Corner)
  Requirement:            10.000ns  (ap_clk rise@10.000ns - ap_clk rise@0.000ns)
  Data Path Delay:        12.542ns  (logic 6.947ns (55.389%)  route 5.595ns (44.611%))
  Logic Levels:           8  (DSP48E1=2 LUT3=1 LUT6=5)
  Clock Path Skew:        -0.145ns (DCD - SCD + CPR)
    Destination Clock Delay (DCD):    2.128ns = ( 12.128 - 10.000 ) 
    Source Clock Delay      (SCD):    2.456ns
    Clock Pessimism Removal (CPR):    0.184ns
  Clock Uncertainty:      0.035ns  ((TSJ^2 + TIJ^2)^1/2 + DJ) / 2 + PE
    Total System Jitter     (TSJ):    0.071ns
    Total Input Jitter      (TIJ):    0.000ns
    Discrete Jitter          (DJ):    0.000ns
    Phase Error              (PE):    0.000ns

    Location             Delay type                Incr(ns)  Path(ns)    Netlist Resource(s)
  -------------------------------------------------------------------    -------------------
                         (clock ap_clk rise edge)     0.000     0.000 r  
                                                      0.000     0.000 r  ap_clk (IN)
                         net (fo=0)                   0.000     0.000    ap_clk
                         IBUF (Prop_ibuf_I_O)         0.972     0.972 r  ap_clk_IBUF_inst/O
                         net (fo=1, unplaced)         0.800     1.771    ap_clk_IBUF
                         BUFG (Prop_bufg_I_O)         0.101     1.872 r  ap_clk_IBUF_BUFG_inst/O
                         net (fo=4156, unplaced)      0.584     2.456    ap_clk_IBUF_BUFG
                         FDRE                                         r  ap_CS_fsm_reg[28]/C
  -------------------------------------------------------------------    -------------------
                         FDRE (Prop_fdre_C_Q)         0.478     2.934 f  ap_CS_fsm_reg[28]/Q
                         net (fo=101, unplaced)       0.841     3.775    FIR_COEFFS_V_U/fir_multiband_FIR_COEFFS_V_rom_U/add_ln703_42_reg_7078_reg_0[12]
                         LUT3 (Prop_lut3_I0_O)        0.295     4.070 f  FIR_COEFFS_V_U/fir_multiband_FIR_COEFFS_V_rom_U/q2_reg_i_34/O
                         net (fo=14, unplaced)        0.953     5.023    mul_26s_24s_47_1_1_U4/fir_multiband_mul_26s_24s_47_1_1_Multiplier_1_U/p_i_69__0_0
                         LUT6 (Prop_lut6_I2_O)        0.124     5.147 r  mul_26s_24s_47_1_1_U4/fir_multiband_mul_26s_24s_47_1_1_Multiplier_1_U/p_i_124__0/O
                         net (fo=1, unplaced)         0.449     5.596    mul_26s_24s_47_1_1_U4/fir_multiband_mul_26s_24s_47_1_1_Multiplier_1_U/p_i_124__0_n_0
                         LUT6 (Prop_lut6_I0_O)        0.124     5.720 r  mul_26s_24s_47_1_1_U4/fir_multiband_mul_26s_24s_47_1_1_Multiplier_1_U/p_i_109__1/O
                         net (fo=1, unplaced)         0.449     6.169    mul_26s_24s_47_1_1_U4/fir_multiband_mul_26s_24s_47_1_1_Multiplier_1_U/p_i_109__1_n_0
                         LUT6 (Prop_lut6_I0_O)        0.124     6.293 r  mul_26s_24s_47_1_1_U4/fir_multiband_mul_26s_24s_47_1_1_Multiplier_1_U/p_i_65__0/O
                         net (fo=1, unplaced)         0.449     6.742    mul_26s_24s_47_1_1_U4/fir_multiband_mul_26s_24s_47_1_1_Multiplier_1_U/p_i_65__0_n_0
                         LUT6 (Prop_lut6_I0_O)        0.124     6.866 r  mul_26s_24s_47_1_1_U4/fir_multiband_mul_26s_24s_47_1_1_Multiplier_1_U/p_i_31/O
                         net (fo=2, unplaced)         0.800     7.666    mul_26s_24s_47_1_1_U4/fir_multiband_mul_26s_24s_47_1_1_Multiplier_1_U/p_i_31_n_0
                         DSP48E1 (Prop_dsp48e1_A[3]_PCOUT[47])
                                                      4.036    11.702 r  mul_26s_24s_47_1_1_U4/fir_multiband_mul_26s_24s_47_1_1_Multiplier_1_U/p/PCOUT[47]
                         net (fo=1, unplaced)         0.055    11.757    mul_26s_24s_47_1_1_U4/fir_multiband_mul_26s_24s_47_1_1_Multiplier_1_U/p_n_106
                         DSP48E1 (Prop_dsp48e1_PCIN[47]_P[2])
                                                      1.518    13.275 r  mul_26s_24s_47_1_1_U4/fir_multiband_mul_26s_24s_47_1_1_Multiplier_1_U/p__0/P[2]
                         net (fo=9, unplaced)         0.800    14.075    mul_18s_16s_34_1_1_U5/fir_multiband_mul_18s_16s_34_1_1_Multiplier_0_U/P[2]
                         LUT6 (Prop_lut6_I3_O)        0.124    14.199 r  mul_18s_16s_34_1_1_U5/fir_multiband_mul_18s_16s_34_1_1_Multiplier_0_U/reg_1912[19]_i_1/O
                         net (fo=5, unplaced)         0.800    14.999    mul_18s_16s_34_1_1_U5_n_66
                         DSP48E1                                      r  add_ln703_18_reg_7144_reg/C[19]
  -------------------------------------------------------------------    -------------------

                         (clock ap_clk rise edge)    10.000    10.000 r  
                                                      0.000    10.000 r  ap_clk (IN)
                         net (fo=0)                   0.000    10.000    ap_clk
                         IBUF (Prop_ibuf_I_O)         0.838    10.838 r  ap_clk_IBUF_inst/O
                         net (fo=1, unplaced)         0.760    11.598    ap_clk_IBUF
                         BUFG (Prop_bufg_I_O)         0.091    11.689 r  ap_clk_IBUF_BUFG_inst/O
                         net (fo=4156, unplaced)      0.439    12.128    ap_clk_IBUF_BUFG
                         DSP48E1                                      r  add_ln703_18_reg_7144_reg/CLK
                         clock pessimism              0.184    12.311    
                         clock uncertainty           -0.035    12.276    
                         DSP48E1 (Setup_dsp48e1_CLK_C[19])
                                                     -0.233    12.043    add_ln703_18_reg_7144_reg
  -------------------------------------------------------------------
                         required time                         12.043    
                         arrival time                         -14.999    
  -------------------------------------------------------------------
                         slack                                 -2.955    

Slack (VIOLATED) :        -2.955ns  (required time - arrival time)
  Source:                 ap_CS_fsm_reg[28]/C
                            (rising edge-triggered cell FDRE clocked by ap_clk  {rise@0.000ns fall@5.000ns period=10.000ns})
  Destination:            add_ln703_18_reg_7144_reg/C[20]
                            (rising edge-triggered cell DSP48E1 clocked by ap_clk  {rise@0.000ns fall@5.000ns period=10.000ns})
  Path Group:             ap_clk
  Path Type:              Setup (Max at Slow Process Corner)
  Requirement:            10.000ns  (ap_clk rise@10.000ns - ap_clk rise@0.000ns)
  Data Path Delay:        12.542ns  (logic 6.947ns (55.389%)  route 5.595ns (44.611%))
  Logic Levels:           8  (DSP48E1=2 LUT3=1 LUT6=5)
  Clock Path Skew:        -0.145ns (DCD - SCD + CPR)
    Destination Clock Delay (DCD):    2.128ns = ( 12.128 - 10.000 ) 
    Source Clock Delay      (SCD):    2.456ns
    Clock Pessimism Removal (CPR):    0.184ns
  Clock Uncertainty:      0.035ns  ((TSJ^2 + TIJ^2)^1/2 + DJ) / 2 + PE
    Total System Jitter     (TSJ):    0.071ns
    Total Input Jitter      (TIJ):    0.000ns
    Discrete Jitter          (DJ):    0.000ns
    Phase Error              (PE):    0.000ns

    Location             Delay type                Incr(ns)  Path(ns)    Netlist Resource(s)
  -------------------------------------------------------------------    -------------------
                         (clock ap_clk rise edge)     0.000     0.000 r  
                                                      0.000     0.000 r  ap_clk (IN)
                         net (fo=0)                   0.000     0.000    ap_clk
                         IBUF (Prop_ibuf_I_O)         0.972     0.972 r  ap_clk_IBUF_inst/O
                         net (fo=1, unplaced)         0.800     1.771    ap_clk_IBUF
                         BUFG (Prop_bufg_I_O)         0.101     1.872 r  ap_clk_IBUF_BUFG_inst/O
                         net (fo=4156, unplaced)      0.584     2.456    ap_clk_IBUF_BUFG
                         FDRE                                         r  ap_CS_fsm_reg[28]/C
  -------------------------------------------------------------------    -------------------
                         FDRE (Prop_fdre_C_Q)         0.478     2.934 f  ap_CS_fsm_reg[28]/Q
                         net (fo=101, unplaced)       0.841     3.775    FIR_COEFFS_V_U/fir_multiband_FIR_COEFFS_V_rom_U/add_ln703_42_reg_7078_reg_0[12]
                         LUT3 (Prop_lut3_I0_O)        0.295     4.070 f  FIR_COEFFS_V_U/fir_multiband_FIR_COEFFS_V_rom_U/q2_reg_i_34/O
                         net (fo=14, unplaced)        0.953     5.023    mul_26s_24s_47_1_1_U4/fir_multiband_mul_26s_24s_47_1_1_Multiplier_1_U/p_i_69__0_0
                         LUT6 (Prop_lut6_I2_O)        0.124     5.147 r  mul_26s_24s_47_1_1_U4/fir_multiband_mul_26s_24s_47_1_1_Multiplier_1_U/p_i_124__0/O
                         net (fo=1, unplaced)         0.449     5.596    mul_26s_24s_47_1_1_U4/fir_multiband_mul_26s_24s_47_1_1_Multiplier_1_U/p_i_124__0_n_0
                         LUT6 (Prop_lut6_I0_O)        0.124     5.720 r  mul_26s_24s_47_1_1_U4/fir_multiband_mul_26s_24s_47_1_1_Multiplier_1_U/p_i_109__1/O
                         net (fo=1, unplaced)         0.449     6.169    mul_26s_24s_47_1_1_U4/fir_multiband_mul_26s_24s_47_1_1_Multiplier_1_U/p_i_109__1_n_0
                         LUT6 (Prop_lut6_I0_O)        0.124     6.293 r  mul_26s_24s_47_1_1_U4/fir_multiband_mul_26s_24s_47_1_1_Multiplier_1_U/p_i_65__0/O
                         net (fo=1, unplaced)         0.449     6.742    mul_26s_24s_47_1_1_U4/fir_multiband_mul_26s_24s_47_1_1_Multiplier_1_U/p_i_65__0_n_0
                         LUT6 (Prop_lut6_I0_O)        0.124     6.866 r  mul_26s_24s_47_1_1_U4/fir_multiband_mul_26s_24s_47_1_1_Multiplier_1_U/p_i_31/O
                         net (fo=2, unplaced)         0.800     7.666    mul_26s_24s_47_1_1_U4/fir_multiband_mul_26s_24s_47_1_1_Multiplier_1_U/p_i_31_n_0
                         DSP48E1 (Prop_dsp48e1_A[3]_PCOUT[47])
                                                      4.036    11.702 r  mul_26s_24s_47_1_1_U4/fir_multiband_mul_26s_24s_47_1_1_Multiplier_1_U/p/PCOUT[47]
                         net (fo=1, unplaced)         0.055    11.757    mul_26s_24s_47_1_1_U4/fir_multiband_mul_26s_24s_47_1_1_Multiplier_1_U/p_n_106
                         DSP48E1 (Prop_dsp48e1_PCIN[47]_P[3])
                                                      1.518    13.275 r  mul_26s_24s_47_1_1_U4/fir_multiband_mul_26s_24s_47_1_1_Multiplier_1_U/p__0/P[3]
                         net (fo=9, unplaced)         0.800    14.075    mul_18s_16s_34_1_1_U5/fir_multiband_mul_18s_16s_34_1_1_Multiplier_0_U/P[3]
                         LUT6 (Prop_lut6_I3_O)        0.124    14.199 r  mul_18s_16s_34_1_1_U5/fir_multiband_mul_18s_16s_34_1_1_Multiplier_0_U/reg_1912[20]_i_1/O
                         net (fo=5, unplaced)         0.800    14.999    mul_18s_16s_34_1_1_U5_n_65
                         DSP48E1                                      r  add_ln703_18_reg_7144_reg/C[20]
  -------------------------------------------------------------------    -------------------

                         (clock ap_clk rise edge)    10.000    10.000 r  
                                                      0.000    10.000 r  ap_clk (IN)
                         net (fo=0)                   0.000    10.000    ap_clk
                         IBUF (Prop_ibuf_I_O)         0.838    10.838 r  ap_clk_IBUF_inst/O
                         net (fo=1, unplaced)         0.760    11.598    ap_clk_IBUF
                         BUFG (Prop_bufg_I_O)         0.091    11.689 r  ap_clk_IBUF_BUFG_inst/O
                         net (fo=4156, unplaced)      0.439    12.128    ap_clk_IBUF_BUFG
                         DSP48E1                                      r  add_ln703_18_reg_7144_reg/CLK
                         clock pessimism              0.184    12.311    
                         clock uncertainty           -0.035    12.276    
                         DSP48E1 (Setup_dsp48e1_CLK_C[20])
                                                     -0.233    12.043    add_ln703_18_reg_7144_reg
  -------------------------------------------------------------------
                         required time                         12.043    
                         arrival time                         -14.999    
  -------------------------------------------------------------------
                         slack                                 -2.955    

Slack (VIOLATED) :        -2.955ns  (required time - arrival time)
  Source:                 ap_CS_fsm_reg[28]/C
                            (rising edge-triggered cell FDRE clocked by ap_clk  {rise@0.000ns fall@5.000ns period=10.000ns})
  Destination:            add_ln703_18_reg_7144_reg/C[21]
                            (rising edge-triggered cell DSP48E1 clocked by ap_clk  {rise@0.000ns fall@5.000ns period=10.000ns})
  Path Group:             ap_clk
  Path Type:              Setup (Max at Slow Process Corner)
  Requirement:            10.000ns  (ap_clk rise@10.000ns - ap_clk rise@0.000ns)
  Data Path Delay:        12.542ns  (logic 6.947ns (55.389%)  route 5.595ns (44.611%))
  Logic Levels:           8  (DSP48E1=2 LUT3=1 LUT6=5)
  Clock Path Skew:        -0.145ns (DCD - SCD + CPR)
    Destination Clock Delay (DCD):    2.128ns = ( 12.128 - 10.000 ) 
    Source Clock Delay      (SCD):    2.456ns
    Clock Pessimism Removal (CPR):    0.184ns
  Clock Uncertainty:      0.035ns  ((TSJ^2 + TIJ^2)^1/2 + DJ) / 2 + PE
    Total System Jitter     (TSJ):    0.071ns
    Total Input Jitter      (TIJ):    0.000ns
    Discrete Jitter          (DJ):    0.000ns
    Phase Error              (PE):    0.000ns

    Location             Delay type                Incr(ns)  Path(ns)    Netlist Resource(s)
  -------------------------------------------------------------------    -------------------
                         (clock ap_clk rise edge)     0.000     0.000 r  
                                                      0.000     0.000 r  ap_clk (IN)
                         net (fo=0)                   0.000     0.000    ap_clk
                         IBUF (Prop_ibuf_I_O)         0.972     0.972 r  ap_clk_IBUF_inst/O
                         net (fo=1, unplaced)         0.800     1.771    ap_clk_IBUF
                         BUFG (Prop_bufg_I_O)         0.101     1.872 r  ap_clk_IBUF_BUFG_inst/O
                         net (fo=4156, unplaced)      0.584     2.456    ap_clk_IBUF_BUFG
                         FDRE                                         r  ap_CS_fsm_reg[28]/C
  -------------------------------------------------------------------    -------------------
                         FDRE (Prop_fdre_C_Q)         0.478     2.934 f  ap_CS_fsm_reg[28]/Q
                         net (fo=101, unplaced)       0.841     3.775    FIR_COEFFS_V_U/fir_multiband_FIR_COEFFS_V_rom_U/add_ln703_42_reg_7078_reg_0[12]
                         LUT3 (Prop_lut3_I0_O)        0.295     4.070 f  FIR_COEFFS_V_U/fir_multiband_FIR_COEFFS_V_rom_U/q2_reg_i_34/O
                         net (fo=14, unplaced)        0.953     5.023    mul_26s_24s_47_1_1_U4/fir_multiband_mul_26s_24s_47_1_1_Multiplier_1_U/p_i_69__0_0
                         LUT6 (Prop_lut6_I2_O)        0.124     5.147 r  mul_26s_24s_47_1_1_U4/fir_multiband_mul_26s_24s_47_1_1_Multiplier_1_U/p_i_124__0/O
                         net (fo=1, unplaced)         0.449     5.596    mul_26s_24s_47_1_1_U4/fir_multiband_mul_26s_24s_47_1_1_Multiplier_1_U/p_i_124__0_n_0
                         LUT6 (Prop_lut6_I0_O)        0.124     5.720 r  mul_26s_24s_47_1_1_U4/fir_multiband_mul_26s_24s_47_1_1_Multiplier_1_U/p_i_109__1/O
                         net (fo=1, unplaced)         0.449     6.169    mul_26s_24s_47_1_1_U4/fir_multiband_mul_26s_24s_47_1_1_Multiplier_1_U/p_i_109__1_n_0
                         LUT6 (Prop_lut6_I0_O)        0.124     6.293 r  mul_26s_24s_47_1_1_U4/fir_multiband_mul_26s_24s_47_1_1_Multiplier_1_U/p_i_65__0/O
                         net (fo=1, unplaced)         0.449     6.742    mul_26s_24s_47_1_1_U4/fir_multiband_mul_26s_24s_47_1_1_Multiplier_1_U/p_i_65__0_n_0
                         LUT6 (Prop_lut6_I0_O)        0.124     6.866 r  mul_26s_24s_47_1_1_U4/fir_multiband_mul_26s_24s_47_1_1_Multiplier_1_U/p_i_31/O
                         net (fo=2, unplaced)         0.800     7.666    mul_26s_24s_47_1_1_U4/fir_multiband_mul_26s_24s_47_1_1_Multiplier_1_U/p_i_31_n_0
                         DSP48E1 (Prop_dsp48e1_A[3]_PCOUT[47])
                                                      4.036    11.702 r  mul_26s_24s_47_1_1_U4/fir_multiband_mul_26s_24s_47_1_1_Multiplier_1_U/p/PCOUT[47]
                         net (fo=1, unplaced)         0.055    11.757    mul_26s_24s_47_1_1_U4/fir_multiband_mul_26s_24s_47_1_1_Multiplier_1_U/p_n_106
                         DSP48E1 (Prop_dsp48e1_PCIN[47]_P[4])
                                                      1.518    13.275 r  mul_26s_24s_47_1_1_U4/fir_multiband_mul_26s_24s_47_1_1_Multiplier_1_U/p__0/P[4]
                         net (fo=9, unplaced)         0.800    14.075    mul_18s_16s_34_1_1_U5/fir_multiband_mul_18s_16s_34_1_1_Multiplier_0_U/P[4]
                         LUT6 (Prop_lut6_I3_O)        0.124    14.199 r  mul_18s_16s_34_1_1_U5/fir_multiband_mul_18s_16s_34_1_1_Multiplier_0_U/reg_1912[21]_i_1/O
                         net (fo=5, unplaced)         0.800    14.999    mul_18s_16s_34_1_1_U5_n_64
                         DSP48E1                                      r  add_ln703_18_reg_7144_reg/C[21]
  -------------------------------------------------------------------    -------------------

                         (clock ap_clk rise edge)    10.000    10.000 r  
                                                      0.000    10.000 r  ap_clk (IN)
                         net (fo=0)                   0.000    10.000    ap_clk
                         IBUF (Prop_ibuf_I_O)         0.838    10.838 r  ap_clk_IBUF_inst/O
                         net (fo=1, unplaced)         0.760    11.598    ap_clk_IBUF
                         BUFG (Prop_bufg_I_O)         0.091    11.689 r  ap_clk_IBUF_BUFG_inst/O
                         net (fo=4156, unplaced)      0.439    12.128    ap_clk_IBUF_BUFG
                         DSP48E1                                      r  add_ln703_18_reg_7144_reg/CLK
                         clock pessimism              0.184    12.311    
                         clock uncertainty           -0.035    12.276    
                         DSP48E1 (Setup_dsp48e1_CLK_C[21])
                                                     -0.233    12.043    add_ln703_18_reg_7144_reg
  -------------------------------------------------------------------
                         required time                         12.043    
                         arrival time                         -14.999    
  -------------------------------------------------------------------
                         slack                                 -2.955    

Slack (VIOLATED) :        -2.955ns  (required time - arrival time)
  Source:                 ap_CS_fsm_reg[28]/C
                            (rising edge-triggered cell FDRE clocked by ap_clk  {rise@0.000ns fall@5.000ns period=10.000ns})
  Destination:            add_ln703_18_reg_7144_reg/C[22]
                            (rising edge-triggered cell DSP48E1 clocked by ap_clk  {rise@0.000ns fall@5.000ns period=10.000ns})
  Path Group:             ap_clk
  Path Type:              Setup (Max at Slow Process Corner)
  Requirement:            10.000ns  (ap_clk rise@10.000ns - ap_clk rise@0.000ns)
  Data Path Delay:        12.542ns  (logic 6.947ns (55.389%)  route 5.595ns (44.611%))
  Logic Levels:           8  (DSP48E1=2 LUT3=1 LUT6=5)
  Clock Path Skew:        -0.145ns (DCD - SCD + CPR)
    Destination Clock Delay (DCD):    2.128ns = ( 12.128 - 10.000 ) 
    Source Clock Delay      (SCD):    2.456ns
    Clock Pessimism Removal (CPR):    0.184ns
  Clock Uncertainty:      0.035ns  ((TSJ^2 + TIJ^2)^1/2 + DJ) / 2 + PE
    Total System Jitter     (TSJ):    0.071ns
    Total Input Jitter      (TIJ):    0.000ns
    Discrete Jitter          (DJ):    0.000ns
    Phase Error              (PE):    0.000ns

    Location             Delay type                Incr(ns)  Path(ns)    Netlist Resource(s)
  -------------------------------------------------------------------    -------------------
                         (clock ap_clk rise edge)     0.000     0.000 r  
                                                      0.000     0.000 r  ap_clk (IN)
                         net (fo=0)                   0.000     0.000    ap_clk
                         IBUF (Prop_ibuf_I_O)         0.972     0.972 r  ap_clk_IBUF_inst/O
                         net (fo=1, unplaced)         0.800     1.771    ap_clk_IBUF
                         BUFG (Prop_bufg_I_O)         0.101     1.872 r  ap_clk_IBUF_BUFG_inst/O
                         net (fo=4156, unplaced)      0.584     2.456    ap_clk_IBUF_BUFG
                         FDRE                                         r  ap_CS_fsm_reg[28]/C
  -------------------------------------------------------------------    -------------------
                         FDRE (Prop_fdre_C_Q)         0.478     2.934 f  ap_CS_fsm_reg[28]/Q
                         net (fo=101, unplaced)       0.841     3.775    FIR_COEFFS_V_U/fir_multiband_FIR_COEFFS_V_rom_U/add_ln703_42_reg_7078_reg_0[12]
                         LUT3 (Prop_lut3_I0_O)        0.295     4.070 f  FIR_COEFFS_V_U/fir_multiband_FIR_COEFFS_V_rom_U/q2_reg_i_34/O
                         net (fo=14, unplaced)        0.953     5.023    mul_26s_24s_47_1_1_U4/fir_multiband_mul_26s_24s_47_1_1_Multiplier_1_U/p_i_69__0_0
                         LUT6 (Prop_lut6_I2_O)        0.124     5.147 r  mul_26s_24s_47_1_1_U4/fir_multiband_mul_26s_24s_47_1_1_Multiplier_1_U/p_i_124__0/O
                         net (fo=1, unplaced)         0.449     5.596    mul_26s_24s_47_1_1_U4/fir_multiband_mul_26s_24s_47_1_1_Multiplier_1_U/p_i_124__0_n_0
                         LUT6 (Prop_lut6_I0_O)        0.124     5.720 r  mul_26s_24s_47_1_1_U4/fir_multiband_mul_26s_24s_47_1_1_Multiplier_1_U/p_i_109__1/O
                         net (fo=1, unplaced)         0.449     6.169    mul_26s_24s_47_1_1_U4/fir_multiband_mul_26s_24s_47_1_1_Multiplier_1_U/p_i_109__1_n_0
                         LUT6 (Prop_lut6_I0_O)        0.124     6.293 r  mul_26s_24s_47_1_1_U4/fir_multiband_mul_26s_24s_47_1_1_Multiplier_1_U/p_i_65__0/O
                         net (fo=1, unplaced)         0.449     6.742    mul_26s_24s_47_1_1_U4/fir_multiband_mul_26s_24s_47_1_1_Multiplier_1_U/p_i_65__0_n_0
                         LUT6 (Prop_lut6_I0_O)        0.124     6.866 r  mul_26s_24s_47_1_1_U4/fir_multiband_mul_26s_24s_47_1_1_Multiplier_1_U/p_i_31/O
                         net (fo=2, unplaced)         0.800     7.666    mul_26s_24s_47_1_1_U4/fir_multiband_mul_26s_24s_47_1_1_Multiplier_1_U/p_i_31_n_0
                         DSP48E1 (Prop_dsp48e1_A[3]_PCOUT[47])
                                                      4.036    11.702 r  mul_26s_24s_47_1_1_U4/fir_multiband_mul_26s_24s_47_1_1_Multiplier_1_U/p/PCOUT[47]
                         net (fo=1, unplaced)         0.055    11.757    mul_26s_24s_47_1_1_U4/fir_multiband_mul_26s_24s_47_1_1_Multiplier_1_U/p_n_106
                         DSP48E1 (Prop_dsp48e1_PCIN[47]_P[5])
                                                      1.518    13.275 r  mul_26s_24s_47_1_1_U4/fir_multiband_mul_26s_24s_47_1_1_Multiplier_1_U/p__0/P[5]
                         net (fo=9, unplaced)         0.800    14.075    mul_18s_16s_34_1_1_U5/fir_multiband_mul_18s_16s_34_1_1_Multiplier_0_U/P[5]
                         LUT6 (Prop_lut6_I3_O)        0.124    14.199 r  mul_18s_16s_34_1_1_U5/fir_multiband_mul_18s_16s_34_1_1_Multiplier_0_U/reg_1912[22]_i_1/O
                         net (fo=5, unplaced)         0.800    14.999    mul_18s_16s_34_1_1_U5_n_63
                         DSP48E1                                      r  add_ln703_18_reg_7144_reg/C[22]
  -------------------------------------------------------------------    -------------------

                         (clock ap_clk rise edge)    10.000    10.000 r  
                                                      0.000    10.000 r  ap_clk (IN)
                         net (fo=0)                   0.000    10.000    ap_clk
                         IBUF (Prop_ibuf_I_O)         0.838    10.838 r  ap_clk_IBUF_inst/O
                         net (fo=1, unplaced)         0.760    11.598    ap_clk_IBUF
                         BUFG (Prop_bufg_I_O)         0.091    11.689 r  ap_clk_IBUF_BUFG_inst/O
                         net (fo=4156, unplaced)      0.439    12.128    ap_clk_IBUF_BUFG
                         DSP48E1                                      r  add_ln703_18_reg_7144_reg/CLK
                         clock pessimism              0.184    12.311    
                         clock uncertainty           -0.035    12.276    
                         DSP48E1 (Setup_dsp48e1_CLK_C[22])
                                                     -0.233    12.043    add_ln703_18_reg_7144_reg
  -------------------------------------------------------------------
                         required time                         12.043    
                         arrival time                         -14.999    
  -------------------------------------------------------------------
                         slack                                 -2.955    

Slack (VIOLATED) :        -2.955ns  (required time - arrival time)
  Source:                 ap_CS_fsm_reg[28]/C
                            (rising edge-triggered cell FDRE clocked by ap_clk  {rise@0.000ns fall@5.000ns period=10.000ns})
  Destination:            add_ln703_18_reg_7144_reg/C[23]
                            (rising edge-triggered cell DSP48E1 clocked by ap_clk  {rise@0.000ns fall@5.000ns period=10.000ns})
  Path Group:             ap_clk
  Path Type:              Setup (Max at Slow Process Corner)
  Requirement:            10.000ns  (ap_clk rise@10.000ns - ap_clk rise@0.000ns)
  Data Path Delay:        12.542ns  (logic 6.947ns (55.389%)  route 5.595ns (44.611%))
  Logic Levels:           8  (DSP48E1=2 LUT3=1 LUT6=5)
  Clock Path Skew:        -0.145ns (DCD - SCD + CPR)
    Destination Clock Delay (DCD):    2.128ns = ( 12.128 - 10.000 ) 
    Source Clock Delay      (SCD):    2.456ns
    Clock Pessimism Removal (CPR):    0.184ns
  Clock Uncertainty:      0.035ns  ((TSJ^2 + TIJ^2)^1/2 + DJ) / 2 + PE
    Total System Jitter     (TSJ):    0.071ns
    Total Input Jitter      (TIJ):    0.000ns
    Discrete Jitter          (DJ):    0.000ns
    Phase Error              (PE):    0.000ns

    Location             Delay type                Incr(ns)  Path(ns)    Netlist Resource(s)
  -------------------------------------------------------------------    -------------------
                         (clock ap_clk rise edge)     0.000     0.000 r  
                                                      0.000     0.000 r  ap_clk (IN)
                         net (fo=0)                   0.000     0.000    ap_clk
                         IBUF (Prop_ibuf_I_O)         0.972     0.972 r  ap_clk_IBUF_inst/O
                         net (fo=1, unplaced)         0.800     1.771    ap_clk_IBUF
                         BUFG (Prop_bufg_I_O)         0.101     1.872 r  ap_clk_IBUF_BUFG_inst/O
                         net (fo=4156, unplaced)      0.584     2.456    ap_clk_IBUF_BUFG
                         FDRE                                         r  ap_CS_fsm_reg[28]/C
  -------------------------------------------------------------------    -------------------
                         FDRE (Prop_fdre_C_Q)         0.478     2.934 f  ap_CS_fsm_reg[28]/Q
                         net (fo=101, unplaced)       0.841     3.775    FIR_COEFFS_V_U/fir_multiband_FIR_COEFFS_V_rom_U/add_ln703_42_reg_7078_reg_0[12]
                         LUT3 (Prop_lut3_I0_O)        0.295     4.070 f  FIR_COEFFS_V_U/fir_multiband_FIR_COEFFS_V_rom_U/q2_reg_i_34/O
                         net (fo=14, unplaced)        0.953     5.023    mul_26s_24s_47_1_1_U4/fir_multiband_mul_26s_24s_47_1_1_Multiplier_1_U/p_i_69__0_0
                         LUT6 (Prop_lut6_I2_O)        0.124     5.147 r  mul_26s_24s_47_1_1_U4/fir_multiband_mul_26s_24s_47_1_1_Multiplier_1_U/p_i_124__0/O
                         net (fo=1, unplaced)         0.449     5.596    mul_26s_24s_47_1_1_U4/fir_multiband_mul_26s_24s_47_1_1_Multiplier_1_U/p_i_124__0_n_0
                         LUT6 (Prop_lut6_I0_O)        0.124     5.720 r  mul_26s_24s_47_1_1_U4/fir_multiband_mul_26s_24s_47_1_1_Multiplier_1_U/p_i_109__1/O
                         net (fo=1, unplaced)         0.449     6.169    mul_26s_24s_47_1_1_U4/fir_multiband_mul_26s_24s_47_1_1_Multiplier_1_U/p_i_109__1_n_0
                         LUT6 (Prop_lut6_I0_O)        0.124     6.293 r  mul_26s_24s_47_1_1_U4/fir_multiband_mul_26s_24s_47_1_1_Multiplier_1_U/p_i_65__0/O
                         net (fo=1, unplaced)         0.449     6.742    mul_26s_24s_47_1_1_U4/fir_multiband_mul_26s_24s_47_1_1_Multiplier_1_U/p_i_65__0_n_0
                         LUT6 (Prop_lut6_I0_O)        0.124     6.866 r  mul_26s_24s_47_1_1_U4/fir_multiband_mul_26s_24s_47_1_1_Multiplier_1_U/p_i_31/O
                         net (fo=2, unplaced)         0.800     7.666    mul_26s_24s_47_1_1_U4/fir_multiband_mul_26s_24s_47_1_1_Multiplier_1_U/p_i_31_n_0
                         DSP48E1 (Prop_dsp48e1_A[3]_PCOUT[47])
                                                      4.036    11.702 r  mul_26s_24s_47_1_1_U4/fir_multiband_mul_26s_24s_47_1_1_Multiplier_1_U/p/PCOUT[47]
                         net (fo=1, unplaced)         0.055    11.757    mul_26s_24s_47_1_1_U4/fir_multiband_mul_26s_24s_47_1_1_Multiplier_1_U/p_n_106
                         DSP48E1 (Prop_dsp48e1_PCIN[47]_P[6])
                                                      1.518    13.275 r  mul_26s_24s_47_1_1_U4/fir_multiband_mul_26s_24s_47_1_1_Multiplier_1_U/p__0/P[6]
                         net (fo=9, unplaced)         0.800    14.075    mul_18s_16s_34_1_1_U5/fir_multiband_mul_18s_16s_34_1_1_Multiplier_0_U/P[6]
                         LUT6 (Prop_lut6_I3_O)        0.124    14.199 r  mul_18s_16s_34_1_1_U5/fir_multiband_mul_18s_16s_34_1_1_Multiplier_0_U/reg_1912[23]_i_1/O
                         net (fo=5, unplaced)         0.800    14.999    mul_18s_16s_34_1_1_U5_n_62
                         DSP48E1                                      r  add_ln703_18_reg_7144_reg/C[23]
  -------------------------------------------------------------------    -------------------

                         (clock ap_clk rise edge)    10.000    10.000 r  
                                                      0.000    10.000 r  ap_clk (IN)
                         net (fo=0)                   0.000    10.000    ap_clk
                         IBUF (Prop_ibuf_I_O)         0.838    10.838 r  ap_clk_IBUF_inst/O
                         net (fo=1, unplaced)         0.760    11.598    ap_clk_IBUF
                         BUFG (Prop_bufg_I_O)         0.091    11.689 r  ap_clk_IBUF_BUFG_inst/O
                         net (fo=4156, unplaced)      0.439    12.128    ap_clk_IBUF_BUFG
                         DSP48E1                                      r  add_ln703_18_reg_7144_reg/CLK
                         clock pessimism              0.184    12.311    
                         clock uncertainty           -0.035    12.276    
                         DSP48E1 (Setup_dsp48e1_CLK_C[23])
                                                     -0.233    12.043    add_ln703_18_reg_7144_reg
  -------------------------------------------------------------------
                         required time                         12.043    
                         arrival time                         -14.999    
  -------------------------------------------------------------------
                         slack                                 -2.955    

Slack (VIOLATED) :        -2.955ns  (required time - arrival time)
  Source:                 ap_CS_fsm_reg[28]/C
                            (rising edge-triggered cell FDRE clocked by ap_clk  {rise@0.000ns fall@5.000ns period=10.000ns})
  Destination:            add_ln703_18_reg_7144_reg/C[24]
                            (rising edge-triggered cell DSP48E1 clocked by ap_clk  {rise@0.000ns fall@5.000ns period=10.000ns})
  Path Group:             ap_clk
  Path Type:              Setup (Max at Slow Process Corner)
  Requirement:            10.000ns  (ap_clk rise@10.000ns - ap_clk rise@0.000ns)
  Data Path Delay:        12.542ns  (logic 6.947ns (55.389%)  route 5.595ns (44.611%))
  Logic Levels:           8  (DSP48E1=2 LUT3=1 LUT6=5)
  Clock Path Skew:        -0.145ns (DCD - SCD + CPR)
    Destination Clock Delay (DCD):    2.128ns = ( 12.128 - 10.000 ) 
    Source Clock Delay      (SCD):    2.456ns
    Clock Pessimism Removal (CPR):    0.184ns
  Clock Uncertainty:      0.035ns  ((TSJ^2 + TIJ^2)^1/2 + DJ) / 2 + PE
    Total System Jitter     (TSJ):    0.071ns
    Total Input Jitter      (TIJ):    0.000ns
    Discrete Jitter          (DJ):    0.000ns
    Phase Error              (PE):    0.000ns

    Location             Delay type                Incr(ns)  Path(ns)    Netlist Resource(s)
  -------------------------------------------------------------------    -------------------
                         (clock ap_clk rise edge)     0.000     0.000 r  
                                                      0.000     0.000 r  ap_clk (IN)
                         net (fo=0)                   0.000     0.000    ap_clk
                         IBUF (Prop_ibuf_I_O)         0.972     0.972 r  ap_clk_IBUF_inst/O
                         net (fo=1, unplaced)         0.800     1.771    ap_clk_IBUF
                         BUFG (Prop_bufg_I_O)         0.101     1.872 r  ap_clk_IBUF_BUFG_inst/O
                         net (fo=4156, unplaced)      0.584     2.456    ap_clk_IBUF_BUFG
                         FDRE                                         r  ap_CS_fsm_reg[28]/C
  -------------------------------------------------------------------    -------------------
                         FDRE (Prop_fdre_C_Q)         0.478     2.934 f  ap_CS_fsm_reg[28]/Q
                         net (fo=101, unplaced)       0.841     3.775    FIR_COEFFS_V_U/fir_multiband_FIR_COEFFS_V_rom_U/add_ln703_42_reg_7078_reg_0[12]
                         LUT3 (Prop_lut3_I0_O)        0.295     4.070 f  FIR_COEFFS_V_U/fir_multiband_FIR_COEFFS_V_rom_U/q2_reg_i_34/O
                         net (fo=14, unplaced)        0.953     5.023    mul_26s_24s_47_1_1_U4/fir_multiband_mul_26s_24s_47_1_1_Multiplier_1_U/p_i_69__0_0
                         LUT6 (Prop_lut6_I2_O)        0.124     5.147 r  mul_26s_24s_47_1_1_U4/fir_multiband_mul_26s_24s_47_1_1_Multiplier_1_U/p_i_124__0/O
                         net (fo=1, unplaced)         0.449     5.596    mul_26s_24s_47_1_1_U4/fir_multiband_mul_26s_24s_47_1_1_Multiplier_1_U/p_i_124__0_n_0
                         LUT6 (Prop_lut6_I0_O)        0.124     5.720 r  mul_26s_24s_47_1_1_U4/fir_multiband_mul_26s_24s_47_1_1_Multiplier_1_U/p_i_109__1/O
                         net (fo=1, unplaced)         0.449     6.169    mul_26s_24s_47_1_1_U4/fir_multiband_mul_26s_24s_47_1_1_Multiplier_1_U/p_i_109__1_n_0
                         LUT6 (Prop_lut6_I0_O)        0.124     6.293 r  mul_26s_24s_47_1_1_U4/fir_multiband_mul_26s_24s_47_1_1_Multiplier_1_U/p_i_65__0/O
                         net (fo=1, unplaced)         0.449     6.742    mul_26s_24s_47_1_1_U4/fir_multiband_mul_26s_24s_47_1_1_Multiplier_1_U/p_i_65__0_n_0
                         LUT6 (Prop_lut6_I0_O)        0.124     6.866 r  mul_26s_24s_47_1_1_U4/fir_multiband_mul_26s_24s_47_1_1_Multiplier_1_U/p_i_31/O
                         net (fo=2, unplaced)         0.800     7.666    mul_26s_24s_47_1_1_U4/fir_multiband_mul_26s_24s_47_1_1_Multiplier_1_U/p_i_31_n_0
                         DSP48E1 (Prop_dsp48e1_A[3]_PCOUT[47])
                                                      4.036    11.702 r  mul_26s_24s_47_1_1_U4/fir_multiband_mul_26s_24s_47_1_1_Multiplier_1_U/p/PCOUT[47]
                         net (fo=1, unplaced)         0.055    11.757    mul_26s_24s_47_1_1_U4/fir_multiband_mul_26s_24s_47_1_1_Multiplier_1_U/p_n_106
                         DSP48E1 (Prop_dsp48e1_PCIN[47]_P[7])
                                                      1.518    13.275 r  mul_26s_24s_47_1_1_U4/fir_multiband_mul_26s_24s_47_1_1_Multiplier_1_U/p__0/P[7]
                         net (fo=9, unplaced)         0.800    14.075    mul_18s_16s_34_1_1_U5/fir_multiband_mul_18s_16s_34_1_1_Multiplier_0_U/P[7]
                         LUT6 (Prop_lut6_I3_O)        0.124    14.199 r  mul_18s_16s_34_1_1_U5/fir_multiband_mul_18s_16s_34_1_1_Multiplier_0_U/reg_1912[24]_i_1/O
                         net (fo=5, unplaced)         0.800    14.999    mul_18s_16s_34_1_1_U5_n_61
                         DSP48E1                                      r  add_ln703_18_reg_7144_reg/C[24]
  -------------------------------------------------------------------    -------------------

                         (clock ap_clk rise edge)    10.000    10.000 r  
                                                      0.000    10.000 r  ap_clk (IN)
                         net (fo=0)                   0.000    10.000    ap_clk
                         IBUF (Prop_ibuf_I_O)         0.838    10.838 r  ap_clk_IBUF_inst/O
                         net (fo=1, unplaced)         0.760    11.598    ap_clk_IBUF
                         BUFG (Prop_bufg_I_O)         0.091    11.689 r  ap_clk_IBUF_BUFG_inst/O
                         net (fo=4156, unplaced)      0.439    12.128    ap_clk_IBUF_BUFG
                         DSP48E1                                      r  add_ln703_18_reg_7144_reg/CLK
                         clock pessimism              0.184    12.311    
                         clock uncertainty           -0.035    12.276    
                         DSP48E1 (Setup_dsp48e1_CLK_C[24])
                                                     -0.233    12.043    add_ln703_18_reg_7144_reg
  -------------------------------------------------------------------
                         required time                         12.043    
                         arrival time                         -14.999    
  -------------------------------------------------------------------
                         slack                                 -2.955    

Slack (VIOLATED) :        -2.955ns  (required time - arrival time)
  Source:                 ap_CS_fsm_reg[28]/C
                            (rising edge-triggered cell FDRE clocked by ap_clk  {rise@0.000ns fall@5.000ns period=10.000ns})
  Destination:            add_ln703_18_reg_7144_reg/C[25]
                            (rising edge-triggered cell DSP48E1 clocked by ap_clk  {rise@0.000ns fall@5.000ns period=10.000ns})
  Path Group:             ap_clk
  Path Type:              Setup (Max at Slow Process Corner)
  Requirement:            10.000ns  (ap_clk rise@10.000ns - ap_clk rise@0.000ns)
  Data Path Delay:        12.542ns  (logic 6.947ns (55.389%)  route 5.595ns (44.611%))
  Logic Levels:           8  (DSP48E1=2 LUT3=1 LUT6=5)
  Clock Path Skew:        -0.145ns (DCD - SCD + CPR)
    Destination Clock Delay (DCD):    2.128ns = ( 12.128 - 10.000 ) 
    Source Clock Delay      (SCD):    2.456ns
    Clock Pessimism Removal (CPR):    0.184ns
  Clock Uncertainty:      0.035ns  ((TSJ^2 + TIJ^2)^1/2 + DJ) / 2 + PE
    Total System Jitter     (TSJ):    0.071ns
    Total Input Jitter      (TIJ):    0.000ns
    Discrete Jitter          (DJ):    0.000ns
    Phase Error              (PE):    0.000ns

    Location             Delay type                Incr(ns)  Path(ns)    Netlist Resource(s)
  -------------------------------------------------------------------    -------------------
                         (clock ap_clk rise edge)     0.000     0.000 r  
                                                      0.000     0.000 r  ap_clk (IN)
                         net (fo=0)                   0.000     0.000    ap_clk
                         IBUF (Prop_ibuf_I_O)         0.972     0.972 r  ap_clk_IBUF_inst/O
                         net (fo=1, unplaced)         0.800     1.771    ap_clk_IBUF
                         BUFG (Prop_bufg_I_O)         0.101     1.872 r  ap_clk_IBUF_BUFG_inst/O
                         net (fo=4156, unplaced)      0.584     2.456    ap_clk_IBUF_BUFG
                         FDRE                                         r  ap_CS_fsm_reg[28]/C
  -------------------------------------------------------------------    -------------------
                         FDRE (Prop_fdre_C_Q)         0.478     2.934 f  ap_CS_fsm_reg[28]/Q
                         net (fo=101, unplaced)       0.841     3.775    FIR_COEFFS_V_U/fir_multiband_FIR_COEFFS_V_rom_U/add_ln703_42_reg_7078_reg_0[12]
                         LUT3 (Prop_lut3_I0_O)        0.295     4.070 f  FIR_COEFFS_V_U/fir_multiband_FIR_COEFFS_V_rom_U/q2_reg_i_34/O
                         net (fo=14, unplaced)        0.953     5.023    mul_26s_24s_47_1_1_U4/fir_multiband_mul_26s_24s_47_1_1_Multiplier_1_U/p_i_69__0_0
                         LUT6 (Prop_lut6_I2_O)        0.124     5.147 r  mul_26s_24s_47_1_1_U4/fir_multiband_mul_26s_24s_47_1_1_Multiplier_1_U/p_i_124__0/O
                         net (fo=1, unplaced)         0.449     5.596    mul_26s_24s_47_1_1_U4/fir_multiband_mul_26s_24s_47_1_1_Multiplier_1_U/p_i_124__0_n_0
                         LUT6 (Prop_lut6_I0_O)        0.124     5.720 r  mul_26s_24s_47_1_1_U4/fir_multiband_mul_26s_24s_47_1_1_Multiplier_1_U/p_i_109__1/O
                         net (fo=1, unplaced)         0.449     6.169    mul_26s_24s_47_1_1_U4/fir_multiband_mul_26s_24s_47_1_1_Multiplier_1_U/p_i_109__1_n_0
                         LUT6 (Prop_lut6_I0_O)        0.124     6.293 r  mul_26s_24s_47_1_1_U4/fir_multiband_mul_26s_24s_47_1_1_Multiplier_1_U/p_i_65__0/O
                         net (fo=1, unplaced)         0.449     6.742    mul_26s_24s_47_1_1_U4/fir_multiband_mul_26s_24s_47_1_1_Multiplier_1_U/p_i_65__0_n_0
                         LUT6 (Prop_lut6_I0_O)        0.124     6.866 r  mul_26s_24s_47_1_1_U4/fir_multiband_mul_26s_24s_47_1_1_Multiplier_1_U/p_i_31/O
                         net (fo=2, unplaced)         0.800     7.666    mul_26s_24s_47_1_1_U4/fir_multiband_mul_26s_24s_47_1_1_Multiplier_1_U/p_i_31_n_0
                         DSP48E1 (Prop_dsp48e1_A[3]_PCOUT[47])
                                                      4.036    11.702 r  mul_26s_24s_47_1_1_U4/fir_multiband_mul_26s_24s_47_1_1_Multiplier_1_U/p/PCOUT[47]
                         net (fo=1, unplaced)         0.055    11.757    mul_26s_24s_47_1_1_U4/fir_multiband_mul_26s_24s_47_1_1_Multiplier_1_U/p_n_106
                         DSP48E1 (Prop_dsp48e1_PCIN[47]_P[8])
                                                      1.518    13.275 r  mul_26s_24s_47_1_1_U4/fir_multiband_mul_26s_24s_47_1_1_Multiplier_1_U/p__0/P[8]
                         net (fo=9, unplaced)         0.800    14.075    mul_18s_16s_34_1_1_U5/fir_multiband_mul_18s_16s_34_1_1_Multiplier_0_U/P[8]
                         LUT6 (Prop_lut6_I3_O)        0.124    14.199 r  mul_18s_16s_34_1_1_U5/fir_multiband_mul_18s_16s_34_1_1_Multiplier_0_U/reg_1912[25]_i_1/O
                         net (fo=5, unplaced)         0.800    14.999    mul_18s_16s_34_1_1_U5_n_60
                         DSP48E1                                      r  add_ln703_18_reg_7144_reg/C[25]
  -------------------------------------------------------------------    -------------------

                         (clock ap_clk rise edge)    10.000    10.000 r  
                                                      0.000    10.000 r  ap_clk (IN)
                         net (fo=0)                   0.000    10.000    ap_clk
                         IBUF (Prop_ibuf_I_O)         0.838    10.838 r  ap_clk_IBUF_inst/O
                         net (fo=1, unplaced)         0.760    11.598    ap_clk_IBUF
                         BUFG (Prop_bufg_I_O)         0.091    11.689 r  ap_clk_IBUF_BUFG_inst/O
                         net (fo=4156, unplaced)      0.439    12.128    ap_clk_IBUF_BUFG
                         DSP48E1                                      r  add_ln703_18_reg_7144_reg/CLK
                         clock pessimism              0.184    12.311    
                         clock uncertainty           -0.035    12.276    
                         DSP48E1 (Setup_dsp48e1_CLK_C[25])
                                                     -0.233    12.043    add_ln703_18_reg_7144_reg
  -------------------------------------------------------------------
                         required time                         12.043    
                         arrival time                         -14.999    
  -------------------------------------------------------------------
                         slack                                 -2.955    

Slack (VIOLATED) :        -2.955ns  (required time - arrival time)
  Source:                 ap_CS_fsm_reg[28]/C
                            (rising edge-triggered cell FDRE clocked by ap_clk  {rise@0.000ns fall@5.000ns period=10.000ns})
  Destination:            add_ln703_18_reg_7144_reg/C[26]
                            (rising edge-triggered cell DSP48E1 clocked by ap_clk  {rise@0.000ns fall@5.000ns period=10.000ns})
  Path Group:             ap_clk
  Path Type:              Setup (Max at Slow Process Corner)
  Requirement:            10.000ns  (ap_clk rise@10.000ns - ap_clk rise@0.000ns)
  Data Path Delay:        12.542ns  (logic 6.947ns (55.389%)  route 5.595ns (44.611%))
  Logic Levels:           8  (DSP48E1=2 LUT3=1 LUT6=5)
  Clock Path Skew:        -0.145ns (DCD - SCD + CPR)
    Destination Clock Delay (DCD):    2.128ns = ( 12.128 - 10.000 ) 
    Source Clock Delay      (SCD):    2.456ns
    Clock Pessimism Removal (CPR):    0.184ns
  Clock Uncertainty:      0.035ns  ((TSJ^2 + TIJ^2)^1/2 + DJ) / 2 + PE
    Total System Jitter     (TSJ):    0.071ns
    Total Input Jitter      (TIJ):    0.000ns
    Discrete Jitter          (DJ):    0.000ns
    Phase Error              (PE):    0.000ns

    Location             Delay type                Incr(ns)  Path(ns)    Netlist Resource(s)
  -------------------------------------------------------------------    -------------------
                         (clock ap_clk rise edge)     0.000     0.000 r  
                                                      0.000     0.000 r  ap_clk (IN)
                         net (fo=0)                   0.000     0.000    ap_clk
                         IBUF (Prop_ibuf_I_O)         0.972     0.972 r  ap_clk_IBUF_inst/O
                         net (fo=1, unplaced)         0.800     1.771    ap_clk_IBUF
                         BUFG (Prop_bufg_I_O)         0.101     1.872 r  ap_clk_IBUF_BUFG_inst/O
                         net (fo=4156, unplaced)      0.584     2.456    ap_clk_IBUF_BUFG
                         FDRE                                         r  ap_CS_fsm_reg[28]/C
  -------------------------------------------------------------------    -------------------
                         FDRE (Prop_fdre_C_Q)         0.478     2.934 f  ap_CS_fsm_reg[28]/Q
                         net (fo=101, unplaced)       0.841     3.775    FIR_COEFFS_V_U/fir_multiband_FIR_COEFFS_V_rom_U/add_ln703_42_reg_7078_reg_0[12]
                         LUT3 (Prop_lut3_I0_O)        0.295     4.070 f  FIR_COEFFS_V_U/fir_multiband_FIR_COEFFS_V_rom_U/q2_reg_i_34/O
                         net (fo=14, unplaced)        0.953     5.023    mul_26s_24s_47_1_1_U4/fir_multiband_mul_26s_24s_47_1_1_Multiplier_1_U/p_i_69__0_0
                         LUT6 (Prop_lut6_I2_O)        0.124     5.147 r  mul_26s_24s_47_1_1_U4/fir_multiband_mul_26s_24s_47_1_1_Multiplier_1_U/p_i_124__0/O
                         net (fo=1, unplaced)         0.449     5.596    mul_26s_24s_47_1_1_U4/fir_multiband_mul_26s_24s_47_1_1_Multiplier_1_U/p_i_124__0_n_0
                         LUT6 (Prop_lut6_I0_O)        0.124     5.720 r  mul_26s_24s_47_1_1_U4/fir_multiband_mul_26s_24s_47_1_1_Multiplier_1_U/p_i_109__1/O
                         net (fo=1, unplaced)         0.449     6.169    mul_26s_24s_47_1_1_U4/fir_multiband_mul_26s_24s_47_1_1_Multiplier_1_U/p_i_109__1_n_0
                         LUT6 (Prop_lut6_I0_O)        0.124     6.293 r  mul_26s_24s_47_1_1_U4/fir_multiband_mul_26s_24s_47_1_1_Multiplier_1_U/p_i_65__0/O
                         net (fo=1, unplaced)         0.449     6.742    mul_26s_24s_47_1_1_U4/fir_multiband_mul_26s_24s_47_1_1_Multiplier_1_U/p_i_65__0_n_0
                         LUT6 (Prop_lut6_I0_O)        0.124     6.866 r  mul_26s_24s_47_1_1_U4/fir_multiband_mul_26s_24s_47_1_1_Multiplier_1_U/p_i_31/O
                         net (fo=2, unplaced)         0.800     7.666    mul_26s_24s_47_1_1_U4/fir_multiband_mul_26s_24s_47_1_1_Multiplier_1_U/p_i_31_n_0
                         DSP48E1 (Prop_dsp48e1_A[3]_PCOUT[47])
                                                      4.036    11.702 r  mul_26s_24s_47_1_1_U4/fir_multiband_mul_26s_24s_47_1_1_Multiplier_1_U/p/PCOUT[47]
                         net (fo=1, unplaced)         0.055    11.757    mul_26s_24s_47_1_1_U4/fir_multiband_mul_26s_24s_47_1_1_Multiplier_1_U/p_n_106
                         DSP48E1 (Prop_dsp48e1_PCIN[47]_P[9])
                                                      1.518    13.275 r  mul_26s_24s_47_1_1_U4/fir_multiband_mul_26s_24s_47_1_1_Multiplier_1_U/p__0/P[9]
                         net (fo=9, unplaced)         0.800    14.075    mul_18s_16s_34_1_1_U5/fir_multiband_mul_18s_16s_34_1_1_Multiplier_0_U/P[9]
                         LUT6 (Prop_lut6_I3_O)        0.124    14.199 r  mul_18s_16s_34_1_1_U5/fir_multiband_mul_18s_16s_34_1_1_Multiplier_0_U/reg_1912[26]_i_1/O
                         net (fo=5, unplaced)         0.800    14.999    mul_18s_16s_34_1_1_U5_n_59
                         DSP48E1                                      r  add_ln703_18_reg_7144_reg/C[26]
  -------------------------------------------------------------------    -------------------

                         (clock ap_clk rise edge)    10.000    10.000 r  
                                                      0.000    10.000 r  ap_clk (IN)
                         net (fo=0)                   0.000    10.000    ap_clk
                         IBUF (Prop_ibuf_I_O)         0.838    10.838 r  ap_clk_IBUF_inst/O
                         net (fo=1, unplaced)         0.760    11.598    ap_clk_IBUF
                         BUFG (Prop_bufg_I_O)         0.091    11.689 r  ap_clk_IBUF_BUFG_inst/O
                         net (fo=4156, unplaced)      0.439    12.128    ap_clk_IBUF_BUFG
                         DSP48E1                                      r  add_ln703_18_reg_7144_reg/CLK
                         clock pessimism              0.184    12.311    
                         clock uncertainty           -0.035    12.276    
                         DSP48E1 (Setup_dsp48e1_CLK_C[26])
                                                     -0.233    12.043    add_ln703_18_reg_7144_reg
  -------------------------------------------------------------------
                         required time                         12.043    
                         arrival time                         -14.999    
  -------------------------------------------------------------------
                         slack                                 -2.955    





Pulse Width Checks
--------------------------------------------------------------------------------------
Clock Name:         ap_clk
Waveform(ns):       { 0.000 5.000 }
Period(ns):         10.000
Sources:            { ap_clk }

Check Type        Corner  Lib Pin             Reference Pin  Required(ns)  Actual(ns)  Slack(ns)  Location  Pin
Min Period        n/a     DSP48E1/CLK         n/a            3.884         10.000      6.116                mul_47ns_24s_71_5_1_U6/fir_multiband_mul_47ns_24s_71_5_1_Multiplier_2_U/buff0_reg/CLK
Min Period        n/a     RAMB18E1/CLKARDCLK  n/a            2.944         10.000      7.056                hist_V_0_U/fir_multiband_hist_V_0_ram_U/ram_reg/CLKARDCLK
Min Period        n/a     RAMB18E1/CLKBWRCLK  n/a            2.944         10.000      7.056                hist_V_0_U/fir_multiband_hist_V_0_ram_U/ram_reg/CLKBWRCLK
Min Period        n/a     RAMB18E1/CLKARDCLK  n/a            2.576         10.000      7.424                FIR_COEFFS_V_U/fir_multiband_FIR_COEFFS_V_rom_U/q2_reg/CLKARDCLK
Min Period        n/a     RAMB18E1/CLKBWRCLK  n/a            2.576         10.000      7.424                FIR_COEFFS_V_U/fir_multiband_FIR_COEFFS_V_rom_U/q2_reg/CLKBWRCLK
Min Period        n/a     RAMB18E1/CLKARDCLK  n/a            2.576         10.000      7.424                FIR_COEFFS_V_U/fir_multiband_FIR_COEFFS_V_rom_U/q3_reg/CLKARDCLK
Min Period        n/a     RAMB18E1/CLKBWRCLK  n/a            2.576         10.000      7.424                FIR_COEFFS_V_U/fir_multiband_FIR_COEFFS_V_rom_U/q3_reg/CLKBWRCLK
Min Period        n/a     RAMB18E1/CLKARDCLK  n/a            2.576         10.000      7.424                FIR_COEFFS_V_U/fir_multiband_FIR_COEFFS_V_rom_U/q4_reg/CLKARDCLK
Min Period        n/a     BUFG/I              n/a            2.155         10.000      7.845                ap_clk_IBUF_BUFG_inst/I
Min Period        n/a     DSP48E1/CLK         n/a            2.154         10.000      7.846                add_ln703_35_reg_6963_reg/CLK
Low Pulse Width   Slow    RAMD32/CLK          n/a            1.250         5.000       3.750                hist_V_1_U/fir_multiband_hist_V_1_ram_U/ram_reg_0_15_0_0/DP/CLK
Low Pulse Width   Slow    RAMD32/CLK          n/a            1.250         5.000       3.750                hist_V_1_U/fir_multiband_hist_V_1_ram_U/ram_reg_0_15_0_0/SP/CLK
Low Pulse Width   Slow    RAMD32/CLK          n/a            1.250         5.000       3.750                hist_V_1_U/fir_multiband_hist_V_1_ram_U/ram_reg_0_15_10_10/DP/CLK
Low Pulse Width   Slow    RAMD32/CLK          n/a            1.250         5.000       3.750                hist_V_1_U/fir_multiband_hist_V_1_ram_U/ram_reg_0_15_10_10/SP/CLK
Low Pulse Width   Slow    RAMD32/CLK          n/a            1.250         5.000       3.750                hist_V_1_U/fir_multiband_hist_V_1_ram_U/ram_reg_0_15_11_11/DP/CLK
Low Pulse Width   Slow    RAMD32/CLK          n/a            1.250         5.000       3.750                hist_V_1_U/fir_multiband_hist_V_1_ram_U/ram_reg_0_15_11_11/SP/CLK
Low Pulse Width   Slow    RAMD32/CLK          n/a            1.250         5.000       3.750                hist_V_1_U/fir_multiband_hist_V_1_ram_U/ram_reg_0_15_12_12/DP/CLK
Low Pulse Width   Slow    RAMD32/CLK          n/a            1.250         5.000       3.750                hist_V_1_U/fir_multiband_hist_V_1_ram_U/ram_reg_0_15_12_12/SP/CLK
Low Pulse Width   Slow    RAMD32/CLK          n/a            1.250         5.000       3.750                hist_V_1_U/fir_multiband_hist_V_1_ram_U/ram_reg_0_15_13_13/DP/CLK
Low Pulse Width   Slow    RAMD32/CLK          n/a            1.250         5.000       3.750                hist_V_1_U/fir_multiband_hist_V_1_ram_U/ram_reg_0_15_13_13/SP/CLK
High Pulse Width  Slow    RAMD32/CLK          n/a            1.250         5.000       3.750                hist_V_1_U/fir_multiband_hist_V_1_ram_U/ram_reg_0_15_0_0/DP/CLK
High Pulse Width  Fast    RAMD32/CLK          n/a            1.250         5.000       3.750                hist_V_1_U/fir_multiband_hist_V_1_ram_U/ram_reg_0_15_0_0/DP/CLK
High Pulse Width  Slow    RAMD32/CLK          n/a            1.250         5.000       3.750                hist_V_1_U/fir_multiband_hist_V_1_ram_U/ram_reg_0_15_0_0/SP/CLK
High Pulse Width  Fast    RAMD32/CLK          n/a            1.250         5.000       3.750                hist_V_1_U/fir_multiband_hist_V_1_ram_U/ram_reg_0_15_0_0/SP/CLK
High Pulse Width  Slow    RAMD32/CLK          n/a            1.250         5.000       3.750                hist_V_1_U/fir_multiband_hist_V_1_ram_U/ram_reg_0_15_10_10/DP/CLK
High Pulse Width  Fast    RAMD32/CLK          n/a            1.250         5.000       3.750                hist_V_1_U/fir_multiband_hist_V_1_ram_U/ram_reg_0_15_10_10/DP/CLK
High Pulse Width  Slow    RAMD32/CLK          n/a            1.250         5.000       3.750                hist_V_1_U/fir_multiband_hist_V_1_ram_U/ram_reg_0_15_10_10/SP/CLK
High Pulse Width  Fast    RAMD32/CLK          n/a            1.250         5.000       3.750                hist_V_1_U/fir_multiband_hist_V_1_ram_U/ram_reg_0_15_10_10/SP/CLK
High Pulse Width  Slow    RAMD32/CLK          n/a            1.250         5.000       3.750                hist_V_1_U/fir_multiband_hist_V_1_ram_U/ram_reg_0_15_11_11/DP/CLK
High Pulse Width  Fast    RAMD32/CLK          n/a            1.250         5.000       3.750                hist_V_1_U/fir_multiband_hist_V_1_ram_U/ram_reg_0_15_11_11/DP/CLK



