

================================================================
== Vitis HLS Report for 'fir_multiband'
================================================================
* Date:           Wed Oct  7 19:19:54 2026

* Version:        2020.2 (Build 3064766 on Wed Nov 18 09:12:45 MST 2020)
* Project:        synth_proj
* Solution:       solution1 (Vivado IP Flow Target)
* Product family: zynq
* Target device:  xc7z020-clg400-1


================================================================
== Performance Estimates
================================================================
+ Timing: 
    * Summary: 
    +--------+----------+----------+------------+
    |  Clock |  Target  | Estimated| Uncertainty|
    +--------+----------+----------+------------+
    |ap_clk  |  10.00 ns|  6.965 ns|     2.70 ns|
    +--------+----------+----------+------------+

+ Latency: 
    * Summary: 
    +---------+---------+----------+----------+-----+-----+---------+
    |  Latency (cycles) |  Latency (absolute) |  Interval | Pipeline|
    |   min   |   max   |    min   |    max   | min | max |   Type  |
    +---------+---------+----------+----------+-----+-----+---------+
    |        ?|        ?|         ?|         ?|    ?|    ?|     none|
    +---------+---------+----------+----------+-----+-----+---------+

    + Detail: 
        * Instance: 
        N/A

        * Loop: 
        +----------------------+---------+---------+----------+-----------+-----------+------+----------+
        |                      |  Latency (cycles) | Iteration|  Initiation Interval  | Trip |          |
        |       Loop Name      |   min   |   max   |  Latency |  achieved |   target  | Count| Pipelined|
        +----------------------+---------+---------+----------+-----------+-----------+------+----------+
        |- VITIS_LOOP_263_3    |        ?|        ?|       449|          -|          -|     ?|        no|
        | + VITIS_LOOP_280_4   |      398|      398|        13|          2|          1|   194|       yes|
        | + VITIS_LOOP_291_5   |       11|       11|        10|          1|          1|     3|       yes|
        | + VITIS_LOOP_366_10  |       12|       12|        10|          1|          1|     4|       yes|
        +----------------------+---------+---------+----------+-----------+-----------+------+----------+



================================================================
== Utilization Estimates
================================================================
* Summary: 
+-----------------+---------+-----+--------+-------+-----+
|       Name      | BRAM_18K| DSP |   FF   |  LUT  | URAM|
+-----------------+---------+-----+--------+-------+-----+
|DSP              |        -|  195|       -|      -|    -|
|Expression       |        -|    -|       0|   6278|    -|
|FIFO             |        -|    -|       -|      -|    -|
|Instance         |        -|    2|     529|    468|    -|
|Memory           |      194|    -|     160|     50|    -|
|Multiplexer      |        -|    -|       -|   2130|    -|
|Register         |        -|    -|   12227|    320|    -|
+-----------------+---------+-----+--------+-------+-----+
|Total            |      194|  197|   12916|   9246|    0|
+-----------------+---------+-----+--------+-------+-----+
|Available        |      280|  220|  106400|  53200|    0|
+-----------------+---------+-----+--------+-------+-----+
|Utilization (%)  |       69|   89|      12|     17|    0|
+-----------------+---------+-----+--------+-------+-----+

+ Detail: 
    * Instance: 
    +------------------------+---------------------+---------+----+-----+-----+-----+
    |        Instance        |        Module       | BRAM_18K| DSP|  FF | LUT | URAM|
    +------------------------+---------------------+---------+----+-----+-----+-----+
    |mul_25s_24s_49_1_1_U8   |mul_25s_24s_49_1_1   |        0|   1|    0|   47|    0|
    |mul_49s_24s_72_5_1_U9   |mul_49s_24s_72_5_1   |        0|   1|  334|   84|    0|
    |mul_8ns_10ns_17_1_1_U2  |mul_8ns_10ns_17_1_1  |        0|   0|    0|   63|    0|
    |mul_8ns_10ns_17_1_1_U3  |mul_8ns_10ns_17_1_1  |        0|   0|    0|   63|    0|
    |mux_42_24_1_1_U6        |mux_42_24_1_1        |        0|   0|    0|   20|    0|
    |mux_42_24_1_1_U7        |mux_42_24_1_1        |        0|   0|    0|   20|    0|
    |mux_42_40_1_1_U5        |mux_42_40_1_1        |        0|   0|    0|   20|    0|
    |mux_564_16_1_1_U4       |mux_564_16_1_1       |        0|   0|    0|   25|    0|
    |urem_8ns_4ns_8_12_1_U1  |urem_8ns_4ns_8_12_1  |        0|   0|  195|  126|    0|
    +------------------------+---------------------+---------+----+-----+-----+-----+
    |Total                   |                     |        0|   2|  529|  468|    0|
    +------------------------+---------------------+---------+----+-----+-----+-----+

    * DSP: 
    +------------------------------------+-------------------------------+--------------+
    |              Instance              |             Module            |  Expression  |
    +------------------------------------+-------------------------------+--------------+
    |mac_muladd_15s_16s_31s_31_4_1_U77   |mac_muladd_15s_16s_31s_31_4_1  |  i0 + i1 * i2|
    |mac_muladd_15s_16s_31s_31_4_1_U78   |mac_muladd_15s_16s_31s_31_4_1  |  i0 + i1 * i2|
    |mac_muladd_15s_16s_31s_31_4_1_U79   |mac_muladd_15s_16s_31s_31_4_1  |  i0 + i1 * i2|
    |mac_muladd_15s_16s_31s_31_4_1_U80   |mac_muladd_15s_16s_31s_31_4_1  |  i0 + i1 * i2|
    |mac_muladd_15s_16s_31s_31_4_1_U81   |mac_muladd_15s_16s_31s_31_4_1  |  i0 + i1 * i2|
    |mac_muladd_15s_16s_31s_31_4_1_U82   |mac_muladd_15s_16s_31s_31_4_1  |  i0 + i1 * i2|
    |mac_muladd_15s_16s_31s_31_4_1_U83   |mac_muladd_15s_16s_31s_31_4_1  |  i0 + i1 * i2|
    |mac_muladd_15s_16s_31s_31_4_1_U84   |mac_muladd_15s_16s_31s_31_4_1  |  i0 + i1 * i2|
    |mac_muladd_15s_16s_31s_31_4_1_U85   |mac_muladd_15s_16s_31s_31_4_1  |  i0 + i1 * i2|
    |mac_muladd_15s_16s_31s_31_4_1_U86   |mac_muladd_15s_16s_31s_31_4_1  |  i0 + i1 * i2|
    |mac_muladd_15s_16s_31s_31_4_1_U87   |mac_muladd_15s_16s_31s_31_4_1  |  i0 + i1 * i2|
    |mac_muladd_15s_16s_31s_31_4_1_U88   |mac_muladd_15s_16s_31s_31_4_1  |  i0 + i1 * i2|
    |mac_muladd_15s_16s_31s_31_4_1_U89   |mac_muladd_15s_16s_31s_31_4_1  |  i0 + i1 * i2|
    |mac_muladd_15s_16s_31s_31_4_1_U90   |mac_muladd_15s_16s_31s_31_4_1  |  i0 + i1 * i2|
    |mac_muladd_15s_16s_31s_31_4_1_U91   |mac_muladd_15s_16s_31s_31_4_1  |  i0 + i1 * i2|
    |mac_muladd_15s_16s_31s_31_4_1_U92   |mac_muladd_15s_16s_31s_31_4_1  |  i0 + i1 * i2|
    |mac_muladd_15s_16s_31s_31_4_1_U93   |mac_muladd_15s_16s_31s_31_4_1  |  i0 + i1 * i2|
    |mac_muladd_15s_16s_31s_31_4_1_U94   |mac_muladd_15s_16s_31s_31_4_1  |  i0 + i1 * i2|
    |mac_muladd_15s_16s_31s_31_4_1_U95   |mac_muladd_15s_16s_31s_31_4_1  |  i0 + i1 * i2|
    |mac_muladd_15s_16s_31s_31_4_1_U96   |mac_muladd_15s_16s_31s_31_4_1  |  i0 + i1 * i2|
    |mac_muladd_15s_16s_31s_31_4_1_U97   |mac_muladd_15s_16s_31s_31_4_1  |  i0 + i1 * i2|
    |mac_muladd_15s_16s_31s_31_4_1_U98   |mac_muladd_15s_16s_31s_31_4_1  |  i0 + i1 * i2|
    |mac_muladd_15s_16s_31s_31_4_1_U99   |mac_muladd_15s_16s_31s_31_4_1  |  i0 + i1 * i2|
    |mac_muladd_15s_16s_31s_31_4_1_U100  |mac_muladd_15s_16s_31s_31_4_1  |  i0 + i1 * i2|
    |mac_muladd_15s_16s_31s_31_4_1_U101  |mac_muladd_15s_16s_31s_31_4_1  |  i0 + i1 * i2|
    |mac_muladd_15s_16s_31s_31_4_1_U102  |mac_muladd_15s_16s_31s_31_4_1  |  i0 + i1 * i2|
    |mac_muladd_15s_16s_31s_31_4_1_U103  |mac_muladd_15s_16s_31s_31_4_1  |  i0 + i1 * i2|
    |mac_muladd_15s_16s_31s_31_4_1_U104  |mac_muladd_15s_16s_31s_31_4_1  |  i0 + i1 * i2|
    |mac_muladd_15s_16s_31s_31_4_1_U105  |mac_muladd_15s_16s_31s_31_4_1  |  i0 + i1 * i2|
    |mac_muladd_15s_16s_31s_31_4_1_U106  |mac_muladd_15s_16s_31s_31_4_1  |  i0 + i1 * i2|
    |mac_muladd_15s_16s_31s_31_4_1_U107  |mac_muladd_15s_16s_31s_31_4_1  |  i0 + i1 * i2|
    |mac_muladd_15s_16s_31s_31_4_1_U108  |mac_muladd_15s_16s_31s_31_4_1  |  i0 + i1 * i2|
    |mac_muladd_15s_16s_31s_31_4_1_U109  |mac_muladd_15s_16s_31s_31_4_1  |  i0 + i1 * i2|
    |mac_muladd_15s_16s_31s_31_4_1_U110  |mac_muladd_15s_16s_31s_31_4_1  |  i0 + i1 * i2|
    |mac_muladd_15s_16s_31s_31_4_1_U111  |mac_muladd_15s_16s_31s_31_4_1  |  i0 + i1 * i2|
    |mac_muladd_15s_16s_31s_31_4_1_U112  |mac_muladd_15s_16s_31s_31_4_1  |  i0 + i1 * i2|
    |mac_muladd_15s_16s_31s_31_4_1_U113  |mac_muladd_15s_16s_31s_31_4_1  |  i0 + i1 * i2|
    |mac_muladd_15s_16s_31s_31_4_1_U114  |mac_muladd_15s_16s_31s_31_4_1  |  i0 + i1 * i2|
    |mac_muladd_15s_16s_31s_31_4_1_U115  |mac_muladd_15s_16s_31s_31_4_1  |  i0 + i1 * i2|
    |mac_muladd_15s_16s_31s_31_4_1_U116  |mac_muladd_15s_16s_31s_31_4_1  |  i0 + i1 * i2|
    |mac_muladd_15s_16s_31s_31_4_1_U117  |mac_muladd_15s_16s_31s_31_4_1  |  i0 + i1 * i2|
    |mac_muladd_15s_16s_31s_31_4_1_U118  |mac_muladd_15s_16s_31s_31_4_1  |  i0 + i1 * i2|
    |mac_muladd_15s_16s_31s_31_4_1_U119  |mac_muladd_15s_16s_31s_31_4_1  |  i0 + i1 * i2|
    |mac_muladd_15s_16s_31s_31_4_1_U120  |mac_muladd_15s_16s_31s_31_4_1  |  i0 + i1 * i2|
    |mac_muladd_15s_16s_31s_31_4_1_U121  |mac_muladd_15s_16s_31s_31_4_1  |  i0 + i1 * i2|
    |mac_muladd_15s_16s_31s_31_4_1_U122  |mac_muladd_15s_16s_31s_31_4_1  |  i0 + i1 * i2|
    |mac_muladd_15s_16s_31s_31_4_1_U123  |mac_muladd_15s_16s_31s_31_4_1  |  i0 + i1 * i2|
    |mac_muladd_15s_16s_31s_31_4_1_U124  |mac_muladd_15s_16s_31s_31_4_1  |  i0 + i1 * i2|
    |mac_muladd_15s_16s_31s_31_4_1_U125  |mac_muladd_15s_16s_31s_31_4_1  |  i0 + i1 * i2|
    |mac_muladd_15s_16s_31s_31_4_1_U126  |mac_muladd_15s_16s_31s_31_4_1  |  i0 + i1 * i2|
    |mac_muladd_15s_16s_31s_31_4_1_U127  |mac_muladd_15s_16s_31s_31_4_1  |  i0 + i1 * i2|
    |mac_muladd_15s_16s_31s_31_4_1_U128  |mac_muladd_15s_16s_31s_31_4_1  |  i0 + i1 * i2|
    |mac_muladd_15s_16s_31s_31_4_1_U129  |mac_muladd_15s_16s_31s_31_4_1  |  i0 + i1 * i2|
    |mac_muladd_15s_16s_31s_31_4_1_U130  |mac_muladd_15s_16s_31s_31_4_1  |  i0 + i1 * i2|
    |mac_muladd_15s_16s_31s_31_4_1_U131  |mac_muladd_15s_16s_31s_31_4_1  |  i0 + i1 * i2|
    |mac_muladd_15s_16s_31s_31_4_1_U132  |mac_muladd_15s_16s_31s_31_4_1  |  i0 + i1 * i2|
    |mac_muladd_15s_16s_31s_31_4_1_U133  |mac_muladd_15s_16s_31s_31_4_1  |  i0 + i1 * i2|
    |mac_muladd_15s_16s_31s_31_4_1_U134  |mac_muladd_15s_16s_31s_31_4_1  |  i0 + i1 * i2|
    |mac_muladd_15s_16s_31s_31_4_1_U135  |mac_muladd_15s_16s_31s_31_4_1  |  i0 + i1 * i2|
    |mac_muladd_15s_16s_31s_31_4_1_U136  |mac_muladd_15s_16s_31s_31_4_1  |  i0 + i1 * i2|
    |mac_muladd_15s_16s_31s_31_4_1_U137  |mac_muladd_15s_16s_31s_31_4_1  |  i0 + i1 * i2|
    |mac_muladd_15s_16s_31s_31_4_1_U138  |mac_muladd_15s_16s_31s_31_4_1  |  i0 + i1 * i2|
    |mac_muladd_15s_16s_31s_31_4_1_U139  |mac_muladd_15s_16s_31s_31_4_1  |  i0 + i1 * i2|
    |mac_muladd_15s_16s_31s_31_4_1_U140  |mac_muladd_15s_16s_31s_31_4_1  |  i0 + i1 * i2|
    |mac_muladd_15s_16s_31s_31_4_1_U141  |mac_muladd_15s_16s_31s_31_4_1  |  i0 + i1 * i2|
    |mac_muladd_15s_16s_31s_31_4_1_U142  |mac_muladd_15s_16s_31s_31_4_1  |  i0 + i1 * i2|
    |mac_muladd_15s_16s_31s_31_4_1_U143  |mac_muladd_15s_16s_31s_31_4_1  |  i0 + i1 * i2|
    |mac_muladd_15s_16s_31s_32_4_1_U144  |mac_muladd_15s_16s_31s_32_4_1  |  i0 + i1 * i2|
    |mac_muladd_15s_16s_31s_32_4_1_U145  |mac_muladd_15s_16s_31s_32_4_1  |  i0 + i1 * i2|
    |mac_muladd_15s_16s_31s_32_4_1_U146  |mac_muladd_15s_16s_31s_32_4_1  |  i0 + i1 * i2|
    |mac_muladd_15s_16s_31s_32_4_1_U147  |mac_muladd_15s_16s_31s_32_4_1  |  i0 + i1 * i2|
    |mac_muladd_15s_16s_31s_32_4_1_U148  |mac_muladd_15s_16s_31s_32_4_1  |  i0 + i1 * i2|
    |mac_muladd_15s_16s_31s_32_4_1_U149  |mac_muladd_15s_16s_31s_32_4_1  |  i0 + i1 * i2|
    |mac_muladd_15s_16s_31s_32_4_1_U150  |mac_muladd_15s_16s_31s_32_4_1  |  i0 + i1 * i2|
    |mac_muladd_15s_16s_31s_32_4_1_U151  |mac_muladd_15s_16s_31s_32_4_1  |  i0 + i1 * i2|
    |mac_muladd_15s_16s_31s_32_4_1_U152  |mac_muladd_15s_16s_31s_32_4_1  |  i0 + i1 * i2|
    |mac_muladd_15s_16s_31s_32_4_1_U153  |mac_muladd_15s_16s_31s_32_4_1  |  i0 + i1 * i2|
    |mac_muladd_15s_16s_31s_32_4_1_U154  |mac_muladd_15s_16s_31s_32_4_1  |  i0 + i1 * i2|
    |mac_muladd_15s_16s_31s_32_4_1_U155  |mac_muladd_15s_16s_31s_32_4_1  |  i0 + i1 * i2|
    |mac_muladd_15s_16s_31s_32_4_1_U156  |mac_muladd_15s_16s_31s_32_4_1  |  i0 + i1 * i2|
    |mac_muladd_15s_16s_31s_32_4_1_U157  |mac_muladd_15s_16s_31s_32_4_1  |  i0 + i1 * i2|
    |mac_muladd_15s_16s_31s_32_4_1_U158  |mac_muladd_15s_16s_31s_32_4_1  |  i0 + i1 * i2|
    |mac_muladd_15s_16s_31s_32_4_1_U159  |mac_muladd_15s_16s_31s_32_4_1  |  i0 + i1 * i2|
    |mac_muladd_15s_16s_31s_32_4_1_U160  |mac_muladd_15s_16s_31s_32_4_1  |  i0 + i1 * i2|
    |mac_muladd_15s_16s_31s_32_4_1_U161  |mac_muladd_15s_16s_31s_32_4_1  |  i0 + i1 * i2|
    |mac_muladd_15s_16s_31s_32_4_1_U162  |mac_muladd_15s_16s_31s_32_4_1  |  i0 + i1 * i2|
    |mac_muladd_15s_16s_31s_32_4_1_U163  |mac_muladd_15s_16s_31s_32_4_1  |  i0 + i1 * i2|
    |mac_muladd_15s_16s_31s_32_4_1_U164  |mac_muladd_15s_16s_31s_32_4_1  |  i0 + i1 * i2|
    |mac_muladd_15s_16s_31s_32_4_1_U165  |mac_muladd_15s_16s_31s_32_4_1  |  i0 + i1 * i2|
    |mac_muladd_15s_16s_31s_32_4_1_U166  |mac_muladd_15s_16s_31s_32_4_1  |  i0 + i1 * i2|
    |mac_muladd_15s_16s_31s_32_4_1_U167  |mac_muladd_15s_16s_31s_32_4_1  |  i0 + i1 * i2|
    |mac_muladd_15s_16s_31s_32_4_1_U168  |mac_muladd_15s_16s_31s_32_4_1  |  i0 + i1 * i2|
    |mac_muladd_15s_16s_31s_32_4_1_U169  |mac_muladd_15s_16s_31s_32_4_1  |  i0 + i1 * i2|
    |mac_muladd_15s_16s_31s_32_4_1_U170  |mac_muladd_15s_16s_31s_32_4_1  |  i0 + i1 * i2|
    |mac_muladd_15s_16s_31s_32_4_1_U171  |mac_muladd_15s_16s_31s_32_4_1  |  i0 + i1 * i2|
    |mac_muladd_15s_16s_31s_32_4_1_U172  |mac_muladd_15s_16s_31s_32_4_1  |  i0 + i1 * i2|
    |mac_muladd_15s_16s_31s_32_4_1_U173  |mac_muladd_15s_16s_31s_32_4_1  |  i0 + i1 * i2|
    |mac_muladd_15s_16s_31s_32_4_1_U174  |mac_muladd_15s_16s_31s_32_4_1  |  i0 + i1 * i2|
    |mac_muladd_15s_16s_31s_32_4_1_U175  |mac_muladd_15s_16s_31s_32_4_1  |  i0 + i1 * i2|
    |mac_muladd_15s_16s_31s_32_4_1_U176  |mac_muladd_15s_16s_31s_32_4_1  |  i0 + i1 * i2|
    |mac_muladd_15s_16s_31s_32_4_1_U177  |mac_muladd_15s_16s_31s_32_4_1  |  i0 + i1 * i2|
    |mac_muladd_15s_16s_31s_32_4_1_U178  |mac_muladd_15s_16s_31s_32_4_1  |  i0 + i1 * i2|
    |mac_muladd_15s_16s_31s_32_4_1_U179  |mac_muladd_15s_16s_31s_32_4_1  |  i0 + i1 * i2|
    |mac_muladd_15s_16s_31s_32_4_1_U180  |mac_muladd_15s_16s_31s_32_4_1  |  i0 + i1 * i2|
    |mac_muladd_15s_16s_31s_32_4_1_U181  |mac_muladd_15s_16s_31s_32_4_1  |  i0 + i1 * i2|
    |mac_muladd_15s_16s_31s_32_4_1_U182  |mac_muladd_15s_16s_31s_32_4_1  |  i0 + i1 * i2|
    |mac_muladd_15s_16s_31s_32_4_1_U183  |mac_muladd_15s_16s_31s_32_4_1  |  i0 + i1 * i2|
    |mac_muladd_15s_16s_31s_32_4_1_U184  |mac_muladd_15s_16s_31s_32_4_1  |  i0 + i1 * i2|
    |mac_muladd_15s_16s_31s_32_4_1_U185  |mac_muladd_15s_16s_31s_32_4_1  |  i0 + i1 * i2|
    |mac_muladd_15s_16s_31s_32_4_1_U186  |mac_muladd_15s_16s_31s_32_4_1  |  i0 + i1 * i2|
    |mac_muladd_15s_16s_31s_32_4_1_U187  |mac_muladd_15s_16s_31s_32_4_1  |  i0 + i1 * i2|
    |mac_muladd_15s_16s_31s_32_4_1_U188  |mac_muladd_15s_16s_31s_32_4_1  |  i0 + i1 * i2|
    |mac_muladd_15s_16s_31s_32_4_1_U189  |mac_muladd_15s_16s_31s_32_4_1  |  i0 + i1 * i2|
    |mac_muladd_15s_16s_31s_32_4_1_U190  |mac_muladd_15s_16s_31s_32_4_1  |  i0 + i1 * i2|
    |mac_muladd_15s_16s_31s_32_4_1_U191  |mac_muladd_15s_16s_31s_32_4_1  |  i0 + i1 * i2|
    |mac_muladd_15s_16s_31s_32_4_1_U192  |mac_muladd_15s_16s_31s_32_4_1  |  i0 + i1 * i2|
    |mac_muladd_15s_16s_31s_32_4_1_U193  |mac_muladd_15s_16s_31s_32_4_1  |  i0 + i1 * i2|
    |mac_muladd_15s_16s_31s_32_4_1_U194  |mac_muladd_15s_16s_31s_32_4_1  |  i0 + i1 * i2|
    |mac_muladd_15s_16s_31s_32_4_1_U195  |mac_muladd_15s_16s_31s_32_4_1  |  i0 + i1 * i2|
    |mac_muladd_15s_16s_31s_32_4_1_U196  |mac_muladd_15s_16s_31s_32_4_1  |  i0 + i1 * i2|
    |mac_muladd_15s_16s_31s_32_4_1_U197  |mac_muladd_15s_16s_31s_32_4_1  |  i0 + i1 * i2|
    |mac_muladd_15s_16s_31s_32_4_1_U198  |mac_muladd_15s_16s_31s_32_4_1  |  i0 + i1 * i2|
    |mac_muladd_15s_16s_31s_32_4_1_U199  |mac_muladd_15s_16s_31s_32_4_1  |  i0 + i1 * i2|
    |mac_muladd_15s_16s_31s_32_4_1_U200  |mac_muladd_15s_16s_31s_32_4_1  |  i0 + i1 * i2|
    |mac_muladd_15s_16s_31s_32_4_1_U201  |mac_muladd_15s_16s_31s_32_4_1  |  i0 + i1 * i2|
    |mac_muladd_15s_16s_31s_32_4_1_U202  |mac_muladd_15s_16s_31s_32_4_1  |  i0 + i1 * i2|
    |mac_muladd_15s_16s_31s_32_4_1_U203  |mac_muladd_15s_16s_31s_32_4_1  |  i0 + i1 * i2|
    |mac_muladd_15s_16s_31s_32_4_1_U204  |mac_muladd_15s_16s_31s_32_4_1  |  i0 + i1 * i2|
    |mul_mul_15s_16s_31_4_1_U10          |mul_mul_15s_16s_31_4_1         |       i0 * i1|
    |mul_mul_15s_16s_31_4_1_U11          |mul_mul_15s_16s_31_4_1         |       i0 * i1|
    |mul_mul_15s_16s_31_4_1_U12          |mul_mul_15s_16s_31_4_1         |       i0 * i1|
    |mul_mul_15s_16s_31_4_1_U13          |mul_mul_15s_16s_31_4_1         |       i0 * i1|
    |mul_mul_15s_16s_31_4_1_U14          |mul_mul_15s_16s_31_4_1         |       i0 * i1|
    |mul_mul_15s_16s_31_4_1_U15          |mul_mul_15s_16s_31_4_1         |       i0 * i1|
    |mul_mul_15s_16s_31_4_1_U16          |mul_mul_15s_16s_31_4_1         |       i0 * i1|
    |mul_mul_15s_16s_31_4_1_U17          |mul_mul_15s_16s_31_4_1         |       i0 * i1|
    |mul_mul_15s_16s_31_4_1_U18          |mul_mul_15s_16s_31_4_1         |       i0 * i1|
    |mul_mul_15s_16s_31_4_1_U19          |mul_mul_15s_16s_31_4_1         |       i0 * i1|
    |mul_mul_15s_16s_31_4_1_U20          |mul_mul_15s_16s_31_4_1         |       i0 * i1|
    |mul_mul_15s_16s_31_4_1_U21          |mul_mul_15s_16s_31_4_1         |       i0 * i1|
    |mul_mul_15s_16s_31_4_1_U22          |mul_mul_15s_16s_31_4_1         |       i0 * i1|
    |mul_mul_15s_16s_31_4_1_U23          |mul_mul_15s_16s_31_4_1         |       i0 * i1|
    |mul_mul_15s_16s_31_4_1_U24          |mul_mul_15s_16s_31_4_1         |       i0 * i1|
    |mul_mul_15s_16s_31_4_1_U25          |mul_mul_15s_16s_31_4_1         |       i0 * i1|
    |mul_mul_15s_16s_31_4_1_U26          |mul_mul_15s_16s_31_4_1         |       i0 * i1|
    |mul_mul_15s_16s_31_4_1_U27          |mul_mul_15s_16s_31_4_1         |       i0 * i1|
    |mul_mul_15s_16s_31_4_1_U28          |mul_mul_15s_16s_31_4_1         |       i0 * i1|
    |mul_mul_15s_16s_31_4_1_U29          |mul_mul_15s_16s_31_4_1         |       i0 * i1|
    |mul_mul_15s_16s_31_4_1_U30          |mul_mul_15s_16s_31_4_1         |       i0 * i1|
    |mul_mul_15s_16s_31_4_1_U31          |mul_mul_15s_16s_31_4_1         |       i0 * i1|
    |mul_mul_15s_16s_31_4_1_U32          |mul_mul_15s_16s_31_4_1         |       i0 * i1|
    |mul_mul_15s_16s_31_4_1_U33          |mul_mul_15s_16s_31_4_1         |       i0 * i1|
    |mul_mul_15s_16s_31_4_1_U34          |mul_mul_15s_16s_31_4_1         |       i0 * i1|
    |mul_mul_15s_16s_31_4_1_U35          |mul_mul_15s_16s_31_4_1         |       i0 * i1|
    |mul_mul_15s_16s_31_4_1_U36          |mul_mul_15s_16s_31_4_1         |       i0 * i1|
    |mul_mul_15s_16s_31_4_1_U37          |mul_mul_15s_16s_31_4_1         |       i0 * i1|
    |mul_mul_15s_16s_31_4_1_U38          |mul_mul_15s_16s_31_4_1         |       i0 * i1|
    |mul_mul_15s_16s_31_4_1_U39          |mul_mul_15s_16s_31_4_1         |       i0 * i1|
    |mul_mul_15s_16s_31_4_1_U40          |mul_mul_15s_16s_31_4_1         |       i0 * i1|
    |mul_mul_15s_16s_31_4_1_U41          |mul_mul_15s_16s_31_4_1         |       i0 * i1|
    |mul_mul_15s_16s_31_4_1_U42          |mul_mul_15s_16s_31_4_1         |       i0 * i1|
    |mul_mul_15s_16s_31_4_1_U43          |mul_mul_15s_16s_31_4_1         |       i0 * i1|
    |mul_mul_15s_16s_31_4_1_U44          |mul_mul_15s_16s_31_4_1         |       i0 * i1|
    |mul_mul_15s_16s_31_4_1_U45          |mul_mul_15s_16s_31_4_1         |       i0 * i1|
    |mul_mul_15s_16s_31_4_1_U46          |mul_mul_15s_16s_31_4_1         |       i0 * i1|
    |mul_mul_15s_16s_31_4_1_U47          |mul_mul_15s_16s_31_4_1         |       i0 * i1|
    |mul_mul_15s_16s_31_4_1_U48          |mul_mul_15s_16s_31_4_1         |       i0 * i1|
    |mul_mul_15s_16s_31_4_1_U49          |mul_mul_15s_16s_31_4_1         |       i0 * i1|
    |mul_mul_15s_16s_31_4_1_U50          |mul_mul_15s_16s_31_4_1         |       i0 * i1|
    |mul_mul_15s_16s_31_4_1_U51          |mul_mul_15s_16s_31_4_1         |       i0 * i1|
    |mul_mul_15s_16s_31_4_1_U52          |mul_mul_15s_16s_31_4_1         |       i0 * i1|
    |mul_mul_15s_16s_31_4_1_U53          |mul_mul_15s_16s_31_4_1         |       i0 * i1|
    |mul_mul_15s_16s_31_4_1_U54          |mul_mul_15s_16s_31_4_1         |       i0 * i1|
    |mul_mul_15s_16s_31_4_1_U55          |mul_mul_15s_16s_31_4_1         |       i0 * i1|
    |mul_mul_15s_16s_31_4_1_U56          |mul_mul_15s_16s_31_4_1         |       i0 * i1|
    |mul_mul_15s_16s_31_4_1_U57          |mul_mul_15s_16s_31_4_1         |       i0 * i1|
    |mul_mul_15s_16s_31_4_1_U58          |mul_mul_15s_16s_31_4_1         |       i0 * i1|
    |mul_mul_15s_16s_31_4_1_U59          |mul_mul_15s_16s_31_4_1         |       i0 * i1|
    |mul_mul_15s_16s_31_4_1_U60          |mul_mul_15s_16s_31_4_1         |       i0 * i1|
    |mul_mul_15s_16s_31_4_1_U61          |mul_mul_15s_16s_31_4_1         |       i0 * i1|
    |mul_mul_15s_16s_31_4_1_U62          |mul_mul_15s_16s_31_4_1         |       i0 * i1|
    |mul_mul_15s_16s_31_4_1_U63          |mul_mul_15s_16s_31_4_1         |       i0 * i1|
    |mul_mul_15s_16s_31_4_1_U64          |mul_mul_15s_16s_31_4_1         |       i0 * i1|
    |mul_mul_15s_16s_31_4_1_U65          |mul_mul_15s_16s_31_4_1         |       i0 * i1|
    |mul_mul_15s_16s_31_4_1_U66          |mul_mul_15s_16s_31_4_1         |       i0 * i1|
    |mul_mul_15s_16s_31_4_1_U67          |mul_mul_15s_16s_31_4_1         |       i0 * i1|
    |mul_mul_15s_16s_31_4_1_U68          |mul_mul_15s_16s_31_4_1         |       i0 * i1|
    |mul_mul_15s_16s_31_4_1_U69          |mul_mul_15s_16s_31_4_1         |       i0 * i1|
    |mul_mul_15s_16s_31_4_1_U70          |mul_mul_15s_16s_31_4_1         |       i0 * i1|
    |mul_mul_15s_16s_31_4_1_U71          |mul_mul_15s_16s_31_4_1         |       i0 * i1|
    |mul_mul_15s_16s_31_4_1_U72          |mul_mul_15s_16s_31_4_1         |       i0 * i1|
    |mul_mul_15s_16s_31_4_1_U73          |mul_mul_15s_16s_31_4_1         |       i0 * i1|
    |mul_mul_15s_16s_31_4_1_U74          |mul_mul_15s_16s_31_4_1         |       i0 * i1|
    |mul_mul_15s_16s_31_4_1_U75          |mul_mul_15s_16s_31_4_1         |       i0 * i1|
    |mul_mul_15s_16s_31_4_1_U76          |mul_mul_15s_16s_31_4_1         |       i0 * i1|
    +------------------------------------+-------------------------------+--------------+

    * Memory: 
    +------------+----------+---------+----+----+-----+------+-----+------+-------------+
    |   Memory   |  Module  | BRAM_18K| FF | LUT| URAM| Words| Bits| Banks| W*Bits*Banks|
    +------------+----------+---------+----+----+-----+------+-----+------+-------------+
    |FIR_LP_V_U  |FIR_LP_V  |      194|   0|   0|    0|   585|   15|     1|         8775|
    |hist_V_4_U  |hist_V_4  |        0|  32|  10|    0|    39|   16|     1|          624|
    |hist_V_0_U  |hist_V_4  |        0|  32|  10|    0|    39|   16|     1|          624|
    |hist_V_1_U  |hist_V_4  |        0|  32|  10|    0|    39|   16|     1|          624|
    |hist_V_2_U  |hist_V_4  |        0|  32|  10|    0|    39|   16|     1|          624|
    |hist_V_3_U  |hist_V_4  |        0|  32|  10|    0|    39|   16|     1|          624|
    +------------+----------+---------+----+----+-----+------+-----+------+-------------+
    |Total       |          |      194| 160|  50|    0|   780|   95|     6|        11895|
    +------------+----------+---------+----+----+-----+------+-----+------+-------------+

    * FIFO: 
    N/A

    * Expression: 
    +---------------------------+----------+----+---+----+------------+------------+
    |       Variable Name       | Operation| DSP| FF| LUT| Bitwidth P0| Bitwidth P1|
    +---------------------------+----------+----+---+----+------------+------------+
    |acc_V_1_fu_9176_p2         |         +|   0|  0|  47|          40|          40|
    |add_ln1118_100_fu_5226_p2  |         +|   0|  0|  14|           9|           7|
    |add_ln1118_101_fu_6850_p2  |         +|   0|  0|  14|           9|           7|
    |add_ln1118_102_fu_5237_p2  |         +|   0|  0|  14|           9|           7|
    |add_ln1118_103_fu_5248_p2  |         +|   0|  0|  14|           9|           7|
    |add_ln1118_104_fu_5949_p2  |         +|   0|  0|  14|           9|           7|
    |add_ln1118_105_fu_5959_p2  |         +|   0|  0|  14|           9|           7|
    |add_ln1118_106_fu_5259_p2  |         +|   0|  0|  14|           9|           7|
    |add_ln1118_107_fu_6860_p2  |         +|   0|  0|  14|           9|           7|
    |add_ln1118_108_fu_6870_p2  |         +|   0|  0|  14|           9|           7|
    |add_ln1118_109_fu_5969_p2  |         +|   0|  0|  14|           9|           7|
    |add_ln1118_10_fu_4885_p2   |         +|   0|  0|  14|           9|           4|
    |add_ln1118_110_fu_6880_p2  |         +|   0|  0|  14|           9|           7|
    |add_ln1118_111_fu_5979_p2  |         +|   0|  0|  14|           9|           7|
    |add_ln1118_112_fu_5989_p2  |         +|   0|  0|  14|           9|           7|
    |add_ln1118_113_fu_5999_p2  |         +|   0|  0|  14|           9|           7|
    |add_ln1118_114_fu_6009_p2  |         +|   0|  0|  14|           9|           7|
    |add_ln1118_115_fu_5270_p2  |         +|   0|  0|  14|           9|           7|
    |add_ln1118_116_fu_6890_p2  |         +|   0|  0|  14|           9|           7|
    |add_ln1118_117_fu_5281_p2  |         +|   0|  0|  14|           9|           7|
    |add_ln1118_118_fu_5292_p2  |         +|   0|  0|  14|           9|           7|
    |add_ln1118_119_fu_5303_p2  |         +|   0|  0|  14|           9|           7|
    |add_ln1118_11_fu_5629_p2   |         +|   0|  0|  14|           9|           4|
    |add_ln1118_120_fu_6019_p2  |         +|   0|  0|  14|           9|           7|
    |add_ln1118_121_fu_5314_p2  |         +|   0|  0|  13|          10|           7|
    |add_ln1118_122_fu_5325_p2  |         +|   0|  0|  13|          10|           7|
    |add_ln1118_123_fu_5336_p2  |         +|   0|  0|  13|          10|           7|
    |add_ln1118_124_fu_6900_p2  |         +|   0|  0|  13|          10|           7|
    |add_ln1118_125_fu_6029_p2  |         +|   0|  0|  13|          10|           7|
    |add_ln1118_126_fu_5347_p2  |         +|   0|  0|  13|          10|           7|
    |add_ln1118_127_fu_6911_p2  |         +|   0|  0|  13|          10|           8|
    |add_ln1118_128_fu_6922_p2  |         +|   0|  0|  13|          10|           8|
    |add_ln1118_129_fu_5358_p2  |         +|   0|  0|  13|          10|           8|
    |add_ln1118_12_fu_6580_p2   |         +|   0|  0|  14|           9|           4|
    |add_ln1118_130_fu_6933_p2  |         +|   0|  0|  13|          10|           8|
    |add_ln1118_131_fu_6040_p2  |         +|   0|  0|  13|          10|           8|
    |add_ln1118_132_fu_6051_p2  |         +|   0|  0|  13|          10|           8|
    |add_ln1118_133_fu_6062_p2  |         +|   0|  0|  13|          10|           8|
    |add_ln1118_134_fu_6073_p2  |         +|   0|  0|  13|          10|           8|
    |add_ln1118_135_fu_5369_p2  |         +|   0|  0|  13|          10|           8|
    |add_ln1118_136_fu_6944_p2  |         +|   0|  0|  13|          10|           8|
    |add_ln1118_137_fu_5380_p2  |         +|   0|  0|  13|          10|           8|
    |add_ln1118_138_fu_5391_p2  |         +|   0|  0|  13|          10|           8|
    |add_ln1118_139_fu_6955_p2  |         +|   0|  0|  13|          10|           8|
    |add_ln1118_13_fu_5639_p2   |         +|   0|  0|  14|           9|           4|
    |add_ln1118_140_fu_6084_p2  |         +|   0|  0|  13|          10|           8|
    |add_ln1118_141_fu_5402_p2  |         +|   0|  0|  13|          10|           8|
    |add_ln1118_142_fu_6966_p2  |         +|   0|  0|  13|          10|           8|
    |add_ln1118_143_fu_6977_p2  |         +|   0|  0|  13|          10|           8|
    |add_ln1118_144_fu_5413_p2  |         +|   0|  0|  13|          10|           8|
    |add_ln1118_145_fu_6988_p2  |         +|   0|  0|  13|          10|           8|
    |add_ln1118_146_fu_6095_p2  |         +|   0|  0|  13|          10|           8|
    |add_ln1118_147_fu_6999_p2  |         +|   0|  0|  13|          10|           8|
    |add_ln1118_148_fu_7010_p2  |         +|   0|  0|  13|          10|           8|
    |add_ln1118_149_fu_5424_p2  |         +|   0|  0|  13|          10|           8|
    |add_ln1118_14_fu_6590_p2   |         +|   0|  0|  14|           9|           4|
    |add_ln1118_150_fu_7021_p2  |         +|   0|  0|  13|          10|           8|
    |add_ln1118_151_fu_6106_p2  |         +|   0|  0|  13|          10|           8|
    |add_ln1118_152_fu_6117_p2  |         +|   0|  0|  13|          10|           8|
    |add_ln1118_153_fu_6128_p2  |         +|   0|  0|  13|          10|           8|
    |add_ln1118_154_fu_6139_p2  |         +|   0|  0|  13|          10|           8|
    |add_ln1118_155_fu_5435_p2  |         +|   0|  0|  13|          10|           8|
    |add_ln1118_156_fu_7032_p2  |         +|   0|  0|  13|          10|           8|
    |add_ln1118_157_fu_5446_p2  |         +|   0|  0|  13|          10|           8|
    |add_ln1118_158_fu_5457_p2  |         +|   0|  0|  13|          10|           8|
    |add_ln1118_159_fu_7043_p2  |         +|   0|  0|  13|          10|           8|
    |add_ln1118_15_fu_5649_p2   |         +|   0|  0|  14|           9|           5|
    |add_ln1118_160_fu_6150_p2  |         +|   0|  0|  13|          10|           8|
    |add_ln1118_161_fu_5468_p2  |         +|   0|  0|  13|          10|           8|
    |add_ln1118_162_fu_7054_p2  |         +|   0|  0|  13|          10|           8|
    |add_ln1118_163_fu_7065_p2  |         +|   0|  0|  13|          10|           8|
    |add_ln1118_164_fu_5479_p2  |         +|   0|  0|  13|          10|           8|
    |add_ln1118_165_fu_7076_p2  |         +|   0|  0|  13|          10|           8|
    |add_ln1118_166_fu_6161_p2  |         +|   0|  0|  13|          10|           8|
    |add_ln1118_167_fu_6172_p2  |         +|   0|  0|  13|          10|           8|
    |add_ln1118_168_fu_6183_p2  |         +|   0|  0|  13|          10|           8|
    |add_ln1118_169_fu_6194_p2  |         +|   0|  0|  13|          10|           8|
    |add_ln1118_16_fu_5659_p2   |         +|   0|  0|  14|           9|           5|
    |add_ln1118_170_fu_5490_p2  |         +|   0|  0|  13|          10|           8|
    |add_ln1118_171_fu_7087_p2  |         +|   0|  0|  13|          10|           8|
    |add_ln1118_172_fu_6205_p2  |         +|   0|  0|  13|          10|           8|
    |add_ln1118_173_fu_5501_p2  |         +|   0|  0|  13|          10|           8|
    |add_ln1118_174_fu_6216_p2  |         +|   0|  0|  13|          10|           8|
    |add_ln1118_175_fu_5512_p2  |         +|   0|  0|  13|          10|           8|
    |add_ln1118_176_fu_7098_p2  |         +|   0|  0|  13|          10|           8|
    |add_ln1118_177_fu_5523_p2  |         +|   0|  0|  13|          10|           8|
    |add_ln1118_178_fu_7109_p2  |         +|   0|  0|  13|          10|           8|
    |add_ln1118_179_fu_7120_p2  |         +|   0|  0|  13|          10|           8|
    |add_ln1118_17_fu_5669_p2   |         +|   0|  0|  14|           9|           5|
    |add_ln1118_180_fu_6227_p2  |         +|   0|  0|  13|          10|           8|
    |add_ln1118_181_fu_5534_p2  |         +|   0|  0|  13|          10|           8|
    |add_ln1118_182_fu_7131_p2  |         +|   0|  0|  13|          10|           8|
    |add_ln1118_183_fu_6238_p2  |         +|   0|  0|  13|          10|           8|
    |add_ln1118_184_fu_7142_p2  |         +|   0|  0|  13|          10|           8|
    |add_ln1118_185_fu_6249_p2  |         +|   0|  0|  13|          10|           8|
    |add_ln1118_186_fu_5545_p2  |         +|   0|  0|  13|          10|           8|
    |add_ln1118_187_fu_6260_p2  |         +|   0|  0|  13|          10|           8|
    |add_ln1118_188_fu_7153_p2  |         +|   0|  0|  13|          10|           8|
    |add_ln1118_189_fu_5556_p2  |         +|   0|  0|  13|          10|           8|
    |add_ln1118_18_fu_4896_p2   |         +|   0|  0|  14|           9|           5|
    |add_ln1118_190_fu_7164_p2  |         +|   0|  0|  13|          10|           8|
    |add_ln1118_191_fu_6271_p2  |         +|   0|  0|  13|          10|           8|
    |add_ln1118_192_fu_5567_p2  |         +|   0|  0|  13|          10|           8|
    |add_ln1118_193_fu_5578_p2  |         +|   0|  0|  13|          10|           8|
    |add_ln1118_194_fu_4846_p2  |         +|   0|  0|  13|          10|           8|
    |add_ln1118_19_fu_4907_p2   |         +|   0|  0|  14|           9|           5|
    |add_ln1118_1_fu_4852_p2    |         +|   0|  0|  14|           9|           2|
    |add_ln1118_20_fu_6600_p2   |         +|   0|  0|  14|           9|           5|
    |add_ln1118_21_fu_4918_p2   |         +|   0|  0|  14|           9|           5|
    |add_ln1118_22_fu_5679_p2   |         +|   0|  0|  14|           9|           5|
    |add_ln1118_23_fu_4929_p2   |         +|   0|  0|  14|           9|           5|
    |add_ln1118_24_fu_4940_p2   |         +|   0|  0|  14|           9|           5|
    |add_ln1118_25_fu_6610_p2   |         +|   0|  0|  14|           9|           5|
    |add_ln1118_26_fu_6620_p2   |         +|   0|  0|  14|           9|           5|
    |add_ln1118_27_fu_4951_p2   |         +|   0|  0|  14|           9|           5|
    |add_ln1118_28_fu_6630_p2   |         +|   0|  0|  14|           9|           5|
    |add_ln1118_29_fu_5689_p2   |         +|   0|  0|  14|           9|           5|
    |add_ln1118_2_fu_4863_p2    |         +|   0|  0|  14|           9|           2|
    |add_ln1118_30_fu_4962_p2   |         +|   0|  0|  14|           9|           5|
    |add_ln1118_31_fu_4973_p2   |         +|   0|  0|  14|           9|           6|
    |add_ln1118_32_fu_6640_p2   |         +|   0|  0|  14|           9|           6|
    |add_ln1118_33_fu_5699_p2   |         +|   0|  0|  14|           9|           6|
    |add_ln1118_34_fu_6650_p2   |         +|   0|  0|  14|           9|           6|
    |add_ln1118_35_fu_5709_p2   |         +|   0|  0|  14|           9|           6|
    |add_ln1118_36_fu_5719_p2   |         +|   0|  0|  14|           9|           6|
    |add_ln1118_37_fu_5729_p2   |         +|   0|  0|  14|           9|           6|
    |add_ln1118_38_fu_4984_p2   |         +|   0|  0|  14|           9|           6|
    |add_ln1118_39_fu_4995_p2   |         +|   0|  0|  14|           9|           6|
    |add_ln1118_3_fu_6550_p2    |         +|   0|  0|  14|           9|           3|
    |add_ln1118_40_fu_6660_p2   |         +|   0|  0|  14|           9|           6|
    |add_ln1118_41_fu_6670_p2   |         +|   0|  0|  14|           9|           6|
    |add_ln1118_42_fu_5006_p2   |         +|   0|  0|  14|           9|           6|
    |add_ln1118_43_fu_6680_p2   |         +|   0|  0|  14|           9|           6|
    |add_ln1118_44_fu_5739_p2   |         +|   0|  0|  14|           9|           6|
    |add_ln1118_45_fu_5017_p2   |         +|   0|  0|  14|           9|           6|
    |add_ln1118_46_fu_5028_p2   |         +|   0|  0|  14|           9|           6|
    |add_ln1118_47_fu_5039_p2   |         +|   0|  0|  14|           9|           6|
    |add_ln1118_48_fu_6690_p2   |         +|   0|  0|  14|           9|           6|
    |add_ln1118_49_fu_5749_p2   |         +|   0|  0|  14|           9|           6|
    |add_ln1118_4_fu_4874_p2    |         +|   0|  0|  14|           9|           3|
    |add_ln1118_50_fu_5050_p2   |         +|   0|  0|  14|           9|           6|
    |add_ln1118_51_fu_5061_p2   |         +|   0|  0|  14|           9|           6|
    |add_ln1118_52_fu_6700_p2   |         +|   0|  0|  14|           9|           6|
    |add_ln1118_53_fu_5759_p2   |         +|   0|  0|  14|           9|           6|
    |add_ln1118_54_fu_6710_p2   |         +|   0|  0|  14|           9|           6|
    |add_ln1118_55_fu_5769_p2   |         +|   0|  0|  14|           9|           6|
    |add_ln1118_56_fu_5779_p2   |         +|   0|  0|  14|           9|           6|
    |add_ln1118_57_fu_5789_p2   |         +|   0|  0|  14|           9|           6|
    |add_ln1118_58_fu_5072_p2   |         +|   0|  0|  14|           9|           6|
    |add_ln1118_59_fu_5083_p2   |         +|   0|  0|  14|           9|           6|
    |add_ln1118_5_fu_6560_p2    |         +|   0|  0|  14|           9|           3|
    |add_ln1118_60_fu_5799_p2   |         +|   0|  0|  14|           9|           6|
    |add_ln1118_61_fu_6720_p2   |         +|   0|  0|  14|           9|           6|
    |add_ln1118_62_fu_5094_p2   |         +|   0|  0|  14|           9|           6|
    |add_ln1118_63_fu_6730_p2   |         +|   0|  0|  14|           9|           7|
    |add_ln1118_64_fu_5809_p2   |         +|   0|  0|  14|           9|           7|
    |add_ln1118_65_fu_5819_p2   |         +|   0|  0|  14|           9|           7|
    |add_ln1118_66_fu_5105_p2   |         +|   0|  0|  14|           9|           7|
    |add_ln1118_67_fu_6740_p2   |         +|   0|  0|  14|           9|           7|
    |add_ln1118_68_fu_5829_p2   |         +|   0|  0|  14|           9|           7|
    |add_ln1118_69_fu_6750_p2   |         +|   0|  0|  14|           9|           7|
    |add_ln1118_6_fu_5599_p2    |         +|   0|  0|  14|           9|           3|
    |add_ln1118_70_fu_5116_p2   |         +|   0|  0|  14|           9|           7|
    |add_ln1118_71_fu_5839_p2   |         +|   0|  0|  14|           9|           7|
    |add_ln1118_72_fu_6760_p2   |         +|   0|  0|  14|           9|           7|
    |add_ln1118_73_fu_5849_p2   |         +|   0|  0|  14|           9|           7|
    |add_ln1118_74_fu_6770_p2   |         +|   0|  0|  14|           9|           7|
    |add_ln1118_75_fu_6780_p2   |         +|   0|  0|  14|           9|           7|
    |add_ln1118_76_fu_5859_p2   |         +|   0|  0|  14|           9|           7|
    |add_ln1118_77_fu_5869_p2   |         +|   0|  0|  14|           9|           7|
    |add_ln1118_78_fu_5127_p2   |         +|   0|  0|  14|           9|           7|
    |add_ln1118_79_fu_5138_p2   |         +|   0|  0|  14|           9|           7|
    |add_ln1118_7_fu_6570_p2    |         +|   0|  0|  14|           9|           4|
    |add_ln1118_80_fu_5149_p2   |         +|   0|  0|  14|           9|           7|
    |add_ln1118_81_fu_6790_p2   |         +|   0|  0|  14|           9|           7|
    |add_ln1118_82_fu_5160_p2   |         +|   0|  0|  14|           9|           7|
    |add_ln1118_83_fu_6800_p2   |         +|   0|  0|  14|           9|           7|
    |add_ln1118_84_fu_5879_p2   |         +|   0|  0|  14|           9|           7|
    |add_ln1118_85_fu_5889_p2   |         +|   0|  0|  14|           9|           7|
    |add_ln1118_86_fu_5171_p2   |         +|   0|  0|  14|           9|           7|
    |add_ln1118_87_fu_6810_p2   |         +|   0|  0|  14|           9|           7|
    |add_ln1118_88_fu_5899_p2   |         +|   0|  0|  14|           9|           7|
    |add_ln1118_89_fu_6820_p2   |         +|   0|  0|  14|           9|           7|
    |add_ln1118_8_fu_5609_p2    |         +|   0|  0|  14|           9|           4|
    |add_ln1118_90_fu_6830_p2   |         +|   0|  0|  14|           9|           7|
    |add_ln1118_91_fu_5909_p2   |         +|   0|  0|  14|           9|           7|
    |add_ln1118_92_fu_5919_p2   |         +|   0|  0|  14|           9|           7|
    |add_ln1118_93_fu_5182_p2   |         +|   0|  0|  14|           9|           7|
    |add_ln1118_94_fu_5193_p2   |         +|   0|  0|  14|           9|           7|
    |add_ln1118_95_fu_5204_p2   |         +|   0|  0|  14|           9|           7|
    |add_ln1118_96_fu_6840_p2   |         +|   0|  0|  14|           9|           7|
    |add_ln1118_97_fu_5929_p2   |         +|   0|  0|  14|           9|           7|
    |add_ln1118_98_fu_5939_p2   |         +|   0|  0|  14|           9|           7|
    |add_ln1118_99_fu_5215_p2   |         +|   0|  0|  14|           9|           7|
    |add_ln1118_9_fu_5619_p2    |         +|   0|  0|  14|           9|           4|
    |add_ln1118_fu_5589_p2      |         +|   0|  0|  14|           9|           1|
    |add_ln263_fu_4121_p2       |         +|   0|  0|  39|          32|           1|
    |add_ln280_fu_4144_p2       |         +|   0|  0|  15|           8|           2|
    |add_ln291_fu_4825_p2       |         +|   0|  0|  10|           2|           1|
    |add_ln366_fu_8736_p2       |         +|   0|  0|  11|           3|           1|
    |add_ln703_100_fu_8103_p2   |         +|   0|  0|  40|          33|          33|
    |add_ln703_105_fu_8115_p2   |         +|   0|  0|  40|          33|          33|
    |add_ln703_106_fu_8447_p2   |         +|   0|  0|  41|          34|          34|
    |add_ln703_10_fu_8295_p2    |         +|   0|  0|  41|          34|          34|
    |add_ln703_111_fu_8127_p2   |         +|   0|  0|  40|          33|          33|
    |add_ln703_116_fu_8139_p2   |         +|   0|  0|  40|          33|          33|
    |add_ln703_117_fu_8463_p2   |         +|   0|  0|  41|          34|          34|
    |add_ln703_118_fu_8473_p2   |         +|   0|  0|  42|          35|          35|
    |add_ln703_123_fu_8151_p2   |         +|   0|  0|  40|          33|          33|
    |add_ln703_128_fu_8163_p2   |         +|   0|  0|  40|          33|          33|
    |add_ln703_129_fu_8485_p2   |         +|   0|  0|  41|          34|          34|
    |add_ln703_134_fu_8175_p2   |         +|   0|  0|  40|          33|          33|
    |add_ln703_139_fu_7842_p2   |         +|   0|  0|  39|          32|          32|
    |add_ln703_140_fu_8187_p2   |         +|   0|  0|  40|          33|          33|
    |add_ln703_141_fu_8501_p2   |         +|   0|  0|  41|          34|          34|
    |add_ln703_142_fu_8511_p2   |         +|   0|  0|  42|          35|          35|
    |add_ln703_143_fu_8637_p2   |         +|   0|  0|  43|          36|          36|
    |add_ln703_148_fu_8199_p2   |         +|   0|  0|  40|          33|          33|
    |add_ln703_153_fu_8211_p2   |         +|   0|  0|  40|          33|          33|
    |add_ln703_154_fu_8523_p2   |         +|   0|  0|  41|          34|          34|
    |add_ln703_159_fu_8223_p2   |         +|   0|  0|  40|          33|          33|
    |add_ln703_15_fu_7935_p2    |         +|   0|  0|  40|          33|          33|
    |add_ln703_164_fu_8235_p2   |         +|   0|  0|  40|          33|          33|
    |add_ln703_165_fu_8539_p2   |         +|   0|  0|  41|          34|          34|
    |add_ln703_166_fu_8549_p2   |         +|   0|  0|  42|          35|          35|
    |add_ln703_171_fu_8247_p2   |         +|   0|  0|  40|          33|          33|
    |add_ln703_176_fu_8259_p2   |         +|   0|  0|  40|          33|          33|
    |add_ln703_177_fu_8561_p2   |         +|   0|  0|  41|          34|          34|
    |add_ln703_182_fu_8271_p2   |         +|   0|  0|  40|          33|          33|
    |add_ln703_187_fu_7899_p2   |         +|   0|  0|  39|          32|          32|
    |add_ln703_188_fu_8283_p2   |         +|   0|  0|  40|          33|          33|
    |add_ln703_189_fu_8577_p2   |         +|   0|  0|  41|          34|          34|
    |add_ln703_190_fu_8587_p2   |         +|   0|  0|  42|          35|          35|
    |add_ln703_191_fu_8653_p2   |         +|   0|  0|  43|          36|          36|
    |add_ln703_192_fu_8663_p2   |         +|   0|  0|  44|          37|          37|
    |add_ln703_20_fu_7947_p2    |         +|   0|  0|  40|          33|          33|
    |add_ln703_21_fu_8311_p2    |         +|   0|  0|  41|          34|          34|
    |add_ln703_22_fu_8321_p2    |         +|   0|  0|  42|          35|          35|
    |add_ln703_27_fu_7959_p2    |         +|   0|  0|  40|          33|          33|
    |add_ln703_32_fu_7971_p2    |         +|   0|  0|  40|          33|          33|
    |add_ln703_33_fu_8333_p2    |         +|   0|  0|  41|          34|          34|
    |add_ln703_38_fu_7983_p2    |         +|   0|  0|  40|          33|          33|
    |add_ln703_43_fu_7995_p2    |         +|   0|  0|  40|          33|          33|
    |add_ln703_44_fu_8349_p2    |         +|   0|  0|  41|          34|          34|
    |add_ln703_45_fu_8359_p2    |         +|   0|  0|  42|          35|          35|
    |add_ln703_46_fu_8599_p2    |         +|   0|  0|  43|          36|          36|
    |add_ln703_4_fu_7911_p2     |         +|   0|  0|  40|          33|          33|
    |add_ln703_51_fu_8007_p2    |         +|   0|  0|  40|          33|          33|
    |add_ln703_56_fu_8019_p2    |         +|   0|  0|  40|          33|          33|
    |add_ln703_57_fu_8371_p2    |         +|   0|  0|  41|          34|          34|
    |add_ln703_62_fu_8031_p2    |         +|   0|  0|  40|          33|          33|
    |add_ln703_67_fu_8043_p2    |         +|   0|  0|  40|          33|          33|
    |add_ln703_68_fu_8387_p2    |         +|   0|  0|  41|          34|          34|
    |add_ln703_69_fu_8397_p2    |         +|   0|  0|  42|          35|          35|
    |add_ln703_74_fu_8055_p2    |         +|   0|  0|  40|          33|          33|
    |add_ln703_79_fu_8067_p2    |         +|   0|  0|  40|          33|          33|
    |add_ln703_80_fu_8409_p2    |         +|   0|  0|  41|          34|          34|
    |add_ln703_85_fu_8079_p2    |         +|   0|  0|  40|          33|          33|
    |add_ln703_90_fu_7785_p2    |         +|   0|  0|  39|          32|          32|
    |add_ln703_91_fu_8091_p2    |         +|   0|  0|  40|          33|          33|
    |add_ln703_92_fu_8425_p2    |         +|   0|  0|  41|          34|          34|
    |add_ln703_93_fu_8435_p2    |         +|   0|  0|  42|          35|          35|
    |add_ln703_94_fu_8615_p2    |         +|   0|  0|  43|          36|          36|
    |add_ln703_95_fu_8625_p2    |         +|   0|  0|  44|          37|          37|
    |add_ln703_9_fu_7923_p2     |         +|   0|  0|  40|          33|          33|
    |ret_V_fu_9003_p2           |         +|   0|  0|  56|          49|          49|
    |ylp_V_0_fu_8675_p2         |         +|   0|  0|  45|          38|          38|
    |band_V_1_fu_8706_p2        |         -|   0|  0|  47|          40|          40|
    |band_V_2_fu_8712_p2        |         -|   0|  0|  47|          40|          40|
    |band_V_3_fu_8730_p2        |         -|   0|  0|  47|          40|          40|
    |p_Val2_10_fu_8914_p2       |         -|   0|  0|  31|           1|          24|
    |ret_V_2_fu_8974_p2         |         -|   0|  0|  32|          25|          25|
    |overflow_1_fu_8817_p2      |       and|   0|  0|   2|           1|           1|
    |overflow_3_fu_9091_p2      |       and|   0|  0|   2|           1|           1|
    |overflow_fu_9236_p2        |       and|   0|  0|   2|           1|           1|
    |underflow_1_fu_8841_p2     |       and|   0|  0|   2|           1|           1|
    |underflow_2_fu_9107_p2     |       and|   0|  0|   2|           1|           1|
    |underflow_fu_9260_p2       |       and|   0|  0|   2|           1|           1|
    |icmp_ln1497_fu_8952_p2     |      icmp|   0|  0|  15|          24|          24|
    |icmp_ln239_fu_4014_p2      |      icmp|   0|  0|  18|          32|           1|
    |icmp_ln263_fu_4127_p2      |      icmp|   0|  0|  18|          32|          32|
    |icmp_ln280_fu_4132_p2      |      icmp|   0|  0|  11|           8|           1|
    |icmp_ln291_fu_4840_p2      |      icmp|   0|  0|   8|           2|           2|
    |icmp_ln366_fu_8742_p2      |      icmp|   0|  0|   9|           3|           4|
    |icmp_ln768_1_fu_8799_p2    |      icmp|   0|  0|  10|           6|           1|
    |icmp_ln768_2_fu_9070_p2    |      icmp|   0|  0|   9|           4|           1|
    |icmp_ln768_fu_9218_p2      |      icmp|   0|  0|  10|           7|           1|
    |icmp_ln786_1_fu_8829_p2    |      icmp|   0|  0|  10|           6|           2|
    |icmp_ln786_2_fu_9076_p2    |      icmp|   0|  0|   9|           4|           2|
    |icmp_ln786_fu_9248_p2      |      icmp|   0|  0|  10|           7|           2|
    |tobool98_fu_4020_p2        |      icmp|   0|  0|  18|          32|           1|
    |or_ln340_1_fu_9278_p2      |        or|   0|  0|   2|           1|           1|
    |or_ln340_2_fu_8847_p2      |        or|   0|  0|   2|           1|           1|
    |or_ln340_3_fu_8866_p2      |        or|   0|  0|   2|           1|           1|
    |or_ln340_4_fu_9112_p2      |        or|   0|  0|   2|           1|           1|
    |or_ln340_5_fu_9124_p2      |        or|   0|  0|   2|           1|           1|
    |or_ln340_fu_9266_p2        |        or|   0|  0|   2|           1|           1|
    |or_ln785_1_fu_8805_p2      |        or|   0|  0|   2|           1|           1|
    |or_ln785_2_fu_9082_p2      |        or|   0|  0|   2|           1|           1|
    |or_ln785_fu_9224_p2        |        or|   0|  0|   2|           1|           1|
    |or_ln786_1_fu_8835_p2      |        or|   0|  0|   2|           1|           1|
    |or_ln786_2_fu_9102_p2      |        or|   0|  0|   2|           1|           1|
    |or_ln786_fu_9254_p2        |        or|   0|  0|   2|           1|           1|
    |sign_V_fu_9015_p2          |        or|   0|  0|  24|          23|          24|
    |a_V_fu_8940_p3             |    select|   0|  0|  23|           1|          23|
    |out_r                      |    select|   0|  0|  16|           1|          16|
    |p_pn_fu_9170_p3            |    select|   0|  0|  40|           1|          40|
    |select_ln1497_fu_9152_p3   |    select|   0|  0|  24|           1|          24|
    |select_ln340_2_fu_8853_p3  |    select|   0|  0|  24|           1|          23|
    |select_ln340_4_fu_8932_p3  |    select|   0|  0|  23|           1|           2|
    |select_ln340_5_fu_9130_p3  |    select|   0|  0|  24|           1|          23|
    |select_ln340_6_fu_9144_p3  |    select|   0|  0|  24|           1|          24|
    |select_ln340_fu_9284_p3    |    select|   0|  0|  16|           1|          15|
    |select_ln388_1_fu_8871_p3  |    select|   0|  0|  25|           1|          25|
    |select_ln388_2_fu_9137_p3  |    select|   0|  0|  25|           1|          25|
    |select_ln388_fu_9292_p3    |    select|   0|  0|  17|           1|          17|
    |x_V_fu_8877_p3             |    select|   0|  0|  24|           1|          24|
    |ap_enable_pp0              |       xor|   0|  0|   2|           1|           2|
    |ap_enable_pp1              |       xor|   0|  0|   2|           1|           2|
    |ap_enable_pp2              |       xor|   0|  0|   2|           1|           2|
    |ap_enable_reg_pp1_iter1    |       xor|   0|  0|   2|           2|           1|
    |xor_ln340_1_fu_8861_p2     |       xor|   0|  0|   2|           1|           2|
    |xor_ln340_2_fu_9118_p2     |       xor|   0|  0|   2|           1|           2|
    |xor_ln340_fu_9272_p2       |       xor|   0|  0|   2|           1|           2|
    |xor_ln785_1_fu_8811_p2     |       xor|   0|  0|   2|           1|           2|
    |xor_ln785_2_fu_9086_p2     |       xor|   0|  0|   2|           1|           2|
    |xor_ln785_fu_9230_p2       |       xor|   0|  0|   2|           1|           2|
    |xor_ln786_1_fu_8823_p2     |       xor|   0|  0|   2|           1|           2|
    |xor_ln786_2_fu_9097_p2     |       xor|   0|  0|   2|           1|           2|
    |xor_ln786_fu_9242_p2       |       xor|   0|  0|   2|           1|           2|
    +---------------------------+----------+----+---+----+------------+------------+
    |Total                      |          |   0|  0|6278|        4576|        4230|
    +---------------------------+----------+----+---+----+------------+------------+

    * Multiplexer: 
    +-----------------------------------+-----+-----------+-----+-----------+
    |                Name               | LUT | Input Size| Bits| Total Bits|
    +-----------------------------------+-----+-----------+-----+-----------+
    |acc_V_reg_3999                     |    9|          2|   40|         80|
    |ap_NS_fsm                          |  225|         52|    1|         52|
    |ap_enable_reg_pp0_iter6            |    9|          2|    1|          2|
    |ap_enable_reg_pp1_iter1            |    9|          2|    1|          2|
    |ap_enable_reg_pp1_iter9            |    9|          2|    1|          2|
    |ap_enable_reg_pp2_iter8            |    9|          2|    1|          2|
    |ap_enable_reg_pp2_iter9            |   14|          3|    1|          3|
    |ap_phi_mux_b_phi_fu_3968_p4        |    9|          2|    2|          4|
    |ap_phi_mux_k_phi_fu_3956_p4        |    9|          2|    8|         16|
    |ap_phi_mux_phi_mul_phi_fu_3980_p4  |    9|          2|   10|         20|
    |b_reg_3964                         |    9|          2|    2|          4|
    |drc_ratio_address0                 |   14|          3|    2|          6|
    |drc_ratio_address1                 |   14|          3|    2|          6|
    |drc_thr_address0                   |   14|          3|    2|          6|
    |drc_thr_address1                   |   14|          3|    2|          6|
    |hist_V_0_address0                  |  113|         22|    6|        132|
    |hist_V_0_address1                  |  113|         22|    6|        132|
    |hist_V_0_d1                        |   20|          4|   16|         64|
    |hist_V_1_address0                  |  177|         40|    6|        240|
    |hist_V_1_address1                  |  177|         40|    6|        240|
    |hist_V_1_d1                        |   14|          3|   16|         48|
    |hist_V_2_address0                  |  177|         40|    6|        240|
    |hist_V_2_address1                  |  177|         40|    6|        240|
    |hist_V_2_d1                        |   14|          3|   16|         48|
    |hist_V_3_address0                  |  177|         40|    6|        240|
    |hist_V_3_address1                  |  177|         40|    6|        240|
    |hist_V_3_d1                        |   14|          3|   16|         48|
    |hist_V_4_address0                  |  177|         40|    6|        240|
    |hist_V_4_address1                  |  177|         40|    6|        240|
    |hist_V_4_d1                        |   14|          3|   16|         48|
    |i_reg_3988                         |    9|          2|    3|          6|
    |k_reg_3952                         |    9|          2|    8|         16|
    |n_reg_3941                         |    9|          2|   32|         64|
    |phi_mul_reg_3976                   |    9|          2|   10|         20|
    +-----------------------------------+-----+-----------+-----+-----------+
    |Total                              | 2130|        473|  269|       2757|
    +-----------------------------------+-----+-----------+-----+-----------+

    * Register: 
    +---------------------------------------+-----+----+-----+-----------+
    |                  Name                 |  FF | LUT| Bits| Const Bits|
    +---------------------------------------+-----+----+-----+-----------+
    |FIR_LP_V_load_reg_13540                |   15|   0|   15|          0|
    |FIR_LP_V_load_reg_13540_pp1_iter2_reg  |   15|   0|   15|          0|
    |acc_V_reg_3999                         |   40|   0|   40|          0|
    |add_ln1118_194_reg_12860               |   10|   0|   10|          0|
    |add_ln263_reg_10815                    |   32|   0|   32|          0|
    |add_ln280_reg_10828                    |    8|   0|    8|          0|
    |add_ln291_reg_12768                    |    2|   0|    2|          0|
    |add_ln703_100_reg_15555                |   33|   0|   33|          0|
    |add_ln703_105_reg_15560                |   33|   0|   33|          0|
    |add_ln703_111_reg_15565                |   33|   0|   33|          0|
    |add_ln703_116_reg_15570                |   33|   0|   33|          0|
    |add_ln703_118_reg_15655                |   35|   0|   35|          0|
    |add_ln703_123_reg_15575                |   33|   0|   33|          0|
    |add_ln703_128_reg_15580                |   33|   0|   33|          0|
    |add_ln703_134_reg_15585                |   33|   0|   33|          0|
    |add_ln703_139_reg_15390                |   32|   0|   32|          0|
    |add_ln703_140_reg_15590                |   33|   0|   33|          0|
    |add_ln703_142_reg_15660                |   35|   0|   35|          0|
    |add_ln703_148_reg_15595                |   33|   0|   33|          0|
    |add_ln703_153_reg_15600                |   33|   0|   33|          0|
    |add_ln703_159_reg_15605                |   33|   0|   33|          0|
    |add_ln703_15_reg_15485                 |   33|   0|   33|          0|
    |add_ln703_164_reg_15610                |   33|   0|   33|          0|
    |add_ln703_166_reg_15665                |   35|   0|   35|          0|
    |add_ln703_171_reg_15615                |   33|   0|   33|          0|
    |add_ln703_176_reg_15620                |   33|   0|   33|          0|
    |add_ln703_182_reg_15625                |   33|   0|   33|          0|
    |add_ln703_187_reg_15470                |   32|   0|   32|          0|
    |add_ln703_188_reg_15630                |   33|   0|   33|          0|
    |add_ln703_190_reg_15670                |   35|   0|   35|          0|
    |add_ln703_192_reg_15680                |   37|   0|   37|          0|
    |add_ln703_20_reg_15490                 |   33|   0|   33|          0|
    |add_ln703_22_reg_15635                 |   35|   0|   35|          0|
    |add_ln703_27_reg_15495                 |   33|   0|   33|          0|
    |add_ln703_32_reg_15500                 |   33|   0|   33|          0|
    |add_ln703_38_reg_15505                 |   33|   0|   33|          0|
    |add_ln703_43_reg_15510                 |   33|   0|   33|          0|
    |add_ln703_45_reg_15640                 |   35|   0|   35|          0|
    |add_ln703_4_reg_15475                  |   33|   0|   33|          0|
    |add_ln703_51_reg_15515                 |   33|   0|   33|          0|
    |add_ln703_56_reg_15520                 |   33|   0|   33|          0|
    |add_ln703_62_reg_15525                 |   33|   0|   33|          0|
    |add_ln703_67_reg_15530                 |   33|   0|   33|          0|
    |add_ln703_69_reg_15645                 |   35|   0|   35|          0|
    |add_ln703_74_reg_15535                 |   33|   0|   33|          0|
    |add_ln703_79_reg_15540                 |   33|   0|   33|          0|
    |add_ln703_85_reg_15545                 |   33|   0|   33|          0|
    |add_ln703_90_reg_15310                 |   32|   0|   32|          0|
    |add_ln703_91_reg_15550                 |   33|   0|   33|          0|
    |add_ln703_93_reg_15650                 |   35|   0|   35|          0|
    |add_ln703_95_reg_15675                 |   37|   0|   37|          0|
    |add_ln703_9_reg_15480                  |   33|   0|   33|          0|
    |ap_CS_fsm                              |   51|   0|   51|          0|
    |ap_enable_reg_pp0_iter0                |    1|   0|    1|          0|
    |ap_enable_reg_pp0_iter1                |    1|   0|    1|          0|
    |ap_enable_reg_pp0_iter2                |    1|   0|    1|          0|
    |ap_enable_reg_pp0_iter3                |    1|   0|    1|          0|
    |ap_enable_reg_pp0_iter4                |    1|   0|    1|          0|
    |ap_enable_reg_pp0_iter5                |    1|   0|    1|          0|
    |ap_enable_reg_pp0_iter6                |    1|   0|    1|          0|
    |ap_enable_reg_pp1_iter0                |    1|   0|    1|          0|
    |ap_enable_reg_pp1_iter1                |    1|   0|    1|          0|
    |ap_enable_reg_pp1_iter2                |    1|   0|    1|          0|
    |ap_enable_reg_pp1_iter3                |    1|   0|    1|          0|
    |ap_enable_reg_pp1_iter4                |    1|   0|    1|          0|
    |ap_enable_reg_pp1_iter5                |    1|   0|    1|          0|
    |ap_enable_reg_pp1_iter6                |    1|   0|    1|          0|
    |ap_enable_reg_pp1_iter7                |    1|   0|    1|          0|
    |ap_enable_reg_pp1_iter8                |    1|   0|    1|          0|
    |ap_enable_reg_pp1_iter9                |    1|   0|    1|          0|
    |ap_enable_reg_pp2_iter0                |    1|   0|    1|          0|
    |ap_enable_reg_pp2_iter1                |    1|   0|    1|          0|
    |ap_enable_reg_pp2_iter2                |    1|   0|    1|          0|
    |ap_enable_reg_pp2_iter3                |    1|   0|    1|          0|
    |ap_enable_reg_pp2_iter4                |    1|   0|    1|          0|
    |ap_enable_reg_pp2_iter5                |    1|   0|    1|          0|
    |ap_enable_reg_pp2_iter6                |    1|   0|    1|          0|
    |ap_enable_reg_pp2_iter7                |    1|   0|    1|          0|
    |ap_enable_reg_pp2_iter8                |    1|   0|    1|          0|
    |ap_enable_reg_pp2_iter9                |    1|   0|    1|          0|
    |b_reg_3964                             |    2|   0|    2|          0|
    |band_V_0_fu_988                        |   40|   0|   40|          0|
    |band_V_1_reg_15685                     |   40|   0|   40|          0|
    |band_V_2_reg_15690                     |   40|   0|   40|          0|
    |band_V_3_reg_15695                     |   40|   0|   40|          0|
    |empty_16_reg_12773                     |    9|   0|    9|          0|
    |empty_16_reg_12773_pp1_iter1_reg       |    9|   0|    9|          0|
    |hist_V_0_load_10_reg_11148             |   16|   0|   16|          0|
    |hist_V_0_load_11_reg_11173             |   16|   0|   16|          0|
    |hist_V_0_load_12_reg_11198             |   16|   0|   16|          0|
    |hist_V_0_load_13_reg_11223             |   16|   0|   16|          0|
    |hist_V_0_load_14_reg_11248             |   16|   0|   16|          0|
    |hist_V_0_load_15_reg_11273             |   16|   0|   16|          0|
    |hist_V_0_load_16_reg_11298             |   16|   0|   16|          0|
    |hist_V_0_load_17_reg_11323             |   16|   0|   16|          0|
    |hist_V_0_load_18_reg_11348             |   16|   0|   16|          0|
    |hist_V_0_load_19_reg_11373             |   16|   0|   16|          0|
    |hist_V_0_load_1_reg_10923              |   16|   0|   16|          0|
    |hist_V_0_load_20_reg_11398             |   16|   0|   16|          0|
    |hist_V_0_load_21_reg_11423             |   16|   0|   16|          0|
    |hist_V_0_load_22_reg_11448             |   16|   0|   16|          0|
    |hist_V_0_load_23_reg_11473             |   16|   0|   16|          0|
    |hist_V_0_load_24_reg_11498             |   16|   0|   16|          0|
    |hist_V_0_load_25_reg_11523             |   16|   0|   16|          0|
    |hist_V_0_load_26_reg_11548             |   16|   0|   16|          0|
    |hist_V_0_load_27_reg_11573             |   16|   0|   16|          0|
    |hist_V_0_load_28_reg_11598             |   16|   0|   16|          0|
    |hist_V_0_load_29_reg_11623             |   16|   0|   16|          0|
    |hist_V_0_load_2_reg_10948              |   16|   0|   16|          0|
    |hist_V_0_load_30_reg_11648             |   16|   0|   16|          0|
    |hist_V_0_load_31_reg_11673             |   16|   0|   16|          0|
    |hist_V_0_load_32_reg_11698             |   16|   0|   16|          0|
    |hist_V_0_load_33_reg_11723             |   16|   0|   16|          0|
    |hist_V_0_load_34_reg_11748             |   16|   0|   16|          0|
    |hist_V_0_load_35_reg_11773             |   16|   0|   16|          0|
    |hist_V_0_load_3_reg_10973              |   16|   0|   16|          0|
    |hist_V_0_load_4_reg_10998              |   16|   0|   16|          0|
    |hist_V_0_load_5_reg_11023              |   16|   0|   16|          0|
    |hist_V_0_load_6_reg_11048              |   16|   0|   16|          0|
    |hist_V_0_load_7_reg_11073              |   16|   0|   16|          0|
    |hist_V_0_load_8_reg_11098              |   16|   0|   16|          0|
    |hist_V_0_load_9_reg_11123              |   16|   0|   16|          0|
    |hist_V_0_load_reg_10898                |   16|   0|   16|          0|
    |hist_V_1_load_10_reg_11103             |   16|   0|   16|          0|
    |hist_V_1_load_11_reg_11128             |   16|   0|   16|          0|
    |hist_V_1_load_12_reg_11153             |   16|   0|   16|          0|
    |hist_V_1_load_13_reg_11178             |   16|   0|   16|          0|
    |hist_V_1_load_14_reg_11203             |   16|   0|   16|          0|
    |hist_V_1_load_15_reg_11228             |   16|   0|   16|          0|
    |hist_V_1_load_16_reg_11253             |   16|   0|   16|          0|
    |hist_V_1_load_17_reg_11278             |   16|   0|   16|          0|
    |hist_V_1_load_18_reg_11303             |   16|   0|   16|          0|
    |hist_V_1_load_19_reg_11328             |   16|   0|   16|          0|
    |hist_V_1_load_1_reg_10878              |   16|   0|   16|          0|
    |hist_V_1_load_20_reg_11353             |   16|   0|   16|          0|
    |hist_V_1_load_21_reg_11378             |   16|   0|   16|          0|
    |hist_V_1_load_22_reg_11403             |   16|   0|   16|          0|
    |hist_V_1_load_23_reg_11428             |   16|   0|   16|          0|
    |hist_V_1_load_24_reg_11453             |   16|   0|   16|          0|
    |hist_V_1_load_25_reg_11478             |   16|   0|   16|          0|
    |hist_V_1_load_26_reg_11503             |   16|   0|   16|          0|
    |hist_V_1_load_27_reg_11528             |   16|   0|   16|          0|
    |hist_V_1_load_28_reg_11553             |   16|   0|   16|          0|
    |hist_V_1_load_29_reg_11578             |   16|   0|   16|          0|
    |hist_V_1_load_2_reg_10903              |   16|   0|   16|          0|
    |hist_V_1_load_30_reg_11603             |   16|   0|   16|          0|
    |hist_V_1_load_31_reg_11628             |   16|   0|   16|          0|
    |hist_V_1_load_32_reg_11653             |   16|   0|   16|          0|
    |hist_V_1_load_33_reg_11678             |   16|   0|   16|          0|
    |hist_V_1_load_34_reg_11703             |   16|   0|   16|          0|
    |hist_V_1_load_35_reg_11728             |   16|   0|   16|          0|
    |hist_V_1_load_36_reg_11753             |   16|   0|   16|          0|
    |hist_V_1_load_37_reg_11778             |   16|   0|   16|          0|
    |hist_V_1_load_3_reg_10928              |   16|   0|   16|          0|
    |hist_V_1_load_4_reg_10953              |   16|   0|   16|          0|
    |hist_V_1_load_5_reg_10978              |   16|   0|   16|          0|
    |hist_V_1_load_6_reg_11003              |   16|   0|   16|          0|
    |hist_V_1_load_7_reg_11028              |   16|   0|   16|          0|
    |hist_V_1_load_8_reg_11053              |   16|   0|   16|          0|
    |hist_V_1_load_9_reg_11078              |   16|   0|   16|          0|
    |hist_V_2_load_10_reg_11133             |   16|   0|   16|          0|
    |hist_V_2_load_11_reg_11158             |   16|   0|   16|          0|
    |hist_V_2_load_12_reg_11183             |   16|   0|   16|          0|
    |hist_V_2_load_13_reg_11208             |   16|   0|   16|          0|
    |hist_V_2_load_14_reg_11233             |   16|   0|   16|          0|
    |hist_V_2_load_15_reg_11258             |   16|   0|   16|          0|
    |hist_V_2_load_16_reg_11283             |   16|   0|   16|          0|
    |hist_V_2_load_17_reg_11308             |   16|   0|   16|          0|
    |hist_V_2_load_18_reg_11333             |   16|   0|   16|          0|
    |hist_V_2_load_19_reg_11358             |   16|   0|   16|          0|
    |hist_V_2_load_1_reg_10908              |   16|   0|   16|          0|
    |hist_V_2_load_20_reg_11383             |   16|   0|   16|          0|
    |hist_V_2_load_21_reg_11408             |   16|   0|   16|          0|
    |hist_V_2_load_22_reg_11433             |   16|   0|   16|          0|
    |hist_V_2_load_23_reg_11458             |   16|   0|   16|          0|
    |hist_V_2_load_24_reg_11483             |   16|   0|   16|          0|
    |hist_V_2_load_25_reg_11508             |   16|   0|   16|          0|
    |hist_V_2_load_26_reg_11533             |   16|   0|   16|          0|
    |hist_V_2_load_27_reg_11558             |   16|   0|   16|          0|
    |hist_V_2_load_28_reg_11583             |   16|   0|   16|          0|
    |hist_V_2_load_29_reg_11608             |   16|   0|   16|          0|
    |hist_V_2_load_2_reg_10933              |   16|   0|   16|          0|
    |hist_V_2_load_30_reg_11633             |   16|   0|   16|          0|
    |hist_V_2_load_31_reg_11658             |   16|   0|   16|          0|
    |hist_V_2_load_32_reg_11683             |   16|   0|   16|          0|
    |hist_V_2_load_33_reg_11708             |   16|   0|   16|          0|
    |hist_V_2_load_34_reg_11733             |   16|   0|   16|          0|
    |hist_V_2_load_35_reg_11758             |   16|   0|   16|          0|
    |hist_V_2_load_36_reg_11783             |   16|   0|   16|          0|
    |hist_V_2_load_3_reg_10958              |   16|   0|   16|          0|
    |hist_V_2_load_4_reg_10983              |   16|   0|   16|          0|
    |hist_V_2_load_5_reg_11008              |   16|   0|   16|          0|
    |hist_V_2_load_6_reg_11033              |   16|   0|   16|          0|
    |hist_V_2_load_7_reg_11058              |   16|   0|   16|          0|
    |hist_V_2_load_8_reg_11083              |   16|   0|   16|          0|
    |hist_V_2_load_9_reg_11108              |   16|   0|   16|          0|
    |hist_V_2_load_reg_10883                |   16|   0|   16|          0|
    |hist_V_3_load_10_reg_11138             |   16|   0|   16|          0|
    |hist_V_3_load_11_reg_11163             |   16|   0|   16|          0|
    |hist_V_3_load_12_reg_11188             |   16|   0|   16|          0|
    |hist_V_3_load_13_reg_11213             |   16|   0|   16|          0|
    |hist_V_3_load_14_reg_11238             |   16|   0|   16|          0|
    |hist_V_3_load_15_reg_11263             |   16|   0|   16|          0|
    |hist_V_3_load_16_reg_11288             |   16|   0|   16|          0|
    |hist_V_3_load_17_reg_11313             |   16|   0|   16|          0|
    |hist_V_3_load_18_reg_11338             |   16|   0|   16|          0|
    |hist_V_3_load_19_reg_11363             |   16|   0|   16|          0|
    |hist_V_3_load_1_reg_10913              |   16|   0|   16|          0|
    |hist_V_3_load_20_reg_11388             |   16|   0|   16|          0|
    |hist_V_3_load_21_reg_11413             |   16|   0|   16|          0|
    |hist_V_3_load_22_reg_11438             |   16|   0|   16|          0|
    |hist_V_3_load_23_reg_11463             |   16|   0|   16|          0|
    |hist_V_3_load_24_reg_11488             |   16|   0|   16|          0|
    |hist_V_3_load_25_reg_11513             |   16|   0|   16|          0|
    |hist_V_3_load_26_reg_11538             |   16|   0|   16|          0|
    |hist_V_3_load_27_reg_11563             |   16|   0|   16|          0|
    |hist_V_3_load_28_reg_11588             |   16|   0|   16|          0|
    |hist_V_3_load_29_reg_11613             |   16|   0|   16|          0|
    |hist_V_3_load_2_reg_10938              |   16|   0|   16|          0|
    |hist_V_3_load_30_reg_11638             |   16|   0|   16|          0|
    |hist_V_3_load_31_reg_11663             |   16|   0|   16|          0|
    |hist_V_3_load_32_reg_11688             |   16|   0|   16|          0|
    |hist_V_3_load_33_reg_11713             |   16|   0|   16|          0|
    |hist_V_3_load_34_reg_11738             |   16|   0|   16|          0|
    |hist_V_3_load_35_reg_11763             |   16|   0|   16|          0|
    |hist_V_3_load_36_reg_11788             |   16|   0|   16|          0|
    |hist_V_3_load_3_reg_10963              |   16|   0|   16|          0|
    |hist_V_3_load_4_reg_10988              |   16|   0|   16|          0|
    |hist_V_3_load_5_reg_11013              |   16|   0|   16|          0|
    |hist_V_3_load_6_reg_11038              |   16|   0|   16|          0|
    |hist_V_3_load_7_reg_11063              |   16|   0|   16|          0|
    |hist_V_3_load_8_reg_11088              |   16|   0|   16|          0|
    |hist_V_3_load_9_reg_11113              |   16|   0|   16|          0|
    |hist_V_3_load_reg_10888                |   16|   0|   16|          0|
    |hist_V_4_load_10_reg_11143             |   16|   0|   16|          0|
    |hist_V_4_load_11_reg_11168             |   16|   0|   16|          0|
    |hist_V_4_load_12_reg_11193             |   16|   0|   16|          0|
    |hist_V_4_load_13_reg_11218             |   16|   0|   16|          0|
    |hist_V_4_load_14_reg_11243             |   16|   0|   16|          0|
    |hist_V_4_load_15_reg_11268             |   16|   0|   16|          0|
    |hist_V_4_load_16_reg_11293             |   16|   0|   16|          0|
    |hist_V_4_load_17_reg_11318             |   16|   0|   16|          0|
    |hist_V_4_load_18_reg_11343             |   16|   0|   16|          0|
    |hist_V_4_load_19_reg_11368             |   16|   0|   16|          0|
    |hist_V_4_load_1_reg_10918              |   16|   0|   16|          0|
    |hist_V_4_load_20_reg_11393             |   16|   0|   16|          0|
    |hist_V_4_load_21_reg_11418             |   16|   0|   16|          0|
    |hist_V_4_load_22_reg_11443             |   16|   0|   16|          0|
    |hist_V_4_load_23_reg_11468             |   16|   0|   16|          0|
    |hist_V_4_load_24_reg_11493             |   16|   0|   16|          0|
    |hist_V_4_load_25_reg_11518             |   16|   0|   16|          0|
    |hist_V_4_load_26_reg_11543             |   16|   0|   16|          0|
    |hist_V_4_load_27_reg_11568             |   16|   0|   16|          0|
    |hist_V_4_load_28_reg_11593             |   16|   0|   16|          0|
    |hist_V_4_load_29_reg_11618             |   16|   0|   16|          0|
    |hist_V_4_load_2_reg_10943              |   16|   0|   16|          0|
    |hist_V_4_load_30_reg_11643             |   16|   0|   16|          0|
    |hist_V_4_load_31_reg_11668             |   16|   0|   16|          0|
    |hist_V_4_load_32_reg_11693             |   16|   0|   16|          0|
    |hist_V_4_load_33_reg_11718             |   16|   0|   16|          0|
    |hist_V_4_load_34_reg_11743             |   16|   0|   16|          0|
    |hist_V_4_load_35_reg_11768             |   16|   0|   16|          0|
    |hist_V_4_load_36_reg_11793             |   16|   0|   16|          0|
    |hist_V_4_load_3_reg_10968              |   16|   0|   16|          0|
    |hist_V_4_load_4_reg_10993              |   16|   0|   16|          0|
    |hist_V_4_load_5_reg_11018              |   16|   0|   16|          0|
    |hist_V_4_load_6_reg_11043              |   16|   0|   16|          0|
    |hist_V_4_load_7_reg_11068              |   16|   0|   16|          0|
    |hist_V_4_load_8_reg_11093              |   16|   0|   16|          0|
    |hist_V_4_load_9_reg_11118              |   16|   0|   16|          0|
    |hist_V_4_load_reg_10893                |   16|   0|   16|          0|
    |i_reg_3988                             |    3|   0|    3|          0|
    |icmp_ln1497_reg_15756                  |    1|   0|    1|          0|
    |icmp_ln239_reg_10678                   |    1|   0|    1|          0|
    |icmp_ln280_reg_10824                   |    1|   0|    1|          0|
    |icmp_ln291_reg_12856                   |    1|   0|    1|          0|
    |icmp_ln366_reg_15705                   |    1|   0|    1|          0|
    |icmp_ln768_2_reg_15809                 |    1|   0|    1|          0|
    |icmp_ln786_2_reg_15814                 |    1|   0|    1|          0|
    |k_reg_3952                             |    8|   0|    8|          0|
    |n_reg_3941                             |   32|   0|   32|          0|
    |overflow_1_reg_15725                   |    1|   0|    1|          0|
    |p_Result_4_reg_15791                   |    1|   0|    1|          0|
    |p_Result_5_reg_15803                   |    1|   0|    1|          0|
    |p_Val2_12_reg_15797                    |   24|   0|   24|          0|
    |p_Val2_8_reg_15715                     |   40|   0|   40|          0|
    |p_Val2_9_reg_15720                     |   24|   0|   24|          0|
    |phi_mul_reg_3976                       |   10|   0|   10|          0|
    |phi_mul_reg_3976_pp1_iter1_reg         |   10|   0|   10|          0|
    |q_1_reg_10730                          |   16|   0|   16|          0|
    |q_2_reg_10735                          |   16|   0|   16|          0|
    |q_3_reg_10740                          |   16|   0|   16|          0|
    |q_reg_10725                            |   16|   0|   16|          0|
    |r_V_reg_15771                          |   49|   0|   49|          0|
    |ratio_V_reg_15751                      |   24|   0|   24|          0|
    |ret_V_2_reg_15766                      |   25|   0|   25|          0|
    |ret_V_reg_15776                        |   49|   0|   49|          0|
    |select_ln340_2_reg_15736               |   24|   0|   24|          0|
    |sext_ln1116_100_reg_12293              |   31|   0|   31|          0|
    |sext_ln1116_101_reg_12298              |   31|   0|   31|          0|
    |sext_ln1116_102_reg_12303              |   31|   0|   31|          0|
    |sext_ln1116_103_reg_12308              |   31|   0|   31|          0|
    |sext_ln1116_104_reg_12313              |   31|   0|   31|          0|
    |sext_ln1116_105_reg_12318              |   31|   0|   31|          0|
    |sext_ln1116_106_reg_12323              |   31|   0|   31|          0|
    |sext_ln1116_107_reg_12328              |   31|   0|   31|          0|
    |sext_ln1116_108_reg_12333              |   31|   0|   31|          0|
    |sext_ln1116_109_reg_12338              |   31|   0|   31|          0|
    |sext_ln1116_10_reg_11843               |   31|   0|   31|          0|
    |sext_ln1116_110_reg_12343              |   31|   0|   31|          0|
    |sext_ln1116_111_reg_12348              |   31|   0|   31|          0|
    |sext_ln1116_112_reg_12353              |   31|   0|   31|          0|
    |sext_ln1116_113_reg_12358              |   31|   0|   31|          0|
    |sext_ln1116_114_reg_12363              |   31|   0|   31|          0|
    |sext_ln1116_115_reg_12368              |   31|   0|   31|          0|
    |sext_ln1116_116_reg_12373              |   31|   0|   31|          0|
    |sext_ln1116_117_reg_12378              |   31|   0|   31|          0|
    |sext_ln1116_118_reg_12383              |   31|   0|   31|          0|
    |sext_ln1116_119_reg_12388              |   31|   0|   31|          0|
    |sext_ln1116_11_reg_11848               |   31|   0|   31|          0|
    |sext_ln1116_120_reg_12393              |   31|   0|   31|          0|
    |sext_ln1116_121_reg_12398              |   31|   0|   31|          0|
    |sext_ln1116_122_reg_12403              |   31|   0|   31|          0|
    |sext_ln1116_123_reg_12408              |   31|   0|   31|          0|
    |sext_ln1116_124_reg_12413              |   31|   0|   31|          0|
    |sext_ln1116_125_reg_12418              |   31|   0|   31|          0|
    |sext_ln1116_126_reg_12423              |   31|   0|   31|          0|
    |sext_ln1116_127_reg_12428              |   31|   0|   31|          0|
    |sext_ln1116_128_reg_12433              |   31|   0|   31|          0|
    |sext_ln1116_129_reg_12438              |   31|   0|   31|          0|
    |sext_ln1116_12_reg_11853               |   31|   0|   31|          0|
    |sext_ln1116_130_reg_12443              |   31|   0|   31|          0|
    |sext_ln1116_131_reg_12448              |   31|   0|   31|          0|
    |sext_ln1116_132_reg_12453              |   31|   0|   31|          0|
    |sext_ln1116_133_reg_12458              |   31|   0|   31|          0|
    |sext_ln1116_134_reg_12463              |   31|   0|   31|          0|
    |sext_ln1116_135_reg_12468              |   31|   0|   31|          0|
    |sext_ln1116_136_reg_12473              |   31|   0|   31|          0|
    |sext_ln1116_137_reg_12478              |   31|   0|   31|          0|
    |sext_ln1116_138_reg_12483              |   31|   0|   31|          0|
    |sext_ln1116_139_reg_12488              |   31|   0|   31|          0|
    |sext_ln1116_13_reg_11858               |   31|   0|   31|          0|
    |sext_ln1116_140_reg_12493              |   31|   0|   31|          0|
    |sext_ln1116_141_reg_12498              |   31|   0|   31|          0|
    |sext_ln1116_142_reg_12503              |   31|   0|   31|          0|
    |sext_ln1116_143_reg_12508              |   31|   0|   31|          0|
    |sext_ln1116_144_reg_12513              |   31|   0|   31|          0|
    |sext_ln1116_145_reg_12518              |   31|   0|   31|          0|
    |sext_ln1116_146_reg_12523              |   31|   0|   31|          0|
    |sext_ln1116_147_reg_12528              |   31|   0|   31|          0|
    |sext_ln1116_148_reg_12533              |   31|   0|   31|          0|
    |sext_ln1116_149_reg_12538              |   31|   0|   31|          0|
    |sext_ln1116_14_reg_11863               |   31|   0|   31|          0|
    |sext_ln1116_150_reg_12543              |   31|   0|   31|          0|
    |sext_ln1116_151_reg_12548              |   31|   0|   31|          0|
    |sext_ln1116_152_reg_12553              |   31|   0|   31|          0|
    |sext_ln1116_153_reg_12558              |   31|   0|   31|          0|
    |sext_ln1116_154_reg_12563              |   31|   0|   31|          0|
    |sext_ln1116_155_reg_12568              |   31|   0|   31|          0|
    |sext_ln1116_156_reg_12573              |   31|   0|   31|          0|
    |sext_ln1116_157_reg_12578              |   31|   0|   31|          0|
    |sext_ln1116_158_reg_12583              |   31|   0|   31|          0|
    |sext_ln1116_159_reg_12588              |   31|   0|   31|          0|
    |sext_ln1116_15_reg_11868               |   31|   0|   31|          0|
    |sext_ln1116_160_reg_12593              |   31|   0|   31|          0|
    |sext_ln1116_161_reg_12598              |   31|   0|   31|          0|
    |sext_ln1116_162_reg_12603              |   31|   0|   31|          0|
    |sext_ln1116_163_reg_12608              |   31|   0|   31|          0|
    |sext_ln1116_164_reg_12613              |   31|   0|   31|          0|
    |sext_ln1116_165_reg_12618              |   31|   0|   31|          0|
    |sext_ln1116_166_reg_12623              |   31|   0|   31|          0|
    |sext_ln1116_167_reg_12628              |   31|   0|   31|          0|
    |sext_ln1116_168_reg_12633              |   31|   0|   31|          0|
    |sext_ln1116_169_reg_12638              |   31|   0|   31|          0|
    |sext_ln1116_16_reg_11873               |   31|   0|   31|          0|
    |sext_ln1116_170_reg_12643              |   31|   0|   31|          0|
    |sext_ln1116_171_reg_12648              |   31|   0|   31|          0|
    |sext_ln1116_172_reg_12653              |   31|   0|   31|          0|
    |sext_ln1116_173_reg_12658              |   31|   0|   31|          0|
    |sext_ln1116_174_reg_12663              |   31|   0|   31|          0|
    |sext_ln1116_175_reg_12668              |   31|   0|   31|          0|
    |sext_ln1116_176_reg_12673              |   31|   0|   31|          0|
    |sext_ln1116_177_reg_12678              |   31|   0|   31|          0|
    |sext_ln1116_178_reg_12683              |   31|   0|   31|          0|
    |sext_ln1116_179_reg_12688              |   31|   0|   31|          0|
    |sext_ln1116_17_reg_11878               |   31|   0|   31|          0|
    |sext_ln1116_180_reg_12693              |   31|   0|   31|          0|
    |sext_ln1116_181_reg_12698              |   31|   0|   31|          0|
    |sext_ln1116_182_reg_12703              |   31|   0|   31|          0|
    |sext_ln1116_183_reg_12708              |   31|   0|   31|          0|
    |sext_ln1116_184_reg_12713              |   31|   0|   31|          0|
    |sext_ln1116_185_reg_12718              |   31|   0|   31|          0|
    |sext_ln1116_186_reg_12723              |   31|   0|   31|          0|
    |sext_ln1116_187_reg_12728              |   31|   0|   31|          0|
    |sext_ln1116_188_reg_12733              |   31|   0|   31|          0|
    |sext_ln1116_189_reg_12738              |   31|   0|   31|          0|
    |sext_ln1116_18_reg_11883               |   31|   0|   31|          0|
    |sext_ln1116_190_reg_12743              |   31|   0|   31|          0|
    |sext_ln1116_191_reg_12748              |   31|   0|   31|          0|
    |sext_ln1116_192_reg_12753              |   31|   0|   31|          0|
    |sext_ln1116_193_reg_12758              |   31|   0|   31|          0|
    |sext_ln1116_19_reg_11888               |   31|   0|   31|          0|
    |sext_ln1116_1_reg_11798                |   31|   0|   31|          0|
    |sext_ln1116_20_reg_11893               |   31|   0|   31|          0|
    |sext_ln1116_21_reg_11898               |   31|   0|   31|          0|
    |sext_ln1116_22_reg_11903               |   31|   0|   31|          0|
    |sext_ln1116_23_reg_11908               |   31|   0|   31|          0|
    |sext_ln1116_24_reg_11913               |   31|   0|   31|          0|
    |sext_ln1116_25_reg_11918               |   31|   0|   31|          0|
    |sext_ln1116_26_reg_11923               |   31|   0|   31|          0|
    |sext_ln1116_27_reg_11928               |   31|   0|   31|          0|
    |sext_ln1116_28_reg_11933               |   31|   0|   31|          0|
    |sext_ln1116_29_reg_11938               |   31|   0|   31|          0|
    |sext_ln1116_2_reg_11803                |   31|   0|   31|          0|
    |sext_ln1116_30_reg_11943               |   31|   0|   31|          0|
    |sext_ln1116_31_reg_11948               |   31|   0|   31|          0|
    |sext_ln1116_32_reg_11953               |   31|   0|   31|          0|
    |sext_ln1116_33_reg_11958               |   31|   0|   31|          0|
    |sext_ln1116_34_reg_11963               |   31|   0|   31|          0|
    |sext_ln1116_35_reg_11968               |   31|   0|   31|          0|
    |sext_ln1116_36_reg_11973               |   31|   0|   31|          0|
    |sext_ln1116_37_reg_11978               |   31|   0|   31|          0|
    |sext_ln1116_38_reg_11983               |   31|   0|   31|          0|
    |sext_ln1116_39_reg_11988               |   31|   0|   31|          0|
    |sext_ln1116_3_reg_11808                |   31|   0|   31|          0|
    |sext_ln1116_40_reg_11993               |   31|   0|   31|          0|
    |sext_ln1116_41_reg_11998               |   31|   0|   31|          0|
    |sext_ln1116_42_reg_12003               |   31|   0|   31|          0|
    |sext_ln1116_43_reg_12008               |   31|   0|   31|          0|
    |sext_ln1116_44_reg_12013               |   31|   0|   31|          0|
    |sext_ln1116_45_reg_12018               |   31|   0|   31|          0|
    |sext_ln1116_46_reg_12023               |   31|   0|   31|          0|
    |sext_ln1116_47_reg_12028               |   31|   0|   31|          0|
    |sext_ln1116_48_reg_12033               |   31|   0|   31|          0|
    |sext_ln1116_49_reg_12038               |   31|   0|   31|          0|
    |sext_ln1116_4_reg_11813                |   31|   0|   31|          0|
    |sext_ln1116_50_reg_12043               |   31|   0|   31|          0|
    |sext_ln1116_51_reg_12048               |   31|   0|   31|          0|
    |sext_ln1116_52_reg_12053               |   31|   0|   31|          0|
    |sext_ln1116_53_reg_12058               |   31|   0|   31|          0|
    |sext_ln1116_54_reg_12063               |   31|   0|   31|          0|
    |sext_ln1116_55_reg_12068               |   31|   0|   31|          0|
    |sext_ln1116_56_reg_12073               |   31|   0|   31|          0|
    |sext_ln1116_57_reg_12078               |   31|   0|   31|          0|
    |sext_ln1116_58_reg_12083               |   31|   0|   31|          0|
    |sext_ln1116_59_reg_12088               |   31|   0|   31|          0|
    |sext_ln1116_5_reg_11818                |   31|   0|   31|          0|
    |sext_ln1116_60_reg_12093               |   31|   0|   31|          0|
    |sext_ln1116_61_reg_12098               |   31|   0|   31|          0|
    |sext_ln1116_62_reg_12103               |   31|   0|   31|          0|
    |sext_ln1116_63_reg_12108               |   31|   0|   31|          0|
    |sext_ln1116_64_reg_12113               |   31|   0|   31|          0|
    |sext_ln1116_65_reg_12118               |   31|   0|   31|          0|
    |sext_ln1116_66_reg_12123               |   31|   0|   31|          0|
    |sext_ln1116_67_reg_12128               |   31|   0|   31|          0|
    |sext_ln1116_68_reg_12133               |   31|   0|   31|          0|
    |sext_ln1116_69_reg_12138               |   31|   0|   31|          0|
    |sext_ln1116_6_reg_11823                |   31|   0|   31|          0|
    |sext_ln1116_70_reg_12143               |   31|   0|   31|          0|
    |sext_ln1116_71_reg_12148               |   31|   0|   31|          0|
    |sext_ln1116_72_reg_12153               |   31|   0|   31|          0|
    |sext_ln1116_73_reg_12158               |   31|   0|   31|          0|
    |sext_ln1116_74_reg_12163               |   31|   0|   31|          0|
    |sext_ln1116_75_reg_12168               |   31|   0|   31|          0|
    |sext_ln1116_76_reg_12173               |   31|   0|   31|          0|
    |sext_ln1116_77_reg_12178               |   31|   0|   31|          0|
    |sext_ln1116_78_reg_12183               |   31|   0|   31|          0|
    |sext_ln1116_79_reg_12188               |   31|   0|   31|          0|
    |sext_ln1116_7_reg_11828                |   31|   0|   31|          0|
    |sext_ln1116_80_reg_12193               |   31|   0|   31|          0|
    |sext_ln1116_81_reg_12198               |   31|   0|   31|          0|
    |sext_ln1116_82_reg_12203               |   31|   0|   31|          0|
    |sext_ln1116_83_reg_12208               |   31|   0|   31|          0|
    |sext_ln1116_84_reg_12213               |   31|   0|   31|          0|
    |sext_ln1116_85_reg_12218               |   31|   0|   31|          0|
    |sext_ln1116_86_reg_12223               |   31|   0|   31|          0|
    |sext_ln1116_87_reg_12228               |   31|   0|   31|          0|
    |sext_ln1116_88_reg_12233               |   31|   0|   31|          0|
    |sext_ln1116_89_reg_12238               |   31|   0|   31|          0|
    |sext_ln1116_8_reg_11833                |   31|   0|   31|          0|
    |sext_ln1116_90_reg_12243               |   31|   0|   31|          0|
    |sext_ln1116_91_reg_12248               |   31|   0|   31|          0|
    |sext_ln1116_92_reg_12253               |   31|   0|   31|          0|
    |sext_ln1116_93_reg_12258               |   31|   0|   31|          0|
    |sext_ln1116_94_reg_12263               |   31|   0|   31|          0|
    |sext_ln1116_95_reg_12268               |   31|   0|   31|          0|
    |sext_ln1116_96_reg_12273               |   31|   0|   31|          0|
    |sext_ln1116_97_reg_12278               |   31|   0|   31|          0|
    |sext_ln1116_98_reg_12283               |   31|   0|   31|          0|
    |sext_ln1116_99_reg_12288               |   31|   0|   31|          0|
    |sext_ln1116_9_reg_11838                |   31|   0|   31|          0|
    |sext_ln1116_reg_10810                  |   31|   0|   31|          0|
    |sext_ln259_1_reg_10775                 |   17|   0|   24|          7|
    |sext_ln259_2_reg_10785                 |   17|   0|   24|          7|
    |sext_ln259_3_reg_10795                 |   17|   0|   24|          7|
    |sext_ln259_reg_10765                   |   17|   0|   24|          7|
    |sext_ln260_1_reg_10780                 |   17|   0|   24|          7|
    |sext_ln260_2_reg_10790                 |   17|   0|   24|          7|
    |sext_ln260_3_reg_10800                 |   17|   0|   24|          7|
    |sext_ln260_reg_10770                   |   17|   0|   24|          7|
    |sext_ln291_reg_12763                   |   31|   0|   31|          0|
    |thr_V_reg_15746                        |   24|   0|   24|          0|
    |thr_V_reg_15746_pp2_iter2_reg          |   24|   0|   24|          0|
    |tmp_10_reg_15761                       |    1|   0|    1|          0|
    |tmp_1_reg_10834                        |    6|   0|    6|          0|
    |tmp_2_reg_10848                        |    6|   0|    6|          0|
    |tobool98_reg_10720                     |    1|   0|    1|          0|
    |trunc_ln1265_reg_15709                 |    2|   0|    2|          0|
    |trunc_ln281_reg_10844                  |    3|   0|    3|          0|
    |underflow_1_reg_15730                  |    1|   0|    1|          0|
    |urem_ln281_reg_10839                   |    8|   0|    8|          0|
    |x_V_reg_15741                          |   24|   0|   24|          0|
    |ylp_V_1_0224_fu_992                    |   40|   0|   40|          0|
    |ylp_V_2_0225_fu_996                    |   40|   0|   40|          0|
    |add_ln280_reg_10828                    |   64|  32|    8|          0|
    |b_reg_3964                             |   64|  32|    2|          0|
    |icmp_ln1497_reg_15756                  |   64|  32|    1|          0|
    |icmp_ln280_reg_10824                   |   64|  32|    1|          0|
    |icmp_ln291_reg_12856                   |   64|  32|    1|          0|
    |icmp_ln366_reg_15705                   |   64|  32|    1|          0|
    |k_reg_3952                             |   64|  32|    8|          0|
    |p_Val2_8_reg_15715                     |   64|  32|   40|          0|
    |tmp_10_reg_15761                       |   64|  32|    1|          0|
    |x_V_reg_15741                          |   64|  32|   24|          0|
    +---------------------------------------+-----+----+-----+-----------+
    |Total                                  |12227| 320|11730|         56|
    +---------------------------------------+-----+----+-----+-----------+



================================================================
== Interface
================================================================
* Summary: 
+--------------------+-----+-----+------------+---------------+--------------+
|      RTL Ports     | Dir | Bits|  Protocol  | Source Object |    C Type    |
+--------------------+-----+-----+------------+---------------+--------------+
|ap_clk              |   in|    1|  ap_ctrl_hs|  fir_multiband|  return value|
|ap_rst              |   in|    1|  ap_ctrl_hs|  fir_multiband|  return value|
|ap_start            |   in|    1|  ap_ctrl_hs|  fir_multiband|  return value|
|ap_done             |  out|    1|  ap_ctrl_hs|  fir_multiband|  return value|
|ap_idle             |  out|    1|  ap_ctrl_hs|  fir_multiband|  return value|
|ap_ready            |  out|    1|  ap_ctrl_hs|  fir_multiband|  return value|
|in_r                |   in|   16|     ap_none|           in_r|       pointer|
|out_r               |  out|   16|      ap_vld|          out_r|       pointer|
|out_r_ap_vld        |  out|    1|      ap_vld|          out_r|       pointer|
|length_r            |   in|   32|     ap_none|       length_r|        scalar|
|drc_thr_address0    |  out|    2|   ap_memory|        drc_thr|         array|
|drc_thr_ce0         |  out|    1|   ap_memory|        drc_thr|         array|
|drc_thr_q0          |   in|   16|   ap_memory|        drc_thr|         array|
|drc_thr_address1    |  out|    2|   ap_memory|        drc_thr|         array|
|drc_thr_ce1         |  out|    1|   ap_memory|        drc_thr|         array|
|drc_thr_q1          |   in|   16|   ap_memory|        drc_thr|         array|
|drc_ratio_address0  |  out|    2|   ap_memory|      drc_ratio|         array|
|drc_ratio_ce0       |  out|    1|   ap_memory|      drc_ratio|         array|
|drc_ratio_q0        |   in|   16|   ap_memory|      drc_ratio|         array|
|drc_ratio_address1  |  out|    2|   ap_memory|      drc_ratio|         array|
|drc_ratio_ce1       |  out|    1|   ap_memory|      drc_ratio|         array|
|drc_ratio_q1        |   in|   16|   ap_memory|      drc_ratio|         array|
|reset               |   in|   32|     ap_none|          reset|        scalar|
|bypass              |   in|   32|     ap_none|         bypass|        scalar|
+--------------------+-----+-----+------------+---------------+--------------+

