

================================================================
== Synthesis Summary Report of 'fir_multiband'
================================================================
+ General Information: 
    * Date:           Tue Sep 29 15:32:58 2026
    * Version:        2020.2 (Build 3064766 on Wed Nov 18 09:12:45 MST 2020)
    * Project:        synth_proj
    * Solution:       solution1 (Vivado IP Flow Target)
    * Product family: zynq
    * Target device:  xc7z020-clg400-1
    

+ Performance & Resource Estimates: 
    
    PS: '+' for module; 'o' for loop; '*' for dataflow
    +----------------------+------+-------+---------+-----------+----------+---------+------+----------+-----------+------------+-------------+-------------+-----+
    |        Modules       | Issue|       | Latency |  Latency  | Iteration|         | Trip |          |           |            |             |             |     |
    |        & Loops       | Type | Slack | (cycles)|    (ns)   |  Latency | Interval| Count| Pipelined|   BRAM    |     DSP    |      FF     |     LUT     | URAM|
    +----------------------+------+-------+---------+-----------+----------+---------+------+----------+-----------+------------+-------------+-------------+-----+
    |+ fir_multiband       |     -|  -0.04|        -|          -|         -|        -|     -|        no|  128 (45%)|  345 (156%)|  34801 (32%)|  52953 (99%)|    -|
    | o VITIS_LOOP_83_1    |     -|  -7.30|       65|    650.000|         1|        1|    65|       yes|          -|           -|            -|            -|    -|
    | o VITIS_LOOP_87_2    |     -|  -7.30|        -|          -|       274|        -|     -|        no|          -|           -|            -|            -|    -|
    |  o VITIS_LOOP_94_3   |    II|  -7.30|      137|  1.370e+03|        12|        2|    64|       yes|          -|           -|            -|            -|    -|
    |  o VITIS_LOOP_101_4  |     -|  -7.30|      125|  1.250e+03|       123|        1|     4|       yes|          -|           -|            -|            -|    -|
    +----------------------+------+-------+---------+-----------+----------+---------+------+----------+-----------+------------+-------------+-------------+-----+

