

================================================================
== Synthesis Summary Report of 'fir_multiband'
================================================================
+ General Information: 
    * Date:           Tue Sep 29 15:26:49 2026
    * Version:        2020.2 (Build 3064766 on Wed Nov 18 09:12:45 MST 2020)
    * Project:        synth_proj
    * Solution:       solution1 (Vivado IP Flow Target)
    * Product family: zynq
    * Target device:  xc7z020-clg400-1
    

+ Performance & Resource Estimates: 
    
    PS: '+' for module; 'o' for loop; '*' for dataflow
    +-------------------------------------+------+-------+---------+-----------+----------+---------+------+----------+--------+--------+-----------+-----------+-----+
    |               Modules               | Issue|       | Latency |  Latency  | Iteration|         | Trip |          |        |        |           |           |     |
    |               & Loops               | Type | Slack | (cycles)|    (ns)   |  Latency | Interval| Count| Pipelined|  BRAM  |   DSP  |     FF    |    LUT    | URAM|
    +-------------------------------------+------+-------+---------+-----------+----------+---------+------+----------+--------+--------+-----------+-----------+-----+
    |+ fir_multiband                      |     -|  -0.04|        -|          -|         -|        -|     -|        no|  3 (1%)|  5 (2%)|  1402 (1%)|  1772 (3%)|    -|
    | o VITIS_LOOP_50_1                   |     -|  -7.30|       65|    650.000|         1|        1|    65|       yes|       -|       -|          -|          -|    -|
    | o VITIS_LOOP_54_2                   |     -|  -7.30|        -|          -|      1661|        -|     -|        no|       -|       -|          -|          -|    -|
    |  o VITIS_LOOP_56_3                  |     -|  -7.30|       64|    640.000|         2|        1|    64|       yes|       -|       -|          -|          -|    -|
    |  o VITIS_LOOP_63_4_VITIS_LOOP_65_5  |    II|  -7.30|     1592|  1.592e+04|        34|        6|   260|       yes|       -|       -|          -|          -|    -|
    +-------------------------------------+------+-------+---------+-----------+----------+---------+------+----------+--------+--------+-----------+-----------+-----+

