

================================================================
== Vitis HLS Report for 'fir_multiband'
================================================================
* Date:           Tue Sep 29 15:26:48 2026

* Version:        2020.2 (Build 3064766 on Wed Nov 18 09:12:45 MST 2020)
* Project:        synth_proj
* Solution:       solution1 (Vivado IP Flow Target)
* Product family: zynq
* Target device:  xc7z020-clg400-1


================================================================
== Performance Estimates
================================================================
+ Timing: 
    * Summary: 
    +--------+----------+----------+------------+
    |  Clock |  Target  | Estimated| Uncertainty|
    +--------+----------+----------+------------+
    |ap_clk  |  10.00 ns|  7.256 ns|     2.70 ns|
    +--------+----------+----------+------------+

+ Latency: 
    * Summary: 
    +---------+---------+----------+----------+-----+-----+---------+
    |  Latency (cycles) |  Latency (absolute) |  Interval | Pipeline|
    |   min   |   max   |    min   |    max   | min | max |   Type  |
    +---------+---------+----------+----------+-----+-----+---------+
    |        ?|        ?|         ?|         ?|    ?|    ?|     none|
    +---------+---------+----------+----------+-----+-----+---------+

    + Detail: 
        * Instance: 
        N/A

        * Loop: 
        +------------------------------------+---------+---------+----------+-----------+-----------+------+----------+
        |                                    |  Latency (cycles) | Iteration|  Initiation Interval  | Trip |          |
        |              Loop Name             |   min   |   max   |  Latency |  achieved |   target  | Count| Pipelined|
        +------------------------------------+---------+---------+----------+-----------+-----------+------+----------+
        |- VITIS_LOOP_50_1                   |       65|       65|         1|          1|          1|    65|       yes|
        |- VITIS_LOOP_54_2                   |        ?|        ?|      1661|          -|          -|     ?|        no|
        | + VITIS_LOOP_56_3                  |       64|       64|         2|          1|          1|    64|       yes|
        | + VITIS_LOOP_63_4_VITIS_LOOP_65_5  |     1592|     1592|        34|          6|          1|   260|       yes|
        +------------------------------------+---------+---------+----------+-----------+-----------+------+----------+



================================================================
== Utilization Estimates
================================================================
* Summary: 
+-----------------+---------+-----+--------+-------+-----+
|       Name      | BRAM_18K| DSP |   FF   |  LUT  | URAM|
+-----------------+---------+-----+--------+-------+-----+
|DSP              |        -|    -|       -|      -|    -|
|Expression       |        -|    -|       0|    452|    -|
|FIFO             |        -|    -|       -|      -|    -|
|Instance         |        -|    5|     348|    711|    -|
|Memory           |        3|    -|       0|      0|    -|
|Multiplexer      |        -|    -|       -|    385|    -|
|Register         |        -|    -|    1054|    224|    -|
+-----------------+---------+-----+--------+-------+-----+
|Total            |        3|    5|    1402|   1772|    0|
+-----------------+---------+-----+--------+-------+-----+
|Available        |      280|  220|  106400|  53200|    0|
+-----------------+---------+-----+--------+-------+-----+
|Utilization (%)  |        1|    2|       1|      3|    0|
+-----------------+---------+-----+--------+-------+-----+

+ Detail: 
    * Instance: 
    +-----------------------------------+--------------------------------+---------+----+-----+-----+-----+
    |              Instance             |             Module             | BRAM_18K| DSP|  FF | LUT | URAM|
    +-----------------------------------+--------------------------------+---------+----+-----+-----+-----+
    |fadd_32ns_32ns_32_5_full_dsp_1_U1  |fadd_32ns_32ns_32_5_full_dsp_1  |        0|   2|  205|  390|    0|
    |fcmp_32ns_32ns_1_2_no_dsp_1_U3     |fcmp_32ns_32ns_1_2_no_dsp_1     |        0|   0|    0|    0|    0|
    |fmul_32ns_32ns_32_4_max_dsp_1_U2   |fmul_32ns_32ns_32_4_max_dsp_1   |        0|   3|  143|  321|    0|
    +-----------------------------------+--------------------------------+---------+----+-----+-----+-----+
    |Total                              |                                |        0|   5|  348|  711|    0|
    +-----------------------------------+--------------------------------+---------+----+-----+-----+-----+

    * DSP: 
    N/A

    * Memory: 
    +--------------+------------+---------+---+----+-----+------+-----+------+-------------+
    |    Memory    |   Module   | BRAM_18K| FF| LUT| URAM| Words| Bits| Banks| W*Bits*Banks|
    +--------------+------------+---------+---+----+-----+------+-----+------+-------------+
    |FIR_COEFFS_U  |FIR_COEFFS  |        1|  0|   0|    0|   260|   32|     1|         8320|
    |hist_U        |hist        |        2|  0|   0|    0|    65|   32|     1|         2080|
    +--------------+------------+---------+---+----+-----+------+-----+------+-------------+
    |Total         |            |        3|  0|   0|    0|   325|   64|     2|        10400|
    +--------------+------------+---------+---+----+-----+------+-----+------+-------------+

    * FIFO: 
    N/A

    * Expression: 
    +-------------------------+----------+----+---+----+------------+------------+
    |      Variable Name      | Operation| DSP| FF| LUT| Bitwidth P0| Bitwidth P1|
    +-------------------------+----------+----+---+----+------------+------------+
    |add_ln50_fu_306_p2       |         +|   0|  0|  14|           7|           1|
    |add_ln54_fu_327_p2       |         +|   0|  0|  39|          32|           1|
    |add_ln56_fu_344_p2       |         +|   0|  0|  14|           7|           2|
    |add_ln63_1_fu_429_p2     |         +|   0|  0|  14|           9|           1|
    |add_ln63_fu_366_p2       |         +|   0|  0|  11|           3|           1|
    |add_ln65_fu_435_p2       |         +|   0|  0|  14|           7|           1|
    |add_ln66_1_fu_418_p2     |         +|   0|  0|   9|           9|           9|
    |add_ln66_fu_409_p2       |         +|   0|  0|   9|           9|           9|
    |and_ln36_fu_483_p2       |       and|   0|  0|   2|           1|           1|
    |and_ln37_fu_547_p2       |       and|   0|  0|   2|           1|           1|
    |icmp_ln36_1_fu_471_p2    |      icmp|   0|  0|  15|          23|           1|
    |icmp_ln36_fu_465_p2      |      icmp|   0|  0|  11|           8|           2|
    |icmp_ln37_1_fu_529_p2    |      icmp|   0|  0|  15|          23|           1|
    |icmp_ln37_fu_523_p2      |      icmp|   0|  0|  11|           8|           2|
    |icmp_ln50_fu_312_p2      |      icmp|   0|  0|  10|           7|           7|
    |icmp_ln54_fu_333_p2      |      icmp|   0|  0|  18|          32|          32|
    |icmp_ln56_fu_338_p2      |      icmp|   0|  0|  10|           7|           1|
    |icmp_ln63_fu_360_p2      |      icmp|   0|  0|  11|           9|           9|
    |icmp_ln65_fu_372_p2      |      icmp|   0|  0|  10|           7|           7|
    |or_ln36_fu_477_p2        |        or|   0|  0|   2|           1|           1|
    |or_ln37_fu_543_p2        |        or|   0|  0|   2|           1|           1|
    |a_fu_498_p3              |    select|   0|  0|  32|           1|          32|
    |select_ln37_fu_552_p3    |    select|   0|  0|  32|           1|          32|
    |select_ln63_1_fu_440_p3  |    select|   0|  0|  32|           1|           1|
    |select_ln63_2_fu_386_p3  |    select|   0|  0|   3|           1|           3|
    |select_ln63_3_fu_560_p3  |    select|   0|  0|  32|           1|          32|
    |select_ln63_fu_378_p3    |    select|   0|  0|   7|           1|           1|
    |sign_fu_535_p3           |    select|   0|  0|  32|           1|          32|
    |ap_enable_pp1            |       xor|   0|  0|   2|           1|           2|
    |ap_enable_pp2            |       xor|   0|  0|   2|           1|           2|
    |ap_enable_reg_pp1_iter1  |       xor|   0|  0|   2|           2|           1|
    |xor_ln36_fu_489_p2       |       xor|   0|  0|  33|          32|          33|
    +-------------------------+----------+----+---+----+------------+------------+
    |Total                    |          |   0|  0| 452|         254|         262|
    +-------------------------+----------+----+---+----+------------+------------+

    * Multiplexer: 
    +-----------------------------------------+----+-----------+-----+-----------+
    |                   Name                  | LUT| Input Size| Bits| Total Bits|
    +-----------------------------------------+----+-----------+-----+-----------+
    |acc_reg_270                              |   9|          2|   32|         64|
    |ap_NS_fsm                                |  65|         14|    1|         14|
    |ap_enable_reg_pp1_iter1                  |  14|          3|    1|          3|
    |ap_enable_reg_pp2_iter5                  |   9|          2|    1|          2|
    |ap_phi_mux_b_phi_fu_240_p4               |   9|          2|    3|          6|
    |ap_phi_mux_indvar_flatten_phi_fu_228_p4  |   9|          2|    9|         18|
    |ap_phi_mux_k_1_phi_fu_216_p4             |   9|          2|    7|         14|
    |ap_phi_mux_k_2_phi_fu_251_p4             |   9|          2|    7|         14|
    |ap_phi_mux_y_phi_fu_262_p4               |   9|          2|   32|         64|
    |b_reg_236                                |   9|          2|    3|          6|
    |grp_fu_282_p0                            |  25|          5|   32|        160|
    |grp_fu_282_p1                            |  25|          5|   32|        160|
    |grp_fu_289_p0                            |  20|          4|   32|        128|
    |grp_fu_289_p1                            |  20|          4|   32|        128|
    |grp_fu_294_opcode                        |  14|          3|    5|         15|
    |grp_fu_294_p0                            |  14|          3|   32|         96|
    |grp_fu_294_p1                            |  14|          3|   32|         96|
    |hist_address0                            |  20|          4|    7|         28|
    |hist_address1                            |  14|          3|    7|         21|
    |hist_d0                                  |  14|          3|   32|         96|
    |indvar_flatten_reg_224                   |   9|          2|    9|         18|
    |k_1_reg_212                              |   9|          2|    7|         14|
    |k_2_reg_247                              |   9|          2|    7|         14|
    |k_reg_190                                |   9|          2|    7|         14|
    |n_reg_201                                |   9|          2|   32|         64|
    |y_reg_258                                |   9|          2|   32|         64|
    +-----------------------------------------+----+-----------+-----+-----------+
    |Total                                    | 385|         82|  433|       1321|
    +-----------------------------------------+----+-----------+-----+-----------+

    * Register: 
    +-------------------------+----+----+-----+-----------+
    |           Name          | FF | LUT| Bits| Const Bits|
    +-------------------------+----+----+-----+-----------+
    |FIR_COEFFS_load_reg_656  |  32|   0|   32|          0|
    |a_reg_692                |  32|   0|   32|          0|
    |acc_reg_270              |  32|   0|   32|          0|
    |add_ln54_reg_595         |  32|   0|   32|          0|
    |add_ln56_reg_608         |   7|   0|    7|          0|
    |add_ln63_1_reg_661       |   9|   0|    9|          0|
    |add_ln65_reg_666         |   7|   0|    7|          0|
    |and_ln36_reg_686         |   1|   0|    1|          0|
    |ap_CS_fsm                |  13|   0|   13|          0|
    |ap_enable_reg_pp1_iter0  |   1|   0|    1|          0|
    |ap_enable_reg_pp1_iter1  |   1|   0|    1|          0|
    |ap_enable_reg_pp2_iter0  |   1|   0|    1|          0|
    |ap_enable_reg_pp2_iter1  |   1|   0|    1|          0|
    |ap_enable_reg_pp2_iter2  |   1|   0|    1|          0|
    |ap_enable_reg_pp2_iter3  |   1|   0|    1|          0|
    |ap_enable_reg_pp2_iter4  |   1|   0|    1|          0|
    |ap_enable_reg_pp2_iter5  |   1|   0|    1|          0|
    |b_reg_236                |   3|   0|    3|          0|
    |bitcast_ln36_reg_681     |  32|   0|   32|          0|
    |bitcast_ln59_reg_590     |  32|   0|   32|          0|
    |hist_load_1_reg_651      |  32|   0|   32|          0|
    |icmp_ln37_1_reg_704      |   1|   0|    1|          0|
    |icmp_ln37_reg_699        |   1|   0|    1|          0|
    |icmp_ln56_reg_604        |   1|   0|    1|          0|
    |icmp_ln63_reg_618        |   1|   0|    1|          0|
    |icmp_ln65_reg_622        |   1|   0|    1|          0|
    |indvar_flatten_reg_224   |   9|   0|    9|          0|
    |k_1_reg_212              |   7|   0|    7|          0|
    |k_2_reg_247              |   7|   0|    7|          0|
    |k_reg_190                |   7|   0|    7|          0|
    |mul_i_dup_reg_724        |  32|   0|   32|          0|
    |mul_reg_676              |  32|   0|   32|          0|
    |n_reg_201                |  32|   0|   32|          0|
    |reg_301                  |  32|   0|   32|          0|
    |select_ln37_reg_734      |  32|   0|   32|          0|
    |select_ln63_1_reg_671    |  32|   0|   32|          0|
    |select_ln63_2_reg_634    |   3|   0|    3|          0|
    |select_ln63_reg_628      |   7|   0|    7|          0|
    |sub4_i_dup_reg_719       |  32|   0|   32|          0|
    |tmp_3_dup_reg_709        |   1|   0|    1|          0|
    |y_1_reg_714              |  32|   0|   32|          0|
    |y_reg_258                |  32|   0|   32|          0|
    |and_ln36_reg_686         |  64|  32|    1|          0|
    |icmp_ln37_1_reg_704      |  64|  32|    1|          0|
    |icmp_ln37_reg_699        |  64|  32|    1|          0|
    |icmp_ln63_reg_618        |  64|  32|    1|          0|
    |icmp_ln65_reg_622        |  64|  32|    1|          0|
    |tmp_3_dup_reg_709        |  64|  32|    1|          0|
    |y_reg_258                |  64|  32|   32|          0|
    +-------------------------+----+----+-----+-----------+
    |Total                    |1054| 224|  644|          0|
    +-------------------------+----+----+-----+-----------+



================================================================
== Interface
================================================================
* Summary: 
+--------------+-----+-----+------------+---------------+--------------+
|   RTL Ports  | Dir | Bits|  Protocol  | Source Object |    C Type    |
+--------------+-----+-----+------------+---------------+--------------+
|ap_clk        |   in|    1|  ap_ctrl_hs|  fir_multiband|  return value|
|ap_rst        |   in|    1|  ap_ctrl_hs|  fir_multiband|  return value|
|ap_start      |   in|    1|  ap_ctrl_hs|  fir_multiband|  return value|
|ap_done       |  out|    1|  ap_ctrl_hs|  fir_multiband|  return value|
|ap_idle       |  out|    1|  ap_ctrl_hs|  fir_multiband|  return value|
|ap_ready      |  out|    1|  ap_ctrl_hs|  fir_multiband|  return value|
|in_r          |   in|   32|     ap_none|           in_r|       pointer|
|out_r         |  out|   32|      ap_vld|          out_r|       pointer|
|out_r_ap_vld  |  out|    1|      ap_vld|          out_r|       pointer|
|length_r      |   in|   32|     ap_none|       length_r|        scalar|
+--------------+-----+-----+------------+---------------+--------------+

