Copyright 1986-2020 Xilinx, Inc. All Rights Reserved.
-------------------------------------------------------------------------------------------------------------------------------------------------------------------------
| Tool Version : Vivado v.2020.2 (win64) Build 3064766 Wed Nov 18 09:12:45 MST 2020
| Date         : Wed Sep 30 18:49:41 2026
| Host         : yu running 64-bit major release  (build 9200)
| Command      : report_timing_summary -delay_type max -max_paths 10 -file D:/pynq-multiband-audio-accel/build/hls/reports/v15_sub_n193_mul64_clk80_impl/timing_impl.rpt
| Design       : fir_multiband
| Device       : 7z020-clg400
| Speed File   : -1  PRODUCTION 1.12 2019-11-22
-------------------------------------------------------------------------------------------------------------------------------------------------------------------------

Timing Summary Report

------------------------------------------------------------------------------------------------
| Timer Settings
| --------------
------------------------------------------------------------------------------------------------

  Enable Multi Corner Analysis               :  Yes
  Enable Pessimism Removal                   :  Yes
  Pessimism Removal Resolution               :  Nearest Common Node
  Enable Input Delay Default Clock           :  No
  Enable Preset / Clear Arcs                 :  No
  Disable Flight Delays                      :  No
  Ignore I/O Paths                           :  No
  Timing Early Launch at Borrowing Latches   :  No
  Borrow Time for Max Delay Exceptions       :  Yes
  Merge Timing Exceptions                    :  Yes

  Corner  Analyze    Analyze    
  Name    Max Paths  Min Paths  
  ------  ---------  ---------  
  Slow    Yes        Yes        
  Fast    Yes        Yes        



check_timing report

Table of Contents
-----------------
1. checking no_clock (0)
2. checking constant_clock (0)
3. checking pulse_width_clock (0)
4. checking unconstrained_internal_endpoints (0)
5. checking no_input_delay (178)
6. checking no_output_delay (28)
7. checking multiple_clock (0)
8. checking generated_clocks (0)
9. checking loops (0)
10. checking partial_input_delay (0)
11. checking partial_output_delay (0)
12. checking latch_loops (0)

1. checking no_clock (0)
------------------------
 There are 0 register/latch pins with no clock.


2. checking constant_clock (0)
------------------------------
 There are 0 register/latch pins with constant_clock.


3. checking pulse_width_clock (0)
---------------------------------
 There are 0 register/latch pins which need pulse_width check


4. checking unconstrained_internal_endpoints (0)
------------------------------------------------
 There are 0 pins that are not constrained for maximum delay.

 There are 0 pins that are not constrained for maximum delay due to constant clock.


5. checking no_input_delay (178)
--------------------------------
 There are 178 input ports with no input delay specified. (HIGH)

 There are 0 input ports with no input delay but user has a false path constraint.


6. checking no_output_delay (28)
--------------------------------
 There are 28 ports with no output delay specified. (HIGH)

 There are 0 ports with no output delay but user has a false path constraint

 There are 0 ports with no output delay but with a timing clock defined on it or propagating through it


7. checking multiple_clock (0)
------------------------------
 There are 0 register/latch pins with multiple clocks.


8. checking generated_clocks (0)
--------------------------------
 There are 0 generated clocks that are not connected to a clock source.


9. checking loops (0)
---------------------
 There are 0 combinational loops in the design.


10. checking partial_input_delay (0)
------------------------------------
 There are 0 input ports with partial input delay specified.


11. checking partial_output_delay (0)
-------------------------------------
 There are 0 ports with partial output delay specified.


12. checking latch_loops (0)
----------------------------
 There are 0 combinational latch loops in the design through latch input



------------------------------------------------------------------------------------------------
| Design Timing Summary
| ---------------------
------------------------------------------------------------------------------------------------

    WNS(ns)      TNS(ns)  TNS Failing Endpoints  TNS Total Endpoints     WPWS(ns)     TPWS(ns)  TPWS Failing Endpoints  TPWS Total Endpoints  
    -------      -------  ---------------------  -------------------     --------     --------  ----------------------  --------------------  
      0.386        0.000                      0                27688        5.270        0.000                       0                 11636  


All user specified timing constraints are met.


------------------------------------------------------------------------------------------------
| Clock Summary
| -------------
------------------------------------------------------------------------------------------------

Clock   Waveform(ns)       Period(ns)      Frequency(MHz)
-----   ------------       ----------      --------------
ap_clk  {0.000 6.250}      12.500          80.000          


------------------------------------------------------------------------------------------------
| Intra Clock Table
| -----------------
------------------------------------------------------------------------------------------------

Clock             WNS(ns)      TNS(ns)  TNS Failing Endpoints  TNS Total Endpoints     WPWS(ns)     TPWS(ns)  TPWS Failing Endpoints  TPWS Total Endpoints  
-----             -------      -------  ---------------------  -------------------     --------     --------  ----------------------  --------------------  
ap_clk              0.386        0.000                      0                27688        5.270        0.000                       0                 11636  


------------------------------------------------------------------------------------------------
| Inter Clock Table
| -----------------
------------------------------------------------------------------------------------------------

From Clock    To Clock          WNS(ns)      TNS(ns)  TNS Failing Endpoints  TNS Total Endpoints  
----------    --------          -------      -------  ---------------------  -------------------  


------------------------------------------------------------------------------------------------
| Other Path Groups Table
| -----------------------
------------------------------------------------------------------------------------------------

Path Group    From Clock    To Clock          WNS(ns)      TNS(ns)  TNS Failing Endpoints  TNS Total Endpoints  
----------    ----------    --------          -------      -------  ---------------------  -------------------  


------------------------------------------------------------------------------------------------
| Timing Details
| --------------
------------------------------------------------------------------------------------------------


---------------------------------------------------------------------------------------------------
From Clock:  ap_clk
  To Clock:  ap_clk

Setup :            0  Failing Endpoints,  Worst Slack        0.386ns,  Total Violation        0.000ns
Hold  :           NA  Failing Endpoints,  Worst Slack           NA  ,  Total Violation           NA
PW    :            0  Failing Endpoints,  Worst Slack        5.270ns,  Total Violation        0.000ns
---------------------------------------------------------------------------------------------------


Max Delay Paths
--------------------------------------------------------------------------------------
Slack (MET) :             0.386ns  (required time - arrival time)
  Source:                 ap_CS_fsm_reg[47]/C
                            (rising edge-triggered cell FDRE clocked by ap_clk  {rise@0.000ns fall@6.250ns period=12.500ns})
  Destination:            add_ln703_178_fu_26931_p2/C[18]
                            (rising edge-triggered cell DSP48E1 clocked by ap_clk  {rise@0.000ns fall@6.250ns period=12.500ns})
  Path Group:             ap_clk
  Path Type:              Setup (Max at Slow Process Corner)
  Requirement:            12.500ns  (ap_clk rise@12.500ns - ap_clk rise@0.000ns)
  Data Path Delay:        11.589ns  (logic 4.571ns (39.442%)  route 7.018ns (60.558%))
  Logic Levels:           4  (DSP48E1=1 LUT2=1 LUT3=1 LUT5=1)
  Clock Path Skew:        -0.049ns (DCD - SCD + CPR)
    Destination Clock Delay (DCD):    0.924ns = ( 13.424 - 12.500 ) 
    Source Clock Delay      (SCD):    0.973ns
    Clock Pessimism Removal (CPR):    0.000ns
  Clock Uncertainty:      0.035ns  ((TSJ^2 + TIJ^2)^1/2 + DJ) / 2 + PE
    Total System Jitter     (TSJ):    0.071ns
    Total Input Jitter      (TIJ):    0.000ns
    Discrete Jitter          (DJ):    0.000ns
    Phase Error              (PE):    0.000ns

    Location             Delay type                Incr(ns)  Path(ns)    Netlist Resource(s)
  -------------------------------------------------------------------    -------------------
                         (clock ap_clk rise edge)     0.000     0.000 r  
                                                      0.000     0.000 r  ap_clk (IN)
                         net (fo=11644, unset)        0.973     0.973    ap_clk
    SLICE_X50Y28         FDRE                                         r  ap_CS_fsm_reg[47]/C
  -------------------------------------------------------------------    -------------------
    SLICE_X50Y28         FDRE (Prop_fdre_C_Q)         0.518     1.491 r  ap_CS_fsm_reg[47]/Q
                         net (fo=52, routed)          1.011     2.502    mul_15s_16s_31_1_1_U33/fir_multiband_mul_15s_16s_31_1_1_Multiplier_0_U/p_6[0]
    SLICE_X54Y23         LUT2 (Prop_lut2_I1_O)        0.124     2.626 r  mul_15s_16s_31_1_1_U33/fir_multiband_mul_15s_16s_31_1_1_Multiplier_0_U/p_i_32__10/O
                         net (fo=93, routed)          1.331     3.957    mul_15s_16s_31_1_1_U7/fir_multiband_mul_15s_16s_31_1_1_Multiplier_0_U/p_1
    SLICE_X61Y25         LUT5 (Prop_lut5_I1_O)        0.124     4.081 r  mul_15s_16s_31_1_1_U7/fir_multiband_mul_15s_16s_31_1_1_Multiplier_0_U/p_i_1__26/O
                         net (fo=4, routed)           1.739     5.820    mul_15s_16s_31_1_1_U7/fir_multiband_mul_15s_16s_31_1_1_Multiplier_0_U/p_i_1__26_n_0
    DSP48_X3Y5           DSP48E1 (Prop_dsp48e1_B[14]_P[18])
                                                      3.656     9.476 r  mul_15s_16s_31_1_1_U7/fir_multiband_mul_15s_16s_31_1_1_Multiplier_0_U/p/P[18]
                         net (fo=2, routed)           1.872    11.348    mul_15s_16s_31_1_1_U7/fir_multiband_mul_15s_16s_31_1_1_Multiplier_0_U/p_n_87
    SLICE_X53Y13         LUT3 (Prop_lut3_I0_O)        0.149    11.497 r  mul_15s_16s_31_1_1_U7/fir_multiband_mul_15s_16s_31_1_1_Multiplier_0_U/reg_13508[18]_i_1/O
                         net (fo=2, routed)           1.066    12.562    mul_15s_16s_31_1_1_U7_n_91
    DSP48_X2Y4           DSP48E1                                      r  add_ln703_178_fu_26931_p2/C[18]
  -------------------------------------------------------------------    -------------------

                         (clock ap_clk rise edge)    12.500    12.500 r  
                                                      0.000    12.500 r  ap_clk (IN)
                         net (fo=11644, unset)        0.924    13.424    ap_clk
    DSP48_X2Y4           DSP48E1                                      r  add_ln703_178_fu_26931_p2/CLK
                         clock pessimism              0.000    13.424    
                         clock uncertainty           -0.035    13.389    
    DSP48_X2Y4           DSP48E1 (Setup_dsp48e1_CLK_C[18])
                                                     -0.441    12.948    add_ln703_178_fu_26931_p2
  -------------------------------------------------------------------
                         required time                         12.948    
                         arrival time                         -12.562    
  -------------------------------------------------------------------
                         slack                                  0.386    

Slack (MET) :             0.404ns  (required time - arrival time)
  Source:                 ap_CS_fsm_reg[47]/C
                            (rising edge-triggered cell FDRE clocked by ap_clk  {rise@0.000ns fall@6.250ns period=12.500ns})
  Destination:            add_ln703_178_fu_26931_p2/C[21]
                            (rising edge-triggered cell DSP48E1 clocked by ap_clk  {rise@0.000ns fall@6.250ns period=12.500ns})
  Path Group:             ap_clk
  Path Type:              Setup (Max at Slow Process Corner)
  Requirement:            12.500ns  (ap_clk rise@12.500ns - ap_clk rise@0.000ns)
  Data Path Delay:        11.576ns  (logic 4.575ns (39.522%)  route 7.001ns (60.478%))
  Logic Levels:           4  (DSP48E1=1 LUT2=1 LUT3=1 LUT5=1)
  Clock Path Skew:        -0.049ns (DCD - SCD + CPR)
    Destination Clock Delay (DCD):    0.924ns = ( 13.424 - 12.500 ) 
    Source Clock Delay      (SCD):    0.973ns
    Clock Pessimism Removal (CPR):    0.000ns
  Clock Uncertainty:      0.035ns  ((TSJ^2 + TIJ^2)^1/2 + DJ) / 2 + PE
    Total System Jitter     (TSJ):    0.071ns
    Total Input Jitter      (TIJ):    0.000ns
    Discrete Jitter          (DJ):    0.000ns
    Phase Error              (PE):    0.000ns

    Location             Delay type                Incr(ns)  Path(ns)    Netlist Resource(s)
  -------------------------------------------------------------------    -------------------
                         (clock ap_clk rise edge)     0.000     0.000 r  
                                                      0.000     0.000 r  ap_clk (IN)
                         net (fo=11644, unset)        0.973     0.973    ap_clk
    SLICE_X50Y28         FDRE                                         r  ap_CS_fsm_reg[47]/C
  -------------------------------------------------------------------    -------------------
    SLICE_X50Y28         FDRE (Prop_fdre_C_Q)         0.518     1.491 r  ap_CS_fsm_reg[47]/Q
                         net (fo=52, routed)          1.011     2.502    mul_15s_16s_31_1_1_U33/fir_multiband_mul_15s_16s_31_1_1_Multiplier_0_U/p_6[0]
    SLICE_X54Y23         LUT2 (Prop_lut2_I1_O)        0.124     2.626 r  mul_15s_16s_31_1_1_U33/fir_multiband_mul_15s_16s_31_1_1_Multiplier_0_U/p_i_32__10/O
                         net (fo=93, routed)          1.331     3.957    mul_15s_16s_31_1_1_U7/fir_multiband_mul_15s_16s_31_1_1_Multiplier_0_U/p_1
    SLICE_X61Y25         LUT5 (Prop_lut5_I1_O)        0.124     4.081 r  mul_15s_16s_31_1_1_U7/fir_multiband_mul_15s_16s_31_1_1_Multiplier_0_U/p_i_1__26/O
                         net (fo=4, routed)           1.739     5.820    mul_15s_16s_31_1_1_U7/fir_multiband_mul_15s_16s_31_1_1_Multiplier_0_U/p_i_1__26_n_0
    DSP48_X3Y5           DSP48E1 (Prop_dsp48e1_B[14]_P[21])
                                                      3.656     9.476 r  mul_15s_16s_31_1_1_U7/fir_multiband_mul_15s_16s_31_1_1_Multiplier_0_U/p/P[21]
                         net (fo=2, routed)           2.132    11.608    mul_15s_16s_31_1_1_U7/fir_multiband_mul_15s_16s_31_1_1_Multiplier_0_U/p_n_84
    SLICE_X51Y10         LUT3 (Prop_lut3_I0_O)        0.153    11.761 r  mul_15s_16s_31_1_1_U7/fir_multiband_mul_15s_16s_31_1_1_Multiplier_0_U/reg_13508[21]_i_1/O
                         net (fo=2, routed)           0.788    12.549    mul_15s_16s_31_1_1_U7_n_88
    DSP48_X2Y4           DSP48E1                                      r  add_ln703_178_fu_26931_p2/C[21]
  -------------------------------------------------------------------    -------------------

                         (clock ap_clk rise edge)    12.500    12.500 r  
                                                      0.000    12.500 r  ap_clk (IN)
                         net (fo=11644, unset)        0.924    13.424    ap_clk
    DSP48_X2Y4           DSP48E1                                      r  add_ln703_178_fu_26931_p2/CLK
                         clock pessimism              0.000    13.424    
                         clock uncertainty           -0.035    13.389    
    DSP48_X2Y4           DSP48E1 (Setup_dsp48e1_CLK_C[21])
                                                     -0.436    12.953    add_ln703_178_fu_26931_p2
  -------------------------------------------------------------------
                         required time                         12.953    
                         arrival time                         -12.549    
  -------------------------------------------------------------------
                         slack                                  0.404    

Slack (MET) :             0.420ns  (required time - arrival time)
  Source:                 ap_CS_fsm_reg[47]/C
                            (rising edge-triggered cell FDRE clocked by ap_clk  {rise@0.000ns fall@6.250ns period=12.500ns})
  Destination:            add_ln703_178_fu_26931_p2/C[15]
                            (rising edge-triggered cell DSP48E1 clocked by ap_clk  {rise@0.000ns fall@6.250ns period=12.500ns})
  Path Group:             ap_clk
  Path Type:              Setup (Max at Slow Process Corner)
  Requirement:            12.500ns  (ap_clk rise@12.500ns - ap_clk rise@0.000ns)
  Data Path Delay:        11.560ns  (logic 4.575ns (39.575%)  route 6.985ns (60.425%))
  Logic Levels:           4  (DSP48E1=1 LUT2=1 LUT3=1 LUT5=1)
  Clock Path Skew:        -0.049ns (DCD - SCD + CPR)
    Destination Clock Delay (DCD):    0.924ns = ( 13.424 - 12.500 ) 
    Source Clock Delay      (SCD):    0.973ns
    Clock Pessimism Removal (CPR):    0.000ns
  Clock Uncertainty:      0.035ns  ((TSJ^2 + TIJ^2)^1/2 + DJ) / 2 + PE
    Total System Jitter     (TSJ):    0.071ns
    Total Input Jitter      (TIJ):    0.000ns
    Discrete Jitter          (DJ):    0.000ns
    Phase Error              (PE):    0.000ns

    Location             Delay type                Incr(ns)  Path(ns)    Netlist Resource(s)
  -------------------------------------------------------------------    -------------------
                         (clock ap_clk rise edge)     0.000     0.000 r  
                                                      0.000     0.000 r  ap_clk (IN)
                         net (fo=11644, unset)        0.973     0.973    ap_clk
    SLICE_X50Y28         FDRE                                         r  ap_CS_fsm_reg[47]/C
  -------------------------------------------------------------------    -------------------
    SLICE_X50Y28         FDRE (Prop_fdre_C_Q)         0.518     1.491 r  ap_CS_fsm_reg[47]/Q
                         net (fo=52, routed)          1.011     2.502    mul_15s_16s_31_1_1_U33/fir_multiband_mul_15s_16s_31_1_1_Multiplier_0_U/p_6[0]
    SLICE_X54Y23         LUT2 (Prop_lut2_I1_O)        0.124     2.626 r  mul_15s_16s_31_1_1_U33/fir_multiband_mul_15s_16s_31_1_1_Multiplier_0_U/p_i_32__10/O
                         net (fo=93, routed)          1.331     3.957    mul_15s_16s_31_1_1_U7/fir_multiband_mul_15s_16s_31_1_1_Multiplier_0_U/p_1
    SLICE_X61Y25         LUT5 (Prop_lut5_I1_O)        0.124     4.081 r  mul_15s_16s_31_1_1_U7/fir_multiband_mul_15s_16s_31_1_1_Multiplier_0_U/p_i_1__26/O
                         net (fo=4, routed)           1.739     5.820    mul_15s_16s_31_1_1_U7/fir_multiband_mul_15s_16s_31_1_1_Multiplier_0_U/p_i_1__26_n_0
    DSP48_X3Y5           DSP48E1 (Prop_dsp48e1_B[14]_P[15])
                                                      3.656     9.476 r  mul_15s_16s_31_1_1_U7/fir_multiband_mul_15s_16s_31_1_1_Multiplier_0_U/p/P[15]
                         net (fo=2, routed)           1.992    11.468    mul_15s_16s_31_1_1_U7/fir_multiband_mul_15s_16s_31_1_1_Multiplier_0_U/p_n_90
    SLICE_X51Y13         LUT3 (Prop_lut3_I0_O)        0.153    11.621 r  mul_15s_16s_31_1_1_U7/fir_multiband_mul_15s_16s_31_1_1_Multiplier_0_U/reg_13508[15]_i_1/O
                         net (fo=2, routed)           0.912    12.533    mul_15s_16s_31_1_1_U7_n_94
    DSP48_X2Y4           DSP48E1                                      r  add_ln703_178_fu_26931_p2/C[15]
  -------------------------------------------------------------------    -------------------

                         (clock ap_clk rise edge)    12.500    12.500 r  
                                                      0.000    12.500 r  ap_clk (IN)
                         net (fo=11644, unset)        0.924    13.424    ap_clk
    DSP48_X2Y4           DSP48E1                                      r  add_ln703_178_fu_26931_p2/CLK
                         clock pessimism              0.000    13.424    
                         clock uncertainty           -0.035    13.389    
    DSP48_X2Y4           DSP48E1 (Setup_dsp48e1_CLK_C[15])
                                                     -0.436    12.953    add_ln703_178_fu_26931_p2
  -------------------------------------------------------------------
                         required time                         12.953    
                         arrival time                         -12.533    
  -------------------------------------------------------------------
                         slack                                  0.420    

Slack (MET) :             0.441ns  (required time - arrival time)
  Source:                 ap_enable_reg_pp1_iter0_reg/C
                            (rising edge-triggered cell FDRE clocked by ap_clk  {rise@0.000ns fall@6.250ns period=12.500ns})
  Destination:            add_ln703_178_fu_26931_p2/C[2]
                            (rising edge-triggered cell DSP48E1 clocked by ap_clk  {rise@0.000ns fall@6.250ns period=12.500ns})
  Path Group:             ap_clk
  Path Type:              Setup (Max at Slow Process Corner)
  Requirement:            12.500ns  (ap_clk rise@12.500ns - ap_clk rise@0.000ns)
  Data Path Delay:        11.742ns  (logic 4.669ns (39.763%)  route 7.073ns (60.237%))
  Logic Levels:           4  (DSP48E1=1 LUT2=1 LUT3=1 LUT5=1)
  Clock Path Skew:        -0.049ns (DCD - SCD + CPR)
    Destination Clock Delay (DCD):    0.924ns = ( 13.424 - 12.500 ) 
    Source Clock Delay      (SCD):    0.973ns
    Clock Pessimism Removal (CPR):    0.000ns
  Clock Uncertainty:      0.035ns  ((TSJ^2 + TIJ^2)^1/2 + DJ) / 2 + PE
    Total System Jitter     (TSJ):    0.071ns
    Total Input Jitter      (TIJ):    0.000ns
    Discrete Jitter          (DJ):    0.000ns
    Phase Error              (PE):    0.000ns

    Location             Delay type                Incr(ns)  Path(ns)    Netlist Resource(s)
  -------------------------------------------------------------------    -------------------
                         (clock ap_clk rise edge)     0.000     0.000 r  
                                                      0.000     0.000 r  ap_clk (IN)
                         net (fo=11644, unset)        0.973     0.973    ap_clk
    SLICE_X43Y40         FDRE                                         r  ap_enable_reg_pp1_iter0_reg/C
  -------------------------------------------------------------------    -------------------
    SLICE_X43Y40         FDRE (Prop_fdre_C_Q)         0.456     1.429 r  ap_enable_reg_pp1_iter0_reg/Q
                         net (fo=48, routed)          0.764     2.193    mul_15s_16s_31_1_1_U33/fir_multiband_mul_15s_16s_31_1_1_Multiplier_0_U/ap_enable_reg_pp1_iter0
    SLICE_X36Y38         LUT2 (Prop_lut2_I1_O)        0.124     2.317 r  mul_15s_16s_31_1_1_U33/fir_multiband_mul_15s_16s_31_1_1_Multiplier_0_U/p_i_34__1/O
                         net (fo=115, routed)         1.569     3.886    mul_15s_16s_31_1_1_U33/fir_multiband_mul_15s_16s_31_1_1_Multiplier_0_U/ap_CS_fsm_reg[49]_rep
    SLICE_X66Y22         LUT5 (Prop_lut5_I3_O)        0.124     4.010 r  mul_15s_16s_31_1_1_U33/fir_multiband_mul_15s_16s_31_1_1_Multiplier_0_U/p_i_31__14/O
                         net (fo=1, routed)           1.553     5.563    mul_15s_16s_31_1_1_U33/fir_multiband_mul_15s_16s_31_1_1_Multiplier_0_U/p_i_31__14_n_0
    DSP48_X2Y5           DSP48E1 (Prop_dsp48e1_A[0]_P[2])
                                                      3.841     9.404 r  mul_15s_16s_31_1_1_U33/fir_multiband_mul_15s_16s_31_1_1_Multiplier_0_U/p/P[2]
                         net (fo=1, routed)           1.825    11.229    mul_15s_16s_31_1_1_U7/fir_multiband_mul_15s_16s_31_1_1_Multiplier_0_U/add_ln703_178_fu_26931_p2[2]
    SLICE_X56Y11         LUT3 (Prop_lut3_I1_O)        0.124    11.353 r  mul_15s_16s_31_1_1_U7/fir_multiband_mul_15s_16s_31_1_1_Multiplier_0_U/reg_13508[2]_i_1/O
                         net (fo=2, routed)           1.362    12.715    mul_15s_16s_31_1_1_U7_n_107
    DSP48_X2Y4           DSP48E1                                      r  add_ln703_178_fu_26931_p2/C[2]
  -------------------------------------------------------------------    -------------------

                         (clock ap_clk rise edge)    12.500    12.500 r  
                                                      0.000    12.500 r  ap_clk (IN)
                         net (fo=11644, unset)        0.924    13.424    ap_clk
    DSP48_X2Y4           DSP48E1                                      r  add_ln703_178_fu_26931_p2/CLK
                         clock pessimism              0.000    13.424    
                         clock uncertainty           -0.035    13.389    
    DSP48_X2Y4           DSP48E1 (Setup_dsp48e1_CLK_C[2])
                                                     -0.233    13.156    add_ln703_178_fu_26931_p2
  -------------------------------------------------------------------
                         required time                         13.156    
                         arrival time                         -12.715    
  -------------------------------------------------------------------
                         slack                                  0.441    

Slack (MET) :             0.452ns  (required time - arrival time)
  Source:                 ap_CS_fsm_reg[47]/C
                            (rising edge-triggered cell FDRE clocked by ap_clk  {rise@0.000ns fall@6.250ns period=12.500ns})
  Destination:            add_ln703_178_fu_26931_p2/C[25]
                            (rising edge-triggered cell DSP48E1 clocked by ap_clk  {rise@0.000ns fall@6.250ns period=12.500ns})
  Path Group:             ap_clk
  Path Type:              Setup (Max at Slow Process Corner)
  Requirement:            12.500ns  (ap_clk rise@12.500ns - ap_clk rise@0.000ns)
  Data Path Delay:        11.523ns  (logic 4.571ns (39.667%)  route 6.952ns (60.333%))
  Logic Levels:           4  (DSP48E1=1 LUT2=1 LUT3=1 LUT5=1)
  Clock Path Skew:        -0.049ns (DCD - SCD + CPR)
    Destination Clock Delay (DCD):    0.924ns = ( 13.424 - 12.500 ) 
    Source Clock Delay      (SCD):    0.973ns
    Clock Pessimism Removal (CPR):    0.000ns
  Clock Uncertainty:      0.035ns  ((TSJ^2 + TIJ^2)^1/2 + DJ) / 2 + PE
    Total System Jitter     (TSJ):    0.071ns
    Total Input Jitter      (TIJ):    0.000ns
    Discrete Jitter          (DJ):    0.000ns
    Phase Error              (PE):    0.000ns

    Location             Delay type                Incr(ns)  Path(ns)    Netlist Resource(s)
  -------------------------------------------------------------------    -------------------
                         (clock ap_clk rise edge)     0.000     0.000 r  
                                                      0.000     0.000 r  ap_clk (IN)
                         net (fo=11644, unset)        0.973     0.973    ap_clk
    SLICE_X50Y28         FDRE                                         r  ap_CS_fsm_reg[47]/C
  -------------------------------------------------------------------    -------------------
    SLICE_X50Y28         FDRE (Prop_fdre_C_Q)         0.518     1.491 r  ap_CS_fsm_reg[47]/Q
                         net (fo=52, routed)          1.011     2.502    mul_15s_16s_31_1_1_U33/fir_multiband_mul_15s_16s_31_1_1_Multiplier_0_U/p_6[0]
    SLICE_X54Y23         LUT2 (Prop_lut2_I1_O)        0.124     2.626 r  mul_15s_16s_31_1_1_U33/fir_multiband_mul_15s_16s_31_1_1_Multiplier_0_U/p_i_32__10/O
                         net (fo=93, routed)          1.331     3.957    mul_15s_16s_31_1_1_U7/fir_multiband_mul_15s_16s_31_1_1_Multiplier_0_U/p_1
    SLICE_X61Y25         LUT5 (Prop_lut5_I1_O)        0.124     4.081 r  mul_15s_16s_31_1_1_U7/fir_multiband_mul_15s_16s_31_1_1_Multiplier_0_U/p_i_1__26/O
                         net (fo=4, routed)           1.739     5.820    mul_15s_16s_31_1_1_U7/fir_multiband_mul_15s_16s_31_1_1_Multiplier_0_U/p_i_1__26_n_0
    DSP48_X3Y5           DSP48E1 (Prop_dsp48e1_B[14]_P[25])
                                                      3.656     9.476 r  mul_15s_16s_31_1_1_U7/fir_multiband_mul_15s_16s_31_1_1_Multiplier_0_U/p/P[25]
                         net (fo=2, routed)           2.071    11.547    mul_15s_16s_31_1_1_U7/fir_multiband_mul_15s_16s_31_1_1_Multiplier_0_U/p_n_80
    SLICE_X52Y11         LUT3 (Prop_lut3_I0_O)        0.149    11.696 r  mul_15s_16s_31_1_1_U7/fir_multiband_mul_15s_16s_31_1_1_Multiplier_0_U/reg_13508[25]_i_1/O
                         net (fo=2, routed)           0.800    12.496    mul_15s_16s_31_1_1_U7_n_84
    DSP48_X2Y4           DSP48E1                                      r  add_ln703_178_fu_26931_p2/C[25]
  -------------------------------------------------------------------    -------------------

                         (clock ap_clk rise edge)    12.500    12.500 r  
                                                      0.000    12.500 r  ap_clk (IN)
                         net (fo=11644, unset)        0.924    13.424    ap_clk
    DSP48_X2Y4           DSP48E1                                      r  add_ln703_178_fu_26931_p2/CLK
                         clock pessimism              0.000    13.424    
                         clock uncertainty           -0.035    13.389    
    DSP48_X2Y4           DSP48E1 (Setup_dsp48e1_CLK_C[25])
                                                     -0.441    12.948    add_ln703_178_fu_26931_p2
  -------------------------------------------------------------------
                         required time                         12.948    
                         arrival time                         -12.496    
  -------------------------------------------------------------------
                         slack                                  0.452    

Slack (MET) :             0.467ns  (required time - arrival time)
  Source:                 ap_CS_fsm_reg[47]/C
                            (rising edge-triggered cell FDRE clocked by ap_clk  {rise@0.000ns fall@6.250ns period=12.500ns})
  Destination:            add_ln703_178_fu_26931_p2/C[4]
                            (rising edge-triggered cell DSP48E1 clocked by ap_clk  {rise@0.000ns fall@6.250ns period=12.500ns})
  Path Group:             ap_clk
  Path Type:              Setup (Max at Slow Process Corner)
  Requirement:            12.500ns  (ap_clk rise@12.500ns - ap_clk rise@0.000ns)
  Data Path Delay:        11.514ns  (logic 4.572ns (39.710%)  route 6.942ns (60.290%))
  Logic Levels:           4  (DSP48E1=1 LUT2=1 LUT3=1 LUT5=1)
  Clock Path Skew:        -0.049ns (DCD - SCD + CPR)
    Destination Clock Delay (DCD):    0.924ns = ( 13.424 - 12.500 ) 
    Source Clock Delay      (SCD):    0.973ns
    Clock Pessimism Removal (CPR):    0.000ns
  Clock Uncertainty:      0.035ns  ((TSJ^2 + TIJ^2)^1/2 + DJ) / 2 + PE
    Total System Jitter     (TSJ):    0.071ns
    Total Input Jitter      (TIJ):    0.000ns
    Discrete Jitter          (DJ):    0.000ns
    Phase Error              (PE):    0.000ns

    Location             Delay type                Incr(ns)  Path(ns)    Netlist Resource(s)
  -------------------------------------------------------------------    -------------------
                         (clock ap_clk rise edge)     0.000     0.000 r  
                                                      0.000     0.000 r  ap_clk (IN)
                         net (fo=11644, unset)        0.973     0.973    ap_clk
    SLICE_X50Y28         FDRE                                         r  ap_CS_fsm_reg[47]/C
  -------------------------------------------------------------------    -------------------
    SLICE_X50Y28         FDRE (Prop_fdre_C_Q)         0.518     1.491 r  ap_CS_fsm_reg[47]/Q
                         net (fo=52, routed)          1.011     2.502    mul_15s_16s_31_1_1_U33/fir_multiband_mul_15s_16s_31_1_1_Multiplier_0_U/p_6[0]
    SLICE_X54Y23         LUT2 (Prop_lut2_I1_O)        0.124     2.626 r  mul_15s_16s_31_1_1_U33/fir_multiband_mul_15s_16s_31_1_1_Multiplier_0_U/p_i_32__10/O
                         net (fo=93, routed)          1.331     3.957    mul_15s_16s_31_1_1_U7/fir_multiband_mul_15s_16s_31_1_1_Multiplier_0_U/p_1
    SLICE_X61Y25         LUT5 (Prop_lut5_I1_O)        0.124     4.081 r  mul_15s_16s_31_1_1_U7/fir_multiband_mul_15s_16s_31_1_1_Multiplier_0_U/p_i_1__26/O
                         net (fo=4, routed)           1.739     5.820    mul_15s_16s_31_1_1_U7/fir_multiband_mul_15s_16s_31_1_1_Multiplier_0_U/p_i_1__26_n_0
    DSP48_X3Y5           DSP48E1 (Prop_dsp48e1_B[14]_P[4])
                                                      3.656     9.476 r  mul_15s_16s_31_1_1_U7/fir_multiband_mul_15s_16s_31_1_1_Multiplier_0_U/p/P[4]
                         net (fo=2, routed)           1.677    11.153    mul_15s_16s_31_1_1_U7/fir_multiband_mul_15s_16s_31_1_1_Multiplier_0_U/p_n_101
    SLICE_X56Y11         LUT3 (Prop_lut3_I0_O)        0.150    11.303 r  mul_15s_16s_31_1_1_U7/fir_multiband_mul_15s_16s_31_1_1_Multiplier_0_U/reg_13508[4]_i_1/O
                         net (fo=2, routed)           1.184    12.487    mul_15s_16s_31_1_1_U7_n_105
    DSP48_X2Y4           DSP48E1                                      r  add_ln703_178_fu_26931_p2/C[4]
  -------------------------------------------------------------------    -------------------

                         (clock ap_clk rise edge)    12.500    12.500 r  
                                                      0.000    12.500 r  ap_clk (IN)
                         net (fo=11644, unset)        0.924    13.424    ap_clk
    DSP48_X2Y4           DSP48E1                                      r  add_ln703_178_fu_26931_p2/CLK
                         clock pessimism              0.000    13.424    
                         clock uncertainty           -0.035    13.389    
    DSP48_X2Y4           DSP48E1 (Setup_dsp48e1_CLK_C[4])
                                                     -0.435    12.954    add_ln703_178_fu_26931_p2
  -------------------------------------------------------------------
                         required time                         12.954    
                         arrival time                         -12.487    
  -------------------------------------------------------------------
                         slack                                  0.467    

Slack (MET) :             0.479ns  (required time - arrival time)
  Source:                 ap_CS_fsm_reg[47]/C
                            (rising edge-triggered cell FDRE clocked by ap_clk  {rise@0.000ns fall@6.250ns period=12.500ns})
  Destination:            add_ln703_178_fu_26931_p2/C[8]
                            (rising edge-triggered cell DSP48E1 clocked by ap_clk  {rise@0.000ns fall@6.250ns period=12.500ns})
  Path Group:             ap_clk
  Path Type:              Setup (Max at Slow Process Corner)
  Requirement:            12.500ns  (ap_clk rise@12.500ns - ap_clk rise@0.000ns)
  Data Path Delay:        11.502ns  (logic 4.572ns (39.751%)  route 6.930ns (60.249%))
  Logic Levels:           4  (DSP48E1=1 LUT2=1 LUT3=1 LUT5=1)
  Clock Path Skew:        -0.049ns (DCD - SCD + CPR)
    Destination Clock Delay (DCD):    0.924ns = ( 13.424 - 12.500 ) 
    Source Clock Delay      (SCD):    0.973ns
    Clock Pessimism Removal (CPR):    0.000ns
  Clock Uncertainty:      0.035ns  ((TSJ^2 + TIJ^2)^1/2 + DJ) / 2 + PE
    Total System Jitter     (TSJ):    0.071ns
    Total Input Jitter      (TIJ):    0.000ns
    Discrete Jitter          (DJ):    0.000ns
    Phase Error              (PE):    0.000ns

    Location             Delay type                Incr(ns)  Path(ns)    Netlist Resource(s)
  -------------------------------------------------------------------    -------------------
                         (clock ap_clk rise edge)     0.000     0.000 r  
                                                      0.000     0.000 r  ap_clk (IN)
                         net (fo=11644, unset)        0.973     0.973    ap_clk
    SLICE_X50Y28         FDRE                                         r  ap_CS_fsm_reg[47]/C
  -------------------------------------------------------------------    -------------------
    SLICE_X50Y28         FDRE (Prop_fdre_C_Q)         0.518     1.491 r  ap_CS_fsm_reg[47]/Q
                         net (fo=52, routed)          1.011     2.502    mul_15s_16s_31_1_1_U33/fir_multiband_mul_15s_16s_31_1_1_Multiplier_0_U/p_6[0]
    SLICE_X54Y23         LUT2 (Prop_lut2_I1_O)        0.124     2.626 r  mul_15s_16s_31_1_1_U33/fir_multiband_mul_15s_16s_31_1_1_Multiplier_0_U/p_i_32__10/O
                         net (fo=93, routed)          1.331     3.957    mul_15s_16s_31_1_1_U7/fir_multiband_mul_15s_16s_31_1_1_Multiplier_0_U/p_1
    SLICE_X61Y25         LUT5 (Prop_lut5_I1_O)        0.124     4.081 r  mul_15s_16s_31_1_1_U7/fir_multiband_mul_15s_16s_31_1_1_Multiplier_0_U/p_i_1__26/O
                         net (fo=4, routed)           1.739     5.820    mul_15s_16s_31_1_1_U7/fir_multiband_mul_15s_16s_31_1_1_Multiplier_0_U/p_i_1__26_n_0
    DSP48_X3Y5           DSP48E1 (Prop_dsp48e1_B[14]_P[8])
                                                      3.656     9.476 r  mul_15s_16s_31_1_1_U7/fir_multiband_mul_15s_16s_31_1_1_Multiplier_0_U/p/P[8]
                         net (fo=2, routed)           1.931    11.407    mul_15s_16s_31_1_1_U7/fir_multiband_mul_15s_16s_31_1_1_Multiplier_0_U/p_n_97
    SLICE_X53Y12         LUT3 (Prop_lut3_I0_O)        0.150    11.557 r  mul_15s_16s_31_1_1_U7/fir_multiband_mul_15s_16s_31_1_1_Multiplier_0_U/reg_13508[8]_i_1/O
                         net (fo=2, routed)           0.917    12.475    mul_15s_16s_31_1_1_U7_n_101
    DSP48_X2Y4           DSP48E1                                      r  add_ln703_178_fu_26931_p2/C[8]
  -------------------------------------------------------------------    -------------------

                         (clock ap_clk rise edge)    12.500    12.500 r  
                                                      0.000    12.500 r  ap_clk (IN)
                         net (fo=11644, unset)        0.924    13.424    ap_clk
    DSP48_X2Y4           DSP48E1                                      r  add_ln703_178_fu_26931_p2/CLK
                         clock pessimism              0.000    13.424    
                         clock uncertainty           -0.035    13.389    
    DSP48_X2Y4           DSP48E1 (Setup_dsp48e1_CLK_C[8])
                                                     -0.435    12.954    add_ln703_178_fu_26931_p2
  -------------------------------------------------------------------
                         required time                         12.954    
                         arrival time                         -12.475    
  -------------------------------------------------------------------
                         slack                                  0.479    

Slack (MET) :             0.535ns  (required time - arrival time)
  Source:                 ap_CS_fsm_reg[47]/C
                            (rising edge-triggered cell FDRE clocked by ap_clk  {rise@0.000ns fall@6.250ns period=12.500ns})
  Destination:            add_ln703_178_fu_26931_p2/C[6]
                            (rising edge-triggered cell DSP48E1 clocked by ap_clk  {rise@0.000ns fall@6.250ns period=12.500ns})
  Path Group:             ap_clk
  Path Type:              Setup (Max at Slow Process Corner)
  Requirement:            12.500ns  (ap_clk rise@12.500ns - ap_clk rise@0.000ns)
  Data Path Delay:        11.446ns  (logic 4.572ns (39.945%)  route 6.874ns (60.055%))
  Logic Levels:           4  (DSP48E1=1 LUT2=1 LUT3=1 LUT5=1)
  Clock Path Skew:        -0.049ns (DCD - SCD + CPR)
    Destination Clock Delay (DCD):    0.924ns = ( 13.424 - 12.500 ) 
    Source Clock Delay      (SCD):    0.973ns
    Clock Pessimism Removal (CPR):    0.000ns
  Clock Uncertainty:      0.035ns  ((TSJ^2 + TIJ^2)^1/2 + DJ) / 2 + PE
    Total System Jitter     (TSJ):    0.071ns
    Total Input Jitter      (TIJ):    0.000ns
    Discrete Jitter          (DJ):    0.000ns
    Phase Error              (PE):    0.000ns

    Location             Delay type                Incr(ns)  Path(ns)    Netlist Resource(s)
  -------------------------------------------------------------------    -------------------
                         (clock ap_clk rise edge)     0.000     0.000 r  
                                                      0.000     0.000 r  ap_clk (IN)
                         net (fo=11644, unset)        0.973     0.973    ap_clk
    SLICE_X50Y28         FDRE                                         r  ap_CS_fsm_reg[47]/C
  -------------------------------------------------------------------    -------------------
    SLICE_X50Y28         FDRE (Prop_fdre_C_Q)         0.518     1.491 r  ap_CS_fsm_reg[47]/Q
                         net (fo=52, routed)          1.011     2.502    mul_15s_16s_31_1_1_U33/fir_multiband_mul_15s_16s_31_1_1_Multiplier_0_U/p_6[0]
    SLICE_X54Y23         LUT2 (Prop_lut2_I1_O)        0.124     2.626 r  mul_15s_16s_31_1_1_U33/fir_multiband_mul_15s_16s_31_1_1_Multiplier_0_U/p_i_32__10/O
                         net (fo=93, routed)          1.331     3.957    mul_15s_16s_31_1_1_U7/fir_multiband_mul_15s_16s_31_1_1_Multiplier_0_U/p_1
    SLICE_X61Y25         LUT5 (Prop_lut5_I1_O)        0.124     4.081 r  mul_15s_16s_31_1_1_U7/fir_multiband_mul_15s_16s_31_1_1_Multiplier_0_U/p_i_1__26/O
                         net (fo=4, routed)           1.739     5.820    mul_15s_16s_31_1_1_U7/fir_multiband_mul_15s_16s_31_1_1_Multiplier_0_U/p_i_1__26_n_0
    DSP48_X3Y5           DSP48E1 (Prop_dsp48e1_B[14]_P[6])
                                                      3.656     9.476 r  mul_15s_16s_31_1_1_U7/fir_multiband_mul_15s_16s_31_1_1_Multiplier_0_U/p/P[6]
                         net (fo=2, routed)           1.606    11.082    mul_15s_16s_31_1_1_U7/fir_multiband_mul_15s_16s_31_1_1_Multiplier_0_U/p_n_99
    SLICE_X57Y10         LUT3 (Prop_lut3_I0_O)        0.150    11.232 r  mul_15s_16s_31_1_1_U7/fir_multiband_mul_15s_16s_31_1_1_Multiplier_0_U/reg_13508[6]_i_1/O
                         net (fo=2, routed)           1.186    12.419    mul_15s_16s_31_1_1_U7_n_103
    DSP48_X2Y4           DSP48E1                                      r  add_ln703_178_fu_26931_p2/C[6]
  -------------------------------------------------------------------    -------------------

                         (clock ap_clk rise edge)    12.500    12.500 r  
                                                      0.000    12.500 r  ap_clk (IN)
                         net (fo=11644, unset)        0.924    13.424    ap_clk
    DSP48_X2Y4           DSP48E1                                      r  add_ln703_178_fu_26931_p2/CLK
                         clock pessimism              0.000    13.424    
                         clock uncertainty           -0.035    13.389    
    DSP48_X2Y4           DSP48E1 (Setup_dsp48e1_CLK_C[6])
                                                     -0.435    12.954    add_ln703_178_fu_26931_p2
  -------------------------------------------------------------------
                         required time                         12.954    
                         arrival time                         -12.419    
  -------------------------------------------------------------------
                         slack                                  0.535    

Slack (MET) :             0.536ns  (required time - arrival time)
  Source:                 ap_CS_fsm_reg[47]/C
                            (rising edge-triggered cell FDRE clocked by ap_clk  {rise@0.000ns fall@6.250ns period=12.500ns})
  Destination:            add_ln703_178_fu_26931_p2/C[5]
                            (rising edge-triggered cell DSP48E1 clocked by ap_clk  {rise@0.000ns fall@6.250ns period=12.500ns})
  Path Group:             ap_clk
  Path Type:              Setup (Max at Slow Process Corner)
  Requirement:            12.500ns  (ap_clk rise@12.500ns - ap_clk rise@0.000ns)
  Data Path Delay:        11.440ns  (logic 4.539ns (39.676%)  route 6.901ns (60.324%))
  Logic Levels:           4  (DSP48E1=1 LUT2=1 LUT3=1 LUT5=1)
  Clock Path Skew:        -0.049ns (DCD - SCD + CPR)
    Destination Clock Delay (DCD):    0.924ns = ( 13.424 - 12.500 ) 
    Source Clock Delay      (SCD):    0.973ns
    Clock Pessimism Removal (CPR):    0.000ns
  Clock Uncertainty:      0.035ns  ((TSJ^2 + TIJ^2)^1/2 + DJ) / 2 + PE
    Total System Jitter     (TSJ):    0.071ns
    Total Input Jitter      (TIJ):    0.000ns
    Discrete Jitter          (DJ):    0.000ns
    Phase Error              (PE):    0.000ns

    Location             Delay type                Incr(ns)  Path(ns)    Netlist Resource(s)
  -------------------------------------------------------------------    -------------------
                         (clock ap_clk rise edge)     0.000     0.000 r  
                                                      0.000     0.000 r  ap_clk (IN)
                         net (fo=11644, unset)        0.973     0.973    ap_clk
    SLICE_X50Y28         FDRE                                         r  ap_CS_fsm_reg[47]/C
  -------------------------------------------------------------------    -------------------
    SLICE_X50Y28         FDRE (Prop_fdre_C_Q)         0.518     1.491 r  ap_CS_fsm_reg[47]/Q
                         net (fo=52, routed)          1.011     2.502    mul_15s_16s_31_1_1_U33/fir_multiband_mul_15s_16s_31_1_1_Multiplier_0_U/p_6[0]
    SLICE_X54Y23         LUT2 (Prop_lut2_I1_O)        0.124     2.626 r  mul_15s_16s_31_1_1_U33/fir_multiband_mul_15s_16s_31_1_1_Multiplier_0_U/p_i_32__10/O
                         net (fo=93, routed)          1.331     3.957    mul_15s_16s_31_1_1_U7/fir_multiband_mul_15s_16s_31_1_1_Multiplier_0_U/p_1
    SLICE_X61Y25         LUT5 (Prop_lut5_I1_O)        0.124     4.081 r  mul_15s_16s_31_1_1_U7/fir_multiband_mul_15s_16s_31_1_1_Multiplier_0_U/p_i_1__26/O
                         net (fo=4, routed)           1.739     5.820    mul_15s_16s_31_1_1_U7/fir_multiband_mul_15s_16s_31_1_1_Multiplier_0_U/p_i_1__26_n_0
    DSP48_X3Y5           DSP48E1 (Prop_dsp48e1_B[14]_P[5])
                                                      3.656     9.476 r  mul_15s_16s_31_1_1_U7/fir_multiband_mul_15s_16s_31_1_1_Multiplier_0_U/p/P[5]
                         net (fo=2, routed)           1.671    11.147    mul_15s_16s_31_1_1_U7/fir_multiband_mul_15s_16s_31_1_1_Multiplier_0_U/p_n_100
    SLICE_X54Y11         LUT3 (Prop_lut3_I0_O)        0.117    11.264 r  mul_15s_16s_31_1_1_U7/fir_multiband_mul_15s_16s_31_1_1_Multiplier_0_U/reg_13508[5]_i_1/O
                         net (fo=2, routed)           1.150    12.413    mul_15s_16s_31_1_1_U7_n_104
    DSP48_X2Y4           DSP48E1                                      r  add_ln703_178_fu_26931_p2/C[5]
  -------------------------------------------------------------------    -------------------

                         (clock ap_clk rise edge)    12.500    12.500 r  
                                                      0.000    12.500 r  ap_clk (IN)
                         net (fo=11644, unset)        0.924    13.424    ap_clk
    DSP48_X2Y4           DSP48E1                                      r  add_ln703_178_fu_26931_p2/CLK
                         clock pessimism              0.000    13.424    
                         clock uncertainty           -0.035    13.389    
    DSP48_X2Y4           DSP48E1 (Setup_dsp48e1_CLK_C[5])
                                                     -0.440    12.949    add_ln703_178_fu_26931_p2
  -------------------------------------------------------------------
                         required time                         12.949    
                         arrival time                         -12.413    
  -------------------------------------------------------------------
                         slack                                  0.536    

Slack (MET) :             0.552ns  (required time - arrival time)
  Source:                 ap_CS_fsm_reg[47]/C
                            (rising edge-triggered cell FDRE clocked by ap_clk  {rise@0.000ns fall@6.250ns period=12.500ns})
  Destination:            add_ln703_178_fu_26931_p2/C[30]
                            (rising edge-triggered cell DSP48E1 clocked by ap_clk  {rise@0.000ns fall@6.250ns period=12.500ns})
  Path Group:             ap_clk
  Path Type:              Setup (Max at Slow Process Corner)
  Requirement:            12.500ns  (ap_clk rise@12.500ns - ap_clk rise@0.000ns)
  Data Path Delay:        11.423ns  (logic 4.574ns (40.043%)  route 6.849ns (59.957%))
  Logic Levels:           4  (DSP48E1=1 LUT2=1 LUT3=1 LUT5=1)
  Clock Path Skew:        -0.049ns (DCD - SCD + CPR)
    Destination Clock Delay (DCD):    0.924ns = ( 13.424 - 12.500 ) 
    Source Clock Delay      (SCD):    0.973ns
    Clock Pessimism Removal (CPR):    0.000ns
  Clock Uncertainty:      0.035ns  ((TSJ^2 + TIJ^2)^1/2 + DJ) / 2 + PE
    Total System Jitter     (TSJ):    0.071ns
    Total Input Jitter      (TIJ):    0.000ns
    Discrete Jitter          (DJ):    0.000ns
    Phase Error              (PE):    0.000ns

    Location             Delay type                Incr(ns)  Path(ns)    Netlist Resource(s)
  -------------------------------------------------------------------    -------------------
                         (clock ap_clk rise edge)     0.000     0.000 r  
                                                      0.000     0.000 r  ap_clk (IN)
                         net (fo=11644, unset)        0.973     0.973    ap_clk
    SLICE_X50Y28         FDRE                                         r  ap_CS_fsm_reg[47]/C
  -------------------------------------------------------------------    -------------------
    SLICE_X50Y28         FDRE (Prop_fdre_C_Q)         0.518     1.491 r  ap_CS_fsm_reg[47]/Q
                         net (fo=52, routed)          1.011     2.502    mul_15s_16s_31_1_1_U33/fir_multiband_mul_15s_16s_31_1_1_Multiplier_0_U/p_6[0]
    SLICE_X54Y23         LUT2 (Prop_lut2_I1_O)        0.124     2.626 r  mul_15s_16s_31_1_1_U33/fir_multiband_mul_15s_16s_31_1_1_Multiplier_0_U/p_i_32__10/O
                         net (fo=93, routed)          1.331     3.957    mul_15s_16s_31_1_1_U7/fir_multiband_mul_15s_16s_31_1_1_Multiplier_0_U/p_1
    SLICE_X61Y25         LUT5 (Prop_lut5_I1_O)        0.124     4.081 r  mul_15s_16s_31_1_1_U7/fir_multiband_mul_15s_16s_31_1_1_Multiplier_0_U/p_i_1__26/O
                         net (fo=4, routed)           1.739     5.820    mul_15s_16s_31_1_1_U7/fir_multiband_mul_15s_16s_31_1_1_Multiplier_0_U/p_i_1__26_n_0
    DSP48_X3Y5           DSP48E1 (Prop_dsp48e1_B[14]_P[30])
                                                      3.656     9.476 r  mul_15s_16s_31_1_1_U7/fir_multiband_mul_15s_16s_31_1_1_Multiplier_0_U/p/P[30]
                         net (fo=2, routed)           1.862    11.338    mul_15s_16s_31_1_1_U7/fir_multiband_mul_15s_16s_31_1_1_Multiplier_0_U/p_n_75
    SLICE_X48Y11         LUT3 (Prop_lut3_I0_O)        0.152    11.490 r  mul_15s_16s_31_1_1_U7/fir_multiband_mul_15s_16s_31_1_1_Multiplier_0_U/reg_13508[30]_i_2/O
                         net (fo=2, routed)           0.906    12.396    mul_15s_16s_31_1_1_U7_n_79
    DSP48_X2Y4           DSP48E1                                      r  add_ln703_178_fu_26931_p2/C[30]
  -------------------------------------------------------------------    -------------------

                         (clock ap_clk rise edge)    12.500    12.500 r  
                                                      0.000    12.500 r  ap_clk (IN)
                         net (fo=11644, unset)        0.924    13.424    ap_clk
    DSP48_X2Y4           DSP48E1                                      r  add_ln703_178_fu_26931_p2/CLK
                         clock pessimism              0.000    13.424    
                         clock uncertainty           -0.035    13.389    
    DSP48_X2Y4           DSP48E1 (Setup_dsp48e1_CLK_C[30])
                                                     -0.441    12.948    add_ln703_178_fu_26931_p2
  -------------------------------------------------------------------
                         required time                         12.948    
                         arrival time                         -12.396    
  -------------------------------------------------------------------
                         slack                                  0.552    





Pulse Width Checks
--------------------------------------------------------------------------------------
Clock Name:         ap_clk
Waveform(ns):       { 0.000 6.250 }
Period(ns):         12.500
Sources:            { ap_clk }

Check Type        Corner  Lib Pin             Reference Pin  Required(ns)  Actual(ns)  Slack(ns)  Location      Pin
Min Period        n/a     DSP48E1/CLK         n/a            3.884         12.500      8.616      DSP48_X2Y27   mul_49s_24s_72_5_1_U65/fir_multiband_mul_49s_24s_72_5_1_Multiplier_2_U/buff0_reg/CLK
Min Period        n/a     RAMB18E1/CLKARDCLK  n/a            2.944         12.500      9.556      RAMB18_X2Y4   hist_V_0_U/fir_multiband_hist_V_4_ram_U/ram_reg/CLKARDCLK
Min Period        n/a     RAMB18E1/CLKBWRCLK  n/a            2.944         12.500      9.556      RAMB18_X2Y4   hist_V_0_U/fir_multiband_hist_V_4_ram_U/ram_reg/CLKBWRCLK
Min Period        n/a     RAMB18E1/CLKARDCLK  n/a            2.944         12.500      9.556      RAMB18_X1Y6   hist_V_1_U/fir_multiband_hist_V_4_ram_U/ram_reg/CLKARDCLK
Min Period        n/a     RAMB18E1/CLKBWRCLK  n/a            2.944         12.500      9.556      RAMB18_X1Y6   hist_V_1_U/fir_multiband_hist_V_4_ram_U/ram_reg/CLKBWRCLK
Min Period        n/a     RAMB18E1/CLKARDCLK  n/a            2.944         12.500      9.556      RAMB18_X2Y6   hist_V_2_U/fir_multiband_hist_V_4_ram_U/ram_reg/CLKARDCLK
Min Period        n/a     RAMB18E1/CLKBWRCLK  n/a            2.944         12.500      9.556      RAMB18_X2Y6   hist_V_2_U/fir_multiband_hist_V_4_ram_U/ram_reg/CLKBWRCLK
Min Period        n/a     RAMB18E1/CLKARDCLK  n/a            2.944         12.500      9.556      RAMB18_X1Y7   hist_V_3_U/fir_multiband_hist_V_4_ram_U/ram_reg/CLKARDCLK
Min Period        n/a     RAMB18E1/CLKBWRCLK  n/a            2.944         12.500      9.556      RAMB18_X1Y7   hist_V_3_U/fir_multiband_hist_V_4_ram_U/ram_reg/CLKBWRCLK
Min Period        n/a     RAMB18E1/CLKARDCLK  n/a            2.944         12.500      9.556      RAMB18_X2Y5   hist_V_4_U/fir_multiband_hist_V_4_ram_U/ram_reg/CLKARDCLK
Low Pulse Width   Fast    SRL16E/CLK          n/a            0.980         6.250       5.270      SLICE_X38Y48  p_Val2_8_reg_32918_pp2_iter7_reg_reg[0]_srl6/CLK
Low Pulse Width   Fast    SRL16E/CLK          n/a            0.980         6.250       5.270      SLICE_X38Y51  p_Val2_8_reg_32918_pp2_iter7_reg_reg[10]_srl6/CLK
Low Pulse Width   Fast    SRL16E/CLK          n/a            0.980         6.250       5.270      SLICE_X38Y51  p_Val2_8_reg_32918_pp2_iter7_reg_reg[11]_srl6/CLK
Low Pulse Width   Fast    SRL16E/CLK          n/a            0.980         6.250       5.270      SLICE_X38Y51  p_Val2_8_reg_32918_pp2_iter7_reg_reg[12]_srl6/CLK
Low Pulse Width   Fast    SRL16E/CLK          n/a            0.980         6.250       5.270      SLICE_X38Y51  p_Val2_8_reg_32918_pp2_iter7_reg_reg[13]_srl6/CLK
Low Pulse Width   Fast    SRL16E/CLK          n/a            0.980         6.250       5.270      SLICE_X38Y51  p_Val2_8_reg_32918_pp2_iter7_reg_reg[14]_srl6/CLK
Low Pulse Width   Fast    SRL16E/CLK          n/a            0.980         6.250       5.270      SLICE_X38Y51  p_Val2_8_reg_32918_pp2_iter7_reg_reg[15]_srl6/CLK
Low Pulse Width   Fast    SRL16E/CLK          n/a            0.980         6.250       5.270      SLICE_X38Y53  p_Val2_8_reg_32918_pp2_iter7_reg_reg[16]_srl6/CLK
Low Pulse Width   Fast    SRL16E/CLK          n/a            0.980         6.250       5.270      SLICE_X38Y53  p_Val2_8_reg_32918_pp2_iter7_reg_reg[17]_srl6/CLK
Low Pulse Width   Fast    SRL16E/CLK          n/a            0.980         6.250       5.270      SLICE_X38Y53  p_Val2_8_reg_32918_pp2_iter7_reg_reg[18]_srl6/CLK
High Pulse Width  Slow    SRL16E/CLK          n/a            0.980         6.250       5.270      SLICE_X38Y48  p_Val2_8_reg_32918_pp2_iter7_reg_reg[0]_srl6/CLK
High Pulse Width  Fast    SRL16E/CLK          n/a            0.980         6.250       5.270      SLICE_X38Y48  p_Val2_8_reg_32918_pp2_iter7_reg_reg[0]_srl6/CLK
High Pulse Width  Slow    SRL16E/CLK          n/a            0.980         6.250       5.270      SLICE_X38Y51  p_Val2_8_reg_32918_pp2_iter7_reg_reg[10]_srl6/CLK
High Pulse Width  Fast    SRL16E/CLK          n/a            0.980         6.250       5.270      SLICE_X38Y51  p_Val2_8_reg_32918_pp2_iter7_reg_reg[10]_srl6/CLK
High Pulse Width  Slow    SRL16E/CLK          n/a            0.980         6.250       5.270      SLICE_X38Y51  p_Val2_8_reg_32918_pp2_iter7_reg_reg[11]_srl6/CLK
High Pulse Width  Fast    SRL16E/CLK          n/a            0.980         6.250       5.270      SLICE_X38Y51  p_Val2_8_reg_32918_pp2_iter7_reg_reg[11]_srl6/CLK
High Pulse Width  Slow    SRL16E/CLK          n/a            0.980         6.250       5.270      SLICE_X38Y51  p_Val2_8_reg_32918_pp2_iter7_reg_reg[12]_srl6/CLK
High Pulse Width  Fast    SRL16E/CLK          n/a            0.980         6.250       5.270      SLICE_X38Y51  p_Val2_8_reg_32918_pp2_iter7_reg_reg[12]_srl6/CLK
High Pulse Width  Slow    SRL16E/CLK          n/a            0.980         6.250       5.270      SLICE_X38Y51  p_Val2_8_reg_32918_pp2_iter7_reg_reg[13]_srl6/CLK
High Pulse Width  Fast    SRL16E/CLK          n/a            0.980         6.250       5.270      SLICE_X38Y51  p_Val2_8_reg_32918_pp2_iter7_reg_reg[13]_srl6/CLK



