Copyright 1986-2020 Xilinx, Inc. All Rights Reserved.
-----------------------------------------------------------------------------------------------------------------------------------------------------------------------------------------------------------
| Tool Version : Vivado v.2020.2 (win64) Build 3064766 Wed Nov 18 09:12:45 MST 2020
| Date         : Wed Sep 30 18:49:41 2026
| Host         : yu running 64-bit major release  (build 9200)
| Command      : report_timing -delay_type max -max_paths 5 -path_type full_clock_expanded -file D:/pynq-multiband-audio-accel/build/hls/reports/v15_sub_n193_mul64_clk80_impl/timing_impl_worst_paths.rpt
| Design       : fir_multiband
| Device       : 7z020-clg400
| Speed File   : -1  PRODUCTION 1.12 2019-11-22
-----------------------------------------------------------------------------------------------------------------------------------------------------------------------------------------------------------

Timing Report

Slack (MET) :             0.386ns  (required time - arrival time)
  Source:                 ap_CS_fsm_reg[47]/C
                            (rising edge-triggered cell FDRE clocked by ap_clk  {rise@0.000ns fall@6.250ns period=12.500ns})
  Destination:            add_ln703_178_fu_26931_p2/C[18]
                            (rising edge-triggered cell DSP48E1 clocked by ap_clk  {rise@0.000ns fall@6.250ns period=12.500ns})
  Path Group:             ap_clk
  Path Type:              Setup (Max at Slow Process Corner)
  Requirement:            12.500ns  (ap_clk rise@12.500ns - ap_clk rise@0.000ns)
  Data Path Delay:        11.589ns  (logic 4.571ns (39.442%)  route 7.018ns (60.558%))
  Logic Levels:           4  (DSP48E1=1 LUT2=1 LUT3=1 LUT5=1)
  Clock Path Skew:        -0.049ns (DCD - SCD + CPR)
    Destination Clock Delay (DCD):    0.924ns = ( 13.424 - 12.500 ) 
    Source Clock Delay      (SCD):    0.973ns
    Clock Pessimism Removal (CPR):    0.000ns
  Clock Uncertainty:      0.035ns  ((TSJ^2 + TIJ^2)^1/2 + DJ) / 2 + PE
    Total System Jitter     (TSJ):    0.071ns
    Total Input Jitter      (TIJ):    0.000ns
    Discrete Jitter          (DJ):    0.000ns
    Phase Error              (PE):    0.000ns

    Location             Delay type                Incr(ns)  Path(ns)    Netlist Resource(s)
  -------------------------------------------------------------------    -------------------
                         (clock ap_clk rise edge)     0.000     0.000 r  
                                                      0.000     0.000 r  ap_clk (IN)
                         net (fo=11644, unset)        0.973     0.973    ap_clk
    SLICE_X50Y28         FDRE                                         r  ap_CS_fsm_reg[47]/C
  -------------------------------------------------------------------    -------------------
    SLICE_X50Y28         FDRE (Prop_fdre_C_Q)         0.518     1.491 r  ap_CS_fsm_reg[47]/Q
                         net (fo=52, routed)          1.011     2.502    mul_15s_16s_31_1_1_U33/fir_multiband_mul_15s_16s_31_1_1_Multiplier_0_U/p_6[0]
    SLICE_X54Y23         LUT2 (Prop_lut2_I1_O)        0.124     2.626 r  mul_15s_16s_31_1_1_U33/fir_multiband_mul_15s_16s_31_1_1_Multiplier_0_U/p_i_32__10/O
                         net (fo=93, routed)          1.331     3.957    mul_15s_16s_31_1_1_U7/fir_multiband_mul_15s_16s_31_1_1_Multiplier_0_U/p_1
    SLICE_X61Y25         LUT5 (Prop_lut5_I1_O)        0.124     4.081 r  mul_15s_16s_31_1_1_U7/fir_multiband_mul_15s_16s_31_1_1_Multiplier_0_U/p_i_1__26/O
                         net (fo=4, routed)           1.739     5.820    mul_15s_16s_31_1_1_U7/fir_multiband_mul_15s_16s_31_1_1_Multiplier_0_U/p_i_1__26_n_0
    DSP48_X3Y5           DSP48E1 (Prop_dsp48e1_B[14]_P[18])
                                                      3.656     9.476 r  mul_15s_16s_31_1_1_U7/fir_multiband_mul_15s_16s_31_1_1_Multiplier_0_U/p/P[18]
                         net (fo=2, routed)           1.872    11.348    mul_15s_16s_31_1_1_U7/fir_multiband_mul_15s_16s_31_1_1_Multiplier_0_U/p_n_87
    SLICE_X53Y13         LUT3 (Prop_lut3_I0_O)        0.149    11.497 r  mul_15s_16s_31_1_1_U7/fir_multiband_mul_15s_16s_31_1_1_Multiplier_0_U/reg_13508[18]_i_1/O
                         net (fo=2, routed)           1.066    12.562    mul_15s_16s_31_1_1_U7_n_91
    DSP48_X2Y4           DSP48E1                                      r  add_ln703_178_fu_26931_p2/C[18]
  -------------------------------------------------------------------    -------------------

                         (clock ap_clk rise edge)    12.500    12.500 r  
                                                      0.000    12.500 r  ap_clk (IN)
                         net (fo=11644, unset)        0.924    13.424    ap_clk
    DSP48_X2Y4           DSP48E1                                      r  add_ln703_178_fu_26931_p2/CLK
                         clock pessimism              0.000    13.424    
                         clock uncertainty           -0.035    13.389    
    DSP48_X2Y4           DSP48E1 (Setup_dsp48e1_CLK_C[18])
                                                     -0.441    12.948    add_ln703_178_fu_26931_p2
  -------------------------------------------------------------------
                         required time                         12.948    
                         arrival time                         -12.562    
  -------------------------------------------------------------------
                         slack                                  0.386    

Slack (MET) :             0.404ns  (required time - arrival time)
  Source:                 ap_CS_fsm_reg[47]/C
                            (rising edge-triggered cell FDRE clocked by ap_clk  {rise@0.000ns fall@6.250ns period=12.500ns})
  Destination:            add_ln703_178_fu_26931_p2/C[21]
                            (rising edge-triggered cell DSP48E1 clocked by ap_clk  {rise@0.000ns fall@6.250ns period=12.500ns})
  Path Group:             ap_clk
  Path Type:              Setup (Max at Slow Process Corner)
  Requirement:            12.500ns  (ap_clk rise@12.500ns - ap_clk rise@0.000ns)
  Data Path Delay:        11.576ns  (logic 4.575ns (39.522%)  route 7.001ns (60.478%))
  Logic Levels:           4  (DSP48E1=1 LUT2=1 LUT3=1 LUT5=1)
  Clock Path Skew:        -0.049ns (DCD - SCD + CPR)
    Destination Clock Delay (DCD):    0.924ns = ( 13.424 - 12.500 ) 
    Source Clock Delay      (SCD):    0.973ns
    Clock Pessimism Removal (CPR):    0.000ns
  Clock Uncertainty:      0.035ns  ((TSJ^2 + TIJ^2)^1/2 + DJ) / 2 + PE
    Total System Jitter     (TSJ):    0.071ns
    Total Input Jitter      (TIJ):    0.000ns
    Discrete Jitter          (DJ):    0.000ns
    Phase Error              (PE):    0.000ns

    Location             Delay type                Incr(ns)  Path(ns)    Netlist Resource(s)
  -------------------------------------------------------------------    -------------------
                         (clock ap_clk rise edge)     0.000     0.000 r  
                                                      0.000     0.000 r  ap_clk (IN)
                         net (fo=11644, unset)        0.973     0.973    ap_clk
    SLICE_X50Y28         FDRE                                         r  ap_CS_fsm_reg[47]/C
  -------------------------------------------------------------------    -------------------
    SLICE_X50Y28         FDRE (Prop_fdre_C_Q)         0.518     1.491 r  ap_CS_fsm_reg[47]/Q
                         net (fo=52, routed)          1.011     2.502    mul_15s_16s_31_1_1_U33/fir_multiband_mul_15s_16s_31_1_1_Multiplier_0_U/p_6[0]
    SLICE_X54Y23         LUT2 (Prop_lut2_I1_O)        0.124     2.626 r  mul_15s_16s_31_1_1_U33/fir_multiband_mul_15s_16s_31_1_1_Multiplier_0_U/p_i_32__10/O
                         net (fo=93, routed)          1.331     3.957    mul_15s_16s_31_1_1_U7/fir_multiband_mul_15s_16s_31_1_1_Multiplier_0_U/p_1
    SLICE_X61Y25         LUT5 (Prop_lut5_I1_O)        0.124     4.081 r  mul_15s_16s_31_1_1_U7/fir_multiband_mul_15s_16s_31_1_1_Multiplier_0_U/p_i_1__26/O
                         net (fo=4, routed)           1.739     5.820    mul_15s_16s_31_1_1_U7/fir_multiband_mul_15s_16s_31_1_1_Multiplier_0_U/p_i_1__26_n_0
    DSP48_X3Y5           DSP48E1 (Prop_dsp48e1_B[14]_P[21])
                                                      3.656     9.476 r  mul_15s_16s_31_1_1_U7/fir_multiband_mul_15s_16s_31_1_1_Multiplier_0_U/p/P[21]
                         net (fo=2, routed)           2.132    11.608    mul_15s_16s_31_1_1_U7/fir_multiband_mul_15s_16s_31_1_1_Multiplier_0_U/p_n_84
    SLICE_X51Y10         LUT3 (Prop_lut3_I0_O)        0.153    11.761 r  mul_15s_16s_31_1_1_U7/fir_multiband_mul_15s_16s_31_1_1_Multiplier_0_U/reg_13508[21]_i_1/O
                         net (fo=2, routed)           0.788    12.549    mul_15s_16s_31_1_1_U7_n_88
    DSP48_X2Y4           DSP48E1                                      r  add_ln703_178_fu_26931_p2/C[21]
  -------------------------------------------------------------------    -------------------

                         (clock ap_clk rise edge)    12.500    12.500 r  
                                                      0.000    12.500 r  ap_clk (IN)
                         net (fo=11644, unset)        0.924    13.424    ap_clk
    DSP48_X2Y4           DSP48E1                                      r  add_ln703_178_fu_26931_p2/CLK
                         clock pessimism              0.000    13.424    
                         clock uncertainty           -0.035    13.389    
    DSP48_X2Y4           DSP48E1 (Setup_dsp48e1_CLK_C[21])
                                                     -0.436    12.953    add_ln703_178_fu_26931_p2
  -------------------------------------------------------------------
                         required time                         12.953    
                         arrival time                         -12.549    
  -------------------------------------------------------------------
                         slack                                  0.404    

Slack (MET) :             0.420ns  (required time - arrival time)
  Source:                 ap_CS_fsm_reg[47]/C
                            (rising edge-triggered cell FDRE clocked by ap_clk  {rise@0.000ns fall@6.250ns period=12.500ns})
  Destination:            add_ln703_178_fu_26931_p2/C[15]
                            (rising edge-triggered cell DSP48E1 clocked by ap_clk  {rise@0.000ns fall@6.250ns period=12.500ns})
  Path Group:             ap_clk
  Path Type:              Setup (Max at Slow Process Corner)
  Requirement:            12.500ns  (ap_clk rise@12.500ns - ap_clk rise@0.000ns)
  Data Path Delay:        11.560ns  (logic 4.575ns (39.575%)  route 6.985ns (60.425%))
  Logic Levels:           4  (DSP48E1=1 LUT2=1 LUT3=1 LUT5=1)
  Clock Path Skew:        -0.049ns (DCD - SCD + CPR)
    Destination Clock Delay (DCD):    0.924ns = ( 13.424 - 12.500 ) 
    Source Clock Delay      (SCD):    0.973ns
    Clock Pessimism Removal (CPR):    0.000ns
  Clock Uncertainty:      0.035ns  ((TSJ^2 + TIJ^2)^1/2 + DJ) / 2 + PE
    Total System Jitter     (TSJ):    0.071ns
    Total Input Jitter      (TIJ):    0.000ns
    Discrete Jitter          (DJ):    0.000ns
    Phase Error              (PE):    0.000ns

    Location             Delay type                Incr(ns)  Path(ns)    Netlist Resource(s)
  -------------------------------------------------------------------    -------------------
                         (clock ap_clk rise edge)     0.000     0.000 r  
                                                      0.000     0.000 r  ap_clk (IN)
                         net (fo=11644, unset)        0.973     0.973    ap_clk
    SLICE_X50Y28         FDRE                                         r  ap_CS_fsm_reg[47]/C
  -------------------------------------------------------------------    -------------------
    SLICE_X50Y28         FDRE (Prop_fdre_C_Q)         0.518     1.491 r  ap_CS_fsm_reg[47]/Q
                         net (fo=52, routed)          1.011     2.502    mul_15s_16s_31_1_1_U33/fir_multiband_mul_15s_16s_31_1_1_Multiplier_0_U/p_6[0]
    SLICE_X54Y23         LUT2 (Prop_lut2_I1_O)        0.124     2.626 r  mul_15s_16s_31_1_1_U33/fir_multiband_mul_15s_16s_31_1_1_Multiplier_0_U/p_i_32__10/O
                         net (fo=93, routed)          1.331     3.957    mul_15s_16s_31_1_1_U7/fir_multiband_mul_15s_16s_31_1_1_Multiplier_0_U/p_1
    SLICE_X61Y25         LUT5 (Prop_lut5_I1_O)        0.124     4.081 r  mul_15s_16s_31_1_1_U7/fir_multiband_mul_15s_16s_31_1_1_Multiplier_0_U/p_i_1__26/O
                         net (fo=4, routed)           1.739     5.820    mul_15s_16s_31_1_1_U7/fir_multiband_mul_15s_16s_31_1_1_Multiplier_0_U/p_i_1__26_n_0
    DSP48_X3Y5           DSP48E1 (Prop_dsp48e1_B[14]_P[15])
                                                      3.656     9.476 r  mul_15s_16s_31_1_1_U7/fir_multiband_mul_15s_16s_31_1_1_Multiplier_0_U/p/P[15]
                         net (fo=2, routed)           1.992    11.468    mul_15s_16s_31_1_1_U7/fir_multiband_mul_15s_16s_31_1_1_Multiplier_0_U/p_n_90
    SLICE_X51Y13         LUT3 (Prop_lut3_I0_O)        0.153    11.621 r  mul_15s_16s_31_1_1_U7/fir_multiband_mul_15s_16s_31_1_1_Multiplier_0_U/reg_13508[15]_i_1/O
                         net (fo=2, routed)           0.912    12.533    mul_15s_16s_31_1_1_U7_n_94
    DSP48_X2Y4           DSP48E1                                      r  add_ln703_178_fu_26931_p2/C[15]
  -------------------------------------------------------------------    -------------------

                         (clock ap_clk rise edge)    12.500    12.500 r  
                                                      0.000    12.500 r  ap_clk (IN)
                         net (fo=11644, unset)        0.924    13.424    ap_clk
    DSP48_X2Y4           DSP48E1                                      r  add_ln703_178_fu_26931_p2/CLK
                         clock pessimism              0.000    13.424    
                         clock uncertainty           -0.035    13.389    
    DSP48_X2Y4           DSP48E1 (Setup_dsp48e1_CLK_C[15])
                                                     -0.436    12.953    add_ln703_178_fu_26931_p2
  -------------------------------------------------------------------
                         required time                         12.953    
                         arrival time                         -12.533    
  -------------------------------------------------------------------
                         slack                                  0.420    

Slack (MET) :             0.441ns  (required time - arrival time)
  Source:                 ap_enable_reg_pp1_iter0_reg/C
                            (rising edge-triggered cell FDRE clocked by ap_clk  {rise@0.000ns fall@6.250ns period=12.500ns})
  Destination:            add_ln703_178_fu_26931_p2/C[2]
                            (rising edge-triggered cell DSP48E1 clocked by ap_clk  {rise@0.000ns fall@6.250ns period=12.500ns})
  Path Group:             ap_clk
  Path Type:              Setup (Max at Slow Process Corner)
  Requirement:            12.500ns  (ap_clk rise@12.500ns - ap_clk rise@0.000ns)
  Data Path Delay:        11.742ns  (logic 4.669ns (39.763%)  route 7.073ns (60.237%))
  Logic Levels:           4  (DSP48E1=1 LUT2=1 LUT3=1 LUT5=1)
  Clock Path Skew:        -0.049ns (DCD - SCD + CPR)
    Destination Clock Delay (DCD):    0.924ns = ( 13.424 - 12.500 ) 
    Source Clock Delay      (SCD):    0.973ns
    Clock Pessimism Removal (CPR):    0.000ns
  Clock Uncertainty:      0.035ns  ((TSJ^2 + TIJ^2)^1/2 + DJ) / 2 + PE
    Total System Jitter     (TSJ):    0.071ns
    Total Input Jitter      (TIJ):    0.000ns
    Discrete Jitter          (DJ):    0.000ns
    Phase Error              (PE):    0.000ns

    Location             Delay type                Incr(ns)  Path(ns)    Netlist Resource(s)
  -------------------------------------------------------------------    -------------------
                         (clock ap_clk rise edge)     0.000     0.000 r  
                                                      0.000     0.000 r  ap_clk (IN)
                         net (fo=11644, unset)        0.973     0.973    ap_clk
    SLICE_X43Y40         FDRE                                         r  ap_enable_reg_pp1_iter0_reg/C
  -------------------------------------------------------------------    -------------------
    SLICE_X43Y40         FDRE (Prop_fdre_C_Q)         0.456     1.429 r  ap_enable_reg_pp1_iter0_reg/Q
                         net (fo=48, routed)          0.764     2.193    mul_15s_16s_31_1_1_U33/fir_multiband_mul_15s_16s_31_1_1_Multiplier_0_U/ap_enable_reg_pp1_iter0
    SLICE_X36Y38         LUT2 (Prop_lut2_I1_O)        0.124     2.317 r  mul_15s_16s_31_1_1_U33/fir_multiband_mul_15s_16s_31_1_1_Multiplier_0_U/p_i_34__1/O
                         net (fo=115, routed)         1.569     3.886    mul_15s_16s_31_1_1_U33/fir_multiband_mul_15s_16s_31_1_1_Multiplier_0_U/ap_CS_fsm_reg[49]_rep
    SLICE_X66Y22         LUT5 (Prop_lut5_I3_O)        0.124     4.010 r  mul_15s_16s_31_1_1_U33/fir_multiband_mul_15s_16s_31_1_1_Multiplier_0_U/p_i_31__14/O
                         net (fo=1, routed)           1.553     5.563    mul_15s_16s_31_1_1_U33/fir_multiband_mul_15s_16s_31_1_1_Multiplier_0_U/p_i_31__14_n_0
    DSP48_X2Y5           DSP48E1 (Prop_dsp48e1_A[0]_P[2])
                                                      3.841     9.404 r  mul_15s_16s_31_1_1_U33/fir_multiband_mul_15s_16s_31_1_1_Multiplier_0_U/p/P[2]
                         net (fo=1, routed)           1.825    11.229    mul_15s_16s_31_1_1_U7/fir_multiband_mul_15s_16s_31_1_1_Multiplier_0_U/add_ln703_178_fu_26931_p2[2]
    SLICE_X56Y11         LUT3 (Prop_lut3_I1_O)        0.124    11.353 r  mul_15s_16s_31_1_1_U7/fir_multiband_mul_15s_16s_31_1_1_Multiplier_0_U/reg_13508[2]_i_1/O
                         net (fo=2, routed)           1.362    12.715    mul_15s_16s_31_1_1_U7_n_107
    DSP48_X2Y4           DSP48E1                                      r  add_ln703_178_fu_26931_p2/C[2]
  -------------------------------------------------------------------    -------------------

                         (clock ap_clk rise edge)    12.500    12.500 r  
                                                      0.000    12.500 r  ap_clk (IN)
                         net (fo=11644, unset)        0.924    13.424    ap_clk
    DSP48_X2Y4           DSP48E1                                      r  add_ln703_178_fu_26931_p2/CLK
                         clock pessimism              0.000    13.424    
                         clock uncertainty           -0.035    13.389    
    DSP48_X2Y4           DSP48E1 (Setup_dsp48e1_CLK_C[2])
                                                     -0.233    13.156    add_ln703_178_fu_26931_p2
  -------------------------------------------------------------------
                         required time                         13.156    
                         arrival time                         -12.715    
  -------------------------------------------------------------------
                         slack                                  0.441    

Slack (MET) :             0.452ns  (required time - arrival time)
  Source:                 ap_CS_fsm_reg[47]/C
                            (rising edge-triggered cell FDRE clocked by ap_clk  {rise@0.000ns fall@6.250ns period=12.500ns})
  Destination:            add_ln703_178_fu_26931_p2/C[25]
                            (rising edge-triggered cell DSP48E1 clocked by ap_clk  {rise@0.000ns fall@6.250ns period=12.500ns})
  Path Group:             ap_clk
  Path Type:              Setup (Max at Slow Process Corner)
  Requirement:            12.500ns  (ap_clk rise@12.500ns - ap_clk rise@0.000ns)
  Data Path Delay:        11.523ns  (logic 4.571ns (39.667%)  route 6.952ns (60.333%))
  Logic Levels:           4  (DSP48E1=1 LUT2=1 LUT3=1 LUT5=1)
  Clock Path Skew:        -0.049ns (DCD - SCD + CPR)
    Destination Clock Delay (DCD):    0.924ns = ( 13.424 - 12.500 ) 
    Source Clock Delay      (SCD):    0.973ns
    Clock Pessimism Removal (CPR):    0.000ns
  Clock Uncertainty:      0.035ns  ((TSJ^2 + TIJ^2)^1/2 + DJ) / 2 + PE
    Total System Jitter     (TSJ):    0.071ns
    Total Input Jitter      (TIJ):    0.000ns
    Discrete Jitter          (DJ):    0.000ns
    Phase Error              (PE):    0.000ns

    Location             Delay type                Incr(ns)  Path(ns)    Netlist Resource(s)
  -------------------------------------------------------------------    -------------------
                         (clock ap_clk rise edge)     0.000     0.000 r  
                                                      0.000     0.000 r  ap_clk (IN)
                         net (fo=11644, unset)        0.973     0.973    ap_clk
    SLICE_X50Y28         FDRE                                         r  ap_CS_fsm_reg[47]/C
  -------------------------------------------------------------------    -------------------
    SLICE_X50Y28         FDRE (Prop_fdre_C_Q)         0.518     1.491 r  ap_CS_fsm_reg[47]/Q
                         net (fo=52, routed)          1.011     2.502    mul_15s_16s_31_1_1_U33/fir_multiband_mul_15s_16s_31_1_1_Multiplier_0_U/p_6[0]
    SLICE_X54Y23         LUT2 (Prop_lut2_I1_O)        0.124     2.626 r  mul_15s_16s_31_1_1_U33/fir_multiband_mul_15s_16s_31_1_1_Multiplier_0_U/p_i_32__10/O
                         net (fo=93, routed)          1.331     3.957    mul_15s_16s_31_1_1_U7/fir_multiband_mul_15s_16s_31_1_1_Multiplier_0_U/p_1
    SLICE_X61Y25         LUT5 (Prop_lut5_I1_O)        0.124     4.081 r  mul_15s_16s_31_1_1_U7/fir_multiband_mul_15s_16s_31_1_1_Multiplier_0_U/p_i_1__26/O
                         net (fo=4, routed)           1.739     5.820    mul_15s_16s_31_1_1_U7/fir_multiband_mul_15s_16s_31_1_1_Multiplier_0_U/p_i_1__26_n_0
    DSP48_X3Y5           DSP48E1 (Prop_dsp48e1_B[14]_P[25])
                                                      3.656     9.476 r  mul_15s_16s_31_1_1_U7/fir_multiband_mul_15s_16s_31_1_1_Multiplier_0_U/p/P[25]
                         net (fo=2, routed)           2.071    11.547    mul_15s_16s_31_1_1_U7/fir_multiband_mul_15s_16s_31_1_1_Multiplier_0_U/p_n_80
    SLICE_X52Y11         LUT3 (Prop_lut3_I0_O)        0.149    11.696 r  mul_15s_16s_31_1_1_U7/fir_multiband_mul_15s_16s_31_1_1_Multiplier_0_U/reg_13508[25]_i_1/O
                         net (fo=2, routed)           0.800    12.496    mul_15s_16s_31_1_1_U7_n_84
    DSP48_X2Y4           DSP48E1                                      r  add_ln703_178_fu_26931_p2/C[25]
  -------------------------------------------------------------------    -------------------

                         (clock ap_clk rise edge)    12.500    12.500 r  
                                                      0.000    12.500 r  ap_clk (IN)
                         net (fo=11644, unset)        0.924    13.424    ap_clk
    DSP48_X2Y4           DSP48E1                                      r  add_ln703_178_fu_26931_p2/CLK
                         clock pessimism              0.000    13.424    
                         clock uncertainty           -0.035    13.389    
    DSP48_X2Y4           DSP48E1 (Setup_dsp48e1_CLK_C[25])
                                                     -0.441    12.948    add_ln703_178_fu_26931_p2
  -------------------------------------------------------------------
                         required time                         12.948    
                         arrival time                         -12.496    
  -------------------------------------------------------------------
                         slack                                  0.452    




