

================================================================
== Synthesis Summary Report of 'fir_multiband'
================================================================
+ General Information: 
    * Date:           Tue Sep 29 15:33:36 2026
    * Version:        2020.2 (Build 3064766 on Wed Nov 18 09:12:45 MST 2020)
    * Project:        synth_proj
    * Solution:       solution1 (Vivado IP Flow Target)
    * Product family: zynq
    * Target device:  xc7z020-clg400-1
    

+ Performance & Resource Estimates: 
    
    PS: '+' for module; 'o' for loop; '*' for dataflow
    +----------------------------------------+------+-------+---------+-----------+----------+---------+------+----------+--------+--------+-----------+-----------+-----+
    |                 Modules                | Issue|       | Latency |  Latency  | Iteration|         | Trip |          |        |        |           |           |     |
    |                 & Loops                | Type | Slack | (cycles)|    (ns)   |  Latency | Interval| Count| Pipelined|  BRAM  |   DSP  |     FF    |    LUT    | URAM|
    +----------------------------------------+------+-------+---------+-----------+----------+---------+------+----------+--------+--------+-----------+-----------+-----+
    |+ fir_multiband                         |     -|  -0.04|        -|          -|         -|        -|     -|        no|  3 (1%)|  5 (2%)|  1828 (1%)|  3347 (6%)|    -|
    | o VITIS_LOOP_91_1                      |     -|  -7.30|       65|    650.000|         1|        1|    65|       yes|       -|       -|          -|          -|    -|
    | o VITIS_LOOP_95_2                      |     -|  -7.30|        -|          -|       824|        -|     -|        no|       -|       -|          -|          -|    -|
    |  o VITIS_LOOP_102_3                    |     -|  -7.30|       64|    640.000|         2|        1|    64|       yes|       -|       -|          -|          -|    -|
    |  o VITIS_LOOP_109_4                    |     -|  -7.30|      756|  7.560e+03|       189|        -|     4|        no|       -|       -|          -|          -|    -|
    |   o VITIS_LOOP_113_5                   |     -|  -7.30|        5|     50.000|         1|        1|     5|       yes|       -|       -|          -|          -|    -|
    |   o VITIS_LOOP_118_6_VITIS_LOOP_126_7  |    II|  -7.30|      140|  1.400e+03|        13|        2|    65|       yes|       -|       -|          -|          -|    -|
    |   o VITIS_LOOP_133_8                   |     -|  -7.30|       11|    110.000|         8|        1|     5|       yes|       -|       -|          -|          -|    -|
    +----------------------------------------+------+-------+---------+-----------+----------+---------+------+----------+--------+--------+-----------+-----------+-----+

