

================================================================
== Vitis HLS Report for 'fir_multiband'
================================================================
* Date:           Tue Sep 29 15:33:36 2026

* Version:        2020.2 (Build 3064766 on Wed Nov 18 09:12:45 MST 2020)
* Project:        synth_proj
* Solution:       solution1 (Vivado IP Flow Target)
* Product family: zynq
* Target device:  xc7z020-clg400-1


================================================================
== Performance Estimates
================================================================
+ Timing: 
    * Summary: 
    +--------+----------+----------+------------+
    |  Clock |  Target  | Estimated| Uncertainty|
    +--------+----------+----------+------------+
    |ap_clk  |  10.00 ns|  7.256 ns|     2.70 ns|
    +--------+----------+----------+------------+

+ Latency: 
    * Summary: 
    +---------+---------+----------+----------+-----+-----+---------+
    |  Latency (cycles) |  Latency (absolute) |  Interval | Pipeline|
    |   min   |   max   |    min   |    max   | min | max |   Type  |
    +---------+---------+----------+----------+-----+-----+---------+
    |        ?|        ?|         ?|         ?|    ?|    ?|     none|
    +---------+---------+----------+----------+-----+-----+---------+

    + Detail: 
        * Instance: 
        N/A

        * Loop: 
        +----------------------------------------+---------+---------+----------+-----------+-----------+------+----------+
        |                                        |  Latency (cycles) | Iteration|  Initiation Interval  | Trip |          |
        |                Loop Name               |   min   |   max   |  Latency |  achieved |   target  | Count| Pipelined|
        +----------------------------------------+---------+---------+----------+-----------+-----------+------+----------+
        |- VITIS_LOOP_91_1                       |       65|       65|         1|          1|          1|    65|       yes|
        |- VITIS_LOOP_95_2                       |        ?|        ?|       824|          -|          -|     ?|        no|
        | + VITIS_LOOP_102_3                     |       64|       64|         2|          1|          1|    64|       yes|
        | + VITIS_LOOP_109_4                     |      756|      756|       189|          -|          -|     4|        no|
        |  ++ VITIS_LOOP_113_5                   |        5|        5|         1|          1|          1|     5|       yes|
        |  ++ VITIS_LOOP_118_6_VITIS_LOOP_126_7  |      140|      140|        13|          2|          1|    65|       yes|
        |  ++ VITIS_LOOP_133_8                   |       11|       11|         8|          1|          1|     5|       yes|
        +----------------------------------------+---------+---------+----------+-----------+-----------+------+----------+



================================================================
== Utilization Estimates
================================================================
* Summary: 
+-----------------+---------+-----+--------+-------+-----+
|       Name      | BRAM_18K| DSP |   FF   |  LUT  | URAM|
+-----------------+---------+-----+--------+-------+-----+
|DSP              |        -|    -|       -|      -|    -|
|Expression       |        -|    -|       0|    488|    -|
|FIFO             |        -|    -|       -|      -|    -|
|Instance         |        -|    5|     972|   2153|    -|
|Memory           |        3|    -|      64|      3|    -|
|Multiplexer      |        -|    -|       -|    575|    -|
|Register         |        -|    -|     792|    128|    -|
+-----------------+---------+-----+--------+-------+-----+
|Total            |        3|    5|    1828|   3347|    0|
+-----------------+---------+-----+--------+-------+-----+
|Available        |      280|  220|  106400|  53200|    0|
+-----------------+---------+-----+--------+-------+-----+
|Utilization (%)  |        1|    2|       1|      6|    0|
+-----------------+---------+-----+--------+-------+-----+

+ Detail: 
    * Instance: 
    +-------------------------------------+----------------------------------+---------+----+-----+-----+-----+
    |               Instance              |              Module              | BRAM_18K| DSP|  FF | LUT | URAM|
    +-------------------------------------+----------------------------------+---------+----+-----+-----+-----+
    |facc_32ns_32ns_1ns_32_6_no_dsp_1_U4  |facc_32ns_32ns_1ns_32_6_no_dsp_1  |        0|   0|  312|  721|    0|
    |facc_32ns_32ns_1ns_32_6_no_dsp_1_U5  |facc_32ns_32ns_1ns_32_6_no_dsp_1  |        0|   0|  312|  721|    0|
    |fadd_32ns_32ns_32_5_full_dsp_1_U1    |fadd_32ns_32ns_32_5_full_dsp_1    |        0|   2|  205|  390|    0|
    |fcmp_32ns_32ns_1_2_no_dsp_1_U3       |fcmp_32ns_32ns_1_2_no_dsp_1       |        0|   0|    0|    0|    0|
    |fmul_32ns_32ns_32_4_max_dsp_1_U2     |fmul_32ns_32ns_32_4_max_dsp_1     |        0|   3|  143|  321|    0|
    +-------------------------------------+----------------------------------+---------+----+-----+-----+-----+
    |Total                                |                                  |        0|   5|  972| 2153|    0|
    +-------------------------------------+----------------------------------+---------+----+-----+-----+-----+

    * DSP: 
    N/A

    * Memory: 
    +--------------+------------+---------+----+----+-----+------+-----+------+-------------+
    |    Memory    |   Module   | BRAM_18K| FF | LUT| URAM| Words| Bits| Banks| W*Bits*Banks|
    +--------------+------------+---------+----+----+-----+------+-----+------+-------------+
    |FIR_COEFFS_U  |FIR_COEFFS  |        1|   0|   0|    0|   260|   32|     1|         8320|
    |hist_U        |hist        |        2|   0|   0|    0|    65|   32|     1|         2080|
    |y_U           |y           |        0|  64|   3|    0|     5|   32|     1|          160|
    +--------------+------------+---------+----+----+-----+------+-----+------+-------------+
    |Total         |            |        3|  64|   3|    0|   330|   96|     3|        10560|
    +--------------+------------+---------+----+----+-----+------+-----+------+-------------+

    * FIFO: 
    N/A

    * Expression: 
    +--------------------------+----------+----+---+----+------------+------------+
    |       Variable Name      | Operation| DSP| FF| LUT| Bitwidth P0| Bitwidth P1|
    +--------------------------+----------+----+---+----+------------+------------+
    |add_ln102_fu_428_p2       |         +|   0|  0|  14|           7|           2|
    |add_ln109_fu_444_p2       |         +|   0|  0|  11|           3|           1|
    |add_ln113_fu_479_p2       |         +|   0|  0|  11|           3|           1|
    |add_ln118_1_fu_496_p2     |         +|   0|  0|  14|           7|           1|
    |add_ln118_fu_508_p2       |         +|   0|  0|  14|           7|           3|
    |add_ln126_fu_563_p2       |         +|   0|  0|  11|           3|           1|
    |add_ln127_1_fu_468_p2     |         +|   0|  0|  14|           9|           9|
    |add_ln127_2_fu_553_p2     |         +|   0|  0|  14|           9|           9|
    |add_ln127_fu_539_p2       |         +|   0|  0|  14|           7|           7|
    |add_ln133_fu_572_p2       |         +|   0|  0|  11|           3|           1|
    |add_ln91_fu_390_p2        |         +|   0|  0|  14|           7|           1|
    |add_ln95_fu_411_p2        |         +|   0|  0|  39|          32|           1|
    |and_ln67_fu_642_p2        |       and|   0|  0|   2|           1|           1|
    |and_ln68_fu_706_p2        |       and|   0|  0|   2|           1|           1|
    |icmp_ln102_fu_422_p2      |      icmp|   0|  0|  10|           7|           1|
    |icmp_ln109_fu_450_p2      |      icmp|   0|  0|   9|           3|           4|
    |icmp_ln113_fu_485_p2      |      icmp|   0|  0|   8|           3|           3|
    |icmp_ln118_fu_502_p2      |      icmp|   0|  0|  10|           7|           7|
    |icmp_ln126_fu_514_p2      |      icmp|   0|  0|   8|           3|           3|
    |icmp_ln133_fu_578_p2      |      icmp|   0|  0|   8|           3|           3|
    |icmp_ln134_fu_589_p2      |      icmp|   0|  0|   8|           3|           3|
    |icmp_ln137_fu_601_p2      |      icmp|   0|  0|   9|           3|           4|
    |icmp_ln67_1_fu_630_p2     |      icmp|   0|  0|  15|          23|           1|
    |icmp_ln67_fu_624_p2       |      icmp|   0|  0|  11|           8|           2|
    |icmp_ln68_1_fu_688_p2     |      icmp|   0|  0|  15|          23|           1|
    |icmp_ln68_fu_682_p2       |      icmp|   0|  0|  11|           8|           2|
    |icmp_ln91_fu_396_p2       |      icmp|   0|  0|  10|           7|           7|
    |icmp_ln95_fu_417_p2       |      icmp|   0|  0|  18|          32|          32|
    |or_ln67_fu_636_p2         |        or|   0|  0|   2|           1|           1|
    |or_ln68_fu_702_p2         |        or|   0|  0|   2|           1|           1|
    |a_fu_657_p3               |    select|   0|  0|  32|           1|          32|
    |select_ln118_1_fu_528_p3  |    select|   0|  0|   7|           1|           7|
    |select_ln118_fu_520_p3    |    select|   0|  0|   3|           1|           1|
    |select_ln68_fu_711_p3     |    select|   0|  0|  32|           1|          32|
    |sign_fu_694_p3            |    select|   0|  0|  32|           1|          32|
    |ap_enable_pp1             |       xor|   0|  0|   2|           1|           2|
    |ap_enable_pp3             |       xor|   0|  0|   2|           1|           2|
    |ap_enable_pp4             |       xor|   0|  0|   2|           1|           2|
    |ap_enable_reg_pp1_iter1   |       xor|   0|  0|   2|           2|           1|
    |ap_enable_reg_pp4_iter1   |       xor|   0|  0|   2|           2|           1|
    |xor_ln67_fu_647_p2        |       xor|   0|  0|  33|          32|          33|
    +--------------------------+----------+----+---+----+------------+------------+
    |Total                     |          |   0|  0| 488|         278|         259|
    +--------------------------+----------+----+---+----+------------+------------+

    * Multiplexer: 
    +-----------------------------------------+-----+-----------+-----+-----------+
    |                   Name                  | LUT | Input Size| Bits| Total Bits|
    +-----------------------------------------+-----+-----------+-----+-----------+
    |acc_reg_276                              |    9|          2|   32|         64|
    |ap_NS_fsm                                |  181|         41|    1|         41|
    |ap_enable_reg_pp1_iter1                  |   14|          3|    1|          3|
    |ap_enable_reg_pp3_iter6                  |    9|          2|    1|          2|
    |ap_enable_reg_pp4_iter1                  |    9|          2|    1|          2|
    |ap_enable_reg_pp4_iter7                  |    9|          2|    1|          2|
    |ap_phi_mux_indvar_flatten_phi_fu_302_p4  |    9|          2|    7|         14|
    |ap_phi_mux_k_1_phi_fu_257_p4             |    9|          2|    7|         14|
    |ap_phi_mux_k_2_phi_fu_313_p4             |    9|          2|    7|         14|
    |ap_phi_mux_p_1_phi_fu_324_p4             |    9|          2|    3|          6|
    |ap_phi_mux_p_2_phi_fu_335_p4             |    9|          2|    3|          6|
    |b_reg_265                                |    9|          2|    3|          6|
    |grp_fu_354_p0                            |   20|          4|   32|        128|
    |grp_fu_354_p1                            |   20|          4|   32|        128|
    |grp_fu_360_p0                            |   20|          4|   32|        128|
    |grp_fu_360_p1                            |   20|          4|   32|        128|
    |grp_fu_365_opcode                        |   14|          3|    5|         15|
    |grp_fu_365_p0                            |   14|          3|   32|         96|
    |grp_fu_365_p1                            |   14|          3|   32|         96|
    |hist_address0                            |   20|          4|    7|         28|
    |hist_address1                            |   14|          3|    7|         21|
    |hist_d0                                  |   14|          3|   32|         96|
    |indvar_flatten_reg_298                   |    9|          2|    7|         14|
    |k_1_reg_253                              |    9|          2|    7|         14|
    |k_2_reg_309                              |    9|          2|    7|         14|
    |k_reg_231                                |    9|          2|    7|         14|
    |n_reg_242                                |    9|          2|   32|         64|
    |p_1_reg_320                              |    9|          2|    3|          6|
    |p_2_reg_331                              |    9|          2|    3|          6|
    |p_reg_287                                |    9|          2|    3|          6|
    |y_address0                               |   25|          5|    3|         15|
    |y_d0                                     |   14|          3|   32|         96|
    |ys_reg_342                               |    9|          2|   32|         64|
    +-----------------------------------------+-----+-----------+-----+-----------+
    |Total                                    |  575|        125|  446|       1351|
    +-----------------------------------------+-----+-----------+-----+-----------+

    * Register: 
    +-------------------------+----+----+-----+-----------+
    |           Name          | FF | LUT| Bits| Const Bits|
    +-------------------------+----+----+-----+-----------+
    |FIR_COEFFS_load_reg_836  |  32|   0|   32|          0|
    |a_reg_886                |  32|   0|   32|          0|
    |acc_reg_276              |  32|   0|   32|          0|
    |add_ln102_reg_761        |   7|   0|    7|          0|
    |add_ln109_reg_771        |   3|   0|    3|          0|
    |add_ln118_1_reg_794      |   7|   0|    7|          0|
    |add_ln126_reg_826        |   3|   0|    3|          0|
    |add_ln127_1_reg_781      |   9|   0|    9|          0|
    |add_ln133_reg_846        |   3|   0|    3|          0|
    |add_ln95_reg_748         |  32|   0|   32|          0|
    |and_ln67_reg_881         |   1|   0|    1|          0|
    |ap_CS_fsm                |  40|   0|   40|          0|
    |ap_enable_reg_pp1_iter0  |   1|   0|    1|          0|
    |ap_enable_reg_pp1_iter1  |   1|   0|    1|          0|
    |ap_enable_reg_pp3_iter0  |   1|   0|    1|          0|
    |ap_enable_reg_pp3_iter1  |   1|   0|    1|          0|
    |ap_enable_reg_pp3_iter2  |   1|   0|    1|          0|
    |ap_enable_reg_pp3_iter3  |   1|   0|    1|          0|
    |ap_enable_reg_pp3_iter4  |   1|   0|    1|          0|
    |ap_enable_reg_pp3_iter5  |   1|   0|    1|          0|
    |ap_enable_reg_pp3_iter6  |   1|   0|    1|          0|
    |ap_enable_reg_pp4_iter0  |   1|   0|    1|          0|
    |ap_enable_reg_pp4_iter1  |   1|   0|    1|          0|
    |ap_enable_reg_pp4_iter2  |   1|   0|    1|          0|
    |ap_enable_reg_pp4_iter3  |   1|   0|    1|          0|
    |ap_enable_reg_pp4_iter4  |   1|   0|    1|          0|
    |ap_enable_reg_pp4_iter5  |   1|   0|    1|          0|
    |ap_enable_reg_pp4_iter6  |   1|   0|    1|          0|
    |ap_enable_reg_pp4_iter7  |   1|   0|    1|          0|
    |b_reg_265                |   3|   0|    3|          0|
    |bitcast_ln105_reg_743    |  32|   0|   32|          0|
    |hist_load_1_reg_831      |  32|   0|   32|          0|
    |icmp_ln102_reg_757       |   1|   0|    1|          0|
    |icmp_ln118_reg_799       |   1|   0|    1|          0|
    |icmp_ln133_reg_852       |   1|   0|    1|          0|
    |icmp_ln134_reg_861       |   1|   0|    1|          0|
    |icmp_ln137_reg_871       |   1|   0|    1|          0|
    |icmp_ln68_1_reg_898      |   1|   0|    1|          0|
    |icmp_ln68_reg_893        |   1|   0|    1|          0|
    |indvar_flatten_reg_298   |   7|   0|    7|          0|
    |k_1_reg_253              |   7|   0|    7|          0|
    |k_2_reg_309              |   7|   0|    7|          0|
    |k_reg_231                |   7|   0|    7|          0|
    |n_reg_242                |  32|   0|   32|          0|
    |p_1_reg_320              |   3|   0|    3|          0|
    |p_2_reg_331              |   3|   0|    3|          0|
    |p_reg_287                |   3|   0|    3|          0|
    |reg_372                  |  32|   0|   32|          0|
    |reg_378                  |  32|   0|   32|          0|
    |reg_383                  |  32|   0|   32|          0|
    |select_ln118_1_reg_810   |   7|   0|    7|          0|
    |select_ln118_reg_803     |   3|   0|    3|          0|
    |select_ln68_reg_913      |  32|   0|   32|          0|
    |tmp_1_reg_876            |   1|   0|    1|          0|
    |tmp_3_reg_903            |   1|   0|    1|          0|
    |y_addr_1_reg_841         |   3|   0|    3|          0|
    |ys_reg_342               |  32|   0|   32|          0|
    |icmp_ln118_reg_799       |  64|  32|    1|          0|
    |icmp_ln133_reg_852       |  64|  32|    1|          0|
    |select_ln118_reg_803     |  64|  32|    3|          0|
    |y_addr_1_reg_841         |  64|  32|    3|          0|
    +-------------------------+----+----+-----+-----------+
    |Total                    | 792| 128|  544|          0|
    +-------------------------+----+----+-----+-----------+



================================================================
== Interface
================================================================
* Summary: 
+--------------+-----+-----+------------+---------------+--------------+
|   RTL Ports  | Dir | Bits|  Protocol  | Source Object |    C Type    |
+--------------+-----+-----+------------+---------------+--------------+
|ap_clk        |   in|    1|  ap_ctrl_hs|  fir_multiband|  return value|
|ap_rst        |   in|    1|  ap_ctrl_hs|  fir_multiband|  return value|
|ap_start      |   in|    1|  ap_ctrl_hs|  fir_multiband|  return value|
|ap_done       |  out|    1|  ap_ctrl_hs|  fir_multiband|  return value|
|ap_idle       |  out|    1|  ap_ctrl_hs|  fir_multiband|  return value|
|ap_ready      |  out|    1|  ap_ctrl_hs|  fir_multiband|  return value|
|in_r          |   in|   32|     ap_none|           in_r|       pointer|
|out_r         |  out|   32|      ap_vld|          out_r|       pointer|
|out_r_ap_vld  |  out|    1|      ap_vld|          out_r|       pointer|
|length_r      |   in|   32|     ap_none|       length_r|        scalar|
+--------------+-----+-----+------------+---------------+--------------+

