Copyright 1986-2020 Xilinx, Inc. All Rights Reserved.
--------------------------------------------------------------------------------------------------------------------------------------------------------------
| Tool Version : Vivado v.2020.2 (win64) Build 3064766 Wed Nov 18 09:12:45 MST 2020
| Date         : Thu Oct  1 16:45:30 2026
| Host         : yu running 64-bit major release  (build 9200)
| Command      : report_timing_summary -delay_type max -max_paths 10 -file D:/pynq-multiband-audio-accel/build/hls/reports/v18_axi_shell_impl/timing_impl.rpt
| Design       : fir_multiband
| Device       : 7z020-clg400
| Speed File   : -1  PRODUCTION 1.12 2019-11-22
--------------------------------------------------------------------------------------------------------------------------------------------------------------

Timing Summary Report

------------------------------------------------------------------------------------------------
| Timer Settings
| --------------
------------------------------------------------------------------------------------------------

  Enable Multi Corner Analysis               :  Yes
  Enable Pessimism Removal                   :  Yes
  Pessimism Removal Resolution               :  Nearest Common Node
  Enable Input Delay Default Clock           :  No
  Enable Preset / Clear Arcs                 :  No
  Disable Flight Delays                      :  No
  Ignore I/O Paths                           :  No
  Timing Early Launch at Borrowing Latches   :  No
  Borrow Time for Max Delay Exceptions       :  Yes
  Merge Timing Exceptions                    :  Yes

  Corner  Analyze    Analyze    
  Name    Max Paths  Min Paths  
  ------  ---------  ---------  
  Slow    Yes        Yes        
  Fast    Yes        Yes        



check_timing report

Table of Contents
-----------------
1. checking no_clock (0)
2. checking constant_clock (0)
3. checking pulse_width_clock (0)
4. checking unconstrained_internal_endpoints (0)
5. checking no_input_delay (95)
6. checking no_output_delay (213)
7. checking multiple_clock (0)
8. checking generated_clocks (0)
9. checking loops (0)
10. checking partial_input_delay (0)
11. checking partial_output_delay (0)
12. checking latch_loops (0)

1. checking no_clock (0)
------------------------
 There are 0 register/latch pins with no clock.


2. checking constant_clock (0)
------------------------------
 There are 0 register/latch pins with constant_clock.


3. checking pulse_width_clock (0)
---------------------------------
 There are 0 register/latch pins which need pulse_width check


4. checking unconstrained_internal_endpoints (0)
------------------------------------------------
 There are 0 pins that are not constrained for maximum delay.

 There are 0 pins that are not constrained for maximum delay due to constant clock.


5. checking no_input_delay (95)
-------------------------------
 There are 95 input ports with no input delay specified. (HIGH)

 There are 0 input ports with no input delay but user has a false path constraint.


6. checking no_output_delay (213)
---------------------------------
 There are 213 ports with no output delay specified. (HIGH)

 There are 0 ports with no output delay but user has a false path constraint

 There are 0 ports with no output delay but with a timing clock defined on it or propagating through it


7. checking multiple_clock (0)
------------------------------
 There are 0 register/latch pins with multiple clocks.


8. checking generated_clocks (0)
--------------------------------
 There are 0 generated clocks that are not connected to a clock source.


9. checking loops (0)
---------------------
 There are 0 combinational loops in the design.


10. checking partial_input_delay (0)
------------------------------------
 There are 0 input ports with partial input delay specified.


11. checking partial_output_delay (0)
-------------------------------------
 There are 0 ports with partial output delay specified.


12. checking latch_loops (0)
----------------------------
 There are 0 combinational latch loops in the design through latch input



------------------------------------------------------------------------------------------------
| Design Timing Summary
| ---------------------
------------------------------------------------------------------------------------------------

    WNS(ns)      TNS(ns)  TNS Failing Endpoints  TNS Total Endpoints     WPWS(ns)     TPWS(ns)  TPWS Failing Endpoints  TPWS Total Endpoints  
    -------      -------  ---------------------  -------------------     --------     --------  ----------------------  --------------------  
      0.932        0.000                      0                32383        4.020        0.000                       0                  7587  


All user specified timing constraints are met.


------------------------------------------------------------------------------------------------
| Clock Summary
| -------------
------------------------------------------------------------------------------------------------

Clock   Waveform(ns)       Period(ns)      Frequency(MHz)
-----   ------------       ----------      --------------
ap_clk  {0.000 5.000}      10.000          100.000         


------------------------------------------------------------------------------------------------
| Intra Clock Table
| -----------------
------------------------------------------------------------------------------------------------

Clock             WNS(ns)      TNS(ns)  TNS Failing Endpoints  TNS Total Endpoints     WPWS(ns)     TPWS(ns)  TPWS Failing Endpoints  TPWS Total Endpoints  
-----             -------      -------  ---------------------  -------------------     --------     --------  ----------------------  --------------------  
ap_clk              0.932        0.000                      0                32383        4.020        0.000                       0                  7587  


------------------------------------------------------------------------------------------------
| Inter Clock Table
| -----------------
------------------------------------------------------------------------------------------------

From Clock    To Clock          WNS(ns)      TNS(ns)  TNS Failing Endpoints  TNS Total Endpoints  
----------    --------          -------      -------  ---------------------  -------------------  


------------------------------------------------------------------------------------------------
| Other Path Groups Table
| -----------------------
------------------------------------------------------------------------------------------------

Path Group    From Clock    To Clock          WNS(ns)      TNS(ns)  TNS Failing Endpoints  TNS Total Endpoints  
----------    ----------    --------          -------      -------  ---------------------  -------------------  


------------------------------------------------------------------------------------------------
| Timing Details
| --------------
------------------------------------------------------------------------------------------------


---------------------------------------------------------------------------------------------------
From Clock:  ap_clk
  To Clock:  ap_clk

Setup :            0  Failing Endpoints,  Worst Slack        0.932ns,  Total Violation        0.000ns
Hold  :           NA  Failing Endpoints,  Worst Slack           NA  ,  Total Violation           NA
PW    :            0  Failing Endpoints,  Worst Slack        4.020ns,  Total Violation        0.000ns
---------------------------------------------------------------------------------------------------


Max Delay Paths
--------------------------------------------------------------------------------------
Slack (MET) :             0.932ns  (required time - arrival time)
  Source:                 underflow_1_reg_15782_reg[0]/C
                            (rising edge-triggered cell FDRE clocked by ap_clk  {rise@0.000ns fall@5.000ns period=10.000ns})
  Destination:            mul_25s_24s_49_1_1_U8/fir_multiband_mul_25s_24s_49_1_1_Multiplier_1_U/p__0/A[23]
                            (rising edge-triggered cell DSP48E1 clocked by ap_clk  {rise@0.000ns fall@5.000ns period=10.000ns})
  Path Group:             ap_clk
  Path Type:              Setup (Max at Slow Process Corner)
  Requirement:            10.000ns  (ap_clk rise@10.000ns - ap_clk rise@0.000ns)
  Data Path Delay:        8.440ns  (logic 3.597ns (42.618%)  route 4.843ns (57.382%))
  Logic Levels:           14  (CARRY4=12 LUT3=1 LUT6=1)
  Clock Path Skew:        -0.049ns (DCD - SCD + CPR)
    Destination Clock Delay (DCD):    0.924ns = ( 10.924 - 10.000 ) 
    Source Clock Delay      (SCD):    0.973ns
    Clock Pessimism Removal (CPR):    0.000ns
  Clock Uncertainty:      0.035ns  ((TSJ^2 + TIJ^2)^1/2 + DJ) / 2 + PE
    Total System Jitter     (TSJ):    0.071ns
    Total Input Jitter      (TIJ):    0.000ns
    Discrete Jitter          (DJ):    0.000ns
    Phase Error              (PE):    0.000ns

    Location             Delay type                Incr(ns)  Path(ns)    Netlist Resource(s)
  -------------------------------------------------------------------    -------------------
                         (clock ap_clk rise edge)     0.000     0.000 r  
                                                      0.000     0.000 r  ap_clk (IN)
                         net (fo=7587, unset)         0.973     0.973    ap_clk
    SLICE_X52Y74         FDRE                                         r  underflow_1_reg_15782_reg[0]/C
  -------------------------------------------------------------------    -------------------
    SLICE_X52Y74         FDRE (Prop_fdre_C_Q)         0.419     1.392 r  underflow_1_reg_15782_reg[0]/Q
                         net (fo=81, routed)          1.312     2.704    mul_25s_24s_49_1_1_U8/fir_multiband_mul_25s_24s_49_1_1_Multiplier_1_U/underflow_1_reg_15782
    SLICE_X60Y66         LUT3 (Prop_lut3_I0_O)        0.299     3.003 r  mul_25s_24s_49_1_1_U8/fir_multiband_mul_25s_24s_49_1_1_Multiplier_1_U/p_i_82/O
                         net (fo=1, routed)           0.481     3.485    mul_25s_24s_49_1_1_U8/fir_multiband_mul_25s_24s_49_1_1_Multiplier_1_U/p_i_82_n_0
    SLICE_X58Y66         CARRY4 (Prop_carry4_CYINIT_CO[3])
                                                      0.595     4.080 r  mul_25s_24s_49_1_1_U8/fir_multiband_mul_25s_24s_49_1_1_Multiplier_1_U/p_i_69/CO[3]
                         net (fo=1, routed)           0.000     4.080    mul_25s_24s_49_1_1_U8/fir_multiband_mul_25s_24s_49_1_1_Multiplier_1_U/p_i_69_n_0
    SLICE_X58Y67         CARRY4 (Prop_carry4_CI_CO[3])
                                                      0.117     4.197 r  mul_25s_24s_49_1_1_U8/fir_multiband_mul_25s_24s_49_1_1_Multiplier_1_U/p_i_68/CO[3]
                         net (fo=1, routed)           0.000     4.197    mul_25s_24s_49_1_1_U8/fir_multiband_mul_25s_24s_49_1_1_Multiplier_1_U/p_i_68_n_0
    SLICE_X58Y68         CARRY4 (Prop_carry4_CI_CO[3])
                                                      0.117     4.314 r  mul_25s_24s_49_1_1_U8/fir_multiband_mul_25s_24s_49_1_1_Multiplier_1_U/p_i_67/CO[3]
                         net (fo=1, routed)           0.000     4.314    mul_25s_24s_49_1_1_U8/fir_multiband_mul_25s_24s_49_1_1_Multiplier_1_U/p_i_67_n_0
    SLICE_X58Y69         CARRY4 (Prop_carry4_CI_CO[3])
                                                      0.117     4.431 r  mul_25s_24s_49_1_1_U8/fir_multiband_mul_25s_24s_49_1_1_Multiplier_1_U/p_i_65/CO[3]
                         net (fo=1, routed)           0.000     4.431    mul_25s_24s_49_1_1_U8/fir_multiband_mul_25s_24s_49_1_1_Multiplier_1_U/p_i_65_n_0
    SLICE_X58Y70         CARRY4 (Prop_carry4_CI_CO[3])
                                                      0.117     4.548 r  mul_25s_24s_49_1_1_U8/fir_multiband_mul_25s_24s_49_1_1_Multiplier_1_U/icmp_ln1497_reg_15808_reg[0]_i_24/CO[3]
                         net (fo=1, routed)           0.000     4.548    mul_25s_24s_49_1_1_U8/fir_multiband_mul_25s_24s_49_1_1_Multiplier_1_U/icmp_ln1497_reg_15808_reg[0]_i_24_n_0
    SLICE_X58Y71         CARRY4 (Prop_carry4_CI_O[2])
                                                      0.239     4.787 r  mul_25s_24s_49_1_1_U8/fir_multiband_mul_25s_24s_49_1_1_Multiplier_1_U/icmp_ln1497_reg_15808_reg[0]_i_22/O[2]
                         net (fo=70, routed)          0.827     5.613    mul_25s_24s_49_1_1_U8/fir_multiband_mul_25s_24s_49_1_1_Multiplier_1_U/p_Val2_10_fu_8954_p2[22]
    SLICE_X57Y63         LUT6 (Prop_lut6_I4_O)        0.301     5.914 r  mul_25s_24s_49_1_1_U8/fir_multiband_mul_25s_24s_49_1_1_Multiplier_1_U/p_i_59/O
                         net (fo=1, routed)           0.612     6.527    mul_25s_24s_49_1_1_U8/fir_multiband_mul_25s_24s_49_1_1_Multiplier_1_U/p_0_in1_in[1]
    SLICE_X56Y63         CARRY4 (Prop_carry4_DI[1]_CO[3])
                                                      0.507     7.034 r  mul_25s_24s_49_1_1_U8/fir_multiband_mul_25s_24s_49_1_1_Multiplier_1_U/p_i_17/CO[3]
                         net (fo=1, routed)           0.000     7.034    mux_42_24_1_1_U6/p__0_1[0]
    SLICE_X56Y64         CARRY4 (Prop_carry4_CI_CO[3])
                                                      0.114     7.148 r  mux_42_24_1_1_U6/p_i_16/CO[3]
                         net (fo=1, routed)           0.000     7.148    mux_42_24_1_1_U6/p_i_16_n_0
    SLICE_X56Y65         CARRY4 (Prop_carry4_CI_CO[3])
                                                      0.114     7.262 r  mux_42_24_1_1_U6/p_i_15/CO[3]
                         net (fo=1, routed)           0.000     7.262    mux_42_24_1_1_U6/p_i_15_n_0
    SLICE_X56Y66         CARRY4 (Prop_carry4_CI_CO[3])
                                                      0.114     7.376 r  mux_42_24_1_1_U6/p_i_14/CO[3]
                         net (fo=1, routed)           0.000     7.376    mux_42_24_1_1_U6/p_i_14_n_0
    SLICE_X56Y67         CARRY4 (Prop_carry4_CI_CO[3])
                                                      0.114     7.490 r  mux_42_24_1_1_U6/p_i_13/CO[3]
                         net (fo=1, routed)           0.000     7.490    mux_42_24_1_1_U6/p_i_13_n_0
    SLICE_X56Y68         CARRY4 (Prop_carry4_CI_O[3])
                                                      0.313     7.803 r  mux_42_24_1_1_U6/p_i_12/O[3]
                         net (fo=2, routed)           1.611     9.413    mul_25s_24s_49_1_1_U8/fir_multiband_mul_25s_24s_49_1_1_Multiplier_1_U/A[19]
    DSP48_X3Y30          DSP48E1                                      r  mul_25s_24s_49_1_1_U8/fir_multiband_mul_25s_24s_49_1_1_Multiplier_1_U/p__0/A[23]
  -------------------------------------------------------------------    -------------------

                         (clock ap_clk rise edge)    10.000    10.000 r  
                                                      0.000    10.000 r  ap_clk (IN)
                         net (fo=7587, unset)         0.924    10.924    mul_25s_24s_49_1_1_U8/fir_multiband_mul_25s_24s_49_1_1_Multiplier_1_U/ap_clk
    DSP48_X3Y30          DSP48E1                                      r  mul_25s_24s_49_1_1_U8/fir_multiband_mul_25s_24s_49_1_1_Multiplier_1_U/p__0/CLK
                         clock pessimism              0.000    10.924    
                         clock uncertainty           -0.035    10.889    
    DSP48_X3Y30          DSP48E1 (Setup_dsp48e1_CLK_A[23])
                                                     -0.544    10.345    mul_25s_24s_49_1_1_U8/fir_multiband_mul_25s_24s_49_1_1_Multiplier_1_U/p__0
  -------------------------------------------------------------------
                         required time                         10.345    
                         arrival time                          -9.413    
  -------------------------------------------------------------------
                         slack                                  0.932    

Slack (MET) :             1.018ns  (required time - arrival time)
  Source:                 underflow_1_reg_15782_reg[0]/C
                            (rising edge-triggered cell FDRE clocked by ap_clk  {rise@0.000ns fall@5.000ns period=10.000ns})
  Destination:            mul_25s_24s_49_1_1_U8/fir_multiband_mul_25s_24s_49_1_1_Multiplier_1_U/p__0/A[18]
                            (rising edge-triggered cell DSP48E1 clocked by ap_clk  {rise@0.000ns fall@5.000ns period=10.000ns})
  Path Group:             ap_clk
  Path Type:              Setup (Max at Slow Process Corner)
  Requirement:            10.000ns  (ap_clk rise@10.000ns - ap_clk rise@0.000ns)
  Data Path Delay:        8.358ns  (logic 3.409ns (40.787%)  route 4.949ns (59.213%))
  Logic Levels:           13  (CARRY4=11 LUT3=1 LUT6=1)
  Clock Path Skew:        -0.049ns (DCD - SCD + CPR)
    Destination Clock Delay (DCD):    0.924ns = ( 10.924 - 10.000 ) 
    Source Clock Delay      (SCD):    0.973ns
    Clock Pessimism Removal (CPR):    0.000ns
  Clock Uncertainty:      0.035ns  ((TSJ^2 + TIJ^2)^1/2 + DJ) / 2 + PE
    Total System Jitter     (TSJ):    0.071ns
    Total Input Jitter      (TIJ):    0.000ns
    Discrete Jitter          (DJ):    0.000ns
    Phase Error              (PE):    0.000ns

    Location             Delay type                Incr(ns)  Path(ns)    Netlist Resource(s)
  -------------------------------------------------------------------    -------------------
                         (clock ap_clk rise edge)     0.000     0.000 r  
                                                      0.000     0.000 r  ap_clk (IN)
                         net (fo=7587, unset)         0.973     0.973    ap_clk
    SLICE_X52Y74         FDRE                                         r  underflow_1_reg_15782_reg[0]/C
  -------------------------------------------------------------------    -------------------
    SLICE_X52Y74         FDRE (Prop_fdre_C_Q)         0.419     1.392 r  underflow_1_reg_15782_reg[0]/Q
                         net (fo=81, routed)          1.312     2.704    mul_25s_24s_49_1_1_U8/fir_multiband_mul_25s_24s_49_1_1_Multiplier_1_U/underflow_1_reg_15782
    SLICE_X60Y66         LUT3 (Prop_lut3_I0_O)        0.299     3.003 r  mul_25s_24s_49_1_1_U8/fir_multiband_mul_25s_24s_49_1_1_Multiplier_1_U/p_i_82/O
                         net (fo=1, routed)           0.481     3.485    mul_25s_24s_49_1_1_U8/fir_multiband_mul_25s_24s_49_1_1_Multiplier_1_U/p_i_82_n_0
    SLICE_X58Y66         CARRY4 (Prop_carry4_CYINIT_CO[3])
                                                      0.595     4.080 r  mul_25s_24s_49_1_1_U8/fir_multiband_mul_25s_24s_49_1_1_Multiplier_1_U/p_i_69/CO[3]
                         net (fo=1, routed)           0.000     4.080    mul_25s_24s_49_1_1_U8/fir_multiband_mul_25s_24s_49_1_1_Multiplier_1_U/p_i_69_n_0
    SLICE_X58Y67         CARRY4 (Prop_carry4_CI_CO[3])
                                                      0.117     4.197 r  mul_25s_24s_49_1_1_U8/fir_multiband_mul_25s_24s_49_1_1_Multiplier_1_U/p_i_68/CO[3]
                         net (fo=1, routed)           0.000     4.197    mul_25s_24s_49_1_1_U8/fir_multiband_mul_25s_24s_49_1_1_Multiplier_1_U/p_i_68_n_0
    SLICE_X58Y68         CARRY4 (Prop_carry4_CI_CO[3])
                                                      0.117     4.314 r  mul_25s_24s_49_1_1_U8/fir_multiband_mul_25s_24s_49_1_1_Multiplier_1_U/p_i_67/CO[3]
                         net (fo=1, routed)           0.000     4.314    mul_25s_24s_49_1_1_U8/fir_multiband_mul_25s_24s_49_1_1_Multiplier_1_U/p_i_67_n_0
    SLICE_X58Y69         CARRY4 (Prop_carry4_CI_CO[3])
                                                      0.117     4.431 r  mul_25s_24s_49_1_1_U8/fir_multiband_mul_25s_24s_49_1_1_Multiplier_1_U/p_i_65/CO[3]
                         net (fo=1, routed)           0.000     4.431    mul_25s_24s_49_1_1_U8/fir_multiband_mul_25s_24s_49_1_1_Multiplier_1_U/p_i_65_n_0
    SLICE_X58Y70         CARRY4 (Prop_carry4_CI_CO[3])
                                                      0.117     4.548 r  mul_25s_24s_49_1_1_U8/fir_multiband_mul_25s_24s_49_1_1_Multiplier_1_U/icmp_ln1497_reg_15808_reg[0]_i_24/CO[3]
                         net (fo=1, routed)           0.000     4.548    mul_25s_24s_49_1_1_U8/fir_multiband_mul_25s_24s_49_1_1_Multiplier_1_U/icmp_ln1497_reg_15808_reg[0]_i_24_n_0
    SLICE_X58Y71         CARRY4 (Prop_carry4_CI_O[2])
                                                      0.239     4.787 r  mul_25s_24s_49_1_1_U8/fir_multiband_mul_25s_24s_49_1_1_Multiplier_1_U/icmp_ln1497_reg_15808_reg[0]_i_22/O[2]
                         net (fo=70, routed)          0.827     5.613    mul_25s_24s_49_1_1_U8/fir_multiband_mul_25s_24s_49_1_1_Multiplier_1_U/p_Val2_10_fu_8954_p2[22]
    SLICE_X57Y63         LUT6 (Prop_lut6_I4_O)        0.301     5.914 r  mul_25s_24s_49_1_1_U8/fir_multiband_mul_25s_24s_49_1_1_Multiplier_1_U/p_i_59/O
                         net (fo=1, routed)           0.612     6.527    mul_25s_24s_49_1_1_U8/fir_multiband_mul_25s_24s_49_1_1_Multiplier_1_U/p_0_in1_in[1]
    SLICE_X56Y63         CARRY4 (Prop_carry4_DI[1]_CO[3])
                                                      0.507     7.034 r  mul_25s_24s_49_1_1_U8/fir_multiband_mul_25s_24s_49_1_1_Multiplier_1_U/p_i_17/CO[3]
                         net (fo=1, routed)           0.000     7.034    mux_42_24_1_1_U6/p__0_1[0]
    SLICE_X56Y64         CARRY4 (Prop_carry4_CI_CO[3])
                                                      0.114     7.148 r  mux_42_24_1_1_U6/p_i_16/CO[3]
                         net (fo=1, routed)           0.000     7.148    mux_42_24_1_1_U6/p_i_16_n_0
    SLICE_X56Y65         CARRY4 (Prop_carry4_CI_CO[3])
                                                      0.114     7.262 r  mux_42_24_1_1_U6/p_i_15/CO[3]
                         net (fo=1, routed)           0.000     7.262    mux_42_24_1_1_U6/p_i_15_n_0
    SLICE_X56Y66         CARRY4 (Prop_carry4_CI_CO[3])
                                                      0.114     7.376 r  mux_42_24_1_1_U6/p_i_14/CO[3]
                         net (fo=1, routed)           0.000     7.376    mux_42_24_1_1_U6/p_i_14_n_0
    SLICE_X56Y67         CARRY4 (Prop_carry4_CI_O[2])
                                                      0.239     7.615 r  mux_42_24_1_1_U6/p_i_13/O[2]
                         net (fo=2, routed)           1.717     9.331    mul_25s_24s_49_1_1_U8/fir_multiband_mul_25s_24s_49_1_1_Multiplier_1_U/A[14]
    DSP48_X3Y30          DSP48E1                                      r  mul_25s_24s_49_1_1_U8/fir_multiband_mul_25s_24s_49_1_1_Multiplier_1_U/p__0/A[18]
  -------------------------------------------------------------------    -------------------

                         (clock ap_clk rise edge)    10.000    10.000 r  
                                                      0.000    10.000 r  ap_clk (IN)
                         net (fo=7587, unset)         0.924    10.924    mul_25s_24s_49_1_1_U8/fir_multiband_mul_25s_24s_49_1_1_Multiplier_1_U/ap_clk
    DSP48_X3Y30          DSP48E1                                      r  mul_25s_24s_49_1_1_U8/fir_multiband_mul_25s_24s_49_1_1_Multiplier_1_U/p__0/CLK
                         clock pessimism              0.000    10.924    
                         clock uncertainty           -0.035    10.889    
    DSP48_X3Y30          DSP48E1 (Setup_dsp48e1_CLK_A[18])
                                                     -0.540    10.349    mul_25s_24s_49_1_1_U8/fir_multiband_mul_25s_24s_49_1_1_Multiplier_1_U/p__0
  -------------------------------------------------------------------
                         required time                         10.349    
                         arrival time                          -9.331    
  -------------------------------------------------------------------
                         slack                                  1.018    

Slack (MET) :             1.025ns  (required time - arrival time)
  Source:                 underflow_1_reg_15782_reg[0]/C
                            (rising edge-triggered cell FDRE clocked by ap_clk  {rise@0.000ns fall@5.000ns period=10.000ns})
  Destination:            mul_25s_24s_49_1_1_U8/fir_multiband_mul_25s_24s_49_1_1_Multiplier_1_U/p__0/A[17]
                            (rising edge-triggered cell DSP48E1 clocked by ap_clk  {rise@0.000ns fall@5.000ns period=10.000ns})
  Path Group:             ap_clk
  Path Type:              Setup (Max at Slow Process Corner)
  Requirement:            10.000ns  (ap_clk rise@10.000ns - ap_clk rise@0.000ns)
  Data Path Delay:        8.350ns  (logic 3.504ns (41.965%)  route 4.846ns (58.035%))
  Logic Levels:           13  (CARRY4=11 LUT3=1 LUT6=1)
  Clock Path Skew:        -0.049ns (DCD - SCD + CPR)
    Destination Clock Delay (DCD):    0.924ns = ( 10.924 - 10.000 ) 
    Source Clock Delay      (SCD):    0.973ns
    Clock Pessimism Removal (CPR):    0.000ns
  Clock Uncertainty:      0.035ns  ((TSJ^2 + TIJ^2)^1/2 + DJ) / 2 + PE
    Total System Jitter     (TSJ):    0.071ns
    Total Input Jitter      (TIJ):    0.000ns
    Discrete Jitter          (DJ):    0.000ns
    Phase Error              (PE):    0.000ns

    Location             Delay type                Incr(ns)  Path(ns)    Netlist Resource(s)
  -------------------------------------------------------------------    -------------------
                         (clock ap_clk rise edge)     0.000     0.000 r  
                                                      0.000     0.000 r  ap_clk (IN)
                         net (fo=7587, unset)         0.973     0.973    ap_clk
    SLICE_X52Y74         FDRE                                         r  underflow_1_reg_15782_reg[0]/C
  -------------------------------------------------------------------    -------------------
    SLICE_X52Y74         FDRE (Prop_fdre_C_Q)         0.419     1.392 r  underflow_1_reg_15782_reg[0]/Q
                         net (fo=81, routed)          1.312     2.704    mul_25s_24s_49_1_1_U8/fir_multiband_mul_25s_24s_49_1_1_Multiplier_1_U/underflow_1_reg_15782
    SLICE_X60Y66         LUT3 (Prop_lut3_I0_O)        0.299     3.003 r  mul_25s_24s_49_1_1_U8/fir_multiband_mul_25s_24s_49_1_1_Multiplier_1_U/p_i_82/O
                         net (fo=1, routed)           0.481     3.485    mul_25s_24s_49_1_1_U8/fir_multiband_mul_25s_24s_49_1_1_Multiplier_1_U/p_i_82_n_0
    SLICE_X58Y66         CARRY4 (Prop_carry4_CYINIT_CO[3])
                                                      0.595     4.080 r  mul_25s_24s_49_1_1_U8/fir_multiband_mul_25s_24s_49_1_1_Multiplier_1_U/p_i_69/CO[3]
                         net (fo=1, routed)           0.000     4.080    mul_25s_24s_49_1_1_U8/fir_multiband_mul_25s_24s_49_1_1_Multiplier_1_U/p_i_69_n_0
    SLICE_X58Y67         CARRY4 (Prop_carry4_CI_CO[3])
                                                      0.117     4.197 r  mul_25s_24s_49_1_1_U8/fir_multiband_mul_25s_24s_49_1_1_Multiplier_1_U/p_i_68/CO[3]
                         net (fo=1, routed)           0.000     4.197    mul_25s_24s_49_1_1_U8/fir_multiband_mul_25s_24s_49_1_1_Multiplier_1_U/p_i_68_n_0
    SLICE_X58Y68         CARRY4 (Prop_carry4_CI_CO[3])
                                                      0.117     4.314 r  mul_25s_24s_49_1_1_U8/fir_multiband_mul_25s_24s_49_1_1_Multiplier_1_U/p_i_67/CO[3]
                         net (fo=1, routed)           0.000     4.314    mul_25s_24s_49_1_1_U8/fir_multiband_mul_25s_24s_49_1_1_Multiplier_1_U/p_i_67_n_0
    SLICE_X58Y69         CARRY4 (Prop_carry4_CI_CO[3])
                                                      0.117     4.431 r  mul_25s_24s_49_1_1_U8/fir_multiband_mul_25s_24s_49_1_1_Multiplier_1_U/p_i_65/CO[3]
                         net (fo=1, routed)           0.000     4.431    mul_25s_24s_49_1_1_U8/fir_multiband_mul_25s_24s_49_1_1_Multiplier_1_U/p_i_65_n_0
    SLICE_X58Y70         CARRY4 (Prop_carry4_CI_CO[3])
                                                      0.117     4.548 r  mul_25s_24s_49_1_1_U8/fir_multiband_mul_25s_24s_49_1_1_Multiplier_1_U/icmp_ln1497_reg_15808_reg[0]_i_24/CO[3]
                         net (fo=1, routed)           0.000     4.548    mul_25s_24s_49_1_1_U8/fir_multiband_mul_25s_24s_49_1_1_Multiplier_1_U/icmp_ln1497_reg_15808_reg[0]_i_24_n_0
    SLICE_X58Y71         CARRY4 (Prop_carry4_CI_O[2])
                                                      0.239     4.787 r  mul_25s_24s_49_1_1_U8/fir_multiband_mul_25s_24s_49_1_1_Multiplier_1_U/icmp_ln1497_reg_15808_reg[0]_i_22/O[2]
                         net (fo=70, routed)          0.827     5.613    mul_25s_24s_49_1_1_U8/fir_multiband_mul_25s_24s_49_1_1_Multiplier_1_U/p_Val2_10_fu_8954_p2[22]
    SLICE_X57Y63         LUT6 (Prop_lut6_I4_O)        0.301     5.914 r  mul_25s_24s_49_1_1_U8/fir_multiband_mul_25s_24s_49_1_1_Multiplier_1_U/p_i_59/O
                         net (fo=1, routed)           0.612     6.527    mul_25s_24s_49_1_1_U8/fir_multiband_mul_25s_24s_49_1_1_Multiplier_1_U/p_0_in1_in[1]
    SLICE_X56Y63         CARRY4 (Prop_carry4_DI[1]_CO[3])
                                                      0.507     7.034 r  mul_25s_24s_49_1_1_U8/fir_multiband_mul_25s_24s_49_1_1_Multiplier_1_U/p_i_17/CO[3]
                         net (fo=1, routed)           0.000     7.034    mux_42_24_1_1_U6/p__0_1[0]
    SLICE_X56Y64         CARRY4 (Prop_carry4_CI_CO[3])
                                                      0.114     7.148 r  mux_42_24_1_1_U6/p_i_16/CO[3]
                         net (fo=1, routed)           0.000     7.148    mux_42_24_1_1_U6/p_i_16_n_0
    SLICE_X56Y65         CARRY4 (Prop_carry4_CI_CO[3])
                                                      0.114     7.262 r  mux_42_24_1_1_U6/p_i_15/CO[3]
                         net (fo=1, routed)           0.000     7.262    mux_42_24_1_1_U6/p_i_15_n_0
    SLICE_X56Y66         CARRY4 (Prop_carry4_CI_CO[3])
                                                      0.114     7.376 r  mux_42_24_1_1_U6/p_i_14/CO[3]
                         net (fo=1, routed)           0.000     7.376    mux_42_24_1_1_U6/p_i_14_n_0
    SLICE_X56Y67         CARRY4 (Prop_carry4_CI_O[1])
                                                      0.334     7.710 r  mux_42_24_1_1_U6/p_i_13/O[1]
                         net (fo=2, routed)           1.613     9.323    mul_25s_24s_49_1_1_U8/fir_multiband_mul_25s_24s_49_1_1_Multiplier_1_U/A[13]
    DSP48_X3Y30          DSP48E1                                      r  mul_25s_24s_49_1_1_U8/fir_multiband_mul_25s_24s_49_1_1_Multiplier_1_U/p__0/A[17]
  -------------------------------------------------------------------    -------------------

                         (clock ap_clk rise edge)    10.000    10.000 r  
                                                      0.000    10.000 r  ap_clk (IN)
                         net (fo=7587, unset)         0.924    10.924    mul_25s_24s_49_1_1_U8/fir_multiband_mul_25s_24s_49_1_1_Multiplier_1_U/ap_clk
    DSP48_X3Y30          DSP48E1                                      r  mul_25s_24s_49_1_1_U8/fir_multiband_mul_25s_24s_49_1_1_Multiplier_1_U/p__0/CLK
                         clock pessimism              0.000    10.924    
                         clock uncertainty           -0.035    10.889    
    DSP48_X3Y30          DSP48E1 (Setup_dsp48e1_CLK_A[17])
                                                     -0.541    10.348    mul_25s_24s_49_1_1_U8/fir_multiband_mul_25s_24s_49_1_1_Multiplier_1_U/p__0
  -------------------------------------------------------------------
                         required time                         10.348    
                         arrival time                          -9.323    
  -------------------------------------------------------------------
                         slack                                  1.025    

Slack (MET) :             1.061ns  (required time - arrival time)
  Source:                 underflow_1_reg_15782_reg[0]/C
                            (rising edge-triggered cell FDRE clocked by ap_clk  {rise@0.000ns fall@5.000ns period=10.000ns})
  Destination:            mul_25s_24s_49_1_1_U8/fir_multiband_mul_25s_24s_49_1_1_Multiplier_1_U/p/A[19]
                            (rising edge-triggered cell DSP48E1 clocked by ap_clk  {rise@0.000ns fall@5.000ns period=10.000ns})
  Path Group:             ap_clk
  Path Type:              Setup (Max at Slow Process Corner)
  Requirement:            10.000ns  (ap_clk rise@10.000ns - ap_clk rise@0.000ns)
  Data Path Delay:        8.311ns  (logic 3.483ns (41.910%)  route 4.828ns (58.090%))
  Logic Levels:           13  (CARRY4=11 LUT3=1 LUT6=1)
  Clock Path Skew:        -0.049ns (DCD - SCD + CPR)
    Destination Clock Delay (DCD):    0.924ns = ( 10.924 - 10.000 ) 
    Source Clock Delay      (SCD):    0.973ns
    Clock Pessimism Removal (CPR):    0.000ns
  Clock Uncertainty:      0.035ns  ((TSJ^2 + TIJ^2)^1/2 + DJ) / 2 + PE
    Total System Jitter     (TSJ):    0.071ns
    Total Input Jitter      (TIJ):    0.000ns
    Discrete Jitter          (DJ):    0.000ns
    Phase Error              (PE):    0.000ns

    Location             Delay type                Incr(ns)  Path(ns)    Netlist Resource(s)
  -------------------------------------------------------------------    -------------------
                         (clock ap_clk rise edge)     0.000     0.000 r  
                                                      0.000     0.000 r  ap_clk (IN)
                         net (fo=7587, unset)         0.973     0.973    ap_clk
    SLICE_X52Y74         FDRE                                         r  underflow_1_reg_15782_reg[0]/C
  -------------------------------------------------------------------    -------------------
    SLICE_X52Y74         FDRE (Prop_fdre_C_Q)         0.419     1.392 r  underflow_1_reg_15782_reg[0]/Q
                         net (fo=81, routed)          1.312     2.704    mul_25s_24s_49_1_1_U8/fir_multiband_mul_25s_24s_49_1_1_Multiplier_1_U/underflow_1_reg_15782
    SLICE_X60Y66         LUT3 (Prop_lut3_I0_O)        0.299     3.003 r  mul_25s_24s_49_1_1_U8/fir_multiband_mul_25s_24s_49_1_1_Multiplier_1_U/p_i_82/O
                         net (fo=1, routed)           0.481     3.485    mul_25s_24s_49_1_1_U8/fir_multiband_mul_25s_24s_49_1_1_Multiplier_1_U/p_i_82_n_0
    SLICE_X58Y66         CARRY4 (Prop_carry4_CYINIT_CO[3])
                                                      0.595     4.080 r  mul_25s_24s_49_1_1_U8/fir_multiband_mul_25s_24s_49_1_1_Multiplier_1_U/p_i_69/CO[3]
                         net (fo=1, routed)           0.000     4.080    mul_25s_24s_49_1_1_U8/fir_multiband_mul_25s_24s_49_1_1_Multiplier_1_U/p_i_69_n_0
    SLICE_X58Y67         CARRY4 (Prop_carry4_CI_CO[3])
                                                      0.117     4.197 r  mul_25s_24s_49_1_1_U8/fir_multiband_mul_25s_24s_49_1_1_Multiplier_1_U/p_i_68/CO[3]
                         net (fo=1, routed)           0.000     4.197    mul_25s_24s_49_1_1_U8/fir_multiband_mul_25s_24s_49_1_1_Multiplier_1_U/p_i_68_n_0
    SLICE_X58Y68         CARRY4 (Prop_carry4_CI_CO[3])
                                                      0.117     4.314 r  mul_25s_24s_49_1_1_U8/fir_multiband_mul_25s_24s_49_1_1_Multiplier_1_U/p_i_67/CO[3]
                         net (fo=1, routed)           0.000     4.314    mul_25s_24s_49_1_1_U8/fir_multiband_mul_25s_24s_49_1_1_Multiplier_1_U/p_i_67_n_0
    SLICE_X58Y69         CARRY4 (Prop_carry4_CI_CO[3])
                                                      0.117     4.431 r  mul_25s_24s_49_1_1_U8/fir_multiband_mul_25s_24s_49_1_1_Multiplier_1_U/p_i_65/CO[3]
                         net (fo=1, routed)           0.000     4.431    mul_25s_24s_49_1_1_U8/fir_multiband_mul_25s_24s_49_1_1_Multiplier_1_U/p_i_65_n_0
    SLICE_X58Y70         CARRY4 (Prop_carry4_CI_CO[3])
                                                      0.117     4.548 r  mul_25s_24s_49_1_1_U8/fir_multiband_mul_25s_24s_49_1_1_Multiplier_1_U/icmp_ln1497_reg_15808_reg[0]_i_24/CO[3]
                         net (fo=1, routed)           0.000     4.548    mul_25s_24s_49_1_1_U8/fir_multiband_mul_25s_24s_49_1_1_Multiplier_1_U/icmp_ln1497_reg_15808_reg[0]_i_24_n_0
    SLICE_X58Y71         CARRY4 (Prop_carry4_CI_O[2])
                                                      0.239     4.787 r  mul_25s_24s_49_1_1_U8/fir_multiband_mul_25s_24s_49_1_1_Multiplier_1_U/icmp_ln1497_reg_15808_reg[0]_i_22/O[2]
                         net (fo=70, routed)          0.827     5.613    mul_25s_24s_49_1_1_U8/fir_multiband_mul_25s_24s_49_1_1_Multiplier_1_U/p_Val2_10_fu_8954_p2[22]
    SLICE_X57Y63         LUT6 (Prop_lut6_I4_O)        0.301     5.914 r  mul_25s_24s_49_1_1_U8/fir_multiband_mul_25s_24s_49_1_1_Multiplier_1_U/p_i_59/O
                         net (fo=1, routed)           0.612     6.527    mul_25s_24s_49_1_1_U8/fir_multiband_mul_25s_24s_49_1_1_Multiplier_1_U/p_0_in1_in[1]
    SLICE_X56Y63         CARRY4 (Prop_carry4_DI[1]_CO[3])
                                                      0.507     7.034 r  mul_25s_24s_49_1_1_U8/fir_multiband_mul_25s_24s_49_1_1_Multiplier_1_U/p_i_17/CO[3]
                         net (fo=1, routed)           0.000     7.034    mux_42_24_1_1_U6/p__0_1[0]
    SLICE_X56Y64         CARRY4 (Prop_carry4_CI_CO[3])
                                                      0.114     7.148 r  mux_42_24_1_1_U6/p_i_16/CO[3]
                         net (fo=1, routed)           0.000     7.148    mux_42_24_1_1_U6/p_i_16_n_0
    SLICE_X56Y65         CARRY4 (Prop_carry4_CI_CO[3])
                                                      0.114     7.262 r  mux_42_24_1_1_U6/p_i_15/CO[3]
                         net (fo=1, routed)           0.000     7.262    mux_42_24_1_1_U6/p_i_15_n_0
    SLICE_X56Y66         CARRY4 (Prop_carry4_CI_CO[3])
                                                      0.114     7.376 r  mux_42_24_1_1_U6/p_i_14/CO[3]
                         net (fo=1, routed)           0.000     7.376    mux_42_24_1_1_U6/p_i_14_n_0
    SLICE_X56Y67         CARRY4 (Prop_carry4_CI_O[3])
                                                      0.313     7.689 r  mux_42_24_1_1_U6/p_i_13/O[3]
                         net (fo=2, routed)           1.595     9.284    mul_25s_24s_49_1_1_U8/fir_multiband_mul_25s_24s_49_1_1_Multiplier_1_U/A[15]
    DSP48_X3Y29          DSP48E1                                      r  mul_25s_24s_49_1_1_U8/fir_multiband_mul_25s_24s_49_1_1_Multiplier_1_U/p/A[19]
  -------------------------------------------------------------------    -------------------

                         (clock ap_clk rise edge)    10.000    10.000 r  
                                                      0.000    10.000 r  ap_clk (IN)
                         net (fo=7587, unset)         0.924    10.924    mul_25s_24s_49_1_1_U8/fir_multiband_mul_25s_24s_49_1_1_Multiplier_1_U/ap_clk
    DSP48_X3Y29          DSP48E1                                      r  mul_25s_24s_49_1_1_U8/fir_multiband_mul_25s_24s_49_1_1_Multiplier_1_U/p/CLK
                         clock pessimism              0.000    10.924    
                         clock uncertainty           -0.035    10.889    
    DSP48_X3Y29          DSP48E1 (Setup_dsp48e1_CLK_A[19])
                                                     -0.544    10.345    mul_25s_24s_49_1_1_U8/fir_multiband_mul_25s_24s_49_1_1_Multiplier_1_U/p
  -------------------------------------------------------------------
                         required time                         10.345    
                         arrival time                          -9.284    
  -------------------------------------------------------------------
                         slack                                  1.061    

Slack (MET) :             1.078ns  (required time - arrival time)
  Source:                 underflow_1_reg_15782_reg[0]/C
                            (rising edge-triggered cell FDRE clocked by ap_clk  {rise@0.000ns fall@5.000ns period=10.000ns})
  Destination:            mul_25s_24s_49_1_1_U8/fir_multiband_mul_25s_24s_49_1_1_Multiplier_1_U/p/A[22]
                            (rising edge-triggered cell DSP48E1 clocked by ap_clk  {rise@0.000ns fall@5.000ns period=10.000ns})
  Path Group:             ap_clk
  Path Type:              Setup (Max at Slow Process Corner)
  Requirement:            10.000ns  (ap_clk rise@10.000ns - ap_clk rise@0.000ns)
  Data Path Delay:        8.298ns  (logic 3.523ns (42.458%)  route 4.775ns (57.542%))
  Logic Levels:           14  (CARRY4=12 LUT3=1 LUT6=1)
  Clock Path Skew:        -0.049ns (DCD - SCD + CPR)
    Destination Clock Delay (DCD):    0.924ns = ( 10.924 - 10.000 ) 
    Source Clock Delay      (SCD):    0.973ns
    Clock Pessimism Removal (CPR):    0.000ns
  Clock Uncertainty:      0.035ns  ((TSJ^2 + TIJ^2)^1/2 + DJ) / 2 + PE
    Total System Jitter     (TSJ):    0.071ns
    Total Input Jitter      (TIJ):    0.000ns
    Discrete Jitter          (DJ):    0.000ns
    Phase Error              (PE):    0.000ns

    Location             Delay type                Incr(ns)  Path(ns)    Netlist Resource(s)
  -------------------------------------------------------------------    -------------------
                         (clock ap_clk rise edge)     0.000     0.000 r  
                                                      0.000     0.000 r  ap_clk (IN)
                         net (fo=7587, unset)         0.973     0.973    ap_clk
    SLICE_X52Y74         FDRE                                         r  underflow_1_reg_15782_reg[0]/C
  -------------------------------------------------------------------    -------------------
    SLICE_X52Y74         FDRE (Prop_fdre_C_Q)         0.419     1.392 r  underflow_1_reg_15782_reg[0]/Q
                         net (fo=81, routed)          1.312     2.704    mul_25s_24s_49_1_1_U8/fir_multiband_mul_25s_24s_49_1_1_Multiplier_1_U/underflow_1_reg_15782
    SLICE_X60Y66         LUT3 (Prop_lut3_I0_O)        0.299     3.003 r  mul_25s_24s_49_1_1_U8/fir_multiband_mul_25s_24s_49_1_1_Multiplier_1_U/p_i_82/O
                         net (fo=1, routed)           0.481     3.485    mul_25s_24s_49_1_1_U8/fir_multiband_mul_25s_24s_49_1_1_Multiplier_1_U/p_i_82_n_0
    SLICE_X58Y66         CARRY4 (Prop_carry4_CYINIT_CO[3])
                                                      0.595     4.080 r  mul_25s_24s_49_1_1_U8/fir_multiband_mul_25s_24s_49_1_1_Multiplier_1_U/p_i_69/CO[3]
                         net (fo=1, routed)           0.000     4.080    mul_25s_24s_49_1_1_U8/fir_multiband_mul_25s_24s_49_1_1_Multiplier_1_U/p_i_69_n_0
    SLICE_X58Y67         CARRY4 (Prop_carry4_CI_CO[3])
                                                      0.117     4.197 r  mul_25s_24s_49_1_1_U8/fir_multiband_mul_25s_24s_49_1_1_Multiplier_1_U/p_i_68/CO[3]
                         net (fo=1, routed)           0.000     4.197    mul_25s_24s_49_1_1_U8/fir_multiband_mul_25s_24s_49_1_1_Multiplier_1_U/p_i_68_n_0
    SLICE_X58Y68         CARRY4 (Prop_carry4_CI_CO[3])
                                                      0.117     4.314 r  mul_25s_24s_49_1_1_U8/fir_multiband_mul_25s_24s_49_1_1_Multiplier_1_U/p_i_67/CO[3]
                         net (fo=1, routed)           0.000     4.314    mul_25s_24s_49_1_1_U8/fir_multiband_mul_25s_24s_49_1_1_Multiplier_1_U/p_i_67_n_0
    SLICE_X58Y69         CARRY4 (Prop_carry4_CI_CO[3])
                                                      0.117     4.431 r  mul_25s_24s_49_1_1_U8/fir_multiband_mul_25s_24s_49_1_1_Multiplier_1_U/p_i_65/CO[3]
                         net (fo=1, routed)           0.000     4.431    mul_25s_24s_49_1_1_U8/fir_multiband_mul_25s_24s_49_1_1_Multiplier_1_U/p_i_65_n_0
    SLICE_X58Y70         CARRY4 (Prop_carry4_CI_CO[3])
                                                      0.117     4.548 r  mul_25s_24s_49_1_1_U8/fir_multiband_mul_25s_24s_49_1_1_Multiplier_1_U/icmp_ln1497_reg_15808_reg[0]_i_24/CO[3]
                         net (fo=1, routed)           0.000     4.548    mul_25s_24s_49_1_1_U8/fir_multiband_mul_25s_24s_49_1_1_Multiplier_1_U/icmp_ln1497_reg_15808_reg[0]_i_24_n_0
    SLICE_X58Y71         CARRY4 (Prop_carry4_CI_O[2])
                                                      0.239     4.787 r  mul_25s_24s_49_1_1_U8/fir_multiband_mul_25s_24s_49_1_1_Multiplier_1_U/icmp_ln1497_reg_15808_reg[0]_i_22/O[2]
                         net (fo=70, routed)          0.827     5.613    mul_25s_24s_49_1_1_U8/fir_multiband_mul_25s_24s_49_1_1_Multiplier_1_U/p_Val2_10_fu_8954_p2[22]
    SLICE_X57Y63         LUT6 (Prop_lut6_I4_O)        0.301     5.914 r  mul_25s_24s_49_1_1_U8/fir_multiband_mul_25s_24s_49_1_1_Multiplier_1_U/p_i_59/O
                         net (fo=1, routed)           0.612     6.527    mul_25s_24s_49_1_1_U8/fir_multiband_mul_25s_24s_49_1_1_Multiplier_1_U/p_0_in1_in[1]
    SLICE_X56Y63         CARRY4 (Prop_carry4_DI[1]_CO[3])
                                                      0.507     7.034 r  mul_25s_24s_49_1_1_U8/fir_multiband_mul_25s_24s_49_1_1_Multiplier_1_U/p_i_17/CO[3]
                         net (fo=1, routed)           0.000     7.034    mux_42_24_1_1_U6/p__0_1[0]
    SLICE_X56Y64         CARRY4 (Prop_carry4_CI_CO[3])
                                                      0.114     7.148 r  mux_42_24_1_1_U6/p_i_16/CO[3]
                         net (fo=1, routed)           0.000     7.148    mux_42_24_1_1_U6/p_i_16_n_0
    SLICE_X56Y65         CARRY4 (Prop_carry4_CI_CO[3])
                                                      0.114     7.262 r  mux_42_24_1_1_U6/p_i_15/CO[3]
                         net (fo=1, routed)           0.000     7.262    mux_42_24_1_1_U6/p_i_15_n_0
    SLICE_X56Y66         CARRY4 (Prop_carry4_CI_CO[3])
                                                      0.114     7.376 r  mux_42_24_1_1_U6/p_i_14/CO[3]
                         net (fo=1, routed)           0.000     7.376    mux_42_24_1_1_U6/p_i_14_n_0
    SLICE_X56Y67         CARRY4 (Prop_carry4_CI_CO[3])
                                                      0.114     7.490 r  mux_42_24_1_1_U6/p_i_13/CO[3]
                         net (fo=1, routed)           0.000     7.490    mux_42_24_1_1_U6/p_i_13_n_0
    SLICE_X56Y68         CARRY4 (Prop_carry4_CI_O[2])
                                                      0.239     7.729 r  mux_42_24_1_1_U6/p_i_12/O[2]
                         net (fo=2, routed)           1.542     9.271    mul_25s_24s_49_1_1_U8/fir_multiband_mul_25s_24s_49_1_1_Multiplier_1_U/A[18]
    DSP48_X3Y29          DSP48E1                                      r  mul_25s_24s_49_1_1_U8/fir_multiband_mul_25s_24s_49_1_1_Multiplier_1_U/p/A[22]
  -------------------------------------------------------------------    -------------------

                         (clock ap_clk rise edge)    10.000    10.000 r  
                                                      0.000    10.000 r  ap_clk (IN)
                         net (fo=7587, unset)         0.924    10.924    mul_25s_24s_49_1_1_U8/fir_multiband_mul_25s_24s_49_1_1_Multiplier_1_U/ap_clk
    DSP48_X3Y29          DSP48E1                                      r  mul_25s_24s_49_1_1_U8/fir_multiband_mul_25s_24s_49_1_1_Multiplier_1_U/p/CLK
                         clock pessimism              0.000    10.924    
                         clock uncertainty           -0.035    10.889    
    DSP48_X3Y29          DSP48E1 (Setup_dsp48e1_CLK_A[22])
                                                     -0.540    10.349    mul_25s_24s_49_1_1_U8/fir_multiband_mul_25s_24s_49_1_1_Multiplier_1_U/p
  -------------------------------------------------------------------
                         required time                         10.349    
                         arrival time                          -9.271    
  -------------------------------------------------------------------
                         slack                                  1.078    

Slack (MET) :             1.092ns  (required time - arrival time)
  Source:                 underflow_1_reg_15782_reg[0]/C
                            (rising edge-triggered cell FDRE clocked by ap_clk  {rise@0.000ns fall@5.000ns period=10.000ns})
  Destination:            mul_25s_24s_49_1_1_U8/fir_multiband_mul_25s_24s_49_1_1_Multiplier_1_U/p__0/A[15]
                            (rising edge-triggered cell DSP48E1 clocked by ap_clk  {rise@0.000ns fall@5.000ns period=10.000ns})
  Path Group:             ap_clk
  Path Type:              Setup (Max at Slow Process Corner)
  Requirement:            10.000ns  (ap_clk rise@10.000ns - ap_clk rise@0.000ns)
  Data Path Delay:        8.280ns  (logic 3.369ns (40.687%)  route 4.911ns (59.313%))
  Logic Levels:           12  (CARRY4=10 LUT3=1 LUT6=1)
  Clock Path Skew:        -0.049ns (DCD - SCD + CPR)
    Destination Clock Delay (DCD):    0.924ns = ( 10.924 - 10.000 ) 
    Source Clock Delay      (SCD):    0.973ns
    Clock Pessimism Removal (CPR):    0.000ns
  Clock Uncertainty:      0.035ns  ((TSJ^2 + TIJ^2)^1/2 + DJ) / 2 + PE
    Total System Jitter     (TSJ):    0.071ns
    Total Input Jitter      (TIJ):    0.000ns
    Discrete Jitter          (DJ):    0.000ns
    Phase Error              (PE):    0.000ns

    Location             Delay type                Incr(ns)  Path(ns)    Netlist Resource(s)
  -------------------------------------------------------------------    -------------------
                         (clock ap_clk rise edge)     0.000     0.000 r  
                                                      0.000     0.000 r  ap_clk (IN)
                         net (fo=7587, unset)         0.973     0.973    ap_clk
    SLICE_X52Y74         FDRE                                         r  underflow_1_reg_15782_reg[0]/C
  -------------------------------------------------------------------    -------------------
    SLICE_X52Y74         FDRE (Prop_fdre_C_Q)         0.419     1.392 r  underflow_1_reg_15782_reg[0]/Q
                         net (fo=81, routed)          1.312     2.704    mul_25s_24s_49_1_1_U8/fir_multiband_mul_25s_24s_49_1_1_Multiplier_1_U/underflow_1_reg_15782
    SLICE_X60Y66         LUT3 (Prop_lut3_I0_O)        0.299     3.003 r  mul_25s_24s_49_1_1_U8/fir_multiband_mul_25s_24s_49_1_1_Multiplier_1_U/p_i_82/O
                         net (fo=1, routed)           0.481     3.485    mul_25s_24s_49_1_1_U8/fir_multiband_mul_25s_24s_49_1_1_Multiplier_1_U/p_i_82_n_0
    SLICE_X58Y66         CARRY4 (Prop_carry4_CYINIT_CO[3])
                                                      0.595     4.080 r  mul_25s_24s_49_1_1_U8/fir_multiband_mul_25s_24s_49_1_1_Multiplier_1_U/p_i_69/CO[3]
                         net (fo=1, routed)           0.000     4.080    mul_25s_24s_49_1_1_U8/fir_multiband_mul_25s_24s_49_1_1_Multiplier_1_U/p_i_69_n_0
    SLICE_X58Y67         CARRY4 (Prop_carry4_CI_CO[3])
                                                      0.117     4.197 r  mul_25s_24s_49_1_1_U8/fir_multiband_mul_25s_24s_49_1_1_Multiplier_1_U/p_i_68/CO[3]
                         net (fo=1, routed)           0.000     4.197    mul_25s_24s_49_1_1_U8/fir_multiband_mul_25s_24s_49_1_1_Multiplier_1_U/p_i_68_n_0
    SLICE_X58Y68         CARRY4 (Prop_carry4_CI_CO[3])
                                                      0.117     4.314 r  mul_25s_24s_49_1_1_U8/fir_multiband_mul_25s_24s_49_1_1_Multiplier_1_U/p_i_67/CO[3]
                         net (fo=1, routed)           0.000     4.314    mul_25s_24s_49_1_1_U8/fir_multiband_mul_25s_24s_49_1_1_Multiplier_1_U/p_i_67_n_0
    SLICE_X58Y69         CARRY4 (Prop_carry4_CI_CO[3])
                                                      0.117     4.431 r  mul_25s_24s_49_1_1_U8/fir_multiband_mul_25s_24s_49_1_1_Multiplier_1_U/p_i_65/CO[3]
                         net (fo=1, routed)           0.000     4.431    mul_25s_24s_49_1_1_U8/fir_multiband_mul_25s_24s_49_1_1_Multiplier_1_U/p_i_65_n_0
    SLICE_X58Y70         CARRY4 (Prop_carry4_CI_CO[3])
                                                      0.117     4.548 r  mul_25s_24s_49_1_1_U8/fir_multiband_mul_25s_24s_49_1_1_Multiplier_1_U/icmp_ln1497_reg_15808_reg[0]_i_24/CO[3]
                         net (fo=1, routed)           0.000     4.548    mul_25s_24s_49_1_1_U8/fir_multiband_mul_25s_24s_49_1_1_Multiplier_1_U/icmp_ln1497_reg_15808_reg[0]_i_24_n_0
    SLICE_X58Y71         CARRY4 (Prop_carry4_CI_O[2])
                                                      0.239     4.787 r  mul_25s_24s_49_1_1_U8/fir_multiband_mul_25s_24s_49_1_1_Multiplier_1_U/icmp_ln1497_reg_15808_reg[0]_i_22/O[2]
                         net (fo=70, routed)          0.827     5.613    mul_25s_24s_49_1_1_U8/fir_multiband_mul_25s_24s_49_1_1_Multiplier_1_U/p_Val2_10_fu_8954_p2[22]
    SLICE_X57Y63         LUT6 (Prop_lut6_I4_O)        0.301     5.914 r  mul_25s_24s_49_1_1_U8/fir_multiband_mul_25s_24s_49_1_1_Multiplier_1_U/p_i_59/O
                         net (fo=1, routed)           0.612     6.527    mul_25s_24s_49_1_1_U8/fir_multiband_mul_25s_24s_49_1_1_Multiplier_1_U/p_0_in1_in[1]
    SLICE_X56Y63         CARRY4 (Prop_carry4_DI[1]_CO[3])
                                                      0.507     7.034 r  mul_25s_24s_49_1_1_U8/fir_multiband_mul_25s_24s_49_1_1_Multiplier_1_U/p_i_17/CO[3]
                         net (fo=1, routed)           0.000     7.034    mux_42_24_1_1_U6/p__0_1[0]
    SLICE_X56Y64         CARRY4 (Prop_carry4_CI_CO[3])
                                                      0.114     7.148 r  mux_42_24_1_1_U6/p_i_16/CO[3]
                         net (fo=1, routed)           0.000     7.148    mux_42_24_1_1_U6/p_i_16_n_0
    SLICE_X56Y65         CARRY4 (Prop_carry4_CI_CO[3])
                                                      0.114     7.262 r  mux_42_24_1_1_U6/p_i_15/CO[3]
                         net (fo=1, routed)           0.000     7.262    mux_42_24_1_1_U6/p_i_15_n_0
    SLICE_X56Y66         CARRY4 (Prop_carry4_CI_O[3])
                                                      0.313     7.575 r  mux_42_24_1_1_U6/p_i_14/O[3]
                         net (fo=2, routed)           1.679     9.253    mul_25s_24s_49_1_1_U8/fir_multiband_mul_25s_24s_49_1_1_Multiplier_1_U/A[11]
    DSP48_X3Y30          DSP48E1                                      r  mul_25s_24s_49_1_1_U8/fir_multiband_mul_25s_24s_49_1_1_Multiplier_1_U/p__0/A[15]
  -------------------------------------------------------------------    -------------------

                         (clock ap_clk rise edge)    10.000    10.000 r  
                                                      0.000    10.000 r  ap_clk (IN)
                         net (fo=7587, unset)         0.924    10.924    mul_25s_24s_49_1_1_U8/fir_multiband_mul_25s_24s_49_1_1_Multiplier_1_U/ap_clk
    DSP48_X3Y30          DSP48E1                                      r  mul_25s_24s_49_1_1_U8/fir_multiband_mul_25s_24s_49_1_1_Multiplier_1_U/p__0/CLK
                         clock pessimism              0.000    10.924    
                         clock uncertainty           -0.035    10.889    
    DSP48_X3Y30          DSP48E1 (Setup_dsp48e1_CLK_A[15])
                                                     -0.544    10.345    mul_25s_24s_49_1_1_U8/fir_multiband_mul_25s_24s_49_1_1_Multiplier_1_U/p__0
  -------------------------------------------------------------------
                         required time                         10.345    
                         arrival time                          -9.253    
  -------------------------------------------------------------------
                         slack                                  1.092    

Slack (MET) :             1.096ns  (required time - arrival time)
  Source:                 underflow_1_reg_15782_reg[0]/C
                            (rising edge-triggered cell FDRE clocked by ap_clk  {rise@0.000ns fall@5.000ns period=10.000ns})
  Destination:            mul_25s_24s_49_1_1_U8/fir_multiband_mul_25s_24s_49_1_1_Multiplier_1_U/p__0/A[19]
                            (rising edge-triggered cell DSP48E1 clocked by ap_clk  {rise@0.000ns fall@5.000ns period=10.000ns})
  Path Group:             ap_clk
  Path Type:              Setup (Max at Slow Process Corner)
  Requirement:            10.000ns  (ap_clk rise@10.000ns - ap_clk rise@0.000ns)
  Data Path Delay:        8.276ns  (logic 3.483ns (42.084%)  route 4.793ns (57.916%))
  Logic Levels:           13  (CARRY4=11 LUT3=1 LUT6=1)
  Clock Path Skew:        -0.049ns (DCD - SCD + CPR)
    Destination Clock Delay (DCD):    0.924ns = ( 10.924 - 10.000 ) 
    Source Clock Delay      (SCD):    0.973ns
    Clock Pessimism Removal (CPR):    0.000ns
  Clock Uncertainty:      0.035ns  ((TSJ^2 + TIJ^2)^1/2 + DJ) / 2 + PE
    Total System Jitter     (TSJ):    0.071ns
    Total Input Jitter      (TIJ):    0.000ns
    Discrete Jitter          (DJ):    0.000ns
    Phase Error              (PE):    0.000ns

    Location             Delay type                Incr(ns)  Path(ns)    Netlist Resource(s)
  -------------------------------------------------------------------    -------------------
                         (clock ap_clk rise edge)     0.000     0.000 r  
                                                      0.000     0.000 r  ap_clk (IN)
                         net (fo=7587, unset)         0.973     0.973    ap_clk
    SLICE_X52Y74         FDRE                                         r  underflow_1_reg_15782_reg[0]/C
  -------------------------------------------------------------------    -------------------
    SLICE_X52Y74         FDRE (Prop_fdre_C_Q)         0.419     1.392 r  underflow_1_reg_15782_reg[0]/Q
                         net (fo=81, routed)          1.312     2.704    mul_25s_24s_49_1_1_U8/fir_multiband_mul_25s_24s_49_1_1_Multiplier_1_U/underflow_1_reg_15782
    SLICE_X60Y66         LUT3 (Prop_lut3_I0_O)        0.299     3.003 r  mul_25s_24s_49_1_1_U8/fir_multiband_mul_25s_24s_49_1_1_Multiplier_1_U/p_i_82/O
                         net (fo=1, routed)           0.481     3.485    mul_25s_24s_49_1_1_U8/fir_multiband_mul_25s_24s_49_1_1_Multiplier_1_U/p_i_82_n_0
    SLICE_X58Y66         CARRY4 (Prop_carry4_CYINIT_CO[3])
                                                      0.595     4.080 r  mul_25s_24s_49_1_1_U8/fir_multiband_mul_25s_24s_49_1_1_Multiplier_1_U/p_i_69/CO[3]
                         net (fo=1, routed)           0.000     4.080    mul_25s_24s_49_1_1_U8/fir_multiband_mul_25s_24s_49_1_1_Multiplier_1_U/p_i_69_n_0
    SLICE_X58Y67         CARRY4 (Prop_carry4_CI_CO[3])
                                                      0.117     4.197 r  mul_25s_24s_49_1_1_U8/fir_multiband_mul_25s_24s_49_1_1_Multiplier_1_U/p_i_68/CO[3]
                         net (fo=1, routed)           0.000     4.197    mul_25s_24s_49_1_1_U8/fir_multiband_mul_25s_24s_49_1_1_Multiplier_1_U/p_i_68_n_0
    SLICE_X58Y68         CARRY4 (Prop_carry4_CI_CO[3])
                                                      0.117     4.314 r  mul_25s_24s_49_1_1_U8/fir_multiband_mul_25s_24s_49_1_1_Multiplier_1_U/p_i_67/CO[3]
                         net (fo=1, routed)           0.000     4.314    mul_25s_24s_49_1_1_U8/fir_multiband_mul_25s_24s_49_1_1_Multiplier_1_U/p_i_67_n_0
    SLICE_X58Y69         CARRY4 (Prop_carry4_CI_CO[3])
                                                      0.117     4.431 r  mul_25s_24s_49_1_1_U8/fir_multiband_mul_25s_24s_49_1_1_Multiplier_1_U/p_i_65/CO[3]
                         net (fo=1, routed)           0.000     4.431    mul_25s_24s_49_1_1_U8/fir_multiband_mul_25s_24s_49_1_1_Multiplier_1_U/p_i_65_n_0
    SLICE_X58Y70         CARRY4 (Prop_carry4_CI_CO[3])
                                                      0.117     4.548 r  mul_25s_24s_49_1_1_U8/fir_multiband_mul_25s_24s_49_1_1_Multiplier_1_U/icmp_ln1497_reg_15808_reg[0]_i_24/CO[3]
                         net (fo=1, routed)           0.000     4.548    mul_25s_24s_49_1_1_U8/fir_multiband_mul_25s_24s_49_1_1_Multiplier_1_U/icmp_ln1497_reg_15808_reg[0]_i_24_n_0
    SLICE_X58Y71         CARRY4 (Prop_carry4_CI_O[2])
                                                      0.239     4.787 r  mul_25s_24s_49_1_1_U8/fir_multiband_mul_25s_24s_49_1_1_Multiplier_1_U/icmp_ln1497_reg_15808_reg[0]_i_22/O[2]
                         net (fo=70, routed)          0.827     5.613    mul_25s_24s_49_1_1_U8/fir_multiband_mul_25s_24s_49_1_1_Multiplier_1_U/p_Val2_10_fu_8954_p2[22]
    SLICE_X57Y63         LUT6 (Prop_lut6_I4_O)        0.301     5.914 r  mul_25s_24s_49_1_1_U8/fir_multiband_mul_25s_24s_49_1_1_Multiplier_1_U/p_i_59/O
                         net (fo=1, routed)           0.612     6.527    mul_25s_24s_49_1_1_U8/fir_multiband_mul_25s_24s_49_1_1_Multiplier_1_U/p_0_in1_in[1]
    SLICE_X56Y63         CARRY4 (Prop_carry4_DI[1]_CO[3])
                                                      0.507     7.034 r  mul_25s_24s_49_1_1_U8/fir_multiband_mul_25s_24s_49_1_1_Multiplier_1_U/p_i_17/CO[3]
                         net (fo=1, routed)           0.000     7.034    mux_42_24_1_1_U6/p__0_1[0]
    SLICE_X56Y64         CARRY4 (Prop_carry4_CI_CO[3])
                                                      0.114     7.148 r  mux_42_24_1_1_U6/p_i_16/CO[3]
                         net (fo=1, routed)           0.000     7.148    mux_42_24_1_1_U6/p_i_16_n_0
    SLICE_X56Y65         CARRY4 (Prop_carry4_CI_CO[3])
                                                      0.114     7.262 r  mux_42_24_1_1_U6/p_i_15/CO[3]
                         net (fo=1, routed)           0.000     7.262    mux_42_24_1_1_U6/p_i_15_n_0
    SLICE_X56Y66         CARRY4 (Prop_carry4_CI_CO[3])
                                                      0.114     7.376 r  mux_42_24_1_1_U6/p_i_14/CO[3]
                         net (fo=1, routed)           0.000     7.376    mux_42_24_1_1_U6/p_i_14_n_0
    SLICE_X56Y67         CARRY4 (Prop_carry4_CI_O[3])
                                                      0.313     7.689 r  mux_42_24_1_1_U6/p_i_13/O[3]
                         net (fo=2, routed)           1.561     9.249    mul_25s_24s_49_1_1_U8/fir_multiband_mul_25s_24s_49_1_1_Multiplier_1_U/A[15]
    DSP48_X3Y30          DSP48E1                                      r  mul_25s_24s_49_1_1_U8/fir_multiband_mul_25s_24s_49_1_1_Multiplier_1_U/p__0/A[19]
  -------------------------------------------------------------------    -------------------

                         (clock ap_clk rise edge)    10.000    10.000 r  
                                                      0.000    10.000 r  ap_clk (IN)
                         net (fo=7587, unset)         0.924    10.924    mul_25s_24s_49_1_1_U8/fir_multiband_mul_25s_24s_49_1_1_Multiplier_1_U/ap_clk
    DSP48_X3Y30          DSP48E1                                      r  mul_25s_24s_49_1_1_U8/fir_multiband_mul_25s_24s_49_1_1_Multiplier_1_U/p__0/CLK
                         clock pessimism              0.000    10.924    
                         clock uncertainty           -0.035    10.889    
    DSP48_X3Y30          DSP48E1 (Setup_dsp48e1_CLK_A[19])
                                                     -0.544    10.345    mul_25s_24s_49_1_1_U8/fir_multiband_mul_25s_24s_49_1_1_Multiplier_1_U/p__0
  -------------------------------------------------------------------
                         required time                         10.345    
                         arrival time                          -9.249    
  -------------------------------------------------------------------
                         slack                                  1.096    

Slack (MET) :             1.097ns  (required time - arrival time)
  Source:                 underflow_1_reg_15782_reg[0]/C
                            (rising edge-triggered cell FDRE clocked by ap_clk  {rise@0.000ns fall@5.000ns period=10.000ns})
  Destination:            mul_25s_24s_49_1_1_U8/fir_multiband_mul_25s_24s_49_1_1_Multiplier_1_U/p/A[23]
                            (rising edge-triggered cell DSP48E1 clocked by ap_clk  {rise@0.000ns fall@5.000ns period=10.000ns})
  Path Group:             ap_clk
  Path Type:              Setup (Max at Slow Process Corner)
  Requirement:            10.000ns  (ap_clk rise@10.000ns - ap_clk rise@0.000ns)
  Data Path Delay:        8.275ns  (logic 3.597ns (43.466%)  route 4.678ns (56.534%))
  Logic Levels:           14  (CARRY4=12 LUT3=1 LUT6=1)
  Clock Path Skew:        -0.049ns (DCD - SCD + CPR)
    Destination Clock Delay (DCD):    0.924ns = ( 10.924 - 10.000 ) 
    Source Clock Delay      (SCD):    0.973ns
    Clock Pessimism Removal (CPR):    0.000ns
  Clock Uncertainty:      0.035ns  ((TSJ^2 + TIJ^2)^1/2 + DJ) / 2 + PE
    Total System Jitter     (TSJ):    0.071ns
    Total Input Jitter      (TIJ):    0.000ns
    Discrete Jitter          (DJ):    0.000ns
    Phase Error              (PE):    0.000ns

    Location             Delay type                Incr(ns)  Path(ns)    Netlist Resource(s)
  -------------------------------------------------------------------    -------------------
                         (clock ap_clk rise edge)     0.000     0.000 r  
                                                      0.000     0.000 r  ap_clk (IN)
                         net (fo=7587, unset)         0.973     0.973    ap_clk
    SLICE_X52Y74         FDRE                                         r  underflow_1_reg_15782_reg[0]/C
  -------------------------------------------------------------------    -------------------
    SLICE_X52Y74         FDRE (Prop_fdre_C_Q)         0.419     1.392 r  underflow_1_reg_15782_reg[0]/Q
                         net (fo=81, routed)          1.312     2.704    mul_25s_24s_49_1_1_U8/fir_multiband_mul_25s_24s_49_1_1_Multiplier_1_U/underflow_1_reg_15782
    SLICE_X60Y66         LUT3 (Prop_lut3_I0_O)        0.299     3.003 r  mul_25s_24s_49_1_1_U8/fir_multiband_mul_25s_24s_49_1_1_Multiplier_1_U/p_i_82/O
                         net (fo=1, routed)           0.481     3.485    mul_25s_24s_49_1_1_U8/fir_multiband_mul_25s_24s_49_1_1_Multiplier_1_U/p_i_82_n_0
    SLICE_X58Y66         CARRY4 (Prop_carry4_CYINIT_CO[3])
                                                      0.595     4.080 r  mul_25s_24s_49_1_1_U8/fir_multiband_mul_25s_24s_49_1_1_Multiplier_1_U/p_i_69/CO[3]
                         net (fo=1, routed)           0.000     4.080    mul_25s_24s_49_1_1_U8/fir_multiband_mul_25s_24s_49_1_1_Multiplier_1_U/p_i_69_n_0
    SLICE_X58Y67         CARRY4 (Prop_carry4_CI_CO[3])
                                                      0.117     4.197 r  mul_25s_24s_49_1_1_U8/fir_multiband_mul_25s_24s_49_1_1_Multiplier_1_U/p_i_68/CO[3]
                         net (fo=1, routed)           0.000     4.197    mul_25s_24s_49_1_1_U8/fir_multiband_mul_25s_24s_49_1_1_Multiplier_1_U/p_i_68_n_0
    SLICE_X58Y68         CARRY4 (Prop_carry4_CI_CO[3])
                                                      0.117     4.314 r  mul_25s_24s_49_1_1_U8/fir_multiband_mul_25s_24s_49_1_1_Multiplier_1_U/p_i_67/CO[3]
                         net (fo=1, routed)           0.000     4.314    mul_25s_24s_49_1_1_U8/fir_multiband_mul_25s_24s_49_1_1_Multiplier_1_U/p_i_67_n_0
    SLICE_X58Y69         CARRY4 (Prop_carry4_CI_CO[3])
                                                      0.117     4.431 r  mul_25s_24s_49_1_1_U8/fir_multiband_mul_25s_24s_49_1_1_Multiplier_1_U/p_i_65/CO[3]
                         net (fo=1, routed)           0.000     4.431    mul_25s_24s_49_1_1_U8/fir_multiband_mul_25s_24s_49_1_1_Multiplier_1_U/p_i_65_n_0
    SLICE_X58Y70         CARRY4 (Prop_carry4_CI_CO[3])
                                                      0.117     4.548 r  mul_25s_24s_49_1_1_U8/fir_multiband_mul_25s_24s_49_1_1_Multiplier_1_U/icmp_ln1497_reg_15808_reg[0]_i_24/CO[3]
                         net (fo=1, routed)           0.000     4.548    mul_25s_24s_49_1_1_U8/fir_multiband_mul_25s_24s_49_1_1_Multiplier_1_U/icmp_ln1497_reg_15808_reg[0]_i_24_n_0
    SLICE_X58Y71         CARRY4 (Prop_carry4_CI_O[2])
                                                      0.239     4.787 r  mul_25s_24s_49_1_1_U8/fir_multiband_mul_25s_24s_49_1_1_Multiplier_1_U/icmp_ln1497_reg_15808_reg[0]_i_22/O[2]
                         net (fo=70, routed)          0.827     5.613    mul_25s_24s_49_1_1_U8/fir_multiband_mul_25s_24s_49_1_1_Multiplier_1_U/p_Val2_10_fu_8954_p2[22]
    SLICE_X57Y63         LUT6 (Prop_lut6_I4_O)        0.301     5.914 r  mul_25s_24s_49_1_1_U8/fir_multiband_mul_25s_24s_49_1_1_Multiplier_1_U/p_i_59/O
                         net (fo=1, routed)           0.612     6.527    mul_25s_24s_49_1_1_U8/fir_multiband_mul_25s_24s_49_1_1_Multiplier_1_U/p_0_in1_in[1]
    SLICE_X56Y63         CARRY4 (Prop_carry4_DI[1]_CO[3])
                                                      0.507     7.034 r  mul_25s_24s_49_1_1_U8/fir_multiband_mul_25s_24s_49_1_1_Multiplier_1_U/p_i_17/CO[3]
                         net (fo=1, routed)           0.000     7.034    mux_42_24_1_1_U6/p__0_1[0]
    SLICE_X56Y64         CARRY4 (Prop_carry4_CI_CO[3])
                                                      0.114     7.148 r  mux_42_24_1_1_U6/p_i_16/CO[3]
                         net (fo=1, routed)           0.000     7.148    mux_42_24_1_1_U6/p_i_16_n_0
    SLICE_X56Y65         CARRY4 (Prop_carry4_CI_CO[3])
                                                      0.114     7.262 r  mux_42_24_1_1_U6/p_i_15/CO[3]
                         net (fo=1, routed)           0.000     7.262    mux_42_24_1_1_U6/p_i_15_n_0
    SLICE_X56Y66         CARRY4 (Prop_carry4_CI_CO[3])
                                                      0.114     7.376 r  mux_42_24_1_1_U6/p_i_14/CO[3]
                         net (fo=1, routed)           0.000     7.376    mux_42_24_1_1_U6/p_i_14_n_0
    SLICE_X56Y67         CARRY4 (Prop_carry4_CI_CO[3])
                                                      0.114     7.490 r  mux_42_24_1_1_U6/p_i_13/CO[3]
                         net (fo=1, routed)           0.000     7.490    mux_42_24_1_1_U6/p_i_13_n_0
    SLICE_X56Y68         CARRY4 (Prop_carry4_CI_O[3])
                                                      0.313     7.803 r  mux_42_24_1_1_U6/p_i_12/O[3]
                         net (fo=2, routed)           1.446     9.248    mul_25s_24s_49_1_1_U8/fir_multiband_mul_25s_24s_49_1_1_Multiplier_1_U/A[19]
    DSP48_X3Y29          DSP48E1                                      r  mul_25s_24s_49_1_1_U8/fir_multiband_mul_25s_24s_49_1_1_Multiplier_1_U/p/A[23]
  -------------------------------------------------------------------    -------------------

                         (clock ap_clk rise edge)    10.000    10.000 r  
                                                      0.000    10.000 r  ap_clk (IN)
                         net (fo=7587, unset)         0.924    10.924    mul_25s_24s_49_1_1_U8/fir_multiband_mul_25s_24s_49_1_1_Multiplier_1_U/ap_clk
    DSP48_X3Y29          DSP48E1                                      r  mul_25s_24s_49_1_1_U8/fir_multiband_mul_25s_24s_49_1_1_Multiplier_1_U/p/CLK
                         clock pessimism              0.000    10.924    
                         clock uncertainty           -0.035    10.889    
    DSP48_X3Y29          DSP48E1 (Setup_dsp48e1_CLK_A[23])
                                                     -0.544    10.345    mul_25s_24s_49_1_1_U8/fir_multiband_mul_25s_24s_49_1_1_Multiplier_1_U/p
  -------------------------------------------------------------------
                         required time                         10.345    
                         arrival time                          -9.248    
  -------------------------------------------------------------------
                         slack                                  1.097    

Slack (MET) :             1.102ns  (required time - arrival time)
  Source:                 underflow_1_reg_15782_reg[0]/C
                            (rising edge-triggered cell FDRE clocked by ap_clk  {rise@0.000ns fall@5.000ns period=10.000ns})
  Destination:            mul_25s_24s_49_1_1_U8/fir_multiband_mul_25s_24s_49_1_1_Multiplier_1_U/p__0/A[22]
                            (rising edge-triggered cell DSP48E1 clocked by ap_clk  {rise@0.000ns fall@5.000ns period=10.000ns})
  Path Group:             ap_clk
  Path Type:              Setup (Max at Slow Process Corner)
  Requirement:            10.000ns  (ap_clk rise@10.000ns - ap_clk rise@0.000ns)
  Data Path Delay:        8.274ns  (logic 3.523ns (42.579%)  route 4.751ns (57.421%))
  Logic Levels:           14  (CARRY4=12 LUT3=1 LUT6=1)
  Clock Path Skew:        -0.049ns (DCD - SCD + CPR)
    Destination Clock Delay (DCD):    0.924ns = ( 10.924 - 10.000 ) 
    Source Clock Delay      (SCD):    0.973ns
    Clock Pessimism Removal (CPR):    0.000ns
  Clock Uncertainty:      0.035ns  ((TSJ^2 + TIJ^2)^1/2 + DJ) / 2 + PE
    Total System Jitter     (TSJ):    0.071ns
    Total Input Jitter      (TIJ):    0.000ns
    Discrete Jitter          (DJ):    0.000ns
    Phase Error              (PE):    0.000ns

    Location             Delay type                Incr(ns)  Path(ns)    Netlist Resource(s)
  -------------------------------------------------------------------    -------------------
                         (clock ap_clk rise edge)     0.000     0.000 r  
                                                      0.000     0.000 r  ap_clk (IN)
                         net (fo=7587, unset)         0.973     0.973    ap_clk
    SLICE_X52Y74         FDRE                                         r  underflow_1_reg_15782_reg[0]/C
  -------------------------------------------------------------------    -------------------
    SLICE_X52Y74         FDRE (Prop_fdre_C_Q)         0.419     1.392 r  underflow_1_reg_15782_reg[0]/Q
                         net (fo=81, routed)          1.312     2.704    mul_25s_24s_49_1_1_U8/fir_multiband_mul_25s_24s_49_1_1_Multiplier_1_U/underflow_1_reg_15782
    SLICE_X60Y66         LUT3 (Prop_lut3_I0_O)        0.299     3.003 r  mul_25s_24s_49_1_1_U8/fir_multiband_mul_25s_24s_49_1_1_Multiplier_1_U/p_i_82/O
                         net (fo=1, routed)           0.481     3.485    mul_25s_24s_49_1_1_U8/fir_multiband_mul_25s_24s_49_1_1_Multiplier_1_U/p_i_82_n_0
    SLICE_X58Y66         CARRY4 (Prop_carry4_CYINIT_CO[3])
                                                      0.595     4.080 r  mul_25s_24s_49_1_1_U8/fir_multiband_mul_25s_24s_49_1_1_Multiplier_1_U/p_i_69/CO[3]
                         net (fo=1, routed)           0.000     4.080    mul_25s_24s_49_1_1_U8/fir_multiband_mul_25s_24s_49_1_1_Multiplier_1_U/p_i_69_n_0
    SLICE_X58Y67         CARRY4 (Prop_carry4_CI_CO[3])
                                                      0.117     4.197 r  mul_25s_24s_49_1_1_U8/fir_multiband_mul_25s_24s_49_1_1_Multiplier_1_U/p_i_68/CO[3]
                         net (fo=1, routed)           0.000     4.197    mul_25s_24s_49_1_1_U8/fir_multiband_mul_25s_24s_49_1_1_Multiplier_1_U/p_i_68_n_0
    SLICE_X58Y68         CARRY4 (Prop_carry4_CI_CO[3])
                                                      0.117     4.314 r  mul_25s_24s_49_1_1_U8/fir_multiband_mul_25s_24s_49_1_1_Multiplier_1_U/p_i_67/CO[3]
                         net (fo=1, routed)           0.000     4.314    mul_25s_24s_49_1_1_U8/fir_multiband_mul_25s_24s_49_1_1_Multiplier_1_U/p_i_67_n_0
    SLICE_X58Y69         CARRY4 (Prop_carry4_CI_CO[3])
                                                      0.117     4.431 r  mul_25s_24s_49_1_1_U8/fir_multiband_mul_25s_24s_49_1_1_Multiplier_1_U/p_i_65/CO[3]
                         net (fo=1, routed)           0.000     4.431    mul_25s_24s_49_1_1_U8/fir_multiband_mul_25s_24s_49_1_1_Multiplier_1_U/p_i_65_n_0
    SLICE_X58Y70         CARRY4 (Prop_carry4_CI_CO[3])
                                                      0.117     4.548 r  mul_25s_24s_49_1_1_U8/fir_multiband_mul_25s_24s_49_1_1_Multiplier_1_U/icmp_ln1497_reg_15808_reg[0]_i_24/CO[3]
                         net (fo=1, routed)           0.000     4.548    mul_25s_24s_49_1_1_U8/fir_multiband_mul_25s_24s_49_1_1_Multiplier_1_U/icmp_ln1497_reg_15808_reg[0]_i_24_n_0
    SLICE_X58Y71         CARRY4 (Prop_carry4_CI_O[2])
                                                      0.239     4.787 r  mul_25s_24s_49_1_1_U8/fir_multiband_mul_25s_24s_49_1_1_Multiplier_1_U/icmp_ln1497_reg_15808_reg[0]_i_22/O[2]
                         net (fo=70, routed)          0.827     5.613    mul_25s_24s_49_1_1_U8/fir_multiband_mul_25s_24s_49_1_1_Multiplier_1_U/p_Val2_10_fu_8954_p2[22]
    SLICE_X57Y63         LUT6 (Prop_lut6_I4_O)        0.301     5.914 r  mul_25s_24s_49_1_1_U8/fir_multiband_mul_25s_24s_49_1_1_Multiplier_1_U/p_i_59/O
                         net (fo=1, routed)           0.612     6.527    mul_25s_24s_49_1_1_U8/fir_multiband_mul_25s_24s_49_1_1_Multiplier_1_U/p_0_in1_in[1]
    SLICE_X56Y63         CARRY4 (Prop_carry4_DI[1]_CO[3])
                                                      0.507     7.034 r  mul_25s_24s_49_1_1_U8/fir_multiband_mul_25s_24s_49_1_1_Multiplier_1_U/p_i_17/CO[3]
                         net (fo=1, routed)           0.000     7.034    mux_42_24_1_1_U6/p__0_1[0]
    SLICE_X56Y64         CARRY4 (Prop_carry4_CI_CO[3])
                                                      0.114     7.148 r  mux_42_24_1_1_U6/p_i_16/CO[3]
                         net (fo=1, routed)           0.000     7.148    mux_42_24_1_1_U6/p_i_16_n_0
    SLICE_X56Y65         CARRY4 (Prop_carry4_CI_CO[3])
                                                      0.114     7.262 r  mux_42_24_1_1_U6/p_i_15/CO[3]
                         net (fo=1, routed)           0.000     7.262    mux_42_24_1_1_U6/p_i_15_n_0
    SLICE_X56Y66         CARRY4 (Prop_carry4_CI_CO[3])
                                                      0.114     7.376 r  mux_42_24_1_1_U6/p_i_14/CO[3]
                         net (fo=1, routed)           0.000     7.376    mux_42_24_1_1_U6/p_i_14_n_0
    SLICE_X56Y67         CARRY4 (Prop_carry4_CI_CO[3])
                                                      0.114     7.490 r  mux_42_24_1_1_U6/p_i_13/CO[3]
                         net (fo=1, routed)           0.000     7.490    mux_42_24_1_1_U6/p_i_13_n_0
    SLICE_X56Y68         CARRY4 (Prop_carry4_CI_O[2])
                                                      0.239     7.729 r  mux_42_24_1_1_U6/p_i_12/O[2]
                         net (fo=2, routed)           1.518     9.247    mul_25s_24s_49_1_1_U8/fir_multiband_mul_25s_24s_49_1_1_Multiplier_1_U/A[18]
    DSP48_X3Y30          DSP48E1                                      r  mul_25s_24s_49_1_1_U8/fir_multiband_mul_25s_24s_49_1_1_Multiplier_1_U/p__0/A[22]
  -------------------------------------------------------------------    -------------------

                         (clock ap_clk rise edge)    10.000    10.000 r  
                                                      0.000    10.000 r  ap_clk (IN)
                         net (fo=7587, unset)         0.924    10.924    mul_25s_24s_49_1_1_U8/fir_multiband_mul_25s_24s_49_1_1_Multiplier_1_U/ap_clk
    DSP48_X3Y30          DSP48E1                                      r  mul_25s_24s_49_1_1_U8/fir_multiband_mul_25s_24s_49_1_1_Multiplier_1_U/p__0/CLK
                         clock pessimism              0.000    10.924    
                         clock uncertainty           -0.035    10.889    
    DSP48_X3Y30          DSP48E1 (Setup_dsp48e1_CLK_A[22])
                                                     -0.540    10.349    mul_25s_24s_49_1_1_U8/fir_multiband_mul_25s_24s_49_1_1_Multiplier_1_U/p__0
  -------------------------------------------------------------------
                         required time                         10.349    
                         arrival time                          -9.247    
  -------------------------------------------------------------------
                         slack                                  1.102    

Slack (MET) :             1.106ns  (required time - arrival time)
  Source:                 underflow_1_reg_15782_reg[0]/C
                            (rising edge-triggered cell FDRE clocked by ap_clk  {rise@0.000ns fall@5.000ns period=10.000ns})
  Destination:            mul_25s_24s_49_1_1_U8/fir_multiband_mul_25s_24s_49_1_1_Multiplier_1_U/p/A[27]
                            (rising edge-triggered cell DSP48E1 clocked by ap_clk  {rise@0.000ns fall@5.000ns period=10.000ns})
  Path Group:             ap_clk
  Path Type:              Setup (Max at Slow Process Corner)
  Requirement:            10.000ns  (ap_clk rise@10.000ns - ap_clk rise@0.000ns)
  Data Path Delay:        8.273ns  (logic 3.620ns (43.759%)  route 4.653ns (56.241%))
  Logic Levels:           15  (CARRY4=13 LUT3=1 LUT6=1)
  Clock Path Skew:        -0.049ns (DCD - SCD + CPR)
    Destination Clock Delay (DCD):    0.924ns = ( 10.924 - 10.000 ) 
    Source Clock Delay      (SCD):    0.973ns
    Clock Pessimism Removal (CPR):    0.000ns
  Clock Uncertainty:      0.035ns  ((TSJ^2 + TIJ^2)^1/2 + DJ) / 2 + PE
    Total System Jitter     (TSJ):    0.071ns
    Total Input Jitter      (TIJ):    0.000ns
    Discrete Jitter          (DJ):    0.000ns
    Phase Error              (PE):    0.000ns

    Location             Delay type                Incr(ns)  Path(ns)    Netlist Resource(s)
  -------------------------------------------------------------------    -------------------
                         (clock ap_clk rise edge)     0.000     0.000 r  
                                                      0.000     0.000 r  ap_clk (IN)
                         net (fo=7587, unset)         0.973     0.973    ap_clk
    SLICE_X52Y74         FDRE                                         r  underflow_1_reg_15782_reg[0]/C
  -------------------------------------------------------------------    -------------------
    SLICE_X52Y74         FDRE (Prop_fdre_C_Q)         0.419     1.392 r  underflow_1_reg_15782_reg[0]/Q
                         net (fo=81, routed)          1.312     2.704    mul_25s_24s_49_1_1_U8/fir_multiband_mul_25s_24s_49_1_1_Multiplier_1_U/underflow_1_reg_15782
    SLICE_X60Y66         LUT3 (Prop_lut3_I0_O)        0.299     3.003 r  mul_25s_24s_49_1_1_U8/fir_multiband_mul_25s_24s_49_1_1_Multiplier_1_U/p_i_82/O
                         net (fo=1, routed)           0.481     3.485    mul_25s_24s_49_1_1_U8/fir_multiband_mul_25s_24s_49_1_1_Multiplier_1_U/p_i_82_n_0
    SLICE_X58Y66         CARRY4 (Prop_carry4_CYINIT_CO[3])
                                                      0.595     4.080 r  mul_25s_24s_49_1_1_U8/fir_multiband_mul_25s_24s_49_1_1_Multiplier_1_U/p_i_69/CO[3]
                         net (fo=1, routed)           0.000     4.080    mul_25s_24s_49_1_1_U8/fir_multiband_mul_25s_24s_49_1_1_Multiplier_1_U/p_i_69_n_0
    SLICE_X58Y67         CARRY4 (Prop_carry4_CI_CO[3])
                                                      0.117     4.197 r  mul_25s_24s_49_1_1_U8/fir_multiband_mul_25s_24s_49_1_1_Multiplier_1_U/p_i_68/CO[3]
                         net (fo=1, routed)           0.000     4.197    mul_25s_24s_49_1_1_U8/fir_multiband_mul_25s_24s_49_1_1_Multiplier_1_U/p_i_68_n_0
    SLICE_X58Y68         CARRY4 (Prop_carry4_CI_CO[3])
                                                      0.117     4.314 r  mul_25s_24s_49_1_1_U8/fir_multiband_mul_25s_24s_49_1_1_Multiplier_1_U/p_i_67/CO[3]
                         net (fo=1, routed)           0.000     4.314    mul_25s_24s_49_1_1_U8/fir_multiband_mul_25s_24s_49_1_1_Multiplier_1_U/p_i_67_n_0
    SLICE_X58Y69         CARRY4 (Prop_carry4_CI_CO[3])
                                                      0.117     4.431 r  mul_25s_24s_49_1_1_U8/fir_multiband_mul_25s_24s_49_1_1_Multiplier_1_U/p_i_65/CO[3]
                         net (fo=1, routed)           0.000     4.431    mul_25s_24s_49_1_1_U8/fir_multiband_mul_25s_24s_49_1_1_Multiplier_1_U/p_i_65_n_0
    SLICE_X58Y70         CARRY4 (Prop_carry4_CI_CO[3])
                                                      0.117     4.548 r  mul_25s_24s_49_1_1_U8/fir_multiband_mul_25s_24s_49_1_1_Multiplier_1_U/icmp_ln1497_reg_15808_reg[0]_i_24/CO[3]
                         net (fo=1, routed)           0.000     4.548    mul_25s_24s_49_1_1_U8/fir_multiband_mul_25s_24s_49_1_1_Multiplier_1_U/icmp_ln1497_reg_15808_reg[0]_i_24_n_0
    SLICE_X58Y71         CARRY4 (Prop_carry4_CI_O[2])
                                                      0.239     4.787 r  mul_25s_24s_49_1_1_U8/fir_multiband_mul_25s_24s_49_1_1_Multiplier_1_U/icmp_ln1497_reg_15808_reg[0]_i_22/O[2]
                         net (fo=70, routed)          0.827     5.613    mul_25s_24s_49_1_1_U8/fir_multiband_mul_25s_24s_49_1_1_Multiplier_1_U/p_Val2_10_fu_8954_p2[22]
    SLICE_X57Y63         LUT6 (Prop_lut6_I4_O)        0.301     5.914 r  mul_25s_24s_49_1_1_U8/fir_multiband_mul_25s_24s_49_1_1_Multiplier_1_U/p_i_59/O
                         net (fo=1, routed)           0.612     6.527    mul_25s_24s_49_1_1_U8/fir_multiband_mul_25s_24s_49_1_1_Multiplier_1_U/p_0_in1_in[1]
    SLICE_X56Y63         CARRY4 (Prop_carry4_DI[1]_CO[3])
                                                      0.507     7.034 r  mul_25s_24s_49_1_1_U8/fir_multiband_mul_25s_24s_49_1_1_Multiplier_1_U/p_i_17/CO[3]
                         net (fo=1, routed)           0.000     7.034    mux_42_24_1_1_U6/p__0_1[0]
    SLICE_X56Y64         CARRY4 (Prop_carry4_CI_CO[3])
                                                      0.114     7.148 r  mux_42_24_1_1_U6/p_i_16/CO[3]
                         net (fo=1, routed)           0.000     7.148    mux_42_24_1_1_U6/p_i_16_n_0
    SLICE_X56Y65         CARRY4 (Prop_carry4_CI_CO[3])
                                                      0.114     7.262 r  mux_42_24_1_1_U6/p_i_15/CO[3]
                         net (fo=1, routed)           0.000     7.262    mux_42_24_1_1_U6/p_i_15_n_0
    SLICE_X56Y66         CARRY4 (Prop_carry4_CI_CO[3])
                                                      0.114     7.376 r  mux_42_24_1_1_U6/p_i_14/CO[3]
                         net (fo=1, routed)           0.000     7.376    mux_42_24_1_1_U6/p_i_14_n_0
    SLICE_X56Y67         CARRY4 (Prop_carry4_CI_CO[3])
                                                      0.114     7.490 r  mux_42_24_1_1_U6/p_i_13/CO[3]
                         net (fo=1, routed)           0.000     7.490    mux_42_24_1_1_U6/p_i_13_n_0
    SLICE_X56Y68         CARRY4 (Prop_carry4_CI_CO[3])
                                                      0.114     7.604 r  mux_42_24_1_1_U6/p_i_12/CO[3]
                         net (fo=1, routed)           0.000     7.604    mux_42_24_1_1_U6/p_i_12_n_0
    SLICE_X56Y69         CARRY4 (Prop_carry4_CI_O[0])
                                                      0.222     7.826 r  mux_42_24_1_1_U6/p_i_11/O[0]
                         net (fo=12, routed)          1.420     9.246    mul_25s_24s_49_1_1_U8/fir_multiband_mul_25s_24s_49_1_1_Multiplier_1_U/A[20]
    DSP48_X3Y29          DSP48E1                                      r  mul_25s_24s_49_1_1_U8/fir_multiband_mul_25s_24s_49_1_1_Multiplier_1_U/p/A[27]
  -------------------------------------------------------------------    -------------------

                         (clock ap_clk rise edge)    10.000    10.000 r  
                                                      0.000    10.000 r  ap_clk (IN)
                         net (fo=7587, unset)         0.924    10.924    mul_25s_24s_49_1_1_U8/fir_multiband_mul_25s_24s_49_1_1_Multiplier_1_U/ap_clk
    DSP48_X3Y29          DSP48E1                                      r  mul_25s_24s_49_1_1_U8/fir_multiband_mul_25s_24s_49_1_1_Multiplier_1_U/p/CLK
                         clock pessimism              0.000    10.924    
                         clock uncertainty           -0.035    10.889    
    DSP48_X3Y29          DSP48E1 (Setup_dsp48e1_CLK_A[27])
                                                     -0.537    10.352    mul_25s_24s_49_1_1_U8/fir_multiband_mul_25s_24s_49_1_1_Multiplier_1_U/p
  -------------------------------------------------------------------
                         required time                         10.352    
                         arrival time                          -9.246    
  -------------------------------------------------------------------
                         slack                                  1.106    





Pulse Width Checks
--------------------------------------------------------------------------------------
Clock Name:         ap_clk
Waveform(ns):       { 0.000 5.000 }
Period(ns):         10.000
Sources:            { ap_clk }

Check Type        Corner  Lib Pin             Reference Pin  Required(ns)  Actual(ns)  Slack(ns)  Location      Pin
Min Period        n/a     DSP48E1/CLK         n/a            3.884         10.000      6.116      DSP48_X3Y30   mul_25s_24s_49_1_1_U8/fir_multiband_mul_25s_24s_49_1_1_Multiplier_1_U/p__0/CLK
Min Period        n/a     DSP48E1/CLK         n/a            3.884         10.000      6.116      DSP48_X2Y30   mul_49s_24s_72_5_1_U9/fir_multiband_mul_49s_24s_72_5_1_Multiplier_2_U/buff0_reg/CLK
Min Period        n/a     DSP48E1/CLK         n/a            3.884         10.000      6.116      DSP48_X2Y11   tmp_1_reg_10875_reg/CLK
Min Period        n/a     DSP48E1/CLK         n/a            3.884         10.000      6.116      DSP48_X3Y12   tmp_2_reg_10889_reg/CLK
Min Period        n/a     RAMB18E1/CLKARDCLK  n/a            2.944         10.000      7.056      RAMB18_X2Y30  out_r_m_axi_U/bus_write/buff_wdata/mem_reg/CLKARDCLK
Min Period        n/a     RAMB36E1/CLKARDCLK  n/a            2.944         10.000      7.056      RAMB36_X2Y16  control_s_axi_U/int_drc_ratio/gen_write[1].mem_reg/CLKARDCLK
Min Period        n/a     RAMB36E1/CLKBWRCLK  n/a            2.944         10.000      7.056      RAMB36_X2Y16  control_s_axi_U/int_drc_ratio/gen_write[1].mem_reg/CLKBWRCLK
Min Period        n/a     RAMB36E1/CLKARDCLK  n/a            2.944         10.000      7.056      RAMB36_X0Y8   control_s_axi_U/int_drc_thr/gen_write[1].mem_reg/CLKARDCLK
Min Period        n/a     RAMB36E1/CLKBWRCLK  n/a            2.944         10.000      7.056      RAMB36_X0Y8   control_s_axi_U/int_drc_thr/gen_write[1].mem_reg/CLKBWRCLK
Min Period        n/a     RAMB18E1/CLKARDCLK  n/a            2.944         10.000      7.056      RAMB18_X3Y22  hist_V_0_U/fir_multiband_hist_V_4_ram_U/ram_reg/CLKARDCLK
Low Pulse Width   Fast    SRL16E/CLK          n/a            0.980         5.000       4.020      SLICE_X46Y39  out_r_m_axi_U/bus_write/bus_wide_gen.fifo_burst/mem_reg[4][0]_srl5/CLK
Low Pulse Width   Fast    SRL16E/CLK          n/a            0.980         5.000       4.020      SLICE_X46Y39  out_r_m_axi_U/bus_write/bus_wide_gen.fifo_burst/mem_reg[4][1]_srl5/CLK
Low Pulse Width   Fast    SRL16E/CLK          n/a            0.980         5.000       4.020      SLICE_X46Y39  out_r_m_axi_U/bus_write/bus_wide_gen.fifo_burst/mem_reg[4][2]_srl5/CLK
Low Pulse Width   Fast    SRL16E/CLK          n/a            0.980         5.000       4.020      SLICE_X46Y39  out_r_m_axi_U/bus_write/bus_wide_gen.fifo_burst/mem_reg[4][3]_srl5/CLK
Low Pulse Width   Fast    SRL16E/CLK          n/a            0.980         5.000       4.020      SLICE_X46Y38  out_r_m_axi_U/bus_write/bus_wide_gen.fifo_burst/mem_reg[4][8]_srl5/CLK
Low Pulse Width   Fast    SRL16E/CLK          n/a            0.980         5.000       4.020      SLICE_X50Y41  out_r_m_axi_U/bus_write/fifo_resp/mem_reg[14][0]_srl15/CLK
Low Pulse Width   Fast    SRL16E/CLK          n/a            0.980         5.000       4.020      SLICE_X50Y41  out_r_m_axi_U/bus_write/fifo_resp/mem_reg[14][1]_srl15/CLK
Low Pulse Width   Fast    SRL16E/CLK          n/a            0.980         5.000       4.020      SLICE_X42Y39  out_r_m_axi_U/bus_write/fifo_wreq/mem_reg[4][64]_srl5/CLK
Low Pulse Width   Fast    SRL16E/CLK          n/a            0.980         5.000       4.020      SLICE_X42Y39  out_r_m_axi_U/bus_write/fifo_wreq/mem_reg[4][65]_srl5/CLK
Low Pulse Width   Fast    SRL16E/CLK          n/a            0.980         5.000       4.020      SLICE_X42Y39  out_r_m_axi_U/bus_write/fifo_wreq/mem_reg[4][66]_srl5/CLK
High Pulse Width  Slow    SRL16E/CLK          n/a            0.980         5.000       4.020      SLICE_X46Y39  out_r_m_axi_U/bus_write/bus_wide_gen.fifo_burst/mem_reg[4][0]_srl5/CLK
High Pulse Width  Fast    SRL16E/CLK          n/a            0.980         5.000       4.020      SLICE_X46Y39  out_r_m_axi_U/bus_write/bus_wide_gen.fifo_burst/mem_reg[4][0]_srl5/CLK
High Pulse Width  Slow    SRL16E/CLK          n/a            0.980         5.000       4.020      SLICE_X46Y39  out_r_m_axi_U/bus_write/bus_wide_gen.fifo_burst/mem_reg[4][1]_srl5/CLK
High Pulse Width  Fast    SRL16E/CLK          n/a            0.980         5.000       4.020      SLICE_X46Y39  out_r_m_axi_U/bus_write/bus_wide_gen.fifo_burst/mem_reg[4][1]_srl5/CLK
High Pulse Width  Slow    SRL16E/CLK          n/a            0.980         5.000       4.020      SLICE_X46Y39  out_r_m_axi_U/bus_write/bus_wide_gen.fifo_burst/mem_reg[4][2]_srl5/CLK
High Pulse Width  Fast    SRL16E/CLK          n/a            0.980         5.000       4.020      SLICE_X46Y39  out_r_m_axi_U/bus_write/bus_wide_gen.fifo_burst/mem_reg[4][2]_srl5/CLK
High Pulse Width  Slow    SRL16E/CLK          n/a            0.980         5.000       4.020      SLICE_X46Y39  out_r_m_axi_U/bus_write/bus_wide_gen.fifo_burst/mem_reg[4][3]_srl5/CLK
High Pulse Width  Fast    SRL16E/CLK          n/a            0.980         5.000       4.020      SLICE_X46Y39  out_r_m_axi_U/bus_write/bus_wide_gen.fifo_burst/mem_reg[4][3]_srl5/CLK
High Pulse Width  Slow    SRL16E/CLK          n/a            0.980         5.000       4.020      SLICE_X46Y38  out_r_m_axi_U/bus_write/bus_wide_gen.fifo_burst/mem_reg[4][8]_srl5/CLK
High Pulse Width  Fast    SRL16E/CLK          n/a            0.980         5.000       4.020      SLICE_X46Y38  out_r_m_axi_U/bus_write/bus_wide_gen.fifo_burst/mem_reg[4][8]_srl5/CLK



