Copyright 1986-2020 Xilinx, Inc. All Rights Reserved.
------------------------------------------------------------------------------------------------------------------------------------------------------------------------------------------------
| Tool Version : Vivado v.2020.2 (win64) Build 3064766 Wed Nov 18 09:12:45 MST 2020
| Date         : Thu Oct  1 16:45:30 2026
| Host         : yu running 64-bit major release  (build 9200)
| Command      : report_timing -delay_type max -max_paths 5 -path_type full_clock_expanded -file D:/pynq-multiband-audio-accel/build/hls/reports/v18_axi_shell_impl/timing_impl_worst_paths.rpt
| Design       : fir_multiband
| Device       : 7z020-clg400
| Speed File   : -1  PRODUCTION 1.12 2019-11-22
------------------------------------------------------------------------------------------------------------------------------------------------------------------------------------------------

Timing Report

Slack (MET) :             0.932ns  (required time - arrival time)
  Source:                 underflow_1_reg_15782_reg[0]/C
                            (rising edge-triggered cell FDRE clocked by ap_clk  {rise@0.000ns fall@5.000ns period=10.000ns})
  Destination:            mul_25s_24s_49_1_1_U8/fir_multiband_mul_25s_24s_49_1_1_Multiplier_1_U/p__0/A[23]
                            (rising edge-triggered cell DSP48E1 clocked by ap_clk  {rise@0.000ns fall@5.000ns period=10.000ns})
  Path Group:             ap_clk
  Path Type:              Setup (Max at Slow Process Corner)
  Requirement:            10.000ns  (ap_clk rise@10.000ns - ap_clk rise@0.000ns)
  Data Path Delay:        8.440ns  (logic 3.597ns (42.618%)  route 4.843ns (57.382%))
  Logic Levels:           14  (CARRY4=12 LUT3=1 LUT6=1)
  Clock Path Skew:        -0.049ns (DCD - SCD + CPR)
    Destination Clock Delay (DCD):    0.924ns = ( 10.924 - 10.000 ) 
    Source Clock Delay      (SCD):    0.973ns
    Clock Pessimism Removal (CPR):    0.000ns
  Clock Uncertainty:      0.035ns  ((TSJ^2 + TIJ^2)^1/2 + DJ) / 2 + PE
    Total System Jitter     (TSJ):    0.071ns
    Total Input Jitter      (TIJ):    0.000ns
    Discrete Jitter          (DJ):    0.000ns
    Phase Error              (PE):    0.000ns

    Location             Delay type                Incr(ns)  Path(ns)    Netlist Resource(s)
  -------------------------------------------------------------------    -------------------
                         (clock ap_clk rise edge)     0.000     0.000 r  
                                                      0.000     0.000 r  ap_clk (IN)
                         net (fo=7587, unset)         0.973     0.973    ap_clk
    SLICE_X52Y74         FDRE                                         r  underflow_1_reg_15782_reg[0]/C
  -------------------------------------------------------------------    -------------------
    SLICE_X52Y74         FDRE (Prop_fdre_C_Q)         0.419     1.392 r  underflow_1_reg_15782_reg[0]/Q
                         net (fo=81, routed)          1.312     2.704    mul_25s_24s_49_1_1_U8/fir_multiband_mul_25s_24s_49_1_1_Multiplier_1_U/underflow_1_reg_15782
    SLICE_X60Y66         LUT3 (Prop_lut3_I0_O)        0.299     3.003 r  mul_25s_24s_49_1_1_U8/fir_multiband_mul_25s_24s_49_1_1_Multiplier_1_U/p_i_82/O
                         net (fo=1, routed)           0.481     3.485    mul_25s_24s_49_1_1_U8/fir_multiband_mul_25s_24s_49_1_1_Multiplier_1_U/p_i_82_n_0
    SLICE_X58Y66         CARRY4 (Prop_carry4_CYINIT_CO[3])
                                                      0.595     4.080 r  mul_25s_24s_49_1_1_U8/fir_multiband_mul_25s_24s_49_1_1_Multiplier_1_U/p_i_69/CO[3]
                         net (fo=1, routed)           0.000     4.080    mul_25s_24s_49_1_1_U8/fir_multiband_mul_25s_24s_49_1_1_Multiplier_1_U/p_i_69_n_0
    SLICE_X58Y67         CARRY4 (Prop_carry4_CI_CO[3])
                                                      0.117     4.197 r  mul_25s_24s_49_1_1_U8/fir_multiband_mul_25s_24s_49_1_1_Multiplier_1_U/p_i_68/CO[3]
                         net (fo=1, routed)           0.000     4.197    mul_25s_24s_49_1_1_U8/fir_multiband_mul_25s_24s_49_1_1_Multiplier_1_U/p_i_68_n_0
    SLICE_X58Y68         CARRY4 (Prop_carry4_CI_CO[3])
                                                      0.117     4.314 r  mul_25s_24s_49_1_1_U8/fir_multiband_mul_25s_24s_49_1_1_Multiplier_1_U/p_i_67/CO[3]
                         net (fo=1, routed)           0.000     4.314    mul_25s_24s_49_1_1_U8/fir_multiband_mul_25s_24s_49_1_1_Multiplier_1_U/p_i_67_n_0
    SLICE_X58Y69         CARRY4 (Prop_carry4_CI_CO[3])
                                                      0.117     4.431 r  mul_25s_24s_49_1_1_U8/fir_multiband_mul_25s_24s_49_1_1_Multiplier_1_U/p_i_65/CO[3]
                         net (fo=1, routed)           0.000     4.431    mul_25s_24s_49_1_1_U8/fir_multiband_mul_25s_24s_49_1_1_Multiplier_1_U/p_i_65_n_0
    SLICE_X58Y70         CARRY4 (Prop_carry4_CI_CO[3])
                                                      0.117     4.548 r  mul_25s_24s_49_1_1_U8/fir_multiband_mul_25s_24s_49_1_1_Multiplier_1_U/icmp_ln1497_reg_15808_reg[0]_i_24/CO[3]
                         net (fo=1, routed)           0.000     4.548    mul_25s_24s_49_1_1_U8/fir_multiband_mul_25s_24s_49_1_1_Multiplier_1_U/icmp_ln1497_reg_15808_reg[0]_i_24_n_0
    SLICE_X58Y71         CARRY4 (Prop_carry4_CI_O[2])
                                                      0.239     4.787 r  mul_25s_24s_49_1_1_U8/fir_multiband_mul_25s_24s_49_1_1_Multiplier_1_U/icmp_ln1497_reg_15808_reg[0]_i_22/O[2]
                         net (fo=70, routed)          0.827     5.613    mul_25s_24s_49_1_1_U8/fir_multiband_mul_25s_24s_49_1_1_Multiplier_1_U/p_Val2_10_fu_8954_p2[22]
    SLICE_X57Y63         LUT6 (Prop_lut6_I4_O)        0.301     5.914 r  mul_25s_24s_49_1_1_U8/fir_multiband_mul_25s_24s_49_1_1_Multiplier_1_U/p_i_59/O
                         net (fo=1, routed)           0.612     6.527    mul_25s_24s_49_1_1_U8/fir_multiband_mul_25s_24s_49_1_1_Multiplier_1_U/p_0_in1_in[1]
    SLICE_X56Y63         CARRY4 (Prop_carry4_DI[1]_CO[3])
                                                      0.507     7.034 r  mul_25s_24s_49_1_1_U8/fir_multiband_mul_25s_24s_49_1_1_Multiplier_1_U/p_i_17/CO[3]
                         net (fo=1, routed)           0.000     7.034    mux_42_24_1_1_U6/p__0_1[0]
    SLICE_X56Y64         CARRY4 (Prop_carry4_CI_CO[3])
                                                      0.114     7.148 r  mux_42_24_1_1_U6/p_i_16/CO[3]
                         net (fo=1, routed)           0.000     7.148    mux_42_24_1_1_U6/p_i_16_n_0
    SLICE_X56Y65         CARRY4 (Prop_carry4_CI_CO[3])
                                                      0.114     7.262 r  mux_42_24_1_1_U6/p_i_15/CO[3]
                         net (fo=1, routed)           0.000     7.262    mux_42_24_1_1_U6/p_i_15_n_0
    SLICE_X56Y66         CARRY4 (Prop_carry4_CI_CO[3])
                                                      0.114     7.376 r  mux_42_24_1_1_U6/p_i_14/CO[3]
                         net (fo=1, routed)           0.000     7.376    mux_42_24_1_1_U6/p_i_14_n_0
    SLICE_X56Y67         CARRY4 (Prop_carry4_CI_CO[3])
                                                      0.114     7.490 r  mux_42_24_1_1_U6/p_i_13/CO[3]
                         net (fo=1, routed)           0.000     7.490    mux_42_24_1_1_U6/p_i_13_n_0
    SLICE_X56Y68         CARRY4 (Prop_carry4_CI_O[3])
                                                      0.313     7.803 r  mux_42_24_1_1_U6/p_i_12/O[3]
                         net (fo=2, routed)           1.611     9.413    mul_25s_24s_49_1_1_U8/fir_multiband_mul_25s_24s_49_1_1_Multiplier_1_U/A[19]
    DSP48_X3Y30          DSP48E1                                      r  mul_25s_24s_49_1_1_U8/fir_multiband_mul_25s_24s_49_1_1_Multiplier_1_U/p__0/A[23]
  -------------------------------------------------------------------    -------------------

                         (clock ap_clk rise edge)    10.000    10.000 r  
                                                      0.000    10.000 r  ap_clk (IN)
                         net (fo=7587, unset)         0.924    10.924    mul_25s_24s_49_1_1_U8/fir_multiband_mul_25s_24s_49_1_1_Multiplier_1_U/ap_clk
    DSP48_X3Y30          DSP48E1                                      r  mul_25s_24s_49_1_1_U8/fir_multiband_mul_25s_24s_49_1_1_Multiplier_1_U/p__0/CLK
                         clock pessimism              0.000    10.924    
                         clock uncertainty           -0.035    10.889    
    DSP48_X3Y30          DSP48E1 (Setup_dsp48e1_CLK_A[23])
                                                     -0.544    10.345    mul_25s_24s_49_1_1_U8/fir_multiband_mul_25s_24s_49_1_1_Multiplier_1_U/p__0
  -------------------------------------------------------------------
                         required time                         10.345    
                         arrival time                          -9.413    
  -------------------------------------------------------------------
                         slack                                  0.932    

Slack (MET) :             1.018ns  (required time - arrival time)
  Source:                 underflow_1_reg_15782_reg[0]/C
                            (rising edge-triggered cell FDRE clocked by ap_clk  {rise@0.000ns fall@5.000ns period=10.000ns})
  Destination:            mul_25s_24s_49_1_1_U8/fir_multiband_mul_25s_24s_49_1_1_Multiplier_1_U/p__0/A[18]
                            (rising edge-triggered cell DSP48E1 clocked by ap_clk  {rise@0.000ns fall@5.000ns period=10.000ns})
  Path Group:             ap_clk
  Path Type:              Setup (Max at Slow Process Corner)
  Requirement:            10.000ns  (ap_clk rise@10.000ns - ap_clk rise@0.000ns)
  Data Path Delay:        8.358ns  (logic 3.409ns (40.787%)  route 4.949ns (59.213%))
  Logic Levels:           13  (CARRY4=11 LUT3=1 LUT6=1)
  Clock Path Skew:        -0.049ns (DCD - SCD + CPR)
    Destination Clock Delay (DCD):    0.924ns = ( 10.924 - 10.000 ) 
    Source Clock Delay      (SCD):    0.973ns
    Clock Pessimism Removal (CPR):    0.000ns
  Clock Uncertainty:      0.035ns  ((TSJ^2 + TIJ^2)^1/2 + DJ) / 2 + PE
    Total System Jitter     (TSJ):    0.071ns
    Total Input Jitter      (TIJ):    0.000ns
    Discrete Jitter          (DJ):    0.000ns
    Phase Error              (PE):    0.000ns

    Location             Delay type                Incr(ns)  Path(ns)    Netlist Resource(s)
  -------------------------------------------------------------------    -------------------
                         (clock ap_clk rise edge)     0.000     0.000 r  
                                                      0.000     0.000 r  ap_clk (IN)
                         net (fo=7587, unset)         0.973     0.973    ap_clk
    SLICE_X52Y74         FDRE                                         r  underflow_1_reg_15782_reg[0]/C
  -------------------------------------------------------------------    -------------------
    SLICE_X52Y74         FDRE (Prop_fdre_C_Q)         0.419     1.392 r  underflow_1_reg_15782_reg[0]/Q
                         net (fo=81, routed)          1.312     2.704    mul_25s_24s_49_1_1_U8/fir_multiband_mul_25s_24s_49_1_1_Multiplier_1_U/underflow_1_reg_15782
    SLICE_X60Y66         LUT3 (Prop_lut3_I0_O)        0.299     3.003 r  mul_25s_24s_49_1_1_U8/fir_multiband_mul_25s_24s_49_1_1_Multiplier_1_U/p_i_82/O
                         net (fo=1, routed)           0.481     3.485    mul_25s_24s_49_1_1_U8/fir_multiband_mul_25s_24s_49_1_1_Multiplier_1_U/p_i_82_n_0
    SLICE_X58Y66         CARRY4 (Prop_carry4_CYINIT_CO[3])
                                                      0.595     4.080 r  mul_25s_24s_49_1_1_U8/fir_multiband_mul_25s_24s_49_1_1_Multiplier_1_U/p_i_69/CO[3]
                         net (fo=1, routed)           0.000     4.080    mul_25s_24s_49_1_1_U8/fir_multiband_mul_25s_24s_49_1_1_Multiplier_1_U/p_i_69_n_0
    SLICE_X58Y67         CARRY4 (Prop_carry4_CI_CO[3])
                                                      0.117     4.197 r  mul_25s_24s_49_1_1_U8/fir_multiband_mul_25s_24s_49_1_1_Multiplier_1_U/p_i_68/CO[3]
                         net (fo=1, routed)           0.000     4.197    mul_25s_24s_49_1_1_U8/fir_multiband_mul_25s_24s_49_1_1_Multiplier_1_U/p_i_68_n_0
    SLICE_X58Y68         CARRY4 (Prop_carry4_CI_CO[3])
                                                      0.117     4.314 r  mul_25s_24s_49_1_1_U8/fir_multiband_mul_25s_24s_49_1_1_Multiplier_1_U/p_i_67/CO[3]
                         net (fo=1, routed)           0.000     4.314    mul_25s_24s_49_1_1_U8/fir_multiband_mul_25s_24s_49_1_1_Multiplier_1_U/p_i_67_n_0
    SLICE_X58Y69         CARRY4 (Prop_carry4_CI_CO[3])
                                                      0.117     4.431 r  mul_25s_24s_49_1_1_U8/fir_multiband_mul_25s_24s_49_1_1_Multiplier_1_U/p_i_65/CO[3]
                         net (fo=1, routed)           0.000     4.431    mul_25s_24s_49_1_1_U8/fir_multiband_mul_25s_24s_49_1_1_Multiplier_1_U/p_i_65_n_0
    SLICE_X58Y70         CARRY4 (Prop_carry4_CI_CO[3])
                                                      0.117     4.548 r  mul_25s_24s_49_1_1_U8/fir_multiband_mul_25s_24s_49_1_1_Multiplier_1_U/icmp_ln1497_reg_15808_reg[0]_i_24/CO[3]
                         net (fo=1, routed)           0.000     4.548    mul_25s_24s_49_1_1_U8/fir_multiband_mul_25s_24s_49_1_1_Multiplier_1_U/icmp_ln1497_reg_15808_reg[0]_i_24_n_0
    SLICE_X58Y71         CARRY4 (Prop_carry4_CI_O[2])
                                                      0.239     4.787 r  mul_25s_24s_49_1_1_U8/fir_multiband_mul_25s_24s_49_1_1_Multiplier_1_U/icmp_ln1497_reg_15808_reg[0]_i_22/O[2]
                         net (fo=70, routed)          0.827     5.613    mul_25s_24s_49_1_1_U8/fir_multiband_mul_25s_24s_49_1_1_Multiplier_1_U/p_Val2_10_fu_8954_p2[22]
    SLICE_X57Y63         LUT6 (Prop_lut6_I4_O)        0.301     5.914 r  mul_25s_24s_49_1_1_U8/fir_multiband_mul_25s_24s_49_1_1_Multiplier_1_U/p_i_59/O
                         net (fo=1, routed)           0.612     6.527    mul_25s_24s_49_1_1_U8/fir_multiband_mul_25s_24s_49_1_1_Multiplier_1_U/p_0_in1_in[1]
    SLICE_X56Y63         CARRY4 (Prop_carry4_DI[1]_CO[3])
                                                      0.507     7.034 r  mul_25s_24s_49_1_1_U8/fir_multiband_mul_25s_24s_49_1_1_Multiplier_1_U/p_i_17/CO[3]
                         net (fo=1, routed)           0.000     7.034    mux_42_24_1_1_U6/p__0_1[0]
    SLICE_X56Y64         CARRY4 (Prop_carry4_CI_CO[3])
                                                      0.114     7.148 r  mux_42_24_1_1_U6/p_i_16/CO[3]
                         net (fo=1, routed)           0.000     7.148    mux_42_24_1_1_U6/p_i_16_n_0
    SLICE_X56Y65         CARRY4 (Prop_carry4_CI_CO[3])
                                                      0.114     7.262 r  mux_42_24_1_1_U6/p_i_15/CO[3]
                         net (fo=1, routed)           0.000     7.262    mux_42_24_1_1_U6/p_i_15_n_0
    SLICE_X56Y66         CARRY4 (Prop_carry4_CI_CO[3])
                                                      0.114     7.376 r  mux_42_24_1_1_U6/p_i_14/CO[3]
                         net (fo=1, routed)           0.000     7.376    mux_42_24_1_1_U6/p_i_14_n_0
    SLICE_X56Y67         CARRY4 (Prop_carry4_CI_O[2])
                                                      0.239     7.615 r  mux_42_24_1_1_U6/p_i_13/O[2]
                         net (fo=2, routed)           1.717     9.331    mul_25s_24s_49_1_1_U8/fir_multiband_mul_25s_24s_49_1_1_Multiplier_1_U/A[14]
    DSP48_X3Y30          DSP48E1                                      r  mul_25s_24s_49_1_1_U8/fir_multiband_mul_25s_24s_49_1_1_Multiplier_1_U/p__0/A[18]
  -------------------------------------------------------------------    -------------------

                         (clock ap_clk rise edge)    10.000    10.000 r  
                                                      0.000    10.000 r  ap_clk (IN)
                         net (fo=7587, unset)         0.924    10.924    mul_25s_24s_49_1_1_U8/fir_multiband_mul_25s_24s_49_1_1_Multiplier_1_U/ap_clk
    DSP48_X3Y30          DSP48E1                                      r  mul_25s_24s_49_1_1_U8/fir_multiband_mul_25s_24s_49_1_1_Multiplier_1_U/p__0/CLK
                         clock pessimism              0.000    10.924    
                         clock uncertainty           -0.035    10.889    
    DSP48_X3Y30          DSP48E1 (Setup_dsp48e1_CLK_A[18])
                                                     -0.540    10.349    mul_25s_24s_49_1_1_U8/fir_multiband_mul_25s_24s_49_1_1_Multiplier_1_U/p__0
  -------------------------------------------------------------------
                         required time                         10.349    
                         arrival time                          -9.331    
  -------------------------------------------------------------------
                         slack                                  1.018    

Slack (MET) :             1.025ns  (required time - arrival time)
  Source:                 underflow_1_reg_15782_reg[0]/C
                            (rising edge-triggered cell FDRE clocked by ap_clk  {rise@0.000ns fall@5.000ns period=10.000ns})
  Destination:            mul_25s_24s_49_1_1_U8/fir_multiband_mul_25s_24s_49_1_1_Multiplier_1_U/p__0/A[17]
                            (rising edge-triggered cell DSP48E1 clocked by ap_clk  {rise@0.000ns fall@5.000ns period=10.000ns})
  Path Group:             ap_clk
  Path Type:              Setup (Max at Slow Process Corner)
  Requirement:            10.000ns  (ap_clk rise@10.000ns - ap_clk rise@0.000ns)
  Data Path Delay:        8.350ns  (logic 3.504ns (41.965%)  route 4.846ns (58.035%))
  Logic Levels:           13  (CARRY4=11 LUT3=1 LUT6=1)
  Clock Path Skew:        -0.049ns (DCD - SCD + CPR)
    Destination Clock Delay (DCD):    0.924ns = ( 10.924 - 10.000 ) 
    Source Clock Delay      (SCD):    0.973ns
    Clock Pessimism Removal (CPR):    0.000ns
  Clock Uncertainty:      0.035ns  ((TSJ^2 + TIJ^2)^1/2 + DJ) / 2 + PE
    Total System Jitter     (TSJ):    0.071ns
    Total Input Jitter      (TIJ):    0.000ns
    Discrete Jitter          (DJ):    0.000ns
    Phase Error              (PE):    0.000ns

    Location             Delay type                Incr(ns)  Path(ns)    Netlist Resource(s)
  -------------------------------------------------------------------    -------------------
                         (clock ap_clk rise edge)     0.000     0.000 r  
                                                      0.000     0.000 r  ap_clk (IN)
                         net (fo=7587, unset)         0.973     0.973    ap_clk
    SLICE_X52Y74         FDRE                                         r  underflow_1_reg_15782_reg[0]/C
  -------------------------------------------------------------------    -------------------
    SLICE_X52Y74         FDRE (Prop_fdre_C_Q)         0.419     1.392 r  underflow_1_reg_15782_reg[0]/Q
                         net (fo=81, routed)          1.312     2.704    mul_25s_24s_49_1_1_U8/fir_multiband_mul_25s_24s_49_1_1_Multiplier_1_U/underflow_1_reg_15782
    SLICE_X60Y66         LUT3 (Prop_lut3_I0_O)        0.299     3.003 r  mul_25s_24s_49_1_1_U8/fir_multiband_mul_25s_24s_49_1_1_Multiplier_1_U/p_i_82/O
                         net (fo=1, routed)           0.481     3.485    mul_25s_24s_49_1_1_U8/fir_multiband_mul_25s_24s_49_1_1_Multiplier_1_U/p_i_82_n_0
    SLICE_X58Y66         CARRY4 (Prop_carry4_CYINIT_CO[3])
                                                      0.595     4.080 r  mul_25s_24s_49_1_1_U8/fir_multiband_mul_25s_24s_49_1_1_Multiplier_1_U/p_i_69/CO[3]
                         net (fo=1, routed)           0.000     4.080    mul_25s_24s_49_1_1_U8/fir_multiband_mul_25s_24s_49_1_1_Multiplier_1_U/p_i_69_n_0
    SLICE_X58Y67         CARRY4 (Prop_carry4_CI_CO[3])
                                                      0.117     4.197 r  mul_25s_24s_49_1_1_U8/fir_multiband_mul_25s_24s_49_1_1_Multiplier_1_U/p_i_68/CO[3]
                         net (fo=1, routed)           0.000     4.197    mul_25s_24s_49_1_1_U8/fir_multiband_mul_25s_24s_49_1_1_Multiplier_1_U/p_i_68_n_0
    SLICE_X58Y68         CARRY4 (Prop_carry4_CI_CO[3])
                                                      0.117     4.314 r  mul_25s_24s_49_1_1_U8/fir_multiband_mul_25s_24s_49_1_1_Multiplier_1_U/p_i_67/CO[3]
                         net (fo=1, routed)           0.000     4.314    mul_25s_24s_49_1_1_U8/fir_multiband_mul_25s_24s_49_1_1_Multiplier_1_U/p_i_67_n_0
    SLICE_X58Y69         CARRY4 (Prop_carry4_CI_CO[3])
                                                      0.117     4.431 r  mul_25s_24s_49_1_1_U8/fir_multiband_mul_25s_24s_49_1_1_Multiplier_1_U/p_i_65/CO[3]
                         net (fo=1, routed)           0.000     4.431    mul_25s_24s_49_1_1_U8/fir_multiband_mul_25s_24s_49_1_1_Multiplier_1_U/p_i_65_n_0
    SLICE_X58Y70         CARRY4 (Prop_carry4_CI_CO[3])
                                                      0.117     4.548 r  mul_25s_24s_49_1_1_U8/fir_multiband_mul_25s_24s_49_1_1_Multiplier_1_U/icmp_ln1497_reg_15808_reg[0]_i_24/CO[3]
                         net (fo=1, routed)           0.000     4.548    mul_25s_24s_49_1_1_U8/fir_multiband_mul_25s_24s_49_1_1_Multiplier_1_U/icmp_ln1497_reg_15808_reg[0]_i_24_n_0
    SLICE_X58Y71         CARRY4 (Prop_carry4_CI_O[2])
                                                      0.239     4.787 r  mul_25s_24s_49_1_1_U8/fir_multiband_mul_25s_24s_49_1_1_Multiplier_1_U/icmp_ln1497_reg_15808_reg[0]_i_22/O[2]
                         net (fo=70, routed)          0.827     5.613    mul_25s_24s_49_1_1_U8/fir_multiband_mul_25s_24s_49_1_1_Multiplier_1_U/p_Val2_10_fu_8954_p2[22]
    SLICE_X57Y63         LUT6 (Prop_lut6_I4_O)        0.301     5.914 r  mul_25s_24s_49_1_1_U8/fir_multiband_mul_25s_24s_49_1_1_Multiplier_1_U/p_i_59/O
                         net (fo=1, routed)           0.612     6.527    mul_25s_24s_49_1_1_U8/fir_multiband_mul_25s_24s_49_1_1_Multiplier_1_U/p_0_in1_in[1]
    SLICE_X56Y63         CARRY4 (Prop_carry4_DI[1]_CO[3])
                                                      0.507     7.034 r  mul_25s_24s_49_1_1_U8/fir_multiband_mul_25s_24s_49_1_1_Multiplier_1_U/p_i_17/CO[3]
                         net (fo=1, routed)           0.000     7.034    mux_42_24_1_1_U6/p__0_1[0]
    SLICE_X56Y64         CARRY4 (Prop_carry4_CI_CO[3])
                                                      0.114     7.148 r  mux_42_24_1_1_U6/p_i_16/CO[3]
                         net (fo=1, routed)           0.000     7.148    mux_42_24_1_1_U6/p_i_16_n_0
    SLICE_X56Y65         CARRY4 (Prop_carry4_CI_CO[3])
                                                      0.114     7.262 r  mux_42_24_1_1_U6/p_i_15/CO[3]
                         net (fo=1, routed)           0.000     7.262    mux_42_24_1_1_U6/p_i_15_n_0
    SLICE_X56Y66         CARRY4 (Prop_carry4_CI_CO[3])
                                                      0.114     7.376 r  mux_42_24_1_1_U6/p_i_14/CO[3]
                         net (fo=1, routed)           0.000     7.376    mux_42_24_1_1_U6/p_i_14_n_0
    SLICE_X56Y67         CARRY4 (Prop_carry4_CI_O[1])
                                                      0.334     7.710 r  mux_42_24_1_1_U6/p_i_13/O[1]
                         net (fo=2, routed)           1.613     9.323    mul_25s_24s_49_1_1_U8/fir_multiband_mul_25s_24s_49_1_1_Multiplier_1_U/A[13]
    DSP48_X3Y30          DSP48E1                                      r  mul_25s_24s_49_1_1_U8/fir_multiband_mul_25s_24s_49_1_1_Multiplier_1_U/p__0/A[17]
  -------------------------------------------------------------------    -------------------

                         (clock ap_clk rise edge)    10.000    10.000 r  
                                                      0.000    10.000 r  ap_clk (IN)
                         net (fo=7587, unset)         0.924    10.924    mul_25s_24s_49_1_1_U8/fir_multiband_mul_25s_24s_49_1_1_Multiplier_1_U/ap_clk
    DSP48_X3Y30          DSP48E1                                      r  mul_25s_24s_49_1_1_U8/fir_multiband_mul_25s_24s_49_1_1_Multiplier_1_U/p__0/CLK
                         clock pessimism              0.000    10.924    
                         clock uncertainty           -0.035    10.889    
    DSP48_X3Y30          DSP48E1 (Setup_dsp48e1_CLK_A[17])
                                                     -0.541    10.348    mul_25s_24s_49_1_1_U8/fir_multiband_mul_25s_24s_49_1_1_Multiplier_1_U/p__0
  -------------------------------------------------------------------
                         required time                         10.348    
                         arrival time                          -9.323    
  -------------------------------------------------------------------
                         slack                                  1.025    

Slack (MET) :             1.061ns  (required time - arrival time)
  Source:                 underflow_1_reg_15782_reg[0]/C
                            (rising edge-triggered cell FDRE clocked by ap_clk  {rise@0.000ns fall@5.000ns period=10.000ns})
  Destination:            mul_25s_24s_49_1_1_U8/fir_multiband_mul_25s_24s_49_1_1_Multiplier_1_U/p/A[19]
                            (rising edge-triggered cell DSP48E1 clocked by ap_clk  {rise@0.000ns fall@5.000ns period=10.000ns})
  Path Group:             ap_clk
  Path Type:              Setup (Max at Slow Process Corner)
  Requirement:            10.000ns  (ap_clk rise@10.000ns - ap_clk rise@0.000ns)
  Data Path Delay:        8.311ns  (logic 3.483ns (41.910%)  route 4.828ns (58.090%))
  Logic Levels:           13  (CARRY4=11 LUT3=1 LUT6=1)
  Clock Path Skew:        -0.049ns (DCD - SCD + CPR)
    Destination Clock Delay (DCD):    0.924ns = ( 10.924 - 10.000 ) 
    Source Clock Delay      (SCD):    0.973ns
    Clock Pessimism Removal (CPR):    0.000ns
  Clock Uncertainty:      0.035ns  ((TSJ^2 + TIJ^2)^1/2 + DJ) / 2 + PE
    Total System Jitter     (TSJ):    0.071ns
    Total Input Jitter      (TIJ):    0.000ns
    Discrete Jitter          (DJ):    0.000ns
    Phase Error              (PE):    0.000ns

    Location             Delay type                Incr(ns)  Path(ns)    Netlist Resource(s)
  -------------------------------------------------------------------    -------------------
                         (clock ap_clk rise edge)     0.000     0.000 r  
                                                      0.000     0.000 r  ap_clk (IN)
                         net (fo=7587, unset)         0.973     0.973    ap_clk
    SLICE_X52Y74         FDRE                                         r  underflow_1_reg_15782_reg[0]/C
  -------------------------------------------------------------------    -------------------
    SLICE_X52Y74         FDRE (Prop_fdre_C_Q)         0.419     1.392 r  underflow_1_reg_15782_reg[0]/Q
                         net (fo=81, routed)          1.312     2.704    mul_25s_24s_49_1_1_U8/fir_multiband_mul_25s_24s_49_1_1_Multiplier_1_U/underflow_1_reg_15782
    SLICE_X60Y66         LUT3 (Prop_lut3_I0_O)        0.299     3.003 r  mul_25s_24s_49_1_1_U8/fir_multiband_mul_25s_24s_49_1_1_Multiplier_1_U/p_i_82/O
                         net (fo=1, routed)           0.481     3.485    mul_25s_24s_49_1_1_U8/fir_multiband_mul_25s_24s_49_1_1_Multiplier_1_U/p_i_82_n_0
    SLICE_X58Y66         CARRY4 (Prop_carry4_CYINIT_CO[3])
                                                      0.595     4.080 r  mul_25s_24s_49_1_1_U8/fir_multiband_mul_25s_24s_49_1_1_Multiplier_1_U/p_i_69/CO[3]
                         net (fo=1, routed)           0.000     4.080    mul_25s_24s_49_1_1_U8/fir_multiband_mul_25s_24s_49_1_1_Multiplier_1_U/p_i_69_n_0
    SLICE_X58Y67         CARRY4 (Prop_carry4_CI_CO[3])
                                                      0.117     4.197 r  mul_25s_24s_49_1_1_U8/fir_multiband_mul_25s_24s_49_1_1_Multiplier_1_U/p_i_68/CO[3]
                         net (fo=1, routed)           0.000     4.197    mul_25s_24s_49_1_1_U8/fir_multiband_mul_25s_24s_49_1_1_Multiplier_1_U/p_i_68_n_0
    SLICE_X58Y68         CARRY4 (Prop_carry4_CI_CO[3])
                                                      0.117     4.314 r  mul_25s_24s_49_1_1_U8/fir_multiband_mul_25s_24s_49_1_1_Multiplier_1_U/p_i_67/CO[3]
                         net (fo=1, routed)           0.000     4.314    mul_25s_24s_49_1_1_U8/fir_multiband_mul_25s_24s_49_1_1_Multiplier_1_U/p_i_67_n_0
    SLICE_X58Y69         CARRY4 (Prop_carry4_CI_CO[3])
                                                      0.117     4.431 r  mul_25s_24s_49_1_1_U8/fir_multiband_mul_25s_24s_49_1_1_Multiplier_1_U/p_i_65/CO[3]
                         net (fo=1, routed)           0.000     4.431    mul_25s_24s_49_1_1_U8/fir_multiband_mul_25s_24s_49_1_1_Multiplier_1_U/p_i_65_n_0
    SLICE_X58Y70         CARRY4 (Prop_carry4_CI_CO[3])
                                                      0.117     4.548 r  mul_25s_24s_49_1_1_U8/fir_multiband_mul_25s_24s_49_1_1_Multiplier_1_U/icmp_ln1497_reg_15808_reg[0]_i_24/CO[3]
                         net (fo=1, routed)           0.000     4.548    mul_25s_24s_49_1_1_U8/fir_multiband_mul_25s_24s_49_1_1_Multiplier_1_U/icmp_ln1497_reg_15808_reg[0]_i_24_n_0
    SLICE_X58Y71         CARRY4 (Prop_carry4_CI_O[2])
                                                      0.239     4.787 r  mul_25s_24s_49_1_1_U8/fir_multiband_mul_25s_24s_49_1_1_Multiplier_1_U/icmp_ln1497_reg_15808_reg[0]_i_22/O[2]
                         net (fo=70, routed)          0.827     5.613    mul_25s_24s_49_1_1_U8/fir_multiband_mul_25s_24s_49_1_1_Multiplier_1_U/p_Val2_10_fu_8954_p2[22]
    SLICE_X57Y63         LUT6 (Prop_lut6_I4_O)        0.301     5.914 r  mul_25s_24s_49_1_1_U8/fir_multiband_mul_25s_24s_49_1_1_Multiplier_1_U/p_i_59/O
                         net (fo=1, routed)           0.612     6.527    mul_25s_24s_49_1_1_U8/fir_multiband_mul_25s_24s_49_1_1_Multiplier_1_U/p_0_in1_in[1]
    SLICE_X56Y63         CARRY4 (Prop_carry4_DI[1]_CO[3])
                                                      0.507     7.034 r  mul_25s_24s_49_1_1_U8/fir_multiband_mul_25s_24s_49_1_1_Multiplier_1_U/p_i_17/CO[3]
                         net (fo=1, routed)           0.000     7.034    mux_42_24_1_1_U6/p__0_1[0]
    SLICE_X56Y64         CARRY4 (Prop_carry4_CI_CO[3])
                                                      0.114     7.148 r  mux_42_24_1_1_U6/p_i_16/CO[3]
                         net (fo=1, routed)           0.000     7.148    mux_42_24_1_1_U6/p_i_16_n_0
    SLICE_X56Y65         CARRY4 (Prop_carry4_CI_CO[3])
                                                      0.114     7.262 r  mux_42_24_1_1_U6/p_i_15/CO[3]
                         net (fo=1, routed)           0.000     7.262    mux_42_24_1_1_U6/p_i_15_n_0
    SLICE_X56Y66         CARRY4 (Prop_carry4_CI_CO[3])
                                                      0.114     7.376 r  mux_42_24_1_1_U6/p_i_14/CO[3]
                         net (fo=1, routed)           0.000     7.376    mux_42_24_1_1_U6/p_i_14_n_0
    SLICE_X56Y67         CARRY4 (Prop_carry4_CI_O[3])
                                                      0.313     7.689 r  mux_42_24_1_1_U6/p_i_13/O[3]
                         net (fo=2, routed)           1.595     9.284    mul_25s_24s_49_1_1_U8/fir_multiband_mul_25s_24s_49_1_1_Multiplier_1_U/A[15]
    DSP48_X3Y29          DSP48E1                                      r  mul_25s_24s_49_1_1_U8/fir_multiband_mul_25s_24s_49_1_1_Multiplier_1_U/p/A[19]
  -------------------------------------------------------------------    -------------------

                         (clock ap_clk rise edge)    10.000    10.000 r  
                                                      0.000    10.000 r  ap_clk (IN)
                         net (fo=7587, unset)         0.924    10.924    mul_25s_24s_49_1_1_U8/fir_multiband_mul_25s_24s_49_1_1_Multiplier_1_U/ap_clk
    DSP48_X3Y29          DSP48E1                                      r  mul_25s_24s_49_1_1_U8/fir_multiband_mul_25s_24s_49_1_1_Multiplier_1_U/p/CLK
                         clock pessimism              0.000    10.924    
                         clock uncertainty           -0.035    10.889    
    DSP48_X3Y29          DSP48E1 (Setup_dsp48e1_CLK_A[19])
                                                     -0.544    10.345    mul_25s_24s_49_1_1_U8/fir_multiband_mul_25s_24s_49_1_1_Multiplier_1_U/p
  -------------------------------------------------------------------
                         required time                         10.345    
                         arrival time                          -9.284    
  -------------------------------------------------------------------
                         slack                                  1.061    

Slack (MET) :             1.078ns  (required time - arrival time)
  Source:                 underflow_1_reg_15782_reg[0]/C
                            (rising edge-triggered cell FDRE clocked by ap_clk  {rise@0.000ns fall@5.000ns period=10.000ns})
  Destination:            mul_25s_24s_49_1_1_U8/fir_multiband_mul_25s_24s_49_1_1_Multiplier_1_U/p/A[22]
                            (rising edge-triggered cell DSP48E1 clocked by ap_clk  {rise@0.000ns fall@5.000ns period=10.000ns})
  Path Group:             ap_clk
  Path Type:              Setup (Max at Slow Process Corner)
  Requirement:            10.000ns  (ap_clk rise@10.000ns - ap_clk rise@0.000ns)
  Data Path Delay:        8.298ns  (logic 3.523ns (42.458%)  route 4.775ns (57.542%))
  Logic Levels:           14  (CARRY4=12 LUT3=1 LUT6=1)
  Clock Path Skew:        -0.049ns (DCD - SCD + CPR)
    Destination Clock Delay (DCD):    0.924ns = ( 10.924 - 10.000 ) 
    Source Clock Delay      (SCD):    0.973ns
    Clock Pessimism Removal (CPR):    0.000ns
  Clock Uncertainty:      0.035ns  ((TSJ^2 + TIJ^2)^1/2 + DJ) / 2 + PE
    Total System Jitter     (TSJ):    0.071ns
    Total Input Jitter      (TIJ):    0.000ns
    Discrete Jitter          (DJ):    0.000ns
    Phase Error              (PE):    0.000ns

    Location             Delay type                Incr(ns)  Path(ns)    Netlist Resource(s)
  -------------------------------------------------------------------    -------------------
                         (clock ap_clk rise edge)     0.000     0.000 r  
                                                      0.000     0.000 r  ap_clk (IN)
                         net (fo=7587, unset)         0.973     0.973    ap_clk
    SLICE_X52Y74         FDRE                                         r  underflow_1_reg_15782_reg[0]/C
  -------------------------------------------------------------------    -------------------
    SLICE_X52Y74         FDRE (Prop_fdre_C_Q)         0.419     1.392 r  underflow_1_reg_15782_reg[0]/Q
                         net (fo=81, routed)          1.312     2.704    mul_25s_24s_49_1_1_U8/fir_multiband_mul_25s_24s_49_1_1_Multiplier_1_U/underflow_1_reg_15782
    SLICE_X60Y66         LUT3 (Prop_lut3_I0_O)        0.299     3.003 r  mul_25s_24s_49_1_1_U8/fir_multiband_mul_25s_24s_49_1_1_Multiplier_1_U/p_i_82/O
                         net (fo=1, routed)           0.481     3.485    mul_25s_24s_49_1_1_U8/fir_multiband_mul_25s_24s_49_1_1_Multiplier_1_U/p_i_82_n_0
    SLICE_X58Y66         CARRY4 (Prop_carry4_CYINIT_CO[3])
                                                      0.595     4.080 r  mul_25s_24s_49_1_1_U8/fir_multiband_mul_25s_24s_49_1_1_Multiplier_1_U/p_i_69/CO[3]
                         net (fo=1, routed)           0.000     4.080    mul_25s_24s_49_1_1_U8/fir_multiband_mul_25s_24s_49_1_1_Multiplier_1_U/p_i_69_n_0
    SLICE_X58Y67         CARRY4 (Prop_carry4_CI_CO[3])
                                                      0.117     4.197 r  mul_25s_24s_49_1_1_U8/fir_multiband_mul_25s_24s_49_1_1_Multiplier_1_U/p_i_68/CO[3]
                         net (fo=1, routed)           0.000     4.197    mul_25s_24s_49_1_1_U8/fir_multiband_mul_25s_24s_49_1_1_Multiplier_1_U/p_i_68_n_0
    SLICE_X58Y68         CARRY4 (Prop_carry4_CI_CO[3])
                                                      0.117     4.314 r  mul_25s_24s_49_1_1_U8/fir_multiband_mul_25s_24s_49_1_1_Multiplier_1_U/p_i_67/CO[3]
                         net (fo=1, routed)           0.000     4.314    mul_25s_24s_49_1_1_U8/fir_multiband_mul_25s_24s_49_1_1_Multiplier_1_U/p_i_67_n_0
    SLICE_X58Y69         CARRY4 (Prop_carry4_CI_CO[3])
                                                      0.117     4.431 r  mul_25s_24s_49_1_1_U8/fir_multiband_mul_25s_24s_49_1_1_Multiplier_1_U/p_i_65/CO[3]
                         net (fo=1, routed)           0.000     4.431    mul_25s_24s_49_1_1_U8/fir_multiband_mul_25s_24s_49_1_1_Multiplier_1_U/p_i_65_n_0
    SLICE_X58Y70         CARRY4 (Prop_carry4_CI_CO[3])
                                                      0.117     4.548 r  mul_25s_24s_49_1_1_U8/fir_multiband_mul_25s_24s_49_1_1_Multiplier_1_U/icmp_ln1497_reg_15808_reg[0]_i_24/CO[3]
                         net (fo=1, routed)           0.000     4.548    mul_25s_24s_49_1_1_U8/fir_multiband_mul_25s_24s_49_1_1_Multiplier_1_U/icmp_ln1497_reg_15808_reg[0]_i_24_n_0
    SLICE_X58Y71         CARRY4 (Prop_carry4_CI_O[2])
                                                      0.239     4.787 r  mul_25s_24s_49_1_1_U8/fir_multiband_mul_25s_24s_49_1_1_Multiplier_1_U/icmp_ln1497_reg_15808_reg[0]_i_22/O[2]
                         net (fo=70, routed)          0.827     5.613    mul_25s_24s_49_1_1_U8/fir_multiband_mul_25s_24s_49_1_1_Multiplier_1_U/p_Val2_10_fu_8954_p2[22]
    SLICE_X57Y63         LUT6 (Prop_lut6_I4_O)        0.301     5.914 r  mul_25s_24s_49_1_1_U8/fir_multiband_mul_25s_24s_49_1_1_Multiplier_1_U/p_i_59/O
                         net (fo=1, routed)           0.612     6.527    mul_25s_24s_49_1_1_U8/fir_multiband_mul_25s_24s_49_1_1_Multiplier_1_U/p_0_in1_in[1]
    SLICE_X56Y63         CARRY4 (Prop_carry4_DI[1]_CO[3])
                                                      0.507     7.034 r  mul_25s_24s_49_1_1_U8/fir_multiband_mul_25s_24s_49_1_1_Multiplier_1_U/p_i_17/CO[3]
                         net (fo=1, routed)           0.000     7.034    mux_42_24_1_1_U6/p__0_1[0]
    SLICE_X56Y64         CARRY4 (Prop_carry4_CI_CO[3])
                                                      0.114     7.148 r  mux_42_24_1_1_U6/p_i_16/CO[3]
                         net (fo=1, routed)           0.000     7.148    mux_42_24_1_1_U6/p_i_16_n_0
    SLICE_X56Y65         CARRY4 (Prop_carry4_CI_CO[3])
                                                      0.114     7.262 r  mux_42_24_1_1_U6/p_i_15/CO[3]
                         net (fo=1, routed)           0.000     7.262    mux_42_24_1_1_U6/p_i_15_n_0
    SLICE_X56Y66         CARRY4 (Prop_carry4_CI_CO[3])
                                                      0.114     7.376 r  mux_42_24_1_1_U6/p_i_14/CO[3]
                         net (fo=1, routed)           0.000     7.376    mux_42_24_1_1_U6/p_i_14_n_0
    SLICE_X56Y67         CARRY4 (Prop_carry4_CI_CO[3])
                                                      0.114     7.490 r  mux_42_24_1_1_U6/p_i_13/CO[3]
                         net (fo=1, routed)           0.000     7.490    mux_42_24_1_1_U6/p_i_13_n_0
    SLICE_X56Y68         CARRY4 (Prop_carry4_CI_O[2])
                                                      0.239     7.729 r  mux_42_24_1_1_U6/p_i_12/O[2]
                         net (fo=2, routed)           1.542     9.271    mul_25s_24s_49_1_1_U8/fir_multiband_mul_25s_24s_49_1_1_Multiplier_1_U/A[18]
    DSP48_X3Y29          DSP48E1                                      r  mul_25s_24s_49_1_1_U8/fir_multiband_mul_25s_24s_49_1_1_Multiplier_1_U/p/A[22]
  -------------------------------------------------------------------    -------------------

                         (clock ap_clk rise edge)    10.000    10.000 r  
                                                      0.000    10.000 r  ap_clk (IN)
                         net (fo=7587, unset)         0.924    10.924    mul_25s_24s_49_1_1_U8/fir_multiband_mul_25s_24s_49_1_1_Multiplier_1_U/ap_clk
    DSP48_X3Y29          DSP48E1                                      r  mul_25s_24s_49_1_1_U8/fir_multiband_mul_25s_24s_49_1_1_Multiplier_1_U/p/CLK
                         clock pessimism              0.000    10.924    
                         clock uncertainty           -0.035    10.889    
    DSP48_X3Y29          DSP48E1 (Setup_dsp48e1_CLK_A[22])
                                                     -0.540    10.349    mul_25s_24s_49_1_1_U8/fir_multiband_mul_25s_24s_49_1_1_Multiplier_1_U/p
  -------------------------------------------------------------------
                         required time                         10.349    
                         arrival time                          -9.271    
  -------------------------------------------------------------------
                         slack                                  1.078    




