Copyright 1986-2020 Xilinx, Inc. All Rights Reserved.
------------------------------------------------------------------------------------------------------------------------------------------------------
| Tool Version : Vivado v.2020.2 (win64) Build 3064766 Wed Nov 18 09:12:45 MST 2020
| Date         : Thu Oct  1 16:44:12 2026
| Host         : yu running 64-bit major release  (build 9200)
| Command      : report_utilization -hierarchical -file D:/pynq-multiband-audio-accel/build/hls/reports/v18_axi_shell_impl/utilization_synth_hier.rpt
| Design       : fir_multiband
| Device       : 7z020clg400-1
| Design State : Synthesized
------------------------------------------------------------------------------------------------------------------------------------------------------

Utilization Design Information

Table of Contents
-----------------
1. Utilization by Hierarchy

1. Utilization by Hierarchy
---------------------------

+-----------------------------------------------------------+---------------------------------------------------------+------------+------------+---------+------+------+--------+--------+------------+
|                          Instance                         |                          Module                         | Total LUTs | Logic LUTs | LUTRAMs | SRLs |  FFs | RAMB36 | RAMB18 | DSP Blocks |
+-----------------------------------------------------------+---------------------------------------------------------+------------+------------+---------+------+------+--------+--------+------------+
| fir_multiband                                             |                                                   (top) |       5212 |       5049 |       0 |  163 | 7003 |      2 |    105 |        202 |
|   (fir_multiband)                                         |                                                   (top) |       1419 |       1340 |       0 |   79 | 5730 |      0 |      0 |          2 |
|   FIR_LP_V_U                                              |                                  fir_multiband_FIR_LP_V |       1146 |       1146 |       0 |    0 |    0 |      0 |     98 |          0 |
|     fir_multiband_FIR_LP_V_rom_U                          |                              fir_multiband_FIR_LP_V_rom |       1146 |       1146 |       0 |    0 |    0 |      0 |     98 |          0 |
|   control_s_axi_U                                         |                             fir_multiband_control_s_axi |        231 |        231 |       0 |    0 |  153 |      2 |      0 |          0 |
|     (control_s_axi_U)                                     |                             fir_multiband_control_s_axi |        138 |        138 |       0 |    0 |  153 |      0 |      0 |          0 |
|     int_drc_ratio                                         |                         fir_multiband_control_s_axi_ram |         38 |         38 |       0 |    0 |    0 |      1 |      0 |          0 |
|     int_drc_thr                                           |                     fir_multiband_control_s_axi_ram_393 |         55 |         55 |       0 |    0 |    0 |      1 |      0 |          0 |
|   hist_V_0_U                                              |                                  fir_multiband_hist_V_4 |         57 |         57 |       0 |    0 |    0 |      0 |      1 |          0 |
|     fir_multiband_hist_V_4_ram_U                          |                          fir_multiband_hist_V_4_ram_392 |         57 |         57 |       0 |    0 |    0 |      0 |      1 |          0 |
|   hist_V_1_U                                              |                                fir_multiband_hist_V_4_0 |         41 |         41 |       0 |    0 |    0 |      0 |      1 |          0 |
|     fir_multiband_hist_V_4_ram_U                          |                          fir_multiband_hist_V_4_ram_391 |         41 |         41 |       0 |    0 |    0 |      0 |      1 |          0 |
|   hist_V_2_U                                              |                                fir_multiband_hist_V_4_1 |         34 |         34 |       0 |    0 |    0 |      0 |      1 |          0 |
|     fir_multiband_hist_V_4_ram_U                          |                          fir_multiband_hist_V_4_ram_390 |         34 |         34 |       0 |    0 |    0 |      0 |      1 |          0 |
|   hist_V_3_U                                              |                                fir_multiband_hist_V_4_2 |         63 |         63 |       0 |    0 |    0 |      0 |      1 |          0 |
|     fir_multiband_hist_V_4_ram_U                          |                          fir_multiband_hist_V_4_ram_389 |         63 |         63 |       0 |    0 |    0 |      0 |      1 |          0 |
|   hist_V_4_U                                              |                                fir_multiband_hist_V_4_3 |          0 |          0 |       0 |    0 |    0 |      0 |      1 |          0 |
|     fir_multiband_hist_V_4_ram_U                          |                              fir_multiband_hist_V_4_ram |          0 |          0 |       0 |    0 |    0 |      0 |      1 |          0 |
|   in_r_m_axi_U                                            |                                fir_multiband_in_r_m_axi |        423 |        386 |       0 |   37 |  554 |      0 |      1 |          0 |
|     bus_read                                              |                           fir_multiband_in_r_m_axi_read |        423 |        386 |       0 |   37 |  554 |      0 |      1 |          0 |
|       (bus_read)                                          |                           fir_multiband_in_r_m_axi_read |        107 |        107 |       0 |    0 |  298 |      0 |      0 |          0 |
|       buff_rdata                                          |         fir_multiband_in_r_m_axi_buffer__parameterized0 |         72 |         72 |       0 |    0 |   94 |      0 |      1 |          0 |
|       bus_wide_gen.fifo_burst                             |                           fir_multiband_in_r_m_axi_fifo |         88 |         83 |       0 |    5 |   11 |      0 |      0 |          0 |
|       fifo_rctl                                           |           fir_multiband_in_r_m_axi_fifo__parameterized1 |          7 |          7 |       0 |    0 |    7 |      0 |      0 |          0 |
|       fifo_rreq                                           |           fir_multiband_in_r_m_axi_fifo__parameterized0 |         82 |         50 |       0 |   32 |   38 |      0 |      0 |          0 |
|       rs_rdata                                            |      fir_multiband_in_r_m_axi_reg_slice__parameterized0 |         27 |         27 |       0 |    0 |   37 |      0 |      0 |          0 |
|       rs_rreq                                             |                      fir_multiband_in_r_m_axi_reg_slice |         40 |         40 |       0 |    0 |   69 |      0 |      0 |          0 |
|   mac_muladd_15s_16s_31s_31_4_1_U100                      |             fir_multiband_mac_muladd_15s_16s_31s_31_4_1 |          0 |          0 |       0 |    0 |    0 |      0 |      0 |          1 |
|     fir_multiband_mac_muladd_15s_16s_31s_31_4_1_DSP48_1_U | fir_multiband_mac_muladd_15s_16s_31s_31_4_1_DSP48_1_388 |          0 |          0 |       0 |    0 |    0 |      0 |      0 |          1 |
|   mac_muladd_15s_16s_31s_31_4_1_U101                      |           fir_multiband_mac_muladd_15s_16s_31s_31_4_1_4 |          0 |          0 |       0 |    0 |    0 |      0 |      0 |          1 |
|     fir_multiband_mac_muladd_15s_16s_31s_31_4_1_DSP48_1_U | fir_multiband_mac_muladd_15s_16s_31s_31_4_1_DSP48_1_387 |          0 |          0 |       0 |    0 |    0 |      0 |      0 |          1 |
|   mac_muladd_15s_16s_31s_31_4_1_U102                      |           fir_multiband_mac_muladd_15s_16s_31s_31_4_1_5 |          0 |          0 |       0 |    0 |    0 |      0 |      0 |          1 |
|     fir_multiband_mac_muladd_15s_16s_31s_31_4_1_DSP48_1_U | fir_multiband_mac_muladd_15s_16s_31s_31_4_1_DSP48_1_386 |          0 |          0 |       0 |    0 |    0 |      0 |      0 |          1 |
|   mac_muladd_15s_16s_31s_31_4_1_U103                      |           fir_multiband_mac_muladd_15s_16s_31s_31_4_1_6 |          0 |          0 |       0 |    0 |    0 |      0 |      0 |          1 |
|     fir_multiband_mac_muladd_15s_16s_31s_31_4_1_DSP48_1_U | fir_multiband_mac_muladd_15s_16s_31s_31_4_1_DSP48_1_385 |          0 |          0 |       0 |    0 |    0 |      0 |      0 |          1 |
|   mac_muladd_15s_16s_31s_31_4_1_U104                      |           fir_multiband_mac_muladd_15s_16s_31s_31_4_1_7 |          0 |          0 |       0 |    0 |    0 |      0 |      0 |          1 |
|     fir_multiband_mac_muladd_15s_16s_31s_31_4_1_DSP48_1_U | fir_multiband_mac_muladd_15s_16s_31s_31_4_1_DSP48_1_384 |          0 |          0 |       0 |    0 |    0 |      0 |      0 |          1 |
|   mac_muladd_15s_16s_31s_31_4_1_U105                      |           fir_multiband_mac_muladd_15s_16s_31s_31_4_1_8 |          0 |          0 |       0 |    0 |    0 |      0 |      0 |          1 |
|     fir_multiband_mac_muladd_15s_16s_31s_31_4_1_DSP48_1_U | fir_multiband_mac_muladd_15s_16s_31s_31_4_1_DSP48_1_383 |          0 |          0 |       0 |    0 |    0 |      0 |      0 |          1 |
|   mac_muladd_15s_16s_31s_31_4_1_U106                      |           fir_multiband_mac_muladd_15s_16s_31s_31_4_1_9 |          0 |          0 |       0 |    0 |    0 |      0 |      0 |          1 |
|     fir_multiband_mac_muladd_15s_16s_31s_31_4_1_DSP48_1_U | fir_multiband_mac_muladd_15s_16s_31s_31_4_1_DSP48_1_382 |          0 |          0 |       0 |    0 |    0 |      0 |      0 |          1 |
|   mac_muladd_15s_16s_31s_31_4_1_U107                      |          fir_multiband_mac_muladd_15s_16s_31s_31_4_1_10 |          0 |          0 |       0 |    0 |    0 |      0 |      0 |          1 |
|     fir_multiband_mac_muladd_15s_16s_31s_31_4_1_DSP48_1_U | fir_multiband_mac_muladd_15s_16s_31s_31_4_1_DSP48_1_381 |          0 |          0 |       0 |    0 |    0 |      0 |      0 |          1 |
|   mac_muladd_15s_16s_31s_31_4_1_U108                      |          fir_multiband_mac_muladd_15s_16s_31s_31_4_1_11 |          0 |          0 |       0 |    0 |    0 |      0 |      0 |          1 |
|     fir_multiband_mac_muladd_15s_16s_31s_31_4_1_DSP48_1_U | fir_multiband_mac_muladd_15s_16s_31s_31_4_1_DSP48_1_380 |          0 |          0 |       0 |    0 |    0 |      0 |      0 |          1 |
|   mac_muladd_15s_16s_31s_31_4_1_U109                      |          fir_multiband_mac_muladd_15s_16s_31s_31_4_1_12 |          0 |          0 |       0 |    0 |    0 |      0 |      0 |          1 |
|     fir_multiband_mac_muladd_15s_16s_31s_31_4_1_DSP48_1_U | fir_multiband_mac_muladd_15s_16s_31s_31_4_1_DSP48_1_379 |          0 |          0 |       0 |    0 |    0 |      0 |      0 |          1 |
|   mac_muladd_15s_16s_31s_31_4_1_U110                      |          fir_multiband_mac_muladd_15s_16s_31s_31_4_1_13 |          0 |          0 |       0 |    0 |    0 |      0 |      0 |          1 |
|     fir_multiband_mac_muladd_15s_16s_31s_31_4_1_DSP48_1_U | fir_multiband_mac_muladd_15s_16s_31s_31_4_1_DSP48_1_378 |          0 |          0 |       0 |    0 |    0 |      0 |      0 |          1 |
|   mac_muladd_15s_16s_31s_31_4_1_U111                      |          fir_multiband_mac_muladd_15s_16s_31s_31_4_1_14 |          0 |          0 |       0 |    0 |    0 |      0 |      0 |          1 |
|     fir_multiband_mac_muladd_15s_16s_31s_31_4_1_DSP48_1_U | fir_multiband_mac_muladd_15s_16s_31s_31_4_1_DSP48_1_377 |          0 |          0 |       0 |    0 |    0 |      0 |      0 |          1 |
|   mac_muladd_15s_16s_31s_31_4_1_U112                      |          fir_multiband_mac_muladd_15s_16s_31s_31_4_1_15 |          0 |          0 |       0 |    0 |    0 |      0 |      0 |          1 |
|     fir_multiband_mac_muladd_15s_16s_31s_31_4_1_DSP48_1_U | fir_multiband_mac_muladd_15s_16s_31s_31_4_1_DSP48_1_376 |          0 |          0 |       0 |    0 |    0 |      0 |      0 |          1 |
|   mac_muladd_15s_16s_31s_31_4_1_U113                      |          fir_multiband_mac_muladd_15s_16s_31s_31_4_1_16 |         31 |         31 |       0 |    0 |    0 |      0 |      0 |          1 |
|     fir_multiband_mac_muladd_15s_16s_31s_31_4_1_DSP48_1_U | fir_multiband_mac_muladd_15s_16s_31s_31_4_1_DSP48_1_375 |         31 |         31 |       0 |    0 |    0 |      0 |      0 |          1 |
|   mac_muladd_15s_16s_31s_31_4_1_U114                      |          fir_multiband_mac_muladd_15s_16s_31s_31_4_1_17 |          0 |          0 |       0 |    0 |    0 |      0 |      0 |          1 |
|     fir_multiband_mac_muladd_15s_16s_31s_31_4_1_DSP48_1_U | fir_multiband_mac_muladd_15s_16s_31s_31_4_1_DSP48_1_374 |          0 |          0 |       0 |    0 |    0 |      0 |      0 |          1 |
|   mac_muladd_15s_16s_31s_31_4_1_U115                      |          fir_multiband_mac_muladd_15s_16s_31s_31_4_1_18 |          0 |          0 |       0 |    0 |    0 |      0 |      0 |          1 |
|     fir_multiband_mac_muladd_15s_16s_31s_31_4_1_DSP48_1_U | fir_multiband_mac_muladd_15s_16s_31s_31_4_1_DSP48_1_373 |          0 |          0 |       0 |    0 |    0 |      0 |      0 |          1 |
|   mac_muladd_15s_16s_31s_31_4_1_U116                      |          fir_multiband_mac_muladd_15s_16s_31s_31_4_1_19 |          0 |          0 |       0 |    0 |    0 |      0 |      0 |          1 |
|     fir_multiband_mac_muladd_15s_16s_31s_31_4_1_DSP48_1_U | fir_multiband_mac_muladd_15s_16s_31s_31_4_1_DSP48_1_372 |          0 |          0 |       0 |    0 |    0 |      0 |      0 |          1 |
|   mac_muladd_15s_16s_31s_31_4_1_U117                      |          fir_multiband_mac_muladd_15s_16s_31s_31_4_1_20 |          0 |          0 |       0 |    0 |    0 |      0 |      0 |          1 |
|     fir_multiband_mac_muladd_15s_16s_31s_31_4_1_DSP48_1_U | fir_multiband_mac_muladd_15s_16s_31s_31_4_1_DSP48_1_371 |          0 |          0 |       0 |    0 |    0 |      0 |      0 |          1 |
|   mac_muladd_15s_16s_31s_31_4_1_U118                      |          fir_multiband_mac_muladd_15s_16s_31s_31_4_1_21 |          0 |          0 |       0 |    0 |    0 |      0 |      0 |          1 |
|     fir_multiband_mac_muladd_15s_16s_31s_31_4_1_DSP48_1_U | fir_multiband_mac_muladd_15s_16s_31s_31_4_1_DSP48_1_370 |          0 |          0 |       0 |    0 |    0 |      0 |      0 |          1 |
|   mac_muladd_15s_16s_31s_31_4_1_U119                      |          fir_multiband_mac_muladd_15s_16s_31s_31_4_1_22 |          0 |          0 |       0 |    0 |    0 |      0 |      0 |          1 |
|     fir_multiband_mac_muladd_15s_16s_31s_31_4_1_DSP48_1_U | fir_multiband_mac_muladd_15s_16s_31s_31_4_1_DSP48_1_369 |          0 |          0 |       0 |    0 |    0 |      0 |      0 |          1 |
|   mac_muladd_15s_16s_31s_31_4_1_U120                      |          fir_multiband_mac_muladd_15s_16s_31s_31_4_1_23 |          0 |          0 |       0 |    0 |    0 |      0 |      0 |          1 |
|     fir_multiband_mac_muladd_15s_16s_31s_31_4_1_DSP48_1_U | fir_multiband_mac_muladd_15s_16s_31s_31_4_1_DSP48_1_368 |          0 |          0 |       0 |    0 |    0 |      0 |      0 |          1 |
|   mac_muladd_15s_16s_31s_31_4_1_U121                      |          fir_multiband_mac_muladd_15s_16s_31s_31_4_1_24 |          0 |          0 |       0 |    0 |    0 |      0 |      0 |          1 |
|     fir_multiband_mac_muladd_15s_16s_31s_31_4_1_DSP48_1_U | fir_multiband_mac_muladd_15s_16s_31s_31_4_1_DSP48_1_367 |          0 |          0 |       0 |    0 |    0 |      0 |      0 |          1 |
|   mac_muladd_15s_16s_31s_31_4_1_U122                      |          fir_multiband_mac_muladd_15s_16s_31s_31_4_1_25 |          0 |          0 |       0 |    0 |    0 |      0 |      0 |          1 |
|     fir_multiband_mac_muladd_15s_16s_31s_31_4_1_DSP48_1_U | fir_multiband_mac_muladd_15s_16s_31s_31_4_1_DSP48_1_366 |          0 |          0 |       0 |    0 |    0 |      0 |      0 |          1 |
|   mac_muladd_15s_16s_31s_31_4_1_U123                      |          fir_multiband_mac_muladd_15s_16s_31s_31_4_1_26 |          0 |          0 |       0 |    0 |    0 |      0 |      0 |          1 |
|     fir_multiband_mac_muladd_15s_16s_31s_31_4_1_DSP48_1_U | fir_multiband_mac_muladd_15s_16s_31s_31_4_1_DSP48_1_365 |          0 |          0 |       0 |    0 |    0 |      0 |      0 |          1 |
|   mac_muladd_15s_16s_31s_31_4_1_U124                      |          fir_multiband_mac_muladd_15s_16s_31s_31_4_1_27 |          0 |          0 |       0 |    0 |    0 |      0 |      0 |          1 |
|     fir_multiband_mac_muladd_15s_16s_31s_31_4_1_DSP48_1_U | fir_multiband_mac_muladd_15s_16s_31s_31_4_1_DSP48_1_364 |          0 |          0 |       0 |    0 |    0 |      0 |      0 |          1 |
|   mac_muladd_15s_16s_31s_31_4_1_U125                      |          fir_multiband_mac_muladd_15s_16s_31s_31_4_1_28 |          0 |          0 |       0 |    0 |    0 |      0 |      0 |          1 |
|     fir_multiband_mac_muladd_15s_16s_31s_31_4_1_DSP48_1_U | fir_multiband_mac_muladd_15s_16s_31s_31_4_1_DSP48_1_363 |          0 |          0 |       0 |    0 |    0 |      0 |      0 |          1 |
|   mac_muladd_15s_16s_31s_31_4_1_U126                      |          fir_multiband_mac_muladd_15s_16s_31s_31_4_1_29 |          0 |          0 |       0 |    0 |    0 |      0 |      0 |          1 |
|     fir_multiband_mac_muladd_15s_16s_31s_31_4_1_DSP48_1_U | fir_multiband_mac_muladd_15s_16s_31s_31_4_1_DSP48_1_362 |          0 |          0 |       0 |    0 |    0 |      0 |      0 |          1 |
|   mac_muladd_15s_16s_31s_31_4_1_U127                      |          fir_multiband_mac_muladd_15s_16s_31s_31_4_1_30 |          0 |          0 |       0 |    0 |    0 |      0 |      0 |          1 |
|     fir_multiband_mac_muladd_15s_16s_31s_31_4_1_DSP48_1_U | fir_multiband_mac_muladd_15s_16s_31s_31_4_1_DSP48_1_361 |          0 |          0 |       0 |    0 |    0 |      0 |      0 |          1 |
|   mac_muladd_15s_16s_31s_31_4_1_U128                      |          fir_multiband_mac_muladd_15s_16s_31s_31_4_1_31 |          0 |          0 |       0 |    0 |    0 |      0 |      0 |          1 |
|     fir_multiband_mac_muladd_15s_16s_31s_31_4_1_DSP48_1_U | fir_multiband_mac_muladd_15s_16s_31s_31_4_1_DSP48_1_360 |          0 |          0 |       0 |    0 |    0 |      0 |      0 |          1 |
|   mac_muladd_15s_16s_31s_31_4_1_U129                      |          fir_multiband_mac_muladd_15s_16s_31s_31_4_1_32 |          0 |          0 |       0 |    0 |    0 |      0 |      0 |          1 |
|     fir_multiband_mac_muladd_15s_16s_31s_31_4_1_DSP48_1_U | fir_multiband_mac_muladd_15s_16s_31s_31_4_1_DSP48_1_359 |          0 |          0 |       0 |    0 |    0 |      0 |      0 |          1 |
|   mac_muladd_15s_16s_31s_31_4_1_U130                      |          fir_multiband_mac_muladd_15s_16s_31s_31_4_1_33 |          0 |          0 |       0 |    0 |    0 |      0 |      0 |          1 |
|     fir_multiband_mac_muladd_15s_16s_31s_31_4_1_DSP48_1_U | fir_multiband_mac_muladd_15s_16s_31s_31_4_1_DSP48_1_358 |          0 |          0 |       0 |    0 |    0 |      0 |      0 |          1 |
|   mac_muladd_15s_16s_31s_31_4_1_U131                      |          fir_multiband_mac_muladd_15s_16s_31s_31_4_1_34 |          0 |          0 |       0 |    0 |    0 |      0 |      0 |          1 |
|     fir_multiband_mac_muladd_15s_16s_31s_31_4_1_DSP48_1_U | fir_multiband_mac_muladd_15s_16s_31s_31_4_1_DSP48_1_357 |          0 |          0 |       0 |    0 |    0 |      0 |      0 |          1 |
|   mac_muladd_15s_16s_31s_31_4_1_U132                      |          fir_multiband_mac_muladd_15s_16s_31s_31_4_1_35 |          0 |          0 |       0 |    0 |    0 |      0 |      0 |          1 |
|     fir_multiband_mac_muladd_15s_16s_31s_31_4_1_DSP48_1_U | fir_multiband_mac_muladd_15s_16s_31s_31_4_1_DSP48_1_356 |          0 |          0 |       0 |    0 |    0 |      0 |      0 |          1 |
|   mac_muladd_15s_16s_31s_31_4_1_U133                      |          fir_multiband_mac_muladd_15s_16s_31s_31_4_1_36 |          0 |          0 |       0 |    0 |    0 |      0 |      0 |          1 |
|     fir_multiband_mac_muladd_15s_16s_31s_31_4_1_DSP48_1_U | fir_multiband_mac_muladd_15s_16s_31s_31_4_1_DSP48_1_355 |          0 |          0 |       0 |    0 |    0 |      0 |      0 |          1 |
|   mac_muladd_15s_16s_31s_31_4_1_U134                      |          fir_multiband_mac_muladd_15s_16s_31s_31_4_1_37 |          0 |          0 |       0 |    0 |    0 |      0 |      0 |          1 |
|     fir_multiband_mac_muladd_15s_16s_31s_31_4_1_DSP48_1_U | fir_multiband_mac_muladd_15s_16s_31s_31_4_1_DSP48_1_354 |          0 |          0 |       0 |    0 |    0 |      0 |      0 |          1 |
|   mac_muladd_15s_16s_31s_31_4_1_U135                      |          fir_multiband_mac_muladd_15s_16s_31s_31_4_1_38 |          0 |          0 |       0 |    0 |    0 |      0 |      0 |          1 |
|     fir_multiband_mac_muladd_15s_16s_31s_31_4_1_DSP48_1_U | fir_multiband_mac_muladd_15s_16s_31s_31_4_1_DSP48_1_353 |          0 |          0 |       0 |    0 |    0 |      0 |      0 |          1 |
|   mac_muladd_15s_16s_31s_31_4_1_U136                      |          fir_multiband_mac_muladd_15s_16s_31s_31_4_1_39 |          0 |          0 |       0 |    0 |    0 |      0 |      0 |          1 |
|     fir_multiband_mac_muladd_15s_16s_31s_31_4_1_DSP48_1_U | fir_multiband_mac_muladd_15s_16s_31s_31_4_1_DSP48_1_352 |          0 |          0 |       0 |    0 |    0 |      0 |      0 |          1 |
|   mac_muladd_15s_16s_31s_31_4_1_U137                      |          fir_multiband_mac_muladd_15s_16s_31s_31_4_1_40 |          0 |          0 |       0 |    0 |    0 |      0 |      0 |          1 |
|     fir_multiband_mac_muladd_15s_16s_31s_31_4_1_DSP48_1_U | fir_multiband_mac_muladd_15s_16s_31s_31_4_1_DSP48_1_351 |          0 |          0 |       0 |    0 |    0 |      0 |      0 |          1 |
|   mac_muladd_15s_16s_31s_31_4_1_U138                      |          fir_multiband_mac_muladd_15s_16s_31s_31_4_1_41 |          0 |          0 |       0 |    0 |    0 |      0 |      0 |          1 |
|     fir_multiband_mac_muladd_15s_16s_31s_31_4_1_DSP48_1_U | fir_multiband_mac_muladd_15s_16s_31s_31_4_1_DSP48_1_350 |          0 |          0 |       0 |    0 |    0 |      0 |      0 |          1 |
|   mac_muladd_15s_16s_31s_31_4_1_U139                      |          fir_multiband_mac_muladd_15s_16s_31s_31_4_1_42 |          0 |          0 |       0 |    0 |    0 |      0 |      0 |          1 |
|     fir_multiband_mac_muladd_15s_16s_31s_31_4_1_DSP48_1_U | fir_multiband_mac_muladd_15s_16s_31s_31_4_1_DSP48_1_349 |          0 |          0 |       0 |    0 |    0 |      0 |      0 |          1 |
|   mac_muladd_15s_16s_31s_31_4_1_U140                      |          fir_multiband_mac_muladd_15s_16s_31s_31_4_1_43 |          0 |          0 |       0 |    0 |    0 |      0 |      0 |          1 |
|     fir_multiband_mac_muladd_15s_16s_31s_31_4_1_DSP48_1_U | fir_multiband_mac_muladd_15s_16s_31s_31_4_1_DSP48_1_348 |          0 |          0 |       0 |    0 |    0 |      0 |      0 |          1 |
|   mac_muladd_15s_16s_31s_31_4_1_U141                      |          fir_multiband_mac_muladd_15s_16s_31s_31_4_1_44 |          0 |          0 |       0 |    0 |    0 |      0 |      0 |          1 |
|     fir_multiband_mac_muladd_15s_16s_31s_31_4_1_DSP48_1_U | fir_multiband_mac_muladd_15s_16s_31s_31_4_1_DSP48_1_347 |          0 |          0 |       0 |    0 |    0 |      0 |      0 |          1 |
|   mac_muladd_15s_16s_31s_31_4_1_U142                      |          fir_multiband_mac_muladd_15s_16s_31s_31_4_1_45 |          0 |          0 |       0 |    0 |    0 |      0 |      0 |          1 |
|     fir_multiband_mac_muladd_15s_16s_31s_31_4_1_DSP48_1_U | fir_multiband_mac_muladd_15s_16s_31s_31_4_1_DSP48_1_346 |          0 |          0 |       0 |    0 |    0 |      0 |      0 |          1 |
|   mac_muladd_15s_16s_31s_31_4_1_U143                      |          fir_multiband_mac_muladd_15s_16s_31s_31_4_1_46 |          0 |          0 |       0 |    0 |    0 |      0 |      0 |          1 |
|     fir_multiband_mac_muladd_15s_16s_31s_31_4_1_DSP48_1_U | fir_multiband_mac_muladd_15s_16s_31s_31_4_1_DSP48_1_345 |          0 |          0 |       0 |    0 |    0 |      0 |      0 |          1 |
|   mac_muladd_15s_16s_31s_31_4_1_U77                       |          fir_multiband_mac_muladd_15s_16s_31s_31_4_1_47 |          0 |          0 |       0 |    0 |    0 |      0 |      0 |          1 |
|     fir_multiband_mac_muladd_15s_16s_31s_31_4_1_DSP48_1_U | fir_multiband_mac_muladd_15s_16s_31s_31_4_1_DSP48_1_344 |          0 |          0 |       0 |    0 |    0 |      0 |      0 |          1 |
|   mac_muladd_15s_16s_31s_31_4_1_U78                       |          fir_multiband_mac_muladd_15s_16s_31s_31_4_1_48 |         31 |         31 |       0 |    0 |    0 |      0 |      0 |          1 |
|     fir_multiband_mac_muladd_15s_16s_31s_31_4_1_DSP48_1_U | fir_multiband_mac_muladd_15s_16s_31s_31_4_1_DSP48_1_343 |         31 |         31 |       0 |    0 |    0 |      0 |      0 |          1 |
|   mac_muladd_15s_16s_31s_31_4_1_U79                       |          fir_multiband_mac_muladd_15s_16s_31s_31_4_1_49 |          0 |          0 |       0 |    0 |    0 |      0 |      0 |          1 |
|     fir_multiband_mac_muladd_15s_16s_31s_31_4_1_DSP48_1_U | fir_multiband_mac_muladd_15s_16s_31s_31_4_1_DSP48_1_342 |          0 |          0 |       0 |    0 |    0 |      0 |      0 |          1 |
|   mac_muladd_15s_16s_31s_31_4_1_U80                       |          fir_multiband_mac_muladd_15s_16s_31s_31_4_1_50 |          0 |          0 |       0 |    0 |    0 |      0 |      0 |          1 |
|     fir_multiband_mac_muladd_15s_16s_31s_31_4_1_DSP48_1_U | fir_multiband_mac_muladd_15s_16s_31s_31_4_1_DSP48_1_341 |          0 |          0 |       0 |    0 |    0 |      0 |      0 |          1 |
|   mac_muladd_15s_16s_31s_31_4_1_U81                       |          fir_multiband_mac_muladd_15s_16s_31s_31_4_1_51 |          0 |          0 |       0 |    0 |    0 |      0 |      0 |          1 |
|     fir_multiband_mac_muladd_15s_16s_31s_31_4_1_DSP48_1_U | fir_multiband_mac_muladd_15s_16s_31s_31_4_1_DSP48_1_340 |          0 |          0 |       0 |    0 |    0 |      0 |      0 |          1 |
|   mac_muladd_15s_16s_31s_31_4_1_U82                       |          fir_multiband_mac_muladd_15s_16s_31s_31_4_1_52 |          0 |          0 |       0 |    0 |    0 |      0 |      0 |          1 |
|     fir_multiband_mac_muladd_15s_16s_31s_31_4_1_DSP48_1_U | fir_multiband_mac_muladd_15s_16s_31s_31_4_1_DSP48_1_339 |          0 |          0 |       0 |    0 |    0 |      0 |      0 |          1 |
|   mac_muladd_15s_16s_31s_31_4_1_U83                       |          fir_multiband_mac_muladd_15s_16s_31s_31_4_1_53 |          0 |          0 |       0 |    0 |    0 |      0 |      0 |          1 |
|     fir_multiband_mac_muladd_15s_16s_31s_31_4_1_DSP48_1_U | fir_multiband_mac_muladd_15s_16s_31s_31_4_1_DSP48_1_338 |          0 |          0 |       0 |    0 |    0 |      0 |      0 |          1 |
|   mac_muladd_15s_16s_31s_31_4_1_U84                       |          fir_multiband_mac_muladd_15s_16s_31s_31_4_1_54 |          0 |          0 |       0 |    0 |    0 |      0 |      0 |          1 |
|     fir_multiband_mac_muladd_15s_16s_31s_31_4_1_DSP48_1_U | fir_multiband_mac_muladd_15s_16s_31s_31_4_1_DSP48_1_337 |          0 |          0 |       0 |    0 |    0 |      0 |      0 |          1 |
|   mac_muladd_15s_16s_31s_31_4_1_U85                       |          fir_multiband_mac_muladd_15s_16s_31s_31_4_1_55 |          0 |          0 |       0 |    0 |    0 |      0 |      0 |          1 |
|     fir_multiband_mac_muladd_15s_16s_31s_31_4_1_DSP48_1_U | fir_multiband_mac_muladd_15s_16s_31s_31_4_1_DSP48_1_336 |          0 |          0 |       0 |    0 |    0 |      0 |      0 |          1 |
|   mac_muladd_15s_16s_31s_31_4_1_U86                       |          fir_multiband_mac_muladd_15s_16s_31s_31_4_1_56 |          0 |          0 |       0 |    0 |    0 |      0 |      0 |          1 |
|     fir_multiband_mac_muladd_15s_16s_31s_31_4_1_DSP48_1_U | fir_multiband_mac_muladd_15s_16s_31s_31_4_1_DSP48_1_335 |          0 |          0 |       0 |    0 |    0 |      0 |      0 |          1 |
|   mac_muladd_15s_16s_31s_31_4_1_U87                       |          fir_multiband_mac_muladd_15s_16s_31s_31_4_1_57 |          0 |          0 |       0 |    0 |    0 |      0 |      0 |          1 |
|     fir_multiband_mac_muladd_15s_16s_31s_31_4_1_DSP48_1_U | fir_multiband_mac_muladd_15s_16s_31s_31_4_1_DSP48_1_334 |          0 |          0 |       0 |    0 |    0 |      0 |      0 |          1 |
|   mac_muladd_15s_16s_31s_31_4_1_U88                       |          fir_multiband_mac_muladd_15s_16s_31s_31_4_1_58 |          0 |          0 |       0 |    0 |    0 |      0 |      0 |          1 |
|     fir_multiband_mac_muladd_15s_16s_31s_31_4_1_DSP48_1_U | fir_multiband_mac_muladd_15s_16s_31s_31_4_1_DSP48_1_333 |          0 |          0 |       0 |    0 |    0 |      0 |      0 |          1 |
|   mac_muladd_15s_16s_31s_31_4_1_U89                       |          fir_multiband_mac_muladd_15s_16s_31s_31_4_1_59 |          0 |          0 |       0 |    0 |    0 |      0 |      0 |          1 |
|     fir_multiband_mac_muladd_15s_16s_31s_31_4_1_DSP48_1_U | fir_multiband_mac_muladd_15s_16s_31s_31_4_1_DSP48_1_332 |          0 |          0 |       0 |    0 |    0 |      0 |      0 |          1 |
|   mac_muladd_15s_16s_31s_31_4_1_U90                       |          fir_multiband_mac_muladd_15s_16s_31s_31_4_1_60 |          0 |          0 |       0 |    0 |    0 |      0 |      0 |          1 |
|     fir_multiband_mac_muladd_15s_16s_31s_31_4_1_DSP48_1_U | fir_multiband_mac_muladd_15s_16s_31s_31_4_1_DSP48_1_331 |          0 |          0 |       0 |    0 |    0 |      0 |      0 |          1 |
|   mac_muladd_15s_16s_31s_31_4_1_U91                       |          fir_multiband_mac_muladd_15s_16s_31s_31_4_1_61 |          0 |          0 |       0 |    0 |    0 |      0 |      0 |          1 |
|     fir_multiband_mac_muladd_15s_16s_31s_31_4_1_DSP48_1_U | fir_multiband_mac_muladd_15s_16s_31s_31_4_1_DSP48_1_330 |          0 |          0 |       0 |    0 |    0 |      0 |      0 |          1 |
|   mac_muladd_15s_16s_31s_31_4_1_U92                       |          fir_multiband_mac_muladd_15s_16s_31s_31_4_1_62 |          0 |          0 |       0 |    0 |    0 |      0 |      0 |          1 |
|     fir_multiband_mac_muladd_15s_16s_31s_31_4_1_DSP48_1_U | fir_multiband_mac_muladd_15s_16s_31s_31_4_1_DSP48_1_329 |          0 |          0 |       0 |    0 |    0 |      0 |      0 |          1 |
|   mac_muladd_15s_16s_31s_31_4_1_U93                       |          fir_multiband_mac_muladd_15s_16s_31s_31_4_1_63 |          0 |          0 |       0 |    0 |    0 |      0 |      0 |          1 |
|     fir_multiband_mac_muladd_15s_16s_31s_31_4_1_DSP48_1_U | fir_multiband_mac_muladd_15s_16s_31s_31_4_1_DSP48_1_328 |          0 |          0 |       0 |    0 |    0 |      0 |      0 |          1 |
|   mac_muladd_15s_16s_31s_31_4_1_U94                       |          fir_multiband_mac_muladd_15s_16s_31s_31_4_1_64 |          0 |          0 |       0 |    0 |    0 |      0 |      0 |          1 |
|     fir_multiband_mac_muladd_15s_16s_31s_31_4_1_DSP48_1_U | fir_multiband_mac_muladd_15s_16s_31s_31_4_1_DSP48_1_327 |          0 |          0 |       0 |    0 |    0 |      0 |      0 |          1 |
|   mac_muladd_15s_16s_31s_31_4_1_U95                       |          fir_multiband_mac_muladd_15s_16s_31s_31_4_1_65 |         31 |         31 |       0 |    0 |    0 |      0 |      0 |          1 |
|     fir_multiband_mac_muladd_15s_16s_31s_31_4_1_DSP48_1_U | fir_multiband_mac_muladd_15s_16s_31s_31_4_1_DSP48_1_326 |         31 |         31 |       0 |    0 |    0 |      0 |      0 |          1 |
|   mac_muladd_15s_16s_31s_31_4_1_U96                       |          fir_multiband_mac_muladd_15s_16s_31s_31_4_1_66 |          0 |          0 |       0 |    0 |    0 |      0 |      0 |          1 |
|     fir_multiband_mac_muladd_15s_16s_31s_31_4_1_DSP48_1_U | fir_multiband_mac_muladd_15s_16s_31s_31_4_1_DSP48_1_325 |          0 |          0 |       0 |    0 |    0 |      0 |      0 |          1 |
|   mac_muladd_15s_16s_31s_31_4_1_U97                       |          fir_multiband_mac_muladd_15s_16s_31s_31_4_1_67 |          0 |          0 |       0 |    0 |    0 |      0 |      0 |          1 |
|     fir_multiband_mac_muladd_15s_16s_31s_31_4_1_DSP48_1_U | fir_multiband_mac_muladd_15s_16s_31s_31_4_1_DSP48_1_324 |          0 |          0 |       0 |    0 |    0 |      0 |      0 |          1 |
|   mac_muladd_15s_16s_31s_31_4_1_U98                       |          fir_multiband_mac_muladd_15s_16s_31s_31_4_1_68 |          0 |          0 |       0 |    0 |    0 |      0 |      0 |          1 |
|     fir_multiband_mac_muladd_15s_16s_31s_31_4_1_DSP48_1_U | fir_multiband_mac_muladd_15s_16s_31s_31_4_1_DSP48_1_323 |          0 |          0 |       0 |    0 |    0 |      0 |      0 |          1 |
|   mac_muladd_15s_16s_31s_31_4_1_U99                       |          fir_multiband_mac_muladd_15s_16s_31s_31_4_1_69 |          0 |          0 |       0 |    0 |    0 |      0 |      0 |          1 |
|     fir_multiband_mac_muladd_15s_16s_31s_31_4_1_DSP48_1_U |     fir_multiband_mac_muladd_15s_16s_31s_31_4_1_DSP48_1 |          0 |          0 |       0 |    0 |    0 |      0 |      0 |          1 |
|   mac_muladd_15s_16s_31s_32_4_1_U144                      |             fir_multiband_mac_muladd_15s_16s_31s_32_4_1 |          0 |          0 |       0 |    0 |    0 |      0 |      0 |          1 |
|     fir_multiband_mac_muladd_15s_16s_31s_32_4_1_DSP48_2_U | fir_multiband_mac_muladd_15s_16s_31s_32_4_1_DSP48_2_322 |          0 |          0 |       0 |    0 |    0 |      0 |      0 |          1 |
|   mac_muladd_15s_16s_31s_32_4_1_U145                      |          fir_multiband_mac_muladd_15s_16s_31s_32_4_1_70 |         32 |         32 |       0 |    0 |    0 |      0 |      0 |          1 |
|     fir_multiband_mac_muladd_15s_16s_31s_32_4_1_DSP48_2_U | fir_multiband_mac_muladd_15s_16s_31s_32_4_1_DSP48_2_321 |         32 |         32 |       0 |    0 |    0 |      0 |      0 |          1 |
|   mac_muladd_15s_16s_31s_32_4_1_U146                      |          fir_multiband_mac_muladd_15s_16s_31s_32_4_1_71 |         32 |         32 |       0 |    0 |    0 |      0 |      0 |          1 |
|     fir_multiband_mac_muladd_15s_16s_31s_32_4_1_DSP48_2_U | fir_multiband_mac_muladd_15s_16s_31s_32_4_1_DSP48_2_320 |         32 |         32 |       0 |    0 |    0 |      0 |      0 |          1 |
|   mac_muladd_15s_16s_31s_32_4_1_U147                      |          fir_multiband_mac_muladd_15s_16s_31s_32_4_1_72 |         32 |         32 |       0 |    0 |    0 |      0 |      0 |          1 |
|     fir_multiband_mac_muladd_15s_16s_31s_32_4_1_DSP48_2_U | fir_multiband_mac_muladd_15s_16s_31s_32_4_1_DSP48_2_319 |         32 |         32 |       0 |    0 |    0 |      0 |      0 |          1 |
|   mac_muladd_15s_16s_31s_32_4_1_U148                      |          fir_multiband_mac_muladd_15s_16s_31s_32_4_1_73 |          0 |          0 |       0 |    0 |    0 |      0 |      0 |          1 |
|     fir_multiband_mac_muladd_15s_16s_31s_32_4_1_DSP48_2_U | fir_multiband_mac_muladd_15s_16s_31s_32_4_1_DSP48_2_318 |          0 |          0 |       0 |    0 |    0 |      0 |      0 |          1 |
|   mac_muladd_15s_16s_31s_32_4_1_U149                      |          fir_multiband_mac_muladd_15s_16s_31s_32_4_1_74 |         32 |         32 |       0 |    0 |    0 |      0 |      0 |          1 |
|     fir_multiband_mac_muladd_15s_16s_31s_32_4_1_DSP48_2_U | fir_multiband_mac_muladd_15s_16s_31s_32_4_1_DSP48_2_317 |         32 |         32 |       0 |    0 |    0 |      0 |      0 |          1 |
|   mac_muladd_15s_16s_31s_32_4_1_U150                      |          fir_multiband_mac_muladd_15s_16s_31s_32_4_1_75 |          0 |          0 |       0 |    0 |    0 |      0 |      0 |          1 |
|     fir_multiband_mac_muladd_15s_16s_31s_32_4_1_DSP48_2_U | fir_multiband_mac_muladd_15s_16s_31s_32_4_1_DSP48_2_316 |          0 |          0 |       0 |    0 |    0 |      0 |      0 |          1 |
|   mac_muladd_15s_16s_31s_32_4_1_U151                      |          fir_multiband_mac_muladd_15s_16s_31s_32_4_1_76 |         32 |         32 |       0 |    0 |    0 |      0 |      0 |          1 |
|     fir_multiband_mac_muladd_15s_16s_31s_32_4_1_DSP48_2_U | fir_multiband_mac_muladd_15s_16s_31s_32_4_1_DSP48_2_315 |         32 |         32 |       0 |    0 |    0 |      0 |      0 |          1 |
|   mac_muladd_15s_16s_31s_32_4_1_U152                      |          fir_multiband_mac_muladd_15s_16s_31s_32_4_1_77 |         32 |         32 |       0 |    0 |    0 |      0 |      0 |          1 |
|     fir_multiband_mac_muladd_15s_16s_31s_32_4_1_DSP48_2_U | fir_multiband_mac_muladd_15s_16s_31s_32_4_1_DSP48_2_314 |         32 |         32 |       0 |    0 |    0 |      0 |      0 |          1 |
|   mac_muladd_15s_16s_31s_32_4_1_U153                      |          fir_multiband_mac_muladd_15s_16s_31s_32_4_1_78 |          0 |          0 |       0 |    0 |    0 |      0 |      0 |          1 |
|     fir_multiband_mac_muladd_15s_16s_31s_32_4_1_DSP48_2_U | fir_multiband_mac_muladd_15s_16s_31s_32_4_1_DSP48_2_313 |          0 |          0 |       0 |    0 |    0 |      0 |      0 |          1 |
|   mac_muladd_15s_16s_31s_32_4_1_U154                      |          fir_multiband_mac_muladd_15s_16s_31s_32_4_1_79 |         32 |         32 |       0 |    0 |    0 |      0 |      0 |          1 |
|     fir_multiband_mac_muladd_15s_16s_31s_32_4_1_DSP48_2_U | fir_multiband_mac_muladd_15s_16s_31s_32_4_1_DSP48_2_312 |         32 |         32 |       0 |    0 |    0 |      0 |      0 |          1 |
|   mac_muladd_15s_16s_31s_32_4_1_U155                      |          fir_multiband_mac_muladd_15s_16s_31s_32_4_1_80 |          0 |          0 |       0 |    0 |    0 |      0 |      0 |          1 |
|     fir_multiband_mac_muladd_15s_16s_31s_32_4_1_DSP48_2_U | fir_multiband_mac_muladd_15s_16s_31s_32_4_1_DSP48_2_311 |          0 |          0 |       0 |    0 |    0 |      0 |      0 |          1 |
|   mac_muladd_15s_16s_31s_32_4_1_U156                      |          fir_multiband_mac_muladd_15s_16s_31s_32_4_1_81 |          0 |          0 |       0 |    0 |    0 |      0 |      0 |          1 |
|     fir_multiband_mac_muladd_15s_16s_31s_32_4_1_DSP48_2_U | fir_multiband_mac_muladd_15s_16s_31s_32_4_1_DSP48_2_310 |          0 |          0 |       0 |    0 |    0 |      0 |      0 |          1 |
|   mac_muladd_15s_16s_31s_32_4_1_U157                      |          fir_multiband_mac_muladd_15s_16s_31s_32_4_1_82 |         32 |         32 |       0 |    0 |    0 |      0 |      0 |          1 |
|     fir_multiband_mac_muladd_15s_16s_31s_32_4_1_DSP48_2_U | fir_multiband_mac_muladd_15s_16s_31s_32_4_1_DSP48_2_309 |         32 |         32 |       0 |    0 |    0 |      0 |      0 |          1 |
|   mac_muladd_15s_16s_31s_32_4_1_U158                      |          fir_multiband_mac_muladd_15s_16s_31s_32_4_1_83 |         32 |         32 |       0 |    0 |    0 |      0 |      0 |          1 |
|     fir_multiband_mac_muladd_15s_16s_31s_32_4_1_DSP48_2_U | fir_multiband_mac_muladd_15s_16s_31s_32_4_1_DSP48_2_308 |         32 |         32 |       0 |    0 |    0 |      0 |      0 |          1 |
|   mac_muladd_15s_16s_31s_32_4_1_U159                      |          fir_multiband_mac_muladd_15s_16s_31s_32_4_1_84 |          0 |          0 |       0 |    0 |    0 |      0 |      0 |          1 |
|     fir_multiband_mac_muladd_15s_16s_31s_32_4_1_DSP48_2_U | fir_multiband_mac_muladd_15s_16s_31s_32_4_1_DSP48_2_307 |          0 |          0 |       0 |    0 |    0 |      0 |      0 |          1 |
|   mac_muladd_15s_16s_31s_32_4_1_U160                      |          fir_multiband_mac_muladd_15s_16s_31s_32_4_1_85 |          0 |          0 |       0 |    0 |    0 |      0 |      0 |          1 |
|     fir_multiband_mac_muladd_15s_16s_31s_32_4_1_DSP48_2_U | fir_multiband_mac_muladd_15s_16s_31s_32_4_1_DSP48_2_306 |          0 |          0 |       0 |    0 |    0 |      0 |      0 |          1 |
|   mac_muladd_15s_16s_31s_32_4_1_U161                      |          fir_multiband_mac_muladd_15s_16s_31s_32_4_1_86 |         32 |         32 |       0 |    0 |    0 |      0 |      0 |          1 |
|     fir_multiband_mac_muladd_15s_16s_31s_32_4_1_DSP48_2_U | fir_multiband_mac_muladd_15s_16s_31s_32_4_1_DSP48_2_305 |         32 |         32 |       0 |    0 |    0 |      0 |      0 |          1 |
|   mac_muladd_15s_16s_31s_32_4_1_U162                      |          fir_multiband_mac_muladd_15s_16s_31s_32_4_1_87 |          0 |          0 |       0 |    0 |    0 |      0 |      0 |          1 |
|     fir_multiband_mac_muladd_15s_16s_31s_32_4_1_DSP48_2_U | fir_multiband_mac_muladd_15s_16s_31s_32_4_1_DSP48_2_304 |          0 |          0 |       0 |    0 |    0 |      0 |      0 |          1 |
|   mac_muladd_15s_16s_31s_32_4_1_U163                      |          fir_multiband_mac_muladd_15s_16s_31s_32_4_1_88 |         32 |         32 |       0 |    0 |    0 |      0 |      0 |          1 |
|     fir_multiband_mac_muladd_15s_16s_31s_32_4_1_DSP48_2_U | fir_multiband_mac_muladd_15s_16s_31s_32_4_1_DSP48_2_303 |         32 |         32 |       0 |    0 |    0 |      0 |      0 |          1 |
|   mac_muladd_15s_16s_31s_32_4_1_U164                      |          fir_multiband_mac_muladd_15s_16s_31s_32_4_1_89 |         32 |         32 |       0 |    0 |    0 |      0 |      0 |          1 |
|     fir_multiband_mac_muladd_15s_16s_31s_32_4_1_DSP48_2_U | fir_multiband_mac_muladd_15s_16s_31s_32_4_1_DSP48_2_302 |         32 |         32 |       0 |    0 |    0 |      0 |      0 |          1 |
|   mac_muladd_15s_16s_31s_32_4_1_U165                      |          fir_multiband_mac_muladd_15s_16s_31s_32_4_1_90 |          0 |          0 |       0 |    0 |    0 |      0 |      0 |          1 |
|     fir_multiband_mac_muladd_15s_16s_31s_32_4_1_DSP48_2_U | fir_multiband_mac_muladd_15s_16s_31s_32_4_1_DSP48_2_301 |          0 |          0 |       0 |    0 |    0 |      0 |      0 |          1 |
|   mac_muladd_15s_16s_31s_32_4_1_U166                      |          fir_multiband_mac_muladd_15s_16s_31s_32_4_1_91 |          0 |          0 |       0 |    0 |    0 |      0 |      0 |          1 |
|     fir_multiband_mac_muladd_15s_16s_31s_32_4_1_DSP48_2_U | fir_multiband_mac_muladd_15s_16s_31s_32_4_1_DSP48_2_300 |          0 |          0 |       0 |    0 |    0 |      0 |      0 |          1 |
|   mac_muladd_15s_16s_31s_32_4_1_U167                      |          fir_multiband_mac_muladd_15s_16s_31s_32_4_1_92 |         32 |         32 |       0 |    0 |    0 |      0 |      0 |          1 |
|     fir_multiband_mac_muladd_15s_16s_31s_32_4_1_DSP48_2_U | fir_multiband_mac_muladd_15s_16s_31s_32_4_1_DSP48_2_299 |         32 |         32 |       0 |    0 |    0 |      0 |      0 |          1 |
|   mac_muladd_15s_16s_31s_32_4_1_U168                      |          fir_multiband_mac_muladd_15s_16s_31s_32_4_1_93 |         32 |         32 |       0 |    0 |    0 |      0 |      0 |          1 |
|     fir_multiband_mac_muladd_15s_16s_31s_32_4_1_DSP48_2_U | fir_multiband_mac_muladd_15s_16s_31s_32_4_1_DSP48_2_298 |         32 |         32 |       0 |    0 |    0 |      0 |      0 |          1 |
|   mac_muladd_15s_16s_31s_32_4_1_U169                      |          fir_multiband_mac_muladd_15s_16s_31s_32_4_1_94 |         32 |         32 |       0 |    0 |    0 |      0 |      0 |          1 |
|     fir_multiband_mac_muladd_15s_16s_31s_32_4_1_DSP48_2_U | fir_multiband_mac_muladd_15s_16s_31s_32_4_1_DSP48_2_297 |         32 |         32 |       0 |    0 |    0 |      0 |      0 |          1 |
|   mac_muladd_15s_16s_31s_32_4_1_U170                      |          fir_multiband_mac_muladd_15s_16s_31s_32_4_1_95 |          0 |          0 |       0 |    0 |    0 |      0 |      0 |          1 |
|     fir_multiband_mac_muladd_15s_16s_31s_32_4_1_DSP48_2_U | fir_multiband_mac_muladd_15s_16s_31s_32_4_1_DSP48_2_296 |          0 |          0 |       0 |    0 |    0 |      0 |      0 |          1 |
|   mac_muladd_15s_16s_31s_32_4_1_U171                      |          fir_multiband_mac_muladd_15s_16s_31s_32_4_1_96 |         32 |         32 |       0 |    0 |    0 |      0 |      0 |          1 |
|     fir_multiband_mac_muladd_15s_16s_31s_32_4_1_DSP48_2_U | fir_multiband_mac_muladd_15s_16s_31s_32_4_1_DSP48_2_295 |         32 |         32 |       0 |    0 |    0 |      0 |      0 |          1 |
|   mac_muladd_15s_16s_31s_32_4_1_U172                      |          fir_multiband_mac_muladd_15s_16s_31s_32_4_1_97 |          0 |          0 |       0 |    0 |    0 |      0 |      0 |          1 |
|     fir_multiband_mac_muladd_15s_16s_31s_32_4_1_DSP48_2_U | fir_multiband_mac_muladd_15s_16s_31s_32_4_1_DSP48_2_294 |          0 |          0 |       0 |    0 |    0 |      0 |      0 |          1 |
|   mac_muladd_15s_16s_31s_32_4_1_U173                      |          fir_multiband_mac_muladd_15s_16s_31s_32_4_1_98 |         32 |         32 |       0 |    0 |    0 |      0 |      0 |          1 |
|     fir_multiband_mac_muladd_15s_16s_31s_32_4_1_DSP48_2_U | fir_multiband_mac_muladd_15s_16s_31s_32_4_1_DSP48_2_293 |         32 |         32 |       0 |    0 |    0 |      0 |      0 |          1 |
|   mac_muladd_15s_16s_31s_32_4_1_U174                      |          fir_multiband_mac_muladd_15s_16s_31s_32_4_1_99 |          0 |          0 |       0 |    0 |    0 |      0 |      0 |          1 |
|     fir_multiband_mac_muladd_15s_16s_31s_32_4_1_DSP48_2_U | fir_multiband_mac_muladd_15s_16s_31s_32_4_1_DSP48_2_292 |          0 |          0 |       0 |    0 |    0 |      0 |      0 |          1 |
|   mac_muladd_15s_16s_31s_32_4_1_U175                      |         fir_multiband_mac_muladd_15s_16s_31s_32_4_1_100 |         32 |         32 |       0 |    0 |    0 |      0 |      0 |          1 |
|     fir_multiband_mac_muladd_15s_16s_31s_32_4_1_DSP48_2_U | fir_multiband_mac_muladd_15s_16s_31s_32_4_1_DSP48_2_291 |         32 |         32 |       0 |    0 |    0 |      0 |      0 |          1 |
|   mac_muladd_15s_16s_31s_32_4_1_U176                      |         fir_multiband_mac_muladd_15s_16s_31s_32_4_1_101 |          0 |          0 |       0 |    0 |    0 |      0 |      0 |          1 |
|     fir_multiband_mac_muladd_15s_16s_31s_32_4_1_DSP48_2_U | fir_multiband_mac_muladd_15s_16s_31s_32_4_1_DSP48_2_290 |          0 |          0 |       0 |    0 |    0 |      0 |      0 |          1 |
|   mac_muladd_15s_16s_31s_32_4_1_U177                      |         fir_multiband_mac_muladd_15s_16s_31s_32_4_1_102 |          0 |          0 |       0 |    0 |    0 |      0 |      0 |          1 |
|     fir_multiband_mac_muladd_15s_16s_31s_32_4_1_DSP48_2_U | fir_multiband_mac_muladd_15s_16s_31s_32_4_1_DSP48_2_289 |          0 |          0 |       0 |    0 |    0 |      0 |      0 |          1 |
|   mac_muladd_15s_16s_31s_32_4_1_U178                      |         fir_multiband_mac_muladd_15s_16s_31s_32_4_1_103 |          0 |          0 |       0 |    0 |    0 |      0 |      0 |          1 |
|     fir_multiband_mac_muladd_15s_16s_31s_32_4_1_DSP48_2_U | fir_multiband_mac_muladd_15s_16s_31s_32_4_1_DSP48_2_288 |          0 |          0 |       0 |    0 |    0 |      0 |      0 |          1 |
|   mac_muladd_15s_16s_31s_32_4_1_U179                      |         fir_multiband_mac_muladd_15s_16s_31s_32_4_1_104 |          0 |          0 |       0 |    0 |    0 |      0 |      0 |          1 |
|     fir_multiband_mac_muladd_15s_16s_31s_32_4_1_DSP48_2_U | fir_multiband_mac_muladd_15s_16s_31s_32_4_1_DSP48_2_287 |          0 |          0 |       0 |    0 |    0 |      0 |      0 |          1 |
|   mac_muladd_15s_16s_31s_32_4_1_U180                      |         fir_multiband_mac_muladd_15s_16s_31s_32_4_1_105 |         32 |         32 |       0 |    0 |    0 |      0 |      0 |          1 |
|     fir_multiband_mac_muladd_15s_16s_31s_32_4_1_DSP48_2_U | fir_multiband_mac_muladd_15s_16s_31s_32_4_1_DSP48_2_286 |         32 |         32 |       0 |    0 |    0 |      0 |      0 |          1 |
|   mac_muladd_15s_16s_31s_32_4_1_U181                      |         fir_multiband_mac_muladd_15s_16s_31s_32_4_1_106 |         32 |         32 |       0 |    0 |    0 |      0 |      0 |          1 |
|     fir_multiband_mac_muladd_15s_16s_31s_32_4_1_DSP48_2_U | fir_multiband_mac_muladd_15s_16s_31s_32_4_1_DSP48_2_285 |         32 |         32 |       0 |    0 |    0 |      0 |      0 |          1 |
|   mac_muladd_15s_16s_31s_32_4_1_U182                      |         fir_multiband_mac_muladd_15s_16s_31s_32_4_1_107 |         32 |         32 |       0 |    0 |    0 |      0 |      0 |          1 |
|     fir_multiband_mac_muladd_15s_16s_31s_32_4_1_DSP48_2_U | fir_multiband_mac_muladd_15s_16s_31s_32_4_1_DSP48_2_284 |         32 |         32 |       0 |    0 |    0 |      0 |      0 |          1 |
|   mac_muladd_15s_16s_31s_32_4_1_U183                      |         fir_multiband_mac_muladd_15s_16s_31s_32_4_1_108 |         32 |         32 |       0 |    0 |    0 |      0 |      0 |          1 |
|     fir_multiband_mac_muladd_15s_16s_31s_32_4_1_DSP48_2_U | fir_multiband_mac_muladd_15s_16s_31s_32_4_1_DSP48_2_283 |         32 |         32 |       0 |    0 |    0 |      0 |      0 |          1 |
|   mac_muladd_15s_16s_31s_32_4_1_U184                      |         fir_multiband_mac_muladd_15s_16s_31s_32_4_1_109 |         32 |         32 |       0 |    0 |    0 |      0 |      0 |          1 |
|     fir_multiband_mac_muladd_15s_16s_31s_32_4_1_DSP48_2_U | fir_multiband_mac_muladd_15s_16s_31s_32_4_1_DSP48_2_282 |         32 |         32 |       0 |    0 |    0 |      0 |      0 |          1 |
|   mac_muladd_15s_16s_31s_32_4_1_U185                      |         fir_multiband_mac_muladd_15s_16s_31s_32_4_1_110 |         32 |         32 |       0 |    0 |    0 |      0 |      0 |          1 |
|     fir_multiband_mac_muladd_15s_16s_31s_32_4_1_DSP48_2_U | fir_multiband_mac_muladd_15s_16s_31s_32_4_1_DSP48_2_281 |         32 |         32 |       0 |    0 |    0 |      0 |      0 |          1 |
|   mac_muladd_15s_16s_31s_32_4_1_U186                      |         fir_multiband_mac_muladd_15s_16s_31s_32_4_1_111 |          0 |          0 |       0 |    0 |    0 |      0 |      0 |          1 |
|     fir_multiband_mac_muladd_15s_16s_31s_32_4_1_DSP48_2_U | fir_multiband_mac_muladd_15s_16s_31s_32_4_1_DSP48_2_280 |          0 |          0 |       0 |    0 |    0 |      0 |      0 |          1 |
|   mac_muladd_15s_16s_31s_32_4_1_U187                      |         fir_multiband_mac_muladd_15s_16s_31s_32_4_1_112 |          0 |          0 |       0 |    0 |    0 |      0 |      0 |          1 |
|     fir_multiband_mac_muladd_15s_16s_31s_32_4_1_DSP48_2_U | fir_multiband_mac_muladd_15s_16s_31s_32_4_1_DSP48_2_279 |          0 |          0 |       0 |    0 |    0 |      0 |      0 |          1 |
|   mac_muladd_15s_16s_31s_32_4_1_U188                      |         fir_multiband_mac_muladd_15s_16s_31s_32_4_1_113 |          0 |          0 |       0 |    0 |    0 |      0 |      0 |          1 |
|     fir_multiband_mac_muladd_15s_16s_31s_32_4_1_DSP48_2_U | fir_multiband_mac_muladd_15s_16s_31s_32_4_1_DSP48_2_278 |          0 |          0 |       0 |    0 |    0 |      0 |      0 |          1 |
|   mac_muladd_15s_16s_31s_32_4_1_U189                      |         fir_multiband_mac_muladd_15s_16s_31s_32_4_1_114 |         32 |         32 |       0 |    0 |    0 |      0 |      0 |          1 |
|     fir_multiband_mac_muladd_15s_16s_31s_32_4_1_DSP48_2_U | fir_multiband_mac_muladd_15s_16s_31s_32_4_1_DSP48_2_277 |         32 |         32 |       0 |    0 |    0 |      0 |      0 |          1 |
|   mac_muladd_15s_16s_31s_32_4_1_U190                      |         fir_multiband_mac_muladd_15s_16s_31s_32_4_1_115 |          0 |          0 |       0 |    0 |    0 |      0 |      0 |          1 |
|     fir_multiband_mac_muladd_15s_16s_31s_32_4_1_DSP48_2_U | fir_multiband_mac_muladd_15s_16s_31s_32_4_1_DSP48_2_276 |          0 |          0 |       0 |    0 |    0 |      0 |      0 |          1 |
|   mac_muladd_15s_16s_31s_32_4_1_U191                      |         fir_multiband_mac_muladd_15s_16s_31s_32_4_1_116 |         32 |         32 |       0 |    0 |    0 |      0 |      0 |          1 |
|     fir_multiband_mac_muladd_15s_16s_31s_32_4_1_DSP48_2_U | fir_multiband_mac_muladd_15s_16s_31s_32_4_1_DSP48_2_275 |         32 |         32 |       0 |    0 |    0 |      0 |      0 |          1 |
|   mac_muladd_15s_16s_31s_32_4_1_U192                      |         fir_multiband_mac_muladd_15s_16s_31s_32_4_1_117 |          0 |          0 |       0 |    0 |    0 |      0 |      0 |          1 |
|     fir_multiband_mac_muladd_15s_16s_31s_32_4_1_DSP48_2_U | fir_multiband_mac_muladd_15s_16s_31s_32_4_1_DSP48_2_274 |          0 |          0 |       0 |    0 |    0 |      0 |      0 |          1 |
|   mac_muladd_15s_16s_31s_32_4_1_U193                      |         fir_multiband_mac_muladd_15s_16s_31s_32_4_1_118 |          0 |          0 |       0 |    0 |    0 |      0 |      0 |          1 |
|     fir_multiband_mac_muladd_15s_16s_31s_32_4_1_DSP48_2_U | fir_multiband_mac_muladd_15s_16s_31s_32_4_1_DSP48_2_273 |          0 |          0 |       0 |    0 |    0 |      0 |      0 |          1 |
|   mac_muladd_15s_16s_31s_32_4_1_U194                      |         fir_multiband_mac_muladd_15s_16s_31s_32_4_1_119 |          0 |          0 |       0 |    0 |    0 |      0 |      0 |          1 |
|     fir_multiband_mac_muladd_15s_16s_31s_32_4_1_DSP48_2_U | fir_multiband_mac_muladd_15s_16s_31s_32_4_1_DSP48_2_272 |          0 |          0 |       0 |    0 |    0 |      0 |      0 |          1 |
|   mac_muladd_15s_16s_31s_32_4_1_U195                      |         fir_multiband_mac_muladd_15s_16s_31s_32_4_1_120 |         32 |         32 |       0 |    0 |    0 |      0 |      0 |          1 |
|     fir_multiband_mac_muladd_15s_16s_31s_32_4_1_DSP48_2_U | fir_multiband_mac_muladd_15s_16s_31s_32_4_1_DSP48_2_271 |         32 |         32 |       0 |    0 |    0 |      0 |      0 |          1 |
|   mac_muladd_15s_16s_31s_32_4_1_U196                      |         fir_multiband_mac_muladd_15s_16s_31s_32_4_1_121 |          0 |          0 |       0 |    0 |    0 |      0 |      0 |          1 |
|     fir_multiband_mac_muladd_15s_16s_31s_32_4_1_DSP48_2_U | fir_multiband_mac_muladd_15s_16s_31s_32_4_1_DSP48_2_270 |          0 |          0 |       0 |    0 |    0 |      0 |      0 |          1 |
|   mac_muladd_15s_16s_31s_32_4_1_U197                      |         fir_multiband_mac_muladd_15s_16s_31s_32_4_1_122 |         32 |         32 |       0 |    0 |    0 |      0 |      0 |          1 |
|     fir_multiband_mac_muladd_15s_16s_31s_32_4_1_DSP48_2_U | fir_multiband_mac_muladd_15s_16s_31s_32_4_1_DSP48_2_269 |         32 |         32 |       0 |    0 |    0 |      0 |      0 |          1 |
|   mac_muladd_15s_16s_31s_32_4_1_U198                      |         fir_multiband_mac_muladd_15s_16s_31s_32_4_1_123 |          0 |          0 |       0 |    0 |    0 |      0 |      0 |          1 |
|     fir_multiband_mac_muladd_15s_16s_31s_32_4_1_DSP48_2_U | fir_multiband_mac_muladd_15s_16s_31s_32_4_1_DSP48_2_268 |          0 |          0 |       0 |    0 |    0 |      0 |      0 |          1 |
|   mac_muladd_15s_16s_31s_32_4_1_U199                      |         fir_multiband_mac_muladd_15s_16s_31s_32_4_1_124 |         32 |         32 |       0 |    0 |    0 |      0 |      0 |          1 |
|     fir_multiband_mac_muladd_15s_16s_31s_32_4_1_DSP48_2_U | fir_multiband_mac_muladd_15s_16s_31s_32_4_1_DSP48_2_267 |         32 |         32 |       0 |    0 |    0 |      0 |      0 |          1 |
|   mac_muladd_15s_16s_31s_32_4_1_U200                      |         fir_multiband_mac_muladd_15s_16s_31s_32_4_1_125 |         32 |         32 |       0 |    0 |    0 |      0 |      0 |          1 |
|     fir_multiband_mac_muladd_15s_16s_31s_32_4_1_DSP48_2_U | fir_multiband_mac_muladd_15s_16s_31s_32_4_1_DSP48_2_266 |         32 |         32 |       0 |    0 |    0 |      0 |      0 |          1 |
|   mac_muladd_15s_16s_31s_32_4_1_U201                      |         fir_multiband_mac_muladd_15s_16s_31s_32_4_1_126 |         32 |         32 |       0 |    0 |    0 |      0 |      0 |          1 |
|     fir_multiband_mac_muladd_15s_16s_31s_32_4_1_DSP48_2_U | fir_multiband_mac_muladd_15s_16s_31s_32_4_1_DSP48_2_265 |         32 |         32 |       0 |    0 |    0 |      0 |      0 |          1 |
|   mac_muladd_15s_16s_31s_32_4_1_U202                      |         fir_multiband_mac_muladd_15s_16s_31s_32_4_1_127 |          0 |          0 |       0 |    0 |    0 |      0 |      0 |          1 |
|     fir_multiband_mac_muladd_15s_16s_31s_32_4_1_DSP48_2_U | fir_multiband_mac_muladd_15s_16s_31s_32_4_1_DSP48_2_264 |          0 |          0 |       0 |    0 |    0 |      0 |      0 |          1 |
|   mac_muladd_15s_16s_31s_32_4_1_U203                      |         fir_multiband_mac_muladd_15s_16s_31s_32_4_1_128 |          0 |          0 |       0 |    0 |    0 |      0 |      0 |          1 |
|     fir_multiband_mac_muladd_15s_16s_31s_32_4_1_DSP48_2_U | fir_multiband_mac_muladd_15s_16s_31s_32_4_1_DSP48_2_263 |          0 |          0 |       0 |    0 |    0 |      0 |      0 |          1 |
|   mac_muladd_15s_16s_31s_32_4_1_U204                      |         fir_multiband_mac_muladd_15s_16s_31s_32_4_1_129 |         32 |         32 |       0 |    0 |    0 |      0 |      0 |          1 |
|     fir_multiband_mac_muladd_15s_16s_31s_32_4_1_DSP48_2_U |     fir_multiband_mac_muladd_15s_16s_31s_32_4_1_DSP48_2 |         32 |         32 |       0 |    0 |    0 |      0 |      0 |          1 |
|   mul_25s_24s_49_1_1_U8                                   |                        fir_multiband_mul_25s_24s_49_1_1 |         77 |         77 |       0 |    0 |    0 |      0 |      0 |          2 |
|     fir_multiband_mul_25s_24s_49_1_1_Multiplier_1_U       |           fir_multiband_mul_25s_24s_49_1_1_Multiplier_1 |         77 |         77 |       0 |    0 |    0 |      0 |      0 |          2 |
|   mul_49s_24s_72_5_1_U9                                   |                        fir_multiband_mul_49s_24s_72_5_1 |          2 |          2 |       0 |    0 |    0 |      0 |      0 |          3 |
|     fir_multiband_mul_49s_24s_72_5_1_Multiplier_2_U       |           fir_multiband_mul_49s_24s_72_5_1_Multiplier_2 |          2 |          2 |       0 |    0 |    0 |      0 |      0 |          3 |
|   mul_mul_15s_16s_31_4_1_U10                              |                    fir_multiband_mul_mul_15s_16s_31_4_1 |          0 |          0 |       0 |    0 |    0 |      0 |      0 |          1 |
|     fir_multiband_mul_mul_15s_16s_31_4_1_DSP48_0_U        |        fir_multiband_mul_mul_15s_16s_31_4_1_DSP48_0_262 |          0 |          0 |       0 |    0 |    0 |      0 |      0 |          1 |
|   mul_mul_15s_16s_31_4_1_U11                              |                fir_multiband_mul_mul_15s_16s_31_4_1_130 |          0 |          0 |       0 |    0 |    0 |      0 |      0 |          1 |
|     fir_multiband_mul_mul_15s_16s_31_4_1_DSP48_0_U        |        fir_multiband_mul_mul_15s_16s_31_4_1_DSP48_0_261 |          0 |          0 |       0 |    0 |    0 |      0 |      0 |          1 |
|   mul_mul_15s_16s_31_4_1_U12                              |                fir_multiband_mul_mul_15s_16s_31_4_1_131 |          0 |          0 |       0 |    0 |    0 |      0 |      0 |          1 |
|     fir_multiband_mul_mul_15s_16s_31_4_1_DSP48_0_U        |        fir_multiband_mul_mul_15s_16s_31_4_1_DSP48_0_260 |          0 |          0 |       0 |    0 |    0 |      0 |      0 |          1 |
|   mul_mul_15s_16s_31_4_1_U13                              |                fir_multiband_mul_mul_15s_16s_31_4_1_132 |          0 |          0 |       0 |    0 |    0 |      0 |      0 |          1 |
|     fir_multiband_mul_mul_15s_16s_31_4_1_DSP48_0_U        |        fir_multiband_mul_mul_15s_16s_31_4_1_DSP48_0_259 |          0 |          0 |       0 |    0 |    0 |      0 |      0 |          1 |
|   mul_mul_15s_16s_31_4_1_U14                              |                fir_multiband_mul_mul_15s_16s_31_4_1_133 |          0 |          0 |       0 |    0 |    0 |      0 |      0 |          1 |
|     fir_multiband_mul_mul_15s_16s_31_4_1_DSP48_0_U        |        fir_multiband_mul_mul_15s_16s_31_4_1_DSP48_0_258 |          0 |          0 |       0 |    0 |    0 |      0 |      0 |          1 |
|   mul_mul_15s_16s_31_4_1_U15                              |                fir_multiband_mul_mul_15s_16s_31_4_1_134 |          0 |          0 |       0 |    0 |    0 |      0 |      0 |          1 |
|     fir_multiband_mul_mul_15s_16s_31_4_1_DSP48_0_U        |        fir_multiband_mul_mul_15s_16s_31_4_1_DSP48_0_257 |          0 |          0 |       0 |    0 |    0 |      0 |      0 |          1 |
|   mul_mul_15s_16s_31_4_1_U16                              |                fir_multiband_mul_mul_15s_16s_31_4_1_135 |          0 |          0 |       0 |    0 |    0 |      0 |      0 |          1 |
|     fir_multiband_mul_mul_15s_16s_31_4_1_DSP48_0_U        |        fir_multiband_mul_mul_15s_16s_31_4_1_DSP48_0_256 |          0 |          0 |       0 |    0 |    0 |      0 |      0 |          1 |
|   mul_mul_15s_16s_31_4_1_U17                              |                fir_multiband_mul_mul_15s_16s_31_4_1_136 |          0 |          0 |       0 |    0 |    0 |      0 |      0 |          1 |
|     fir_multiband_mul_mul_15s_16s_31_4_1_DSP48_0_U        |        fir_multiband_mul_mul_15s_16s_31_4_1_DSP48_0_255 |          0 |          0 |       0 |    0 |    0 |      0 |      0 |          1 |
|   mul_mul_15s_16s_31_4_1_U18                              |                fir_multiband_mul_mul_15s_16s_31_4_1_137 |          0 |          0 |       0 |    0 |    0 |      0 |      0 |          1 |
|     fir_multiband_mul_mul_15s_16s_31_4_1_DSP48_0_U        |        fir_multiband_mul_mul_15s_16s_31_4_1_DSP48_0_254 |          0 |          0 |       0 |    0 |    0 |      0 |      0 |          1 |
|   mul_mul_15s_16s_31_4_1_U19                              |                fir_multiband_mul_mul_15s_16s_31_4_1_138 |          0 |          0 |       0 |    0 |    0 |      0 |      0 |          1 |
|     fir_multiband_mul_mul_15s_16s_31_4_1_DSP48_0_U        |        fir_multiband_mul_mul_15s_16s_31_4_1_DSP48_0_253 |          0 |          0 |       0 |    0 |    0 |      0 |      0 |          1 |
|   mul_mul_15s_16s_31_4_1_U20                              |                fir_multiband_mul_mul_15s_16s_31_4_1_139 |          0 |          0 |       0 |    0 |    0 |      0 |      0 |          1 |
|     fir_multiband_mul_mul_15s_16s_31_4_1_DSP48_0_U        |        fir_multiband_mul_mul_15s_16s_31_4_1_DSP48_0_252 |          0 |          0 |       0 |    0 |    0 |      0 |      0 |          1 |
|   mul_mul_15s_16s_31_4_1_U21                              |                fir_multiband_mul_mul_15s_16s_31_4_1_140 |          0 |          0 |       0 |    0 |    0 |      0 |      0 |          1 |
|     fir_multiband_mul_mul_15s_16s_31_4_1_DSP48_0_U        |        fir_multiband_mul_mul_15s_16s_31_4_1_DSP48_0_251 |          0 |          0 |       0 |    0 |    0 |      0 |      0 |          1 |
|   mul_mul_15s_16s_31_4_1_U22                              |                fir_multiband_mul_mul_15s_16s_31_4_1_141 |          0 |          0 |       0 |    0 |    0 |      0 |      0 |          1 |
|     fir_multiband_mul_mul_15s_16s_31_4_1_DSP48_0_U        |        fir_multiband_mul_mul_15s_16s_31_4_1_DSP48_0_250 |          0 |          0 |       0 |    0 |    0 |      0 |      0 |          1 |
|   mul_mul_15s_16s_31_4_1_U23                              |                fir_multiband_mul_mul_15s_16s_31_4_1_142 |          0 |          0 |       0 |    0 |    0 |      0 |      0 |          1 |
|     fir_multiband_mul_mul_15s_16s_31_4_1_DSP48_0_U        |        fir_multiband_mul_mul_15s_16s_31_4_1_DSP48_0_249 |          0 |          0 |       0 |    0 |    0 |      0 |      0 |          1 |
|   mul_mul_15s_16s_31_4_1_U24                              |                fir_multiband_mul_mul_15s_16s_31_4_1_143 |          0 |          0 |       0 |    0 |    0 |      0 |      0 |          1 |
|     fir_multiband_mul_mul_15s_16s_31_4_1_DSP48_0_U        |        fir_multiband_mul_mul_15s_16s_31_4_1_DSP48_0_248 |          0 |          0 |       0 |    0 |    0 |      0 |      0 |          1 |
|   mul_mul_15s_16s_31_4_1_U25                              |                fir_multiband_mul_mul_15s_16s_31_4_1_144 |          0 |          0 |       0 |    0 |    0 |      0 |      0 |          1 |
|     fir_multiband_mul_mul_15s_16s_31_4_1_DSP48_0_U        |        fir_multiband_mul_mul_15s_16s_31_4_1_DSP48_0_247 |          0 |          0 |       0 |    0 |    0 |      0 |      0 |          1 |
|   mul_mul_15s_16s_31_4_1_U26                              |                fir_multiband_mul_mul_15s_16s_31_4_1_145 |          0 |          0 |       0 |    0 |    0 |      0 |      0 |          1 |
|     fir_multiband_mul_mul_15s_16s_31_4_1_DSP48_0_U        |        fir_multiband_mul_mul_15s_16s_31_4_1_DSP48_0_246 |          0 |          0 |       0 |    0 |    0 |      0 |      0 |          1 |
|   mul_mul_15s_16s_31_4_1_U27                              |                fir_multiband_mul_mul_15s_16s_31_4_1_146 |          0 |          0 |       0 |    0 |    0 |      0 |      0 |          1 |
|     fir_multiband_mul_mul_15s_16s_31_4_1_DSP48_0_U        |        fir_multiband_mul_mul_15s_16s_31_4_1_DSP48_0_245 |          0 |          0 |       0 |    0 |    0 |      0 |      0 |          1 |
|   mul_mul_15s_16s_31_4_1_U28                              |                fir_multiband_mul_mul_15s_16s_31_4_1_147 |          0 |          0 |       0 |    0 |    0 |      0 |      0 |          1 |
|     fir_multiband_mul_mul_15s_16s_31_4_1_DSP48_0_U        |        fir_multiband_mul_mul_15s_16s_31_4_1_DSP48_0_244 |          0 |          0 |       0 |    0 |    0 |      0 |      0 |          1 |
|   mul_mul_15s_16s_31_4_1_U29                              |                fir_multiband_mul_mul_15s_16s_31_4_1_148 |          0 |          0 |       0 |    0 |    0 |      0 |      0 |          1 |
|     fir_multiband_mul_mul_15s_16s_31_4_1_DSP48_0_U        |        fir_multiband_mul_mul_15s_16s_31_4_1_DSP48_0_243 |          0 |          0 |       0 |    0 |    0 |      0 |      0 |          1 |
|   mul_mul_15s_16s_31_4_1_U30                              |                fir_multiband_mul_mul_15s_16s_31_4_1_149 |          0 |          0 |       0 |    0 |    0 |      0 |      0 |          1 |
|     fir_multiband_mul_mul_15s_16s_31_4_1_DSP48_0_U        |        fir_multiband_mul_mul_15s_16s_31_4_1_DSP48_0_242 |          0 |          0 |       0 |    0 |    0 |      0 |      0 |          1 |
|   mul_mul_15s_16s_31_4_1_U31                              |                fir_multiband_mul_mul_15s_16s_31_4_1_150 |          0 |          0 |       0 |    0 |    0 |      0 |      0 |          1 |
|     fir_multiband_mul_mul_15s_16s_31_4_1_DSP48_0_U        |        fir_multiband_mul_mul_15s_16s_31_4_1_DSP48_0_241 |          0 |          0 |       0 |    0 |    0 |      0 |      0 |          1 |
|   mul_mul_15s_16s_31_4_1_U32                              |                fir_multiband_mul_mul_15s_16s_31_4_1_151 |          0 |          0 |       0 |    0 |    0 |      0 |      0 |          1 |
|     fir_multiband_mul_mul_15s_16s_31_4_1_DSP48_0_U        |        fir_multiband_mul_mul_15s_16s_31_4_1_DSP48_0_240 |          0 |          0 |       0 |    0 |    0 |      0 |      0 |          1 |
|   mul_mul_15s_16s_31_4_1_U33                              |                fir_multiband_mul_mul_15s_16s_31_4_1_152 |          0 |          0 |       0 |    0 |    0 |      0 |      0 |          1 |
|     fir_multiband_mul_mul_15s_16s_31_4_1_DSP48_0_U        |        fir_multiband_mul_mul_15s_16s_31_4_1_DSP48_0_239 |          0 |          0 |       0 |    0 |    0 |      0 |      0 |          1 |
|   mul_mul_15s_16s_31_4_1_U34                              |                fir_multiband_mul_mul_15s_16s_31_4_1_153 |          0 |          0 |       0 |    0 |    0 |      0 |      0 |          1 |
|     fir_multiband_mul_mul_15s_16s_31_4_1_DSP48_0_U        |        fir_multiband_mul_mul_15s_16s_31_4_1_DSP48_0_238 |          0 |          0 |       0 |    0 |    0 |      0 |      0 |          1 |
|   mul_mul_15s_16s_31_4_1_U35                              |                fir_multiband_mul_mul_15s_16s_31_4_1_154 |          0 |          0 |       0 |    0 |    0 |      0 |      0 |          1 |
|     fir_multiband_mul_mul_15s_16s_31_4_1_DSP48_0_U        |        fir_multiband_mul_mul_15s_16s_31_4_1_DSP48_0_237 |          0 |          0 |       0 |    0 |    0 |      0 |      0 |          1 |
|   mul_mul_15s_16s_31_4_1_U36                              |                fir_multiband_mul_mul_15s_16s_31_4_1_155 |          0 |          0 |       0 |    0 |    0 |      0 |      0 |          1 |
|     fir_multiband_mul_mul_15s_16s_31_4_1_DSP48_0_U        |        fir_multiband_mul_mul_15s_16s_31_4_1_DSP48_0_236 |          0 |          0 |       0 |    0 |    0 |      0 |      0 |          1 |
|   mul_mul_15s_16s_31_4_1_U37                              |                fir_multiband_mul_mul_15s_16s_31_4_1_156 |          0 |          0 |       0 |    0 |    0 |      0 |      0 |          1 |
|     fir_multiband_mul_mul_15s_16s_31_4_1_DSP48_0_U        |        fir_multiband_mul_mul_15s_16s_31_4_1_DSP48_0_235 |          0 |          0 |       0 |    0 |    0 |      0 |      0 |          1 |
|   mul_mul_15s_16s_31_4_1_U38                              |                fir_multiband_mul_mul_15s_16s_31_4_1_157 |          0 |          0 |       0 |    0 |    0 |      0 |      0 |          1 |
|     fir_multiband_mul_mul_15s_16s_31_4_1_DSP48_0_U        |        fir_multiband_mul_mul_15s_16s_31_4_1_DSP48_0_234 |          0 |          0 |       0 |    0 |    0 |      0 |      0 |          1 |
|   mul_mul_15s_16s_31_4_1_U39                              |                fir_multiband_mul_mul_15s_16s_31_4_1_158 |          0 |          0 |       0 |    0 |    0 |      0 |      0 |          1 |
|     fir_multiband_mul_mul_15s_16s_31_4_1_DSP48_0_U        |        fir_multiband_mul_mul_15s_16s_31_4_1_DSP48_0_233 |          0 |          0 |       0 |    0 |    0 |      0 |      0 |          1 |
|   mul_mul_15s_16s_31_4_1_U40                              |                fir_multiband_mul_mul_15s_16s_31_4_1_159 |          0 |          0 |       0 |    0 |    0 |      0 |      0 |          1 |
|     fir_multiband_mul_mul_15s_16s_31_4_1_DSP48_0_U        |        fir_multiband_mul_mul_15s_16s_31_4_1_DSP48_0_232 |          0 |          0 |       0 |    0 |    0 |      0 |      0 |          1 |
|   mul_mul_15s_16s_31_4_1_U41                              |                fir_multiband_mul_mul_15s_16s_31_4_1_160 |          0 |          0 |       0 |    0 |    0 |      0 |      0 |          1 |
|     fir_multiband_mul_mul_15s_16s_31_4_1_DSP48_0_U        |        fir_multiband_mul_mul_15s_16s_31_4_1_DSP48_0_231 |          0 |          0 |       0 |    0 |    0 |      0 |      0 |          1 |
|   mul_mul_15s_16s_31_4_1_U42                              |                fir_multiband_mul_mul_15s_16s_31_4_1_161 |          0 |          0 |       0 |    0 |    0 |      0 |      0 |          1 |
|     fir_multiband_mul_mul_15s_16s_31_4_1_DSP48_0_U        |        fir_multiband_mul_mul_15s_16s_31_4_1_DSP48_0_230 |          0 |          0 |       0 |    0 |    0 |      0 |      0 |          1 |
|   mul_mul_15s_16s_31_4_1_U43                              |                fir_multiband_mul_mul_15s_16s_31_4_1_162 |          0 |          0 |       0 |    0 |    0 |      0 |      0 |          1 |
|     fir_multiband_mul_mul_15s_16s_31_4_1_DSP48_0_U        |        fir_multiband_mul_mul_15s_16s_31_4_1_DSP48_0_229 |          0 |          0 |       0 |    0 |    0 |      0 |      0 |          1 |
|   mul_mul_15s_16s_31_4_1_U44                              |                fir_multiband_mul_mul_15s_16s_31_4_1_163 |          0 |          0 |       0 |    0 |    0 |      0 |      0 |          1 |
|     fir_multiband_mul_mul_15s_16s_31_4_1_DSP48_0_U        |        fir_multiband_mul_mul_15s_16s_31_4_1_DSP48_0_228 |          0 |          0 |       0 |    0 |    0 |      0 |      0 |          1 |
|   mul_mul_15s_16s_31_4_1_U45                              |                fir_multiband_mul_mul_15s_16s_31_4_1_164 |          0 |          0 |       0 |    0 |    0 |      0 |      0 |          1 |
|     fir_multiband_mul_mul_15s_16s_31_4_1_DSP48_0_U        |        fir_multiband_mul_mul_15s_16s_31_4_1_DSP48_0_227 |          0 |          0 |       0 |    0 |    0 |      0 |      0 |          1 |
|   mul_mul_15s_16s_31_4_1_U46                              |                fir_multiband_mul_mul_15s_16s_31_4_1_165 |          0 |          0 |       0 |    0 |    0 |      0 |      0 |          1 |
|     fir_multiband_mul_mul_15s_16s_31_4_1_DSP48_0_U        |        fir_multiband_mul_mul_15s_16s_31_4_1_DSP48_0_226 |          0 |          0 |       0 |    0 |    0 |      0 |      0 |          1 |
|   mul_mul_15s_16s_31_4_1_U47                              |                fir_multiband_mul_mul_15s_16s_31_4_1_166 |          0 |          0 |       0 |    0 |    0 |      0 |      0 |          1 |
|     fir_multiband_mul_mul_15s_16s_31_4_1_DSP48_0_U        |        fir_multiband_mul_mul_15s_16s_31_4_1_DSP48_0_225 |          0 |          0 |       0 |    0 |    0 |      0 |      0 |          1 |
|   mul_mul_15s_16s_31_4_1_U48                              |                fir_multiband_mul_mul_15s_16s_31_4_1_167 |          0 |          0 |       0 |    0 |    0 |      0 |      0 |          1 |
|     fir_multiband_mul_mul_15s_16s_31_4_1_DSP48_0_U        |        fir_multiband_mul_mul_15s_16s_31_4_1_DSP48_0_224 |          0 |          0 |       0 |    0 |    0 |      0 |      0 |          1 |
|   mul_mul_15s_16s_31_4_1_U49                              |                fir_multiband_mul_mul_15s_16s_31_4_1_168 |          0 |          0 |       0 |    0 |    0 |      0 |      0 |          1 |
|     fir_multiband_mul_mul_15s_16s_31_4_1_DSP48_0_U        |        fir_multiband_mul_mul_15s_16s_31_4_1_DSP48_0_223 |          0 |          0 |       0 |    0 |    0 |      0 |      0 |          1 |
|   mul_mul_15s_16s_31_4_1_U50                              |                fir_multiband_mul_mul_15s_16s_31_4_1_169 |          0 |          0 |       0 |    0 |    0 |      0 |      0 |          1 |
|     fir_multiband_mul_mul_15s_16s_31_4_1_DSP48_0_U        |        fir_multiband_mul_mul_15s_16s_31_4_1_DSP48_0_222 |          0 |          0 |       0 |    0 |    0 |      0 |      0 |          1 |
|   mul_mul_15s_16s_31_4_1_U51                              |                fir_multiband_mul_mul_15s_16s_31_4_1_170 |          0 |          0 |       0 |    0 |    0 |      0 |      0 |          1 |
|     fir_multiband_mul_mul_15s_16s_31_4_1_DSP48_0_U        |        fir_multiband_mul_mul_15s_16s_31_4_1_DSP48_0_221 |          0 |          0 |       0 |    0 |    0 |      0 |      0 |          1 |
|   mul_mul_15s_16s_31_4_1_U52                              |                fir_multiband_mul_mul_15s_16s_31_4_1_171 |          0 |          0 |       0 |    0 |    0 |      0 |      0 |          1 |
|     fir_multiband_mul_mul_15s_16s_31_4_1_DSP48_0_U        |        fir_multiband_mul_mul_15s_16s_31_4_1_DSP48_0_220 |          0 |          0 |       0 |    0 |    0 |      0 |      0 |          1 |
|   mul_mul_15s_16s_31_4_1_U53                              |                fir_multiband_mul_mul_15s_16s_31_4_1_172 |          0 |          0 |       0 |    0 |    0 |      0 |      0 |          1 |
|     fir_multiband_mul_mul_15s_16s_31_4_1_DSP48_0_U        |        fir_multiband_mul_mul_15s_16s_31_4_1_DSP48_0_219 |          0 |          0 |       0 |    0 |    0 |      0 |      0 |          1 |
|   mul_mul_15s_16s_31_4_1_U54                              |                fir_multiband_mul_mul_15s_16s_31_4_1_173 |          0 |          0 |       0 |    0 |    0 |      0 |      0 |          1 |
|     fir_multiband_mul_mul_15s_16s_31_4_1_DSP48_0_U        |        fir_multiband_mul_mul_15s_16s_31_4_1_DSP48_0_218 |          0 |          0 |       0 |    0 |    0 |      0 |      0 |          1 |
|   mul_mul_15s_16s_31_4_1_U55                              |                fir_multiband_mul_mul_15s_16s_31_4_1_174 |          0 |          0 |       0 |    0 |    0 |      0 |      0 |          1 |
|     fir_multiband_mul_mul_15s_16s_31_4_1_DSP48_0_U        |        fir_multiband_mul_mul_15s_16s_31_4_1_DSP48_0_217 |          0 |          0 |       0 |    0 |    0 |      0 |      0 |          1 |
|   mul_mul_15s_16s_31_4_1_U56                              |                fir_multiband_mul_mul_15s_16s_31_4_1_175 |          0 |          0 |       0 |    0 |    0 |      0 |      0 |          1 |
|     fir_multiband_mul_mul_15s_16s_31_4_1_DSP48_0_U        |        fir_multiband_mul_mul_15s_16s_31_4_1_DSP48_0_216 |          0 |          0 |       0 |    0 |    0 |      0 |      0 |          1 |
|   mul_mul_15s_16s_31_4_1_U57                              |                fir_multiband_mul_mul_15s_16s_31_4_1_176 |          0 |          0 |       0 |    0 |    0 |      0 |      0 |          1 |
|     fir_multiband_mul_mul_15s_16s_31_4_1_DSP48_0_U        |        fir_multiband_mul_mul_15s_16s_31_4_1_DSP48_0_215 |          0 |          0 |       0 |    0 |    0 |      0 |      0 |          1 |
|   mul_mul_15s_16s_31_4_1_U58                              |                fir_multiband_mul_mul_15s_16s_31_4_1_177 |          0 |          0 |       0 |    0 |    0 |      0 |      0 |          1 |
|     fir_multiband_mul_mul_15s_16s_31_4_1_DSP48_0_U        |        fir_multiband_mul_mul_15s_16s_31_4_1_DSP48_0_214 |          0 |          0 |       0 |    0 |    0 |      0 |      0 |          1 |
|   mul_mul_15s_16s_31_4_1_U59                              |                fir_multiband_mul_mul_15s_16s_31_4_1_178 |          0 |          0 |       0 |    0 |    0 |      0 |      0 |          1 |
|     fir_multiband_mul_mul_15s_16s_31_4_1_DSP48_0_U        |        fir_multiband_mul_mul_15s_16s_31_4_1_DSP48_0_213 |          0 |          0 |       0 |    0 |    0 |      0 |      0 |          1 |
|   mul_mul_15s_16s_31_4_1_U60                              |                fir_multiband_mul_mul_15s_16s_31_4_1_179 |          0 |          0 |       0 |    0 |    0 |      0 |      0 |          1 |
|     fir_multiband_mul_mul_15s_16s_31_4_1_DSP48_0_U        |        fir_multiband_mul_mul_15s_16s_31_4_1_DSP48_0_212 |          0 |          0 |       0 |    0 |    0 |      0 |      0 |          1 |
|   mul_mul_15s_16s_31_4_1_U61                              |                fir_multiband_mul_mul_15s_16s_31_4_1_180 |          0 |          0 |       0 |    0 |    0 |      0 |      0 |          1 |
|     fir_multiband_mul_mul_15s_16s_31_4_1_DSP48_0_U        |        fir_multiband_mul_mul_15s_16s_31_4_1_DSP48_0_211 |          0 |          0 |       0 |    0 |    0 |      0 |      0 |          1 |
|   mul_mul_15s_16s_31_4_1_U62                              |                fir_multiband_mul_mul_15s_16s_31_4_1_181 |          0 |          0 |       0 |    0 |    0 |      0 |      0 |          1 |
|     fir_multiband_mul_mul_15s_16s_31_4_1_DSP48_0_U        |        fir_multiband_mul_mul_15s_16s_31_4_1_DSP48_0_210 |          0 |          0 |       0 |    0 |    0 |      0 |      0 |          1 |
|   mul_mul_15s_16s_31_4_1_U63                              |                fir_multiband_mul_mul_15s_16s_31_4_1_182 |          0 |          0 |       0 |    0 |    0 |      0 |      0 |          1 |
|     fir_multiband_mul_mul_15s_16s_31_4_1_DSP48_0_U        |        fir_multiband_mul_mul_15s_16s_31_4_1_DSP48_0_209 |          0 |          0 |       0 |    0 |    0 |      0 |      0 |          1 |
|   mul_mul_15s_16s_31_4_1_U64                              |                fir_multiband_mul_mul_15s_16s_31_4_1_183 |          0 |          0 |       0 |    0 |    0 |      0 |      0 |          1 |
|     fir_multiband_mul_mul_15s_16s_31_4_1_DSP48_0_U        |        fir_multiband_mul_mul_15s_16s_31_4_1_DSP48_0_208 |          0 |          0 |       0 |    0 |    0 |      0 |      0 |          1 |
|   mul_mul_15s_16s_31_4_1_U65                              |                fir_multiband_mul_mul_15s_16s_31_4_1_184 |          0 |          0 |       0 |    0 |    0 |      0 |      0 |          1 |
|     fir_multiband_mul_mul_15s_16s_31_4_1_DSP48_0_U        |        fir_multiband_mul_mul_15s_16s_31_4_1_DSP48_0_207 |          0 |          0 |       0 |    0 |    0 |      0 |      0 |          1 |
|   mul_mul_15s_16s_31_4_1_U66                              |                fir_multiband_mul_mul_15s_16s_31_4_1_185 |          0 |          0 |       0 |    0 |    0 |      0 |      0 |          1 |
|     fir_multiband_mul_mul_15s_16s_31_4_1_DSP48_0_U        |        fir_multiband_mul_mul_15s_16s_31_4_1_DSP48_0_206 |          0 |          0 |       0 |    0 |    0 |      0 |      0 |          1 |
|   mul_mul_15s_16s_31_4_1_U67                              |                fir_multiband_mul_mul_15s_16s_31_4_1_186 |          0 |          0 |       0 |    0 |    0 |      0 |      0 |          1 |
|     fir_multiband_mul_mul_15s_16s_31_4_1_DSP48_0_U        |        fir_multiband_mul_mul_15s_16s_31_4_1_DSP48_0_205 |          0 |          0 |       0 |    0 |    0 |      0 |      0 |          1 |
|   mul_mul_15s_16s_31_4_1_U68                              |                fir_multiband_mul_mul_15s_16s_31_4_1_187 |          0 |          0 |       0 |    0 |    0 |      0 |      0 |          1 |
|     fir_multiband_mul_mul_15s_16s_31_4_1_DSP48_0_U        |        fir_multiband_mul_mul_15s_16s_31_4_1_DSP48_0_204 |          0 |          0 |       0 |    0 |    0 |      0 |      0 |          1 |
|   mul_mul_15s_16s_31_4_1_U69                              |                fir_multiband_mul_mul_15s_16s_31_4_1_188 |          0 |          0 |       0 |    0 |    0 |      0 |      0 |          1 |
|     fir_multiband_mul_mul_15s_16s_31_4_1_DSP48_0_U        |        fir_multiband_mul_mul_15s_16s_31_4_1_DSP48_0_203 |          0 |          0 |       0 |    0 |    0 |      0 |      0 |          1 |
|   mul_mul_15s_16s_31_4_1_U70                              |                fir_multiband_mul_mul_15s_16s_31_4_1_189 |          0 |          0 |       0 |    0 |    0 |      0 |      0 |          1 |
|     fir_multiband_mul_mul_15s_16s_31_4_1_DSP48_0_U        |        fir_multiband_mul_mul_15s_16s_31_4_1_DSP48_0_202 |          0 |          0 |       0 |    0 |    0 |      0 |      0 |          1 |
|   mul_mul_15s_16s_31_4_1_U71                              |                fir_multiband_mul_mul_15s_16s_31_4_1_190 |          0 |          0 |       0 |    0 |    0 |      0 |      0 |          1 |
|     fir_multiband_mul_mul_15s_16s_31_4_1_DSP48_0_U        |        fir_multiband_mul_mul_15s_16s_31_4_1_DSP48_0_201 |          0 |          0 |       0 |    0 |    0 |      0 |      0 |          1 |
|   mul_mul_15s_16s_31_4_1_U72                              |                fir_multiband_mul_mul_15s_16s_31_4_1_191 |          0 |          0 |       0 |    0 |    0 |      0 |      0 |          1 |
|     fir_multiband_mul_mul_15s_16s_31_4_1_DSP48_0_U        |        fir_multiband_mul_mul_15s_16s_31_4_1_DSP48_0_200 |          0 |          0 |       0 |    0 |    0 |      0 |      0 |          1 |
|   mul_mul_15s_16s_31_4_1_U73                              |                fir_multiband_mul_mul_15s_16s_31_4_1_192 |          0 |          0 |       0 |    0 |    0 |      0 |      0 |          1 |
|     fir_multiband_mul_mul_15s_16s_31_4_1_DSP48_0_U        |        fir_multiband_mul_mul_15s_16s_31_4_1_DSP48_0_199 |          0 |          0 |       0 |    0 |    0 |      0 |      0 |          1 |
|   mul_mul_15s_16s_31_4_1_U74                              |                fir_multiband_mul_mul_15s_16s_31_4_1_193 |          0 |          0 |       0 |    0 |    0 |      0 |      0 |          1 |
|     fir_multiband_mul_mul_15s_16s_31_4_1_DSP48_0_U        |        fir_multiband_mul_mul_15s_16s_31_4_1_DSP48_0_198 |          0 |          0 |       0 |    0 |    0 |      0 |      0 |          1 |
|   mul_mul_15s_16s_31_4_1_U75                              |                fir_multiband_mul_mul_15s_16s_31_4_1_194 |          0 |          0 |       0 |    0 |    0 |      0 |      0 |          1 |
|     fir_multiband_mul_mul_15s_16s_31_4_1_DSP48_0_U        |        fir_multiband_mul_mul_15s_16s_31_4_1_DSP48_0_197 |          0 |          0 |       0 |    0 |    0 |      0 |      0 |          1 |
|   mul_mul_15s_16s_31_4_1_U76                              |                fir_multiband_mul_mul_15s_16s_31_4_1_195 |          0 |          0 |       0 |    0 |    0 |      0 |      0 |          1 |
|     fir_multiband_mul_mul_15s_16s_31_4_1_DSP48_0_U        |            fir_multiband_mul_mul_15s_16s_31_4_1_DSP48_0 |          0 |          0 |       0 |    0 |    0 |      0 |      0 |          1 |
|   mux_42_24_1_1_U6                                        |                             fir_multiband_mux_42_24_1_1 |         56 |         56 |       0 |    0 |    0 |      0 |      0 |          0 |
|   mux_42_24_1_1_U7                                        |                         fir_multiband_mux_42_24_1_1_196 |         16 |         16 |       0 |    0 |    0 |      0 |      0 |          0 |
|   mux_42_40_1_1_U5                                        |                             fir_multiband_mux_42_40_1_1 |         44 |         44 |       0 |    0 |    0 |      0 |      0 |          0 |
|   mux_564_16_1_1_U4                                       |                            fir_multiband_mux_564_16_1_1 |         16 |         16 |       0 |    0 |    0 |      0 |      0 |          0 |
|   out_r_m_axi_U                                           |                               fir_multiband_out_r_m_axi |        417 |        378 |       0 |   39 |  527 |      0 |      1 |          0 |
|     bus_read                                              |                          fir_multiband_out_r_m_axi_read |         17 |         17 |       0 |    0 |   16 |      0 |      0 |          0 |
|       (bus_read)                                          |                          fir_multiband_out_r_m_axi_read |          0 |          0 |       0 |    0 |    2 |      0 |      0 |          0 |
|       buff_rdata                                          |        fir_multiband_out_r_m_axi_buffer__parameterized0 |         15 |         15 |       0 |    0 |   11 |      0 |      0 |          0 |
|       rs_rdata                                            |     fir_multiband_out_r_m_axi_reg_slice__parameterized0 |          2 |          2 |       0 |    0 |    3 |      0 |      0 |          0 |
|     bus_write                                             |                         fir_multiband_out_r_m_axi_write |        389 |        350 |       0 |   39 |  502 |      0 |      1 |          0 |
|       (bus_write)                                         |                         fir_multiband_out_r_m_axi_write |        116 |        116 |       0 |    0 |  306 |      0 |      0 |          0 |
|       buff_wdata                                          |                        fir_multiband_out_r_m_axi_buffer |         49 |         49 |       0 |    0 |   63 |      0 |      1 |          0 |
|       bus_wide_gen.fifo_burst                             |                          fir_multiband_out_r_m_axi_fifo |         41 |         36 |       0 |    5 |   11 |      0 |      0 |          0 |
|       fifo_resp                                           |          fir_multiband_out_r_m_axi_fifo__parameterized1 |         20 |         18 |       0 |    2 |    9 |      0 |      0 |          0 |
|       fifo_resp_to_user                                   |          fir_multiband_out_r_m_axi_fifo__parameterized2 |          9 |          9 |       0 |    0 |    6 |      0 |      0 |          0 |
|       fifo_wreq                                           |          fir_multiband_out_r_m_axi_fifo__parameterized0 |        110 |         78 |       0 |   32 |   38 |      0 |      0 |          0 |
|       rs_wreq                                             |                     fir_multiband_out_r_m_axi_reg_slice |         44 |         44 |       0 |    0 |   69 |      0 |      0 |          0 |
|     wreq_throttle                                         |                      fir_multiband_out_r_m_axi_throttle |         12 |         12 |       0 |    0 |    9 |      0 |      0 |          0 |
|   urem_8ns_4ns_8_12_1_U1                                  |                       fir_multiband_urem_8ns_4ns_8_12_1 |         56 |         48 |       0 |    8 |   39 |      0 |      0 |          0 |
|     fir_multiband_urem_8ns_4ns_8_12_1_div_U               |                   fir_multiband_urem_8ns_4ns_8_12_1_div |         56 |         48 |       0 |    8 |   39 |      0 |      0 |          0 |
|       (fir_multiband_urem_8ns_4ns_8_12_1_div_U)           |                   fir_multiband_urem_8ns_4ns_8_12_1_div |          3 |          3 |       0 |    0 |    3 |      0 |      0 |          0 |
|       fir_multiband_urem_8ns_4ns_8_12_1_div_u_0           |                 fir_multiband_urem_8ns_4ns_8_12_1_div_u |         53 |         45 |       0 |    8 |   36 |      0 |      0 |          0 |
+-----------------------------------------------------------+---------------------------------------------------------+------------+------------+---------+------+------+--------+--------+------------+


