

================================================================
== Synthesis Summary Report of 'fir_multiband'
================================================================
+ General Information: 
    * Date:           Wed Oct  7 19:26:48 2026
    * Version:        2020.2 (Build 3064766 on Wed Nov 18 09:12:45 MST 2020)
    * Project:        synth_proj
    * Solution:       solution1 (Vivado IP Flow Target)
    * Product family: zynq
    * Target device:  xc7z020-clg400-1
    

+ Performance & Resource Estimates: 
    
    PS: '+' for module; 'o' for loop; '*' for dataflow
    +-----------------------+------+-------+---------+---------+----------+---------+------+----------+-----------+-----------+-------------+------------+-----+
    |        Modules        | Issue|       | Latency | Latency | Iteration|         | Trip |          |           |           |             |            |     |
    |        & Loops        | Type | Slack | (cycles)|   (ns)  |  Latency | Interval| Count| Pipelined|   BRAM    |    DSP    |      FF     |     LUT    | URAM|
    +-----------------------+------+-------+---------+---------+----------+---------+------+----------+-----------+-----------+-------------+------------+-----+
    |+ fir_multiband        |     -|  -0.33|        -|        -|         -|        -|     -|        no|  194 (69%)|  197 (89%)|  12454 (11%)|  8619 (16%)|    -|
    | o VITIS_LOOP_270_3    |     -|  -7.30|        -|        -|        28|        -|     -|        no|          -|          -|            -|           -|    -|
    |  o VITIS_LOOP_324_5   |     -|  -7.30|       11|  110.000|        10|        1|     3|       yes|          -|          -|            -|           -|    -|
    |  o VITIS_LOOP_399_10  |     -|  -7.30|       12|  120.000|        10|        1|     4|       yes|          -|          -|            -|           -|    -|
    +-----------------------+------+-------+---------+---------+----------+---------+------+----------+-----------+-----------+-------------+------------+-----+

