

================================================================
== Synthesis Summary Report of 'fir_multiband'
================================================================
+ General Information: 
    * Date:           Fri Oct  9 21:13:42 2026
    * Version:        2020.2 (Build 3064766 on Wed Nov 18 09:12:45 MST 2020)
    * Project:        synth_proj
    * Solution:       solution1 (Vivado IP Flow Target)
    * Product family: zynq
    * Target device:  xc7z020-clg400-1
    

+ Performance & Resource Estimates: 
    
    PS: '+' for module; 'o' for loop; '*' for dataflow
    +-----------------------+--------+-------+---------+---------+----------+---------+------+----------+-----------+-----------+-------------+-------------+-----+
    |        Modules        |  Issue |       | Latency | Latency | Iteration|         | Trip |          |           |           |             |             |     |
    |        & Loops        |  Type  | Slack | (cycles)|   (ns)  |  Latency | Interval| Count| Pipelined|   BRAM    |    DSP    |      FF     |     LUT     | URAM|
    +-----------------------+--------+-------+---------+---------+----------+---------+------+----------+-----------+-----------+-------------+-------------+-----+
    |+ fir_multiband        |  Timing|   0.00|        -|        -|         -|        -|     -|        no|  202 (72%)|  198 (90%)|  13864 (13%)|  10229 (19%)|    -|
    | o VITIS_LOOP_287_3    |       -|  -7.30|        -|        -|        35|        -|     -|        no|          -|          -|            -|            -|    -|
    |  o VITIS_LOOP_341_5   |       -|  -7.30|       11|  110.000|        10|        1|     3|       yes|          -|          -|            -|            -|    -|
    |  o VITIS_LOOP_433_10  |       -|  -7.30|       16|  160.000|        14|        1|     4|       yes|          -|          -|            -|            -|    -|
    +-----------------------+--------+-------+---------+---------+----------+---------+------+----------+-----------+-----------+-------------+-------------+-----+

