

================================================================
== Vitis HLS Report for 'fir_multiband'
================================================================
* Date:           Tue Sep 29 16:49:12 2026

* Version:        2020.2 (Build 3064766 on Wed Nov 18 09:12:45 MST 2020)
* Project:        synth_proj
* Solution:       solution1 (Vivado IP Flow Target)
* Product family: zynq
* Target device:  xc7z020-clg400-1


================================================================
== Performance Estimates
================================================================
+ Timing: 
    * Summary: 
    +--------+----------+----------+------------+
    |  Clock |  Target  | Estimated| Uncertainty|
    +--------+----------+----------+------------+
    |ap_clk  |  10.00 ns|  8.424 ns|     2.70 ns|
    +--------+----------+----------+------------+

+ Latency: 
    * Summary: 
    +---------+---------+----------+----------+-----+-----+---------+
    |  Latency (cycles) |  Latency (absolute) |  Interval | Pipeline|
    |   min   |   max   |    min   |    max   | min | max |   Type  |
    +---------+---------+----------+----------+-----+-----+---------+
    |        ?|        ?|         ?|         ?|    ?|    ?|     none|
    +---------+---------+----------+----------+-----+-----+---------+

    + Detail: 
        * Instance: 
        N/A

        * Loop: 
        +-----------------------+---------+---------+----------+-----------+-----------+------+----------+
        |                       |  Latency (cycles) | Iteration|  Initiation Interval  | Trip |          |
        |       Loop Name       |   min   |   max   |  Latency |  achieved |   target  | Count| Pipelined|
        +-----------------------+---------+---------+----------+-----------+-----------+------+----------+
        |- VITIS_LOOP_117_1     |       65|       65|         1|          1|          1|    65|       yes|
        |- VITIS_LOOP_121_2     |        ?|        ?|      1247|          -|          -|     ?|        no|
        | + VITIS_LOOP_128_3    |      768|      768|        12|          -|          -|    64|        no|
        | + VITIS_LOOP_135_4    |      464|      464|       116|          -|          -|     4|        no|
        |  ++ VITIS_LOOP_139_5  |        5|        5|         1|          -|          -|     5|        no|
        |  ++ VITIS_LOOP_179_7  |       40|       40|         8|          -|          -|     5|        no|
        +-----------------------+---------+---------+----------+-----------+-----------+------+----------+



================================================================
== Utilization Estimates
================================================================
* Summary: 
+-----------------+---------+-----+--------+-------+-----+
|       Name      | BRAM_18K| DSP |   FF   |  LUT  | URAM|
+-----------------+---------+-----+--------+-------+-----+
|DSP              |        -|    -|       -|      -|    -|
|Expression       |        -|    -|       0|    893|    -|
|FIFO             |        -|    -|       -|      -|    -|
|Instance         |        -|   42|    3378|   7147|    -|
|Memory           |       18|    -|     384|     38|    -|
|Multiplexer      |        -|    -|       -|   2617|    -|
|Register         |        -|    -|    5798|      -|    -|
+-----------------+---------+-----+--------+-------+-----+
|Total            |       18|   42|    9560|  10695|    0|
+-----------------+---------+-----+--------+-------+-----+
|Available        |      280|  220|  106400|  53200|    0|
+-----------------+---------+-----+--------+-------+-----+
|Utilization (%)  |        6|   19|       8|     20|    0|
+-----------------+---------+-----+--------+-------+-----+

+ Detail: 
    * Instance: 
    +--------------------------------------+----------------------------------+---------+----+-----+-----+-----+
    |               Instance               |              Module              | BRAM_18K| DSP|  FF | LUT | URAM|
    +--------------------------------------+----------------------------------+---------+----+-----+-----+-----+
    |facc_32ns_32ns_1ns_32_6_no_dsp_1_U22  |facc_32ns_32ns_1ns_32_6_no_dsp_1  |        0|   0|  312|  721|    0|
    |facc_32ns_32ns_1ns_32_6_no_dsp_1_U23  |facc_32ns_32ns_1ns_32_6_no_dsp_1  |        0|   0|  312|  721|    0|
    |fadd_32ns_32ns_32_5_full_dsp_1_U11    |fadd_32ns_32ns_32_5_full_dsp_1    |        0|   2|  205|  390|    0|
    |fadd_32ns_32ns_32_5_full_dsp_1_U12    |fadd_32ns_32ns_32_5_full_dsp_1    |        0|   2|  205|  390|    0|
    |fadd_32ns_32ns_32_5_full_dsp_1_U13    |fadd_32ns_32ns_32_5_full_dsp_1    |        0|   2|  205|  390|    0|
    |fadd_32ns_32ns_32_5_full_dsp_1_U14    |fadd_32ns_32ns_32_5_full_dsp_1    |        0|   2|  205|  390|    0|
    |fadd_32ns_32ns_32_5_full_dsp_1_U15    |fadd_32ns_32ns_32_5_full_dsp_1    |        0|   2|  205|  390|    0|
    |fadd_32ns_32ns_32_5_full_dsp_1_U16    |fadd_32ns_32ns_32_5_full_dsp_1    |        0|   2|  205|  390|    0|
    |fcmp_32ns_32ns_1_2_no_dsp_1_U17       |fcmp_32ns_32ns_1_2_no_dsp_1       |        0|   0|    0|    0|    0|
    |fmul_32ns_32ns_32_4_max_dsp_1_U1      |fmul_32ns_32ns_32_4_max_dsp_1     |        0|   3|  143|  321|    0|
    |fmul_32ns_32ns_32_4_max_dsp_1_U2      |fmul_32ns_32ns_32_4_max_dsp_1     |        0|   3|  143|  321|    0|
    |fmul_32ns_32ns_32_4_max_dsp_1_U3      |fmul_32ns_32ns_32_4_max_dsp_1     |        0|   3|  143|  321|    0|
    |fmul_32ns_32ns_32_4_max_dsp_1_U4      |fmul_32ns_32ns_32_4_max_dsp_1     |        0|   3|  143|  321|    0|
    |fmul_32ns_32ns_32_4_max_dsp_1_U5      |fmul_32ns_32ns_32_4_max_dsp_1     |        0|   3|  143|  321|    0|
    |fmul_32ns_32ns_32_4_max_dsp_1_U6      |fmul_32ns_32ns_32_4_max_dsp_1     |        0|   3|  143|  321|    0|
    |fmul_32ns_32ns_32_4_max_dsp_1_U7      |fmul_32ns_32ns_32_4_max_dsp_1     |        0|   3|  143|  321|    0|
    |fmul_32ns_32ns_32_4_max_dsp_1_U8      |fmul_32ns_32ns_32_4_max_dsp_1     |        0|   3|  143|  321|    0|
    |fmul_32ns_32ns_32_4_max_dsp_1_U9      |fmul_32ns_32ns_32_4_max_dsp_1     |        0|   3|  143|  321|    0|
    |fmul_32ns_32ns_32_4_max_dsp_1_U10     |fmul_32ns_32ns_32_4_max_dsp_1     |        0|   3|  143|  321|    0|
    |mul_6ns_8ns_13_1_1_U19                |mul_6ns_8ns_13_1_1                |        0|   0|    0|   41|    0|
    |mul_7ns_9ns_15_1_1_U20                |mul_7ns_9ns_15_1_1                |        0|   0|    0|   51|    0|
    |mux_564_32_1_1_U21                    |mux_564_32_1_1                    |        0|   0|    0|   25|    0|
    |urem_7ns_4ns_7_11_seq_1_U18           |urem_7ns_4ns_7_11_seq_1           |        0|   0|   94|   38|    0|
    +--------------------------------------+----------------------------------+---------+----+-----+-----+-----+
    |Total                                 |                                  |        0|  42| 3378| 7147|    0|
    +--------------------------------------+----------------------------------+---------+----+-----+-----+-----+

    * DSP: 
    N/A

    * Memory: 
    +--------------+------------+---------+----+----+-----+------+-----+------+-------------+
    |    Memory    |   Module   | BRAM_18K| FF | LUT| URAM| Words| Bits| Banks| W*Bits*Banks|
    +--------------+------------+---------+----+----+-----+------+-----+------+-------------+
    |FIR_COEFFS_U  |FIR_COEFFS  |       18|   0|   0|    0|   260|   32|     1|         8320|
    |hist_0_U      |hist_0      |        0|  64|   7|    0|    13|   32|     1|          416|
    |hist_1_U      |hist_1      |        0|  64|   7|    0|    13|   32|     1|          416|
    |hist_2_U      |hist_1      |        0|  64|   7|    0|    13|   32|     1|          416|
    |hist_3_U      |hist_1      |        0|  64|   7|    0|    13|   32|     1|          416|
    |hist_4_U      |hist_1      |        0|  64|   7|    0|    13|   32|     1|          416|
    |y_U           |y           |        0|  64|   3|    0|     5|   32|     1|          160|
    +--------------+------------+---------+----+----+-----+------+-----+------+-------------+
    |Total         |            |       18| 384|  38|    0|   330|  224|     7|        10560|
    +--------------+------------+---------+----+----+-----+------+-----+------+-------------+

    * FIFO: 
    N/A

    * Expression: 
    +-------------------------+----------+----+---+----+------------+------------+
    |      Variable Name      | Operation| DSP| FF| LUT| Bitwidth P0| Bitwidth P1|
    +-------------------------+----------+----+---+----+------------+------------+
    |add_ln117_fu_1936_p2     |         +|   0|  0|  14|           7|           1|
    |add_ln118_fu_1952_p2     |         +|   0|  0|  17|          14|           8|
    |add_ln121_fu_2001_p2     |         +|   0|  0|  39|          32|           1|
    |add_ln128_fu_2018_p2     |         +|   0|  0|  14|           7|           2|
    |add_ln129_fu_2034_p2     |         +|   0|  0|  14|           6|           2|
    |add_ln135_fu_2124_p2     |         +|   0|  0|  11|           3|           1|
    |add_ln139_fu_2516_p2     |         +|   0|  0|  11|           3|           1|
    |add_ln159_10_fu_2252_p2  |         +|   0|  0|  14|           9|           4|
    |add_ln159_11_fu_2263_p2  |         +|   0|  0|  14|           9|           4|
    |add_ln159_12_fu_2274_p2  |         +|   0|  0|  14|           9|           4|
    |add_ln159_13_fu_2285_p2  |         +|   0|  0|  14|           9|           4|
    |add_ln159_14_fu_2296_p2  |         +|   0|  0|  14|           9|           4|
    |add_ln159_15_fu_2307_p2  |         +|   0|  0|  14|           9|           4|
    |add_ln159_16_fu_2318_p2  |         +|   0|  0|  14|           9|           5|
    |add_ln159_17_fu_2329_p2  |         +|   0|  0|  14|           9|           5|
    |add_ln159_18_fu_2340_p2  |         +|   0|  0|  14|           9|           5|
    |add_ln159_19_fu_2351_p2  |         +|   0|  0|  14|           9|           5|
    |add_ln159_1_fu_2153_p2   |         +|   0|  0|  14|           9|           1|
    |add_ln159_20_fu_2362_p2  |         +|   0|  0|  14|           9|           5|
    |add_ln159_21_fu_2373_p2  |         +|   0|  0|  14|           9|           5|
    |add_ln159_22_fu_2384_p2  |         +|   0|  0|  14|           9|           5|
    |add_ln159_23_fu_2395_p2  |         +|   0|  0|  14|           9|           5|
    |add_ln159_24_fu_2406_p2  |         +|   0|  0|  14|           9|           5|
    |add_ln159_25_fu_2417_p2  |         +|   0|  0|  14|           9|           5|
    |add_ln159_26_fu_2428_p2  |         +|   0|  0|  14|           9|           5|
    |add_ln159_27_fu_2439_p2  |         +|   0|  0|  14|           9|           5|
    |add_ln159_28_fu_2450_p2  |         +|   0|  0|  14|           9|           5|
    |add_ln159_29_fu_2461_p2  |         +|   0|  0|  14|           9|           5|
    |add_ln159_2_fu_2164_p2   |         +|   0|  0|  14|           9|           2|
    |add_ln159_30_fu_2472_p2  |         +|   0|  0|  14|           9|           5|
    |add_ln159_31_fu_2483_p2  |         +|   0|  0|  14|           9|           5|
    |add_ln159_32_fu_2494_p2  |         +|   0|  0|  14|           9|           6|
    |add_ln159_3_fu_2175_p2   |         +|   0|  0|  14|           9|           2|
    |add_ln159_4_fu_2186_p2   |         +|   0|  0|  14|           9|           3|
    |add_ln159_5_fu_2197_p2   |         +|   0|  0|  14|           9|           3|
    |add_ln159_6_fu_2208_p2   |         +|   0|  0|  14|           9|           3|
    |add_ln159_7_fu_2219_p2   |         +|   0|  0|  14|           9|           3|
    |add_ln159_8_fu_2230_p2   |         +|   0|  0|  14|           9|           4|
    |add_ln159_9_fu_2241_p2   |         +|   0|  0|  14|           9|           4|
    |add_ln159_fu_2142_p2     |         +|   0|  0|  14|           9|           9|
    |add_ln179_fu_2533_p2     |         +|   0|  0|  11|           3|           1|
    |next_urem_fu_1977_p2     |         +|   0|  0|  14|           7|           1|
    |and_ln93_fu_2604_p2      |       and|   0|  0|   2|           1|           1|
    |and_ln94_fu_2668_p2      |       and|   0|  0|   2|           1|           1|
    |empty_20_fu_1983_p2      |      icmp|   0|  0|  10|           7|           3|
    |icmp_ln117_fu_1942_p2    |      icmp|   0|  0|  10|           7|           7|
    |icmp_ln121_fu_2007_p2    |      icmp|   0|  0|  18|          32|          32|
    |icmp_ln128_fu_2012_p2    |      icmp|   0|  0|  10|           7|           1|
    |icmp_ln135_fu_2505_p2    |      icmp|   0|  0|   9|           3|           4|
    |icmp_ln139_fu_2527_p2    |      icmp|   0|  0|   8|           3|           3|
    |icmp_ln179_fu_2544_p2    |      icmp|   0|  0|   8|           3|           3|
    |icmp_ln180_fu_2550_p2    |      icmp|   0|  0|   8|           3|           3|
    |icmp_ln183_fu_2556_p2    |      icmp|   0|  0|   9|           3|           4|
    |icmp_ln93_1_fu_2592_p2   |      icmp|   0|  0|  15|          23|           1|
    |icmp_ln93_fu_2586_p2     |      icmp|   0|  0|  11|           8|           2|
    |icmp_ln94_1_fu_2650_p2   |      icmp|   0|  0|  15|          23|           1|
    |icmp_ln94_fu_2644_p2     |      icmp|   0|  0|  11|           8|           2|
    |or_ln93_fu_2598_p2       |        or|   0|  0|   2|           1|           1|
    |or_ln94_fu_2664_p2       |        or|   0|  0|   2|           1|           1|
    |a_fu_2619_p3             |    select|   0|  0|  32|           1|          32|
    |idx_urem_fu_1989_p3      |    select|   0|  0|   7|           1|           7|
    |select_ln94_fu_2673_p3   |    select|   0|  0|  32|           1|          32|
    |sign_fu_2656_p3          |    select|   0|  0|  32|           1|          32|
    |xor_ln93_fu_2609_p2      |       xor|   0|  0|  33|          32|          33|
    +-------------------------+----------+----+---+----+------------+------------+
    |Total                    |          |   0|  0| 893|         549|         368|
    +-------------------------+----------+----+---+----+------------+------------+

    * Multiplexer: 
    +---------------------+-----+-----------+-----+-----------+
    |         Name        | LUT | Input Size| Bits| Total Bits|
    +---------------------+-----+-----------+-----+-----------+
    |FIR_COEFFS_address0  |   25|          5|    9|         45|
    |FIR_COEFFS_address1  |   25|          5|    9|         45|
    |FIR_COEFFS_address2  |   25|          5|    9|         45|
    |FIR_COEFFS_address3  |   20|          4|    9|         36|
    |FIR_COEFFS_address4  |   20|          4|    9|         36|
    |FIR_COEFFS_address5  |   20|          4|    9|         36|
    |FIR_COEFFS_address6  |   20|          4|    9|         36|
    |FIR_COEFFS_address7  |   20|          4|    9|         36|
    |FIR_COEFFS_address8  |   20|          4|    9|         36|
    |FIR_COEFFS_address9  |   20|          4|    9|         36|
    |acc_reg_1284         |    9|          2|   32|         64|
    |ap_NS_fsm            |  531|        107|    1|        107|
    |b_reg_1273           |    9|          2|    3|          6|
    |grp_fu_1329_p0       |   20|          4|   32|        128|
    |grp_fu_1329_p1       |   20|          4|   32|        128|
    |grp_fu_1330_p0       |   20|          4|   32|        128|
    |grp_fu_1330_p1       |   20|          4|   32|        128|
    |grp_fu_1331_p0       |   25|          5|   32|        160|
    |grp_fu_1331_p1       |   25|          5|   32|        160|
    |grp_fu_1332_p0       |   25|          5|   32|        160|
    |grp_fu_1332_p1       |   25|          5|   32|        160|
    |grp_fu_1333_p0       |   20|          4|   32|        128|
    |grp_fu_1333_p1       |   20|          4|   32|        128|
    |grp_fu_1334_p0       |   25|          5|   32|        160|
    |grp_fu_1334_p1       |   25|          5|   32|        160|
    |grp_fu_1335_p0       |   25|          5|   32|        160|
    |grp_fu_1335_p1       |   25|          5|   32|        160|
    |grp_fu_1336_p0       |   20|          4|   32|        128|
    |grp_fu_1336_p1       |   20|          4|   32|        128|
    |grp_fu_1337_p0       |   25|          5|   32|        160|
    |grp_fu_1337_p1       |   25|          5|   32|        160|
    |grp_fu_1338_p0       |   20|          4|   32|        128|
    |grp_fu_1338_p1       |   20|          4|   32|        128|
    |grp_fu_1786_p0       |   59|         11|   32|        352|
    |grp_fu_1786_p1       |   65|         16|   32|        512|
    |grp_fu_1790_p0       |   42|          8|   32|        256|
    |grp_fu_1790_p1       |   65|         13|   32|        416|
    |grp_fu_1794_p0       |   42|          8|   32|        256|
    |grp_fu_1794_p1       |   65|         13|   32|        416|
    |grp_fu_1798_p0       |   42|          8|   32|        256|
    |grp_fu_1798_p1       |   65|         12|   32|        384|
    |grp_fu_1802_p0       |   42|          8|   32|        256|
    |grp_fu_1802_p1       |   65|         12|   32|        384|
    |grp_fu_1812_opcode   |   14|          3|    5|         15|
    |grp_fu_1812_p0       |   14|          3|   32|         96|
    |grp_fu_1812_p1       |   14|          3|   32|         96|
    |hist_0_address0      |   53|         10|    4|         40|
    |hist_0_address1      |   42|          8|    4|         32|
    |hist_0_d0            |   14|          3|   32|         96|
    |hist_1_address0      |   59|         11|    4|         44|
    |hist_1_address1      |   37|          7|    4|         28|
    |hist_1_d0            |   14|          3|   32|         96|
    |hist_2_address0      |   53|         10|    4|         40|
    |hist_2_address1      |   42|          8|    4|         32|
    |hist_2_d0            |   14|          3|   32|         96|
    |hist_3_address0      |   59|         11|    4|         44|
    |hist_3_address1      |   37|          7|    4|         28|
    |hist_3_d0            |   14|          3|   32|         96|
    |hist_4_address0      |   59|         11|    4|         44|
    |hist_4_address1      |   37|          7|    4|         28|
    |hist_4_d0            |   14|          3|   32|         96|
    |k_1_reg_1261         |    9|          2|    7|         14|
    |k_reg_1217           |    9|          2|    7|         14|
    |n_reg_1250           |    9|          2|   32|         64|
    |p_1_reg_1306         |    9|          2|    3|          6|
    |p_reg_1295           |    9|          2|    3|          6|
    |phi_mul_reg_1228     |    9|          2|   14|         28|
    |phi_urem_reg_1239    |    9|          2|    7|         14|
    |reg_1831             |    9|          2|   32|         64|
    |reg_1838             |    9|          2|   32|         64|
    |reg_1844             |    9|          2|   32|         64|
    |reg_1850             |    9|          2|   32|         64|
    |reg_1856             |    9|          2|   32|         64|
    |reg_1862             |    9|          2|   32|         64|
    |reg_1868             |    9|          2|   32|         64|
    |reg_1874             |    9|          2|   32|         64|
    |reg_1880             |    9|          2|   32|         64|
    |reg_1886             |    9|          2|   32|         64|
    |reg_1892             |    9|          2|   32|         64|
    |y_address0           |   25|          5|    3|         15|
    |y_address1           |   25|          5|    3|         15|
    |y_d0                 |   20|          4|   32|        128|
    |y_d1                 |   20|          4|   32|        128|
    |ys_reg_1317          |    9|          2|   32|         64|
    +---------------------+-----+-----------+-----+-----------+
    |Total                | 2617|        523| 1882|       9179|
    +---------------------+-----+-----------+-----+-----------+

    * Register: 
    +-----------------------------+-----+----+-----+-----------+
    |             Name            |  FF | LUT| Bits| Const Bits|
    +-----------------------------+-----+----+-----+-----------+
    |FIR_COEFFS_addr_10_reg_3541  |    9|   0|    9|          0|
    |FIR_COEFFS_addr_11_reg_3546  |    9|   0|    9|          0|
    |FIR_COEFFS_addr_12_reg_3551  |    9|   0|    9|          0|
    |FIR_COEFFS_addr_13_reg_3556  |    9|   0|    9|          0|
    |FIR_COEFFS_addr_14_reg_3561  |    9|   0|    9|          0|
    |FIR_COEFFS_addr_15_reg_3566  |    9|   0|    9|          0|
    |FIR_COEFFS_addr_16_reg_3571  |    9|   0|    9|          0|
    |FIR_COEFFS_addr_17_reg_3576  |    9|   0|    9|          0|
    |FIR_COEFFS_addr_18_reg_3581  |    9|   0|    9|          0|
    |FIR_COEFFS_addr_19_reg_3586  |    9|   0|    9|          0|
    |FIR_COEFFS_addr_1_reg_3496   |    9|   0|    9|          0|
    |FIR_COEFFS_addr_20_reg_3591  |    9|   0|    9|          0|
    |FIR_COEFFS_addr_21_reg_3596  |    9|   0|    9|          0|
    |FIR_COEFFS_addr_22_reg_3601  |    9|   0|    9|          0|
    |FIR_COEFFS_addr_23_reg_3606  |    9|   0|    9|          0|
    |FIR_COEFFS_addr_24_reg_3611  |    9|   0|    9|          0|
    |FIR_COEFFS_addr_25_reg_3616  |    9|   0|    9|          0|
    |FIR_COEFFS_addr_26_reg_3621  |    9|   0|    9|          0|
    |FIR_COEFFS_addr_27_reg_3626  |    9|   0|    9|          0|
    |FIR_COEFFS_addr_28_reg_3631  |    9|   0|    9|          0|
    |FIR_COEFFS_addr_29_reg_3636  |    9|   0|    9|          0|
    |FIR_COEFFS_addr_2_reg_3501   |    9|   0|    9|          0|
    |FIR_COEFFS_addr_30_reg_3641  |    9|   0|    9|          0|
    |FIR_COEFFS_addr_31_reg_3646  |    9|   0|    9|          0|
    |FIR_COEFFS_addr_32_reg_3651  |    9|   0|    9|          0|
    |FIR_COEFFS_addr_3_reg_3506   |    9|   0|    9|          0|
    |FIR_COEFFS_addr_4_reg_3511   |    9|   0|    9|          0|
    |FIR_COEFFS_addr_5_reg_3516   |    9|   0|    9|          0|
    |FIR_COEFFS_addr_6_reg_3521   |    9|   0|    9|          0|
    |FIR_COEFFS_addr_7_reg_3526   |    9|   0|    9|          0|
    |FIR_COEFFS_addr_8_reg_3531   |    9|   0|    9|          0|
    |FIR_COEFFS_addr_9_reg_3536   |    9|   0|    9|          0|
    |FIR_COEFFS_addr_reg_3491     |    9|   0|    9|          0|
    |FIR_COEFFS_load_10_reg_3717  |   32|   0|   32|          0|
    |FIR_COEFFS_load_11_reg_3722  |   32|   0|   32|          0|
    |FIR_COEFFS_load_12_reg_3727  |   32|   0|   32|          0|
    |FIR_COEFFS_load_13_reg_3732  |   32|   0|   32|          0|
    |FIR_COEFFS_load_14_reg_3737  |   32|   0|   32|          0|
    |FIR_COEFFS_load_15_reg_3742  |   32|   0|   32|          0|
    |FIR_COEFFS_load_16_reg_3747  |   32|   0|   32|          0|
    |FIR_COEFFS_load_17_reg_3752  |   32|   0|   32|          0|
    |FIR_COEFFS_load_18_reg_3757  |   32|   0|   32|          0|
    |FIR_COEFFS_load_19_reg_3762  |   32|   0|   32|          0|
    |FIR_COEFFS_load_1_reg_3672   |   32|   0|   32|          0|
    |FIR_COEFFS_load_20_reg_3767  |   32|   0|   32|          0|
    |FIR_COEFFS_load_21_reg_3772  |   32|   0|   32|          0|
    |FIR_COEFFS_load_22_reg_3777  |   32|   0|   32|          0|
    |FIR_COEFFS_load_23_reg_3782  |   32|   0|   32|          0|
    |FIR_COEFFS_load_24_reg_3787  |   32|   0|   32|          0|
    |FIR_COEFFS_load_25_reg_3792  |   32|   0|   32|          0|
    |FIR_COEFFS_load_26_reg_3797  |   32|   0|   32|          0|
    |FIR_COEFFS_load_27_reg_3802  |   32|   0|   32|          0|
    |FIR_COEFFS_load_28_reg_3807  |   32|   0|   32|          0|
    |FIR_COEFFS_load_29_reg_3812  |   32|   0|   32|          0|
    |FIR_COEFFS_load_2_reg_3677   |   32|   0|   32|          0|
    |FIR_COEFFS_load_30_reg_3827  |   32|   0|   32|          0|
    |FIR_COEFFS_load_31_reg_3832  |   32|   0|   32|          0|
    |FIR_COEFFS_load_32_reg_3837  |   32|   0|   32|          0|
    |FIR_COEFFS_load_3_reg_3682   |   32|   0|   32|          0|
    |FIR_COEFFS_load_4_reg_3687   |   32|   0|   32|          0|
    |FIR_COEFFS_load_5_reg_3692   |   32|   0|   32|          0|
    |FIR_COEFFS_load_6_reg_3697   |   32|   0|   32|          0|
    |FIR_COEFFS_load_7_reg_3702   |   32|   0|   32|          0|
    |FIR_COEFFS_load_8_reg_3707   |   32|   0|   32|          0|
    |FIR_COEFFS_load_9_reg_3712   |   32|   0|   32|          0|
    |FIR_COEFFS_load_reg_3667     |   32|   0|   32|          0|
    |a_reg_4050                   |   32|   0|   32|          0|
    |acc_reg_1284                 |   32|   0|   32|          0|
    |add_ln121_reg_3070           |   32|   0|   32|          0|
    |add_ln128_reg_3081           |    7|   0|    7|          0|
    |add_ln135_reg_3485           |    3|   0|    3|          0|
    |add_ln179_reg_4012           |    3|   0|    3|          0|
    |and_ln93_reg_4045            |    1|   0|    1|          0|
    |ap_CS_fsm                    |  106|   0|  106|          0|
    |b_reg_1273                   |    3|   0|    3|          0|
    |f_10_reg_3370                |   32|   0|   32|          0|
    |f_11_reg_3375                |   32|   0|   32|          0|
    |f_12_reg_3380                |   32|   0|   32|          0|
    |f_13_reg_3385                |   32|   0|   32|          0|
    |f_14_reg_3390                |   32|   0|   32|          0|
    |f_15_reg_3395                |   32|   0|   32|          0|
    |f_16_reg_3400                |   32|   0|   32|          0|
    |f_17_reg_3405                |   32|   0|   32|          0|
    |f_18_reg_3410                |   32|   0|   32|          0|
    |f_19_reg_3415                |   32|   0|   32|          0|
    |f_1_reg_3430                 |   32|   0|   32|          0|
    |f_20_reg_3420                |   32|   0|   32|          0|
    |f_21_reg_3425                |   32|   0|   32|          0|
    |f_22_reg_3435                |   32|   0|   32|          0|
    |f_23_reg_3440                |   32|   0|   32|          0|
    |f_24_reg_3445                |   32|   0|   32|          0|
    |f_25_reg_3450                |   32|   0|   32|          0|
    |f_26_reg_3455                |   32|   0|   32|          0|
    |f_27_reg_3460                |   32|   0|   32|          0|
    |f_28_reg_3465                |   32|   0|   32|          0|
    |f_29_reg_3470                |   32|   0|   32|          0|
    |f_2_reg_3350                 |   32|   0|   32|          0|
    |f_30_reg_3475                |   32|   0|   32|          0|
    |f_31_reg_3480                |   32|   0|   32|          0|
    |f_37_reg_3345                |   32|   0|   32|          0|
    |f_39_reg_3135                |   32|   0|   32|          0|
    |f_3_reg_3285                 |   32|   0|   32|          0|
    |f_40_reg_3145                |   32|   0|   32|          0|
    |f_41_reg_3155                |   32|   0|   32|          0|
    |f_42_reg_3165                |   32|   0|   32|          0|
    |f_43_reg_3175                |   32|   0|   32|          0|
    |f_44_reg_3185                |   32|   0|   32|          0|
    |f_45_reg_3195                |   32|   0|   32|          0|
    |f_46_reg_3205                |   32|   0|   32|          0|
    |f_47_reg_3215                |   32|   0|   32|          0|
    |f_48_reg_3225                |   32|   0|   32|          0|
    |f_49_reg_3235                |   32|   0|   32|          0|
    |f_4_reg_3355                 |   32|   0|   32|          0|
    |f_50_reg_3245                |   32|   0|   32|          0|
    |f_51_reg_3255                |   32|   0|   32|          0|
    |f_52_reg_3265                |   32|   0|   32|          0|
    |f_53_reg_3275                |   32|   0|   32|          0|
    |f_54_reg_3290                |   32|   0|   32|          0|
    |f_56_reg_3300                |   32|   0|   32|          0|
    |f_57_reg_3310                |   32|   0|   32|          0|
    |f_58_reg_3320                |   32|   0|   32|          0|
    |f_5_reg_3330                 |   32|   0|   32|          0|
    |f_6_reg_3360                 |   32|   0|   32|          0|
    |f_7_reg_3335                 |   32|   0|   32|          0|
    |f_8_reg_3365                 |   32|   0|   32|          0|
    |f_9_reg_3340                 |   32|   0|   32|          0|
    |f_reg_3064                   |   32|   0|   32|          0|
    |hist_0_load_2_reg_3160       |   32|   0|   32|          0|
    |hist_0_load_4_reg_3210       |   32|   0|   32|          0|
    |hist_0_load_6_reg_3260       |   32|   0|   32|          0|
    |hist_0_load_8_reg_3305       |   32|   0|   32|          0|
    |hist_1_load_3_reg_3150       |   32|   0|   32|          0|
    |hist_1_load_5_reg_3200       |   32|   0|   32|          0|
    |hist_1_load_7_reg_3250       |   32|   0|   32|          0|
    |hist_2_load_3_reg_3140       |   32|   0|   32|          0|
    |hist_2_load_5_reg_3190       |   32|   0|   32|          0|
    |hist_2_load_7_reg_3240       |   32|   0|   32|          0|
    |hist_2_load_9_reg_3295       |   32|   0|   32|          0|
    |hist_3_load_10_reg_3325      |   32|   0|   32|          0|
    |hist_3_load_4_reg_3180       |   32|   0|   32|          0|
    |hist_3_load_6_reg_3230       |   32|   0|   32|          0|
    |hist_3_load_8_reg_3280       |   32|   0|   32|          0|
    |hist_4_load_10_reg_3315      |   32|   0|   32|          0|
    |hist_4_load_4_reg_3170       |   32|   0|   32|          0|
    |hist_4_load_6_reg_3220       |   32|   0|   32|          0|
    |hist_4_load_8_reg_3270       |   32|   0|   32|          0|
    |hist_4_load_reg_3130         |   32|   0|   32|          0|
    |icmp_ln180_reg_4025          |    1|   0|    1|          0|
    |icmp_ln183_reg_4030          |    1|   0|    1|          0|
    |icmp_ln94_1_reg_4062         |    1|   0|    1|          0|
    |icmp_ln94_reg_4057           |    1|   0|    1|          0|
    |k_1_reg_1261                 |    7|   0|    7|          0|
    |k_reg_1217                   |    7|   0|    7|          0|
    |mul_10_reg_3902              |   32|   0|   32|          0|
    |mul_11_reg_3907              |   32|   0|   32|          0|
    |mul_12_reg_3912              |   32|   0|   32|          0|
    |mul_13_reg_3917              |   32|   0|   32|          0|
    |mul_14_reg_3922              |   32|   0|   32|          0|
    |mul_15_reg_3927              |   32|   0|   32|          0|
    |mul_16_reg_3932              |   32|   0|   32|          0|
    |mul_17_reg_3937              |   32|   0|   32|          0|
    |mul_18_reg_3942              |   32|   0|   32|          0|
    |mul_19_reg_3947              |   32|   0|   32|          0|
    |mul_1_reg_3847               |   32|   0|   32|          0|
    |mul_20_reg_3952              |   32|   0|   32|          0|
    |mul_21_reg_3957              |   32|   0|   32|          0|
    |mul_22_reg_3962              |   32|   0|   32|          0|
    |mul_23_reg_3967              |   32|   0|   32|          0|
    |mul_24_reg_3972              |   32|   0|   32|          0|
    |mul_25_reg_3977              |   32|   0|   32|          0|
    |mul_26_reg_3982              |   32|   0|   32|          0|
    |mul_27_reg_3987              |   32|   0|   32|          0|
    |mul_28_reg_3992              |   32|   0|   32|          0|
    |mul_29_reg_3997              |   32|   0|   32|          0|
    |mul_2_reg_3852               |   32|   0|   32|          0|
    |mul_30_reg_4002              |   32|   0|   32|          0|
    |mul_31_reg_4007              |   32|   0|   32|          0|
    |mul_3_reg_3857               |   32|   0|   32|          0|
    |mul_4_reg_3867               |   32|   0|   32|          0|
    |mul_6_reg_3877               |   32|   0|   32|          0|
    |mul_7_reg_3882               |   32|   0|   32|          0|
    |mul_8_reg_3887               |   32|   0|   32|          0|
    |mul_9_reg_3892               |   32|   0|   32|          0|
    |mul_reg_3842                 |   32|   0|   32|          0|
    |mul_s_reg_3897               |   32|   0|   32|          0|
    |n_reg_1250                   |   32|   0|   32|          0|
    |p_1_reg_1306                 |    3|   0|    3|          0|
    |p_reg_1295                   |    3|   0|    3|          0|
    |phi_mul_reg_1228             |   14|   0|   14|          0|
    |phi_urem_reg_1239            |    7|   0|    7|          0|
    |reg_1819                     |   32|   0|   32|          0|
    |reg_1825                     |   32|   0|   32|          0|
    |reg_1831                     |   32|   0|   32|          0|
    |reg_1838                     |   32|   0|   32|          0|
    |reg_1844                     |   32|   0|   32|          0|
    |reg_1850                     |   32|   0|   32|          0|
    |reg_1856                     |   32|   0|   32|          0|
    |reg_1862                     |   32|   0|   32|          0|
    |reg_1868                     |   32|   0|   32|          0|
    |reg_1874                     |   32|   0|   32|          0|
    |reg_1880                     |   32|   0|   32|          0|
    |reg_1886                     |   32|   0|   32|          0|
    |reg_1892                     |   32|   0|   32|          0|
    |reg_1898                     |   32|   0|   32|          0|
    |reg_1904                     |   32|   0|   32|          0|
    |reg_1912                     |   32|   0|   32|          0|
    |reg_1918                     |   32|   0|   32|          0|
    |reg_1924                     |   32|   0|   32|          0|
    |reg_1930                     |   32|   0|   32|          0|
    |select_ln94_reg_4077         |   32|   0|   32|          0|
    |tmp_2_reg_4040               |    1|   0|    1|          0|
    |tmp_4_reg_4067               |    1|   0|    1|          0|
    |tmp_7_reg_3086               |    4|   0|    4|          0|
    |tmp_8_reg_3091               |    5|   0|    5|          0|
    |trunc_ln129_reg_3101         |    3|   0|    3|          0|
    |urem_ln129_reg_3096          |    7|   0|    7|          0|
    |y_load_1_reg_3817            |   32|   0|   32|          0|
    |y_load_2_reg_3822            |   32|   0|   32|          0|
    |y_load_3_reg_3862            |   32|   0|   32|          0|
    |y_load_4_reg_3872            |   32|   0|   32|          0|
    |ys_reg_1317                  |   32|   0|   32|          0|
    +-----------------------------+-----+----+-----+-----------+
    |Total                        | 5798|   0| 5798|          0|
    +-----------------------------+-----+----+-----+-----------+



================================================================
== Interface
================================================================
* Summary: 
+--------------+-----+-----+------------+---------------+--------------+
|   RTL Ports  | Dir | Bits|  Protocol  | Source Object |    C Type    |
+--------------+-----+-----+------------+---------------+--------------+
|ap_clk        |   in|    1|  ap_ctrl_hs|  fir_multiband|  return value|
|ap_rst        |   in|    1|  ap_ctrl_hs|  fir_multiband|  return value|
|ap_start      |   in|    1|  ap_ctrl_hs|  fir_multiband|  return value|
|ap_done       |  out|    1|  ap_ctrl_hs|  fir_multiband|  return value|
|ap_idle       |  out|    1|  ap_ctrl_hs|  fir_multiband|  return value|
|ap_ready      |  out|    1|  ap_ctrl_hs|  fir_multiband|  return value|
|in_r          |   in|   32|     ap_none|           in_r|       pointer|
|out_r         |  out|   32|      ap_vld|          out_r|       pointer|
|out_r_ap_vld  |  out|    1|      ap_vld|          out_r|       pointer|
|length_r      |   in|   32|     ap_none|       length_r|        scalar|
+--------------+-----+-----+------------+---------------+--------------+

